[0.295s] DEBUG:colcon:Command line arguments: ['/usr/bin/colcon', 'build', '--packages-select', 'livox_ros_driver2', '--cmake-args', '-DROS_EDITION=ROS2']
[0.296s] DEBUG:colcon:Parsed command line arguments: Namespace(allow_overriding=[], ament_cmake_args=None, base_paths=['.'], build_base='build', catkin_cmake_args=None, catkin_skip_building_tests=False, cmake_args=['-DROS_EDITION=ROS2'], cmake_clean_cache=False, cmake_clean_first=False, cmake_force_configure=False, cmake_target=None, cmake_target_skip_unavailable=False, continue_on_error=False, event_handlers=None, executor='parallel', ignore_user_meta=False, install_base='install', log_base=None, log_level=None, main=<bound method BuildVerb.main of <colcon_core.verb.build.BuildVerb object at 0x7f5d06f37640>>, merge_install=False, metas=['./colcon.meta'], packages_above=None, packages_above_and_dependencies=None, packages_above_depth=None, packages_end=None, packages_ignore=None, packages_ignore_regex=None, packages_select=['livox_ros_driver2'], packages_select_build_failed=False, packages_select_by_dep=None, packages_select_regex=None, packages_select_test_failures=False, packages_skip=None, packages_skip_build_finished=False, packages_skip_by_dep=None, packages_skip_regex=None, packages_skip_test_passed=False, packages_skip_up_to=None, packages_start=None, packages_up_to=None, packages_up_to_regex=None, parallel_workers=8, paths=None, symlink_install=False, test_result_base=None, verb_extension=<colcon_core.verb.build.BuildVerb object at 0x7f5d06f37640>, verb_name='build', verb_parser=<colcon_defaults.argument_parser.defaults.DefaultArgumentsDecorator object at 0x7f5d06f37b50>)
[0.474s] Level 1:colcon.colcon_core.package_discovery:discover_packages(colcon_meta) check parameters
[0.474s] Level 1:colcon.colcon_core.package_discovery:discover_packages(recursive) check parameters
[0.474s] Level 1:colcon.colcon_core.package_discovery:discover_packages(ignore) check parameters
[0.474s] Level 1:colcon.colcon_core.package_discovery:discover_packages(path) check parameters
[0.474s] Level 1:colcon.colcon_core.package_discovery:discover_packages(colcon_meta) discover
[0.475s] Level 1:colcon.colcon_core.package_discovery:discover_packages(recursive) discover
[0.475s] INFO:colcon.colcon_core.package_discovery:Crawling recursively for packages in '/home/alireza/thesis1/navigation_go2/go2_ws'
[0.475s] Level 1:colcon.colcon_core.package_identification:_identify(.) by extensions ['ignore', 'ignore_ament_install']
[0.475s] Level 1:colcon.colcon_core.package_identification:_identify(.) by extension 'ignore'
[0.475s] Level 1:colcon.colcon_core.package_identification:_identify(.) by extension 'ignore_ament_install'
[0.475s] Level 1:colcon.colcon_core.package_identification:_identify(.) by extensions ['colcon_pkg']
[0.475s] Level 1:colcon.colcon_core.package_identification:_identify(.) by extension 'colcon_pkg'
[0.475s] Level 1:colcon.colcon_core.package_identification:_identify(.) by extensions ['colcon_meta']
[0.475s] Level 1:colcon.colcon_core.package_identification:_identify(.) by extension 'colcon_meta'
[0.475s] Level 1:colcon.colcon_core.package_identification:_identify(.) by extensions ['ros']
[0.475s] Level 1:colcon.colcon_core.package_identification:_identify(.) by extension 'ros'
[0.489s] Level 1:colcon.colcon_core.package_identification:_identify(.) by extensions ['cmake', 'python']
[0.489s] Level 1:colcon.colcon_core.package_identification:_identify(.) by extension 'cmake'
[0.489s] Level 1:colcon.colcon_core.package_identification:_identify(.) by extension 'python'
[0.489s] Level 1:colcon.colcon_core.package_identification:_identify(.) by extensions ['python_setup_py']
[0.489s] Level 1:colcon.colcon_core.package_identification:_identify(.) by extension 'python_setup_py'
[0.489s] Level 1:colcon.colcon_core.package_identification:_identify(build) by extensions ['ignore', 'ignore_ament_install']
[0.489s] Level 1:colcon.colcon_core.package_identification:_identify(build) by extension 'ignore'
[0.489s] Level 1:colcon.colcon_core.package_identification:_identify(build) ignored
[0.490s] Level 1:colcon.colcon_core.package_identification:_identify(install) by extensions ['ignore', 'ignore_ament_install']
[0.490s] Level 1:colcon.colcon_core.package_identification:_identify(install) by extension 'ignore'
[0.490s] Level 1:colcon.colcon_core.package_identification:_identify(install) ignored
[0.490s] Level 1:colcon.colcon_core.package_identification:_identify(log) by extensions ['ignore', 'ignore_ament_install']
[0.490s] Level 1:colcon.colcon_core.package_identification:_identify(log) by extension 'ignore'
[0.490s] Level 1:colcon.colcon_core.package_identification:_identify(log) ignored
[0.490s] Level 1:colcon.colcon_core.package_identification:_identify(src) by extensions ['ignore', 'ignore_ament_install']
[0.490s] Level 1:colcon.colcon_core.package_identification:_identify(src) by extension 'ignore'
[0.490s] Level 1:colcon.colcon_core.package_identification:_identify(src) by extension 'ignore_ament_install'
[0.490s] Level 1:colcon.colcon_core.package_identification:_identify(src) by extensions ['colcon_pkg']
[0.490s] Level 1:colcon.colcon_core.package_identification:_identify(src) by extension 'colcon_pkg'
[0.490s] Level 1:colcon.colcon_core.package_identification:_identify(src) by extensions ['colcon_meta']
[0.490s] Level 1:colcon.colcon_core.package_identification:_identify(src) by extension 'colcon_meta'
[0.491s] Level 1:colcon.colcon_core.package_identification:_identify(src) by extensions ['ros']
[0.491s] Level 1:colcon.colcon_core.package_identification:_identify(src) by extension 'ros'
[0.491s] Level 1:colcon.colcon_core.package_identification:_identify(src) by extensions ['cmake', 'python']
[0.491s] Level 1:colcon.colcon_core.package_identification:_identify(src) by extension 'cmake'
[0.491s] Level 1:colcon.colcon_core.package_identification:_identify(src) by extension 'python'
[0.491s] Level 1:colcon.colcon_core.package_identification:_identify(src) by extensions ['python_setup_py']
[0.491s] Level 1:colcon.colcon_core.package_identification:_identify(src) by extension 'python_setup_py'
[0.491s] Level 1:colcon.colcon_core.package_identification:_identify(src/go2_description) by extensions ['ignore', 'ignore_ament_install']
[0.491s] Level 1:colcon.colcon_core.package_identification:_identify(src/go2_description) by extension 'ignore'
[0.491s] Level 1:colcon.colcon_core.package_identification:_identify(src/go2_description) by extension 'ignore_ament_install'
[0.491s] Level 1:colcon.colcon_core.package_identification:_identify(src/go2_description) by extensions ['colcon_pkg']
[0.491s] Level 1:colcon.colcon_core.package_identification:_identify(src/go2_description) by extension 'colcon_pkg'
[0.491s] Level 1:colcon.colcon_core.package_identification:_identify(src/go2_description) by extensions ['colcon_meta']
[0.491s] Level 1:colcon.colcon_core.package_identification:_identify(src/go2_description) by extension 'colcon_meta'
[0.492s] Level 1:colcon.colcon_core.package_identification:_identify(src/go2_description) by extensions ['ros']
[0.492s] Level 1:colcon.colcon_core.package_identification:_identify(src/go2_description) by extension 'ros'
[0.495s] DEBUG:colcon.colcon_core.package_identification:Package 'src/go2_description' with type 'ros.ament_cmake' and name 'go2_description'
[0.495s] Level 1:colcon.colcon_core.package_identification:_identify(src/go2_gazebo) by extensions ['ignore', 'ignore_ament_install']
[0.495s] Level 1:colcon.colcon_core.package_identification:_identify(src/go2_gazebo) by extension 'ignore'
[0.495s] Level 1:colcon.colcon_core.package_identification:_identify(src/go2_gazebo) by extension 'ignore_ament_install'
[0.495s] Level 1:colcon.colcon_core.package_identification:_identify(src/go2_gazebo) by extensions ['colcon_pkg']
[0.495s] Level 1:colcon.colcon_core.package_identification:_identify(src/go2_gazebo) by extension 'colcon_pkg'
[0.495s] Level 1:colcon.colcon_core.package_identification:_identify(src/go2_gazebo) by extensions ['colcon_meta']
[0.495s] Level 1:colcon.colcon_core.package_identification:_identify(src/go2_gazebo) by extension 'colcon_meta'
[0.495s] Level 1:colcon.colcon_core.package_identification:_identify(src/go2_gazebo) by extensions ['ros']
[0.495s] Level 1:colcon.colcon_core.package_identification:_identify(src/go2_gazebo) by extension 'ros'
[0.496s] DEBUG:colcon.colcon_core.package_identification:Package 'src/go2_gazebo' with type 'ros.ament_cmake' and name 'go2_gazebo'
[0.496s] Level 1:colcon.colcon_core.package_identification:_identify(src/go2_real) by extensions ['ignore', 'ignore_ament_install']
[0.496s] Level 1:colcon.colcon_core.package_identification:_identify(src/go2_real) by extension 'ignore'
[0.496s] Level 1:colcon.colcon_core.package_identification:_identify(src/go2_real) by extension 'ignore_ament_install'
[0.496s] Level 1:colcon.colcon_core.package_identification:_identify(src/go2_real) by extensions ['colcon_pkg']
[0.496s] Level 1:colcon.colcon_core.package_identification:_identify(src/go2_real) by extension 'colcon_pkg'
[0.496s] Level 1:colcon.colcon_core.package_identification:_identify(src/go2_real) by extensions ['colcon_meta']
[0.496s] Level 1:colcon.colcon_core.package_identification:_identify(src/go2_real) by extension 'colcon_meta'
[0.496s] Level 1:colcon.colcon_core.package_identification:_identify(src/go2_real) by extensions ['ros']
[0.497s] Level 1:colcon.colcon_core.package_identification:_identify(src/go2_real) by extension 'ros'
[0.497s] DEBUG:colcon.colcon_core.package_identification:Package 'src/go2_real' with type 'ros.ament_cmake' and name 'go2_real'
[0.497s] Level 1:colcon.colcon_core.package_identification:_identify(src/livox_ros_driver2) by extensions ['ignore', 'ignore_ament_install']
[0.497s] Level 1:colcon.colcon_core.package_identification:_identify(src/livox_ros_driver2) by extension 'ignore'
[0.497s] Level 1:colcon.colcon_core.package_identification:_identify(src/livox_ros_driver2) by extension 'ignore_ament_install'
[0.497s] Level 1:colcon.colcon_core.package_identification:_identify(src/livox_ros_driver2) by extensions ['colcon_pkg']
[0.498s] Level 1:colcon.colcon_core.package_identification:_identify(src/livox_ros_driver2) by extension 'colcon_pkg'
[0.498s] Level 1:colcon.colcon_core.package_identification:_identify(src/livox_ros_driver2) by extensions ['colcon_meta']
[0.498s] Level 1:colcon.colcon_core.package_identification:_identify(src/livox_ros_driver2) by extension 'colcon_meta'
[0.498s] Level 1:colcon.colcon_core.package_identification:_identify(src/livox_ros_driver2) by extensions ['ros']
[0.498s] Level 1:colcon.colcon_core.package_identification:_identify(src/livox_ros_driver2) by extension 'ros'
[0.500s] DEBUG:colcon.colcon_core.package_identification:Package 'src/livox_ros_driver2' with type 'ros.ament_cmake' and name 'livox_ros_driver2'
[0.500s] Level 1:colcon.colcon_core.package_identification:_identify(src/unitree_api) by extensions ['ignore', 'ignore_ament_install']
[0.500s] Level 1:colcon.colcon_core.package_identification:_identify(src/unitree_api) by extension 'ignore'
[0.500s] Level 1:colcon.colcon_core.package_identification:_identify(src/unitree_api) by extension 'ignore_ament_install'
[0.500s] Level 1:colcon.colcon_core.package_identification:_identify(src/unitree_api) by extensions ['colcon_pkg']
[0.500s] Level 1:colcon.colcon_core.package_identification:_identify(src/unitree_api) by extension 'colcon_pkg'
[0.500s] Level 1:colcon.colcon_core.package_identification:_identify(src/unitree_api) by extensions ['colcon_meta']
[0.500s] Level 1:colcon.colcon_core.package_identification:_identify(src/unitree_api) by extension 'colcon_meta'
[0.500s] Level 1:colcon.colcon_core.package_identification:_identify(src/unitree_api) by extensions ['ros']
[0.500s] Level 1:colcon.colcon_core.package_identification:_identify(src/unitree_api) by extension 'ros'
[0.501s] DEBUG:colcon.colcon_core.package_identification:Package 'src/unitree_api' with type 'ros.ament_cmake' and name 'unitree_api'
[0.501s] Level 1:colcon.colcon_core.package_identification:_identify(src/unitree_go) by extensions ['ignore', 'ignore_ament_install']
[0.501s] Level 1:colcon.colcon_core.package_identification:_identify(src/unitree_go) by extension 'ignore'
[0.502s] Level 1:colcon.colcon_core.package_identification:_identify(src/unitree_go) by extension 'ignore_ament_install'
[0.502s] Level 1:colcon.colcon_core.package_identification:_identify(src/unitree_go) by extensions ['colcon_pkg']
[0.502s] Level 1:colcon.colcon_core.package_identification:_identify(src/unitree_go) by extension 'colcon_pkg'
[0.502s] Level 1:colcon.colcon_core.package_identification:_identify(src/unitree_go) by extensions ['colcon_meta']
[0.502s] Level 1:colcon.colcon_core.package_identification:_identify(src/unitree_go) by extension 'colcon_meta'
[0.502s] Level 1:colcon.colcon_core.package_identification:_identify(src/unitree_go) by extensions ['ros']
[0.502s] Level 1:colcon.colcon_core.package_identification:_identify(src/unitree_go) by extension 'ros'
[0.503s] DEBUG:colcon.colcon_core.package_identification:Package 'src/unitree_go' with type 'ros.ament_cmake' and name 'unitree_go'
[0.503s] Level 1:colcon.colcon_core.package_identification:_identify(src/unitree_hg) by extensions ['ignore', 'ignore_ament_install']
[0.503s] Level 1:colcon.colcon_core.package_identification:_identify(src/unitree_hg) by extension 'ignore'
[0.503s] Level 1:colcon.colcon_core.package_identification:_identify(src/unitree_hg) by extension 'ignore_ament_install'
[0.503s] Level 1:colcon.colcon_core.package_identification:_identify(src/unitree_hg) by extensions ['colcon_pkg']
[0.503s] Level 1:colcon.colcon_core.package_identification:_identify(src/unitree_hg) by extension 'colcon_pkg'
[0.503s] Level 1:colcon.colcon_core.package_identification:_identify(src/unitree_hg) by extensions ['colcon_meta']
[0.503s] Level 1:colcon.colcon_core.package_identification:_identify(src/unitree_hg) by extension 'colcon_meta'
[0.503s] Level 1:colcon.colcon_core.package_identification:_identify(src/unitree_hg) by extensions ['ros']
[0.503s] Level 1:colcon.colcon_core.package_identification:_identify(src/unitree_hg) by extension 'ros'
[0.504s] DEBUG:colcon.colcon_core.package_identification:Package 'src/unitree_hg' with type 'ros.ament_cmake' and name 'unitree_hg'
[0.504s] Level 1:colcon.colcon_core.package_identification:_identify(src/unitree_ros2) by extensions ['ignore', 'ignore_ament_install']
[0.504s] Level 1:colcon.colcon_core.package_identification:_identify(src/unitree_ros2) by extension 'ignore'
[0.504s] Level 1:colcon.colcon_core.package_identification:_identify(src/unitree_ros2) by extension 'ignore_ament_install'
[0.504s] Level 1:colcon.colcon_core.package_identification:_identify(src/unitree_ros2) by extensions ['colcon_pkg']
[0.504s] Level 1:colcon.colcon_core.package_identification:_identify(src/unitree_ros2) by extension 'colcon_pkg'
[0.504s] Level 1:colcon.colcon_core.package_identification:_identify(src/unitree_ros2) by extensions ['colcon_meta']
[0.504s] Level 1:colcon.colcon_core.package_identification:_identify(src/unitree_ros2) by extension 'colcon_meta'
[0.505s] Level 1:colcon.colcon_core.package_identification:_identify(src/unitree_ros2) by extensions ['ros']
[0.505s] Level 1:colcon.colcon_core.package_identification:_identify(src/unitree_ros2) by extension 'ros'
[0.505s] Level 1:colcon.colcon_core.package_identification:_identify(src/unitree_ros2) by extensions ['cmake', 'python']
[0.505s] Level 1:colcon.colcon_core.package_identification:_identify(src/unitree_ros2) by extension 'cmake'
[0.505s] Level 1:colcon.colcon_core.package_identification:_identify(src/unitree_ros2) by extension 'python'
[0.505s] Level 1:colcon.colcon_core.package_identification:_identify(src/unitree_ros2) by extensions ['python_setup_py']
[0.505s] Level 1:colcon.colcon_core.package_identification:_identify(src/unitree_ros2) by extension 'python_setup_py'
[0.505s] Level 1:colcon.colcon_core.package_identification:_identify(src/unitree_ros2/cyclonedds_ws) by extensions ['ignore', 'ignore_ament_install']
[0.505s] Level 1:colcon.colcon_core.package_identification:_identify(src/unitree_ros2/cyclonedds_ws) by extension 'ignore'
[0.505s] Level 1:colcon.colcon_core.package_identification:_identify(src/unitree_ros2/cyclonedds_ws) ignored
[0.505s] Level 1:colcon.colcon_core.package_identification:_identify(src/unitree_ros2/docs) by extensions ['ignore', 'ignore_ament_install']
[0.505s] Level 1:colcon.colcon_core.package_identification:_identify(src/unitree_ros2/docs) by extension 'ignore'
[0.505s] Level 1:colcon.colcon_core.package_identification:_identify(src/unitree_ros2/docs) by extension 'ignore_ament_install'
[0.505s] Level 1:colcon.colcon_core.package_identification:_identify(src/unitree_ros2/docs) by extensions ['colcon_pkg']
[0.505s] Level 1:colcon.colcon_core.package_identification:_identify(src/unitree_ros2/docs) by extension 'colcon_pkg'
[0.506s] Level 1:colcon.colcon_core.package_identification:_identify(src/unitree_ros2/docs) by extensions ['colcon_meta']
[0.506s] Level 1:colcon.colcon_core.package_identification:_identify(src/unitree_ros2/docs) by extension 'colcon_meta'
[0.506s] Level 1:colcon.colcon_core.package_identification:_identify(src/unitree_ros2/docs) by extensions ['ros']
[0.506s] Level 1:colcon.colcon_core.package_identification:_identify(src/unitree_ros2/docs) by extension 'ros'
[0.506s] Level 1:colcon.colcon_core.package_identification:_identify(src/unitree_ros2/docs) by extensions ['cmake', 'python']
[0.506s] Level 1:colcon.colcon_core.package_identification:_identify(src/unitree_ros2/docs) by extension 'cmake'
[0.506s] Level 1:colcon.colcon_core.package_identification:_identify(src/unitree_ros2/docs) by extension 'python'
[0.506s] Level 1:colcon.colcon_core.package_identification:_identify(src/unitree_ros2/docs) by extensions ['python_setup_py']
[0.506s] Level 1:colcon.colcon_core.package_identification:_identify(src/unitree_ros2/docs) by extension 'python_setup_py'
[0.506s] Level 1:colcon.colcon_core.package_identification:_identify(src/unitree_ros2/docs/image) by extensions ['ignore', 'ignore_ament_install']
[0.506s] Level 1:colcon.colcon_core.package_identification:_identify(src/unitree_ros2/docs/image) by extension 'ignore'
[0.506s] Level 1:colcon.colcon_core.package_identification:_identify(src/unitree_ros2/docs/image) by extension 'ignore_ament_install'
[0.506s] Level 1:colcon.colcon_core.package_identification:_identify(src/unitree_ros2/docs/image) by extensions ['colcon_pkg']
[0.506s] Level 1:colcon.colcon_core.package_identification:_identify(src/unitree_ros2/docs/image) by extension 'colcon_pkg'
[0.506s] Level 1:colcon.colcon_core.package_identification:_identify(src/unitree_ros2/docs/image) by extensions ['colcon_meta']
[0.506s] Level 1:colcon.colcon_core.package_identification:_identify(src/unitree_ros2/docs/image) by extension 'colcon_meta'
[0.506s] Level 1:colcon.colcon_core.package_identification:_identify(src/unitree_ros2/docs/image) by extensions ['ros']
[0.506s] Level 1:colcon.colcon_core.package_identification:_identify(src/unitree_ros2/docs/image) by extension 'ros'
[0.507s] Level 1:colcon.colcon_core.package_identification:_identify(src/unitree_ros2/docs/image) by extensions ['cmake', 'python']
[0.507s] Level 1:colcon.colcon_core.package_identification:_identify(src/unitree_ros2/docs/image) by extension 'cmake'
[0.507s] Level 1:colcon.colcon_core.package_identification:_identify(src/unitree_ros2/docs/image) by extension 'python'
[0.507s] Level 1:colcon.colcon_core.package_identification:_identify(src/unitree_ros2/docs/image) by extensions ['python_setup_py']
[0.507s] Level 1:colcon.colcon_core.package_identification:_identify(src/unitree_ros2/docs/image) by extension 'python_setup_py'
[0.507s] Level 1:colcon.colcon_core.package_identification:_identify(src/unitree_ros2/example) by extensions ['ignore', 'ignore_ament_install']
[0.507s] Level 1:colcon.colcon_core.package_identification:_identify(src/unitree_ros2/example) by extension 'ignore'
[0.507s] Level 1:colcon.colcon_core.package_identification:_identify(src/unitree_ros2/example) by extension 'ignore_ament_install'
[0.507s] Level 1:colcon.colcon_core.package_identification:_identify(src/unitree_ros2/example) by extensions ['colcon_pkg']
[0.507s] Level 1:colcon.colcon_core.package_identification:_identify(src/unitree_ros2/example) by extension 'colcon_pkg'
[0.507s] Level 1:colcon.colcon_core.package_identification:_identify(src/unitree_ros2/example) by extensions ['colcon_meta']
[0.507s] Level 1:colcon.colcon_core.package_identification:_identify(src/unitree_ros2/example) by extension 'colcon_meta'
[0.507s] Level 1:colcon.colcon_core.package_identification:_identify(src/unitree_ros2/example) by extensions ['ros']
[0.507s] Level 1:colcon.colcon_core.package_identification:_identify(src/unitree_ros2/example) by extension 'ros'
[0.507s] Level 1:colcon.colcon_core.package_identification:_identify(src/unitree_ros2/example) by extensions ['cmake', 'python']
[0.507s] Level 1:colcon.colcon_core.package_identification:_identify(src/unitree_ros2/example) by extension 'cmake'
[0.507s] Level 1:colcon.colcon_core.package_identification:_identify(src/unitree_ros2/example) by extension 'python'
[0.508s] Level 1:colcon.colcon_core.package_identification:_identify(src/unitree_ros2/example) by extensions ['python_setup_py']
[0.508s] Level 1:colcon.colcon_core.package_identification:_identify(src/unitree_ros2/example) by extension 'python_setup_py'
[0.508s] Level 1:colcon.colcon_core.package_identification:_identify(src/unitree_ros2/example/src) by extensions ['ignore', 'ignore_ament_install']
[0.508s] Level 1:colcon.colcon_core.package_identification:_identify(src/unitree_ros2/example/src) by extension 'ignore'
[0.508s] Level 1:colcon.colcon_core.package_identification:_identify(src/unitree_ros2/example/src) by extension 'ignore_ament_install'
[0.508s] Level 1:colcon.colcon_core.package_identification:_identify(src/unitree_ros2/example/src) by extensions ['colcon_pkg']
[0.508s] Level 1:colcon.colcon_core.package_identification:_identify(src/unitree_ros2/example/src) by extension 'colcon_pkg'
[0.508s] Level 1:colcon.colcon_core.package_identification:_identify(src/unitree_ros2/example/src) by extensions ['colcon_meta']
[0.508s] Level 1:colcon.colcon_core.package_identification:_identify(src/unitree_ros2/example/src) by extension 'colcon_meta'
[0.508s] Level 1:colcon.colcon_core.package_identification:_identify(src/unitree_ros2/example/src) by extensions ['ros']
[0.508s] Level 1:colcon.colcon_core.package_identification:_identify(src/unitree_ros2/example/src) by extension 'ros'
[0.509s] DEBUG:colcon.colcon_core.package_identification:Package 'src/unitree_ros2/example/src' with type 'ros.ament_cmake' and name 'unitree_ros2_example'
[0.509s] Level 1:colcon.colcon_core.package_discovery:discover_packages(recursive) using defaults
[0.509s] Level 1:colcon.colcon_core.package_discovery:discover_packages(ignore) discover
[0.509s] Level 1:colcon.colcon_core.package_discovery:discover_packages(ignore) using defaults
[0.509s] Level 1:colcon.colcon_core.package_discovery:discover_packages(path) discover
[0.509s] Level 1:colcon.colcon_core.package_discovery:discover_packages(path) using defaults
[0.529s] INFO:colcon.colcon_core.package_selection:Skipping not selected package 'go2_description' in 'src/go2_description'
[0.529s] INFO:colcon.colcon_core.package_selection:Skipping not selected package 'unitree_api' in 'src/unitree_api'
[0.529s] INFO:colcon.colcon_core.package_selection:Skipping not selected package 'unitree_go' in 'src/unitree_go'
[0.529s] INFO:colcon.colcon_core.package_selection:Skipping not selected package 'unitree_hg' in 'src/unitree_hg'
[0.529s] INFO:colcon.colcon_core.package_selection:Skipping not selected package 'go2_gazebo' in 'src/go2_gazebo'
[0.529s] INFO:colcon.colcon_core.package_selection:Skipping not selected package 'unitree_ros2_example' in 'src/unitree_ros2/example/src'
[0.529s] INFO:colcon.colcon_core.package_selection:Skipping not selected package 'go2_real' in 'src/go2_real'
[0.529s] Level 1:colcon.colcon_core.package_discovery:discover_packages(prefix_path) check parameters
[0.529s] Level 1:colcon.colcon_core.package_discovery:discover_packages(prefix_path) discover
[0.532s] DEBUG:colcon.colcon_installed_package_information.package_discovery:Found 6 installed packages in /home/alireza/thesis1/navigation_go2/go2_ws/install
[0.534s] DEBUG:colcon.colcon_installed_package_information.package_discovery:Found 372 installed packages in /opt/ros/foxy
[0.536s] Level 1:colcon.colcon_core.package_discovery:discover_packages(prefix_path) using defaults
[0.637s] Level 5:colcon.colcon_core.verb:set package 'livox_ros_driver2' build argument 'cmake_args' from command line to '['-DROS_EDITION=ROS2']'
[0.637s] Level 5:colcon.colcon_core.verb:set package 'livox_ros_driver2' build argument 'cmake_target' from command line to 'None'
[0.637s] Level 5:colcon.colcon_core.verb:set package 'livox_ros_driver2' build argument 'cmake_target_skip_unavailable' from command line to 'False'
[0.637s] Level 5:colcon.colcon_core.verb:set package 'livox_ros_driver2' build argument 'cmake_clean_cache' from command line to 'False'
[0.637s] Level 5:colcon.colcon_core.verb:set package 'livox_ros_driver2' build argument 'cmake_clean_first' from command line to 'False'
[0.637s] Level 5:colcon.colcon_core.verb:set package 'livox_ros_driver2' build argument 'cmake_force_configure' from command line to 'False'
[0.637s] Level 5:colcon.colcon_core.verb:set package 'livox_ros_driver2' build argument 'ament_cmake_args' from command line to 'None'
[0.637s] Level 5:colcon.colcon_core.verb:set package 'livox_ros_driver2' build argument 'catkin_cmake_args' from command line to 'None'
[0.637s] Level 5:colcon.colcon_core.verb:set package 'livox_ros_driver2' build argument 'catkin_skip_building_tests' from command line to 'False'
[0.637s] DEBUG:colcon.colcon_core.verb:Building package 'livox_ros_driver2' with the following arguments: {'ament_cmake_args': None, 'build_base': '/home/alireza/thesis1/navigation_go2/go2_ws/build/livox_ros_driver2', 'catkin_cmake_args': None, 'catkin_skip_building_tests': False, 'cmake_args': ['-DROS_EDITION=ROS2'], 'cmake_clean_cache': False, 'cmake_clean_first': False, 'cmake_force_configure': False, 'cmake_target': None, 'cmake_target_skip_unavailable': False, 'install_base': '/home/alireza/thesis1/navigation_go2/go2_ws/install/livox_ros_driver2', 'merge_install': False, 'path': '/home/alireza/thesis1/navigation_go2/go2_ws/src/livox_ros_driver2', 'symlink_install': False, 'test_result_base': None}
[0.638s] INFO:colcon.colcon_core.executor:Executing jobs using 'parallel' executor
[0.639s] DEBUG:colcon.colcon_parallel_executor.executor.parallel:run_until_complete
[0.639s] INFO:colcon.colcon_ros.task.ament_cmake.build:Building ROS package in '/home/alireza/thesis1/navigation_go2/go2_ws/src/livox_ros_driver2' with build type 'ament_cmake'
[0.639s] INFO:colcon.colcon_cmake.task.cmake.build:Building CMake package in '/home/alireza/thesis1/navigation_go2/go2_ws/src/livox_ros_driver2'
[0.641s] INFO:colcon.colcon_core.plugin_system:Skipping extension 'colcon_core.shell.bat': Not used on non-Windows systems
[0.641s] INFO:colcon.colcon_core.shell:Skip shell extension 'powershell' for command environment: Not usable outside of PowerShell
[0.641s] DEBUG:colcon.colcon_core.shell:Skip shell extension 'dsv' for command environment
[0.653s] DEBUG:colcon.colcon_core.event_handler.log_command:Invoking command in '/home/alireza/thesis1/navigation_go2/go2_ws/build/livox_ros_driver2': CMAKE_PREFIX_PATH=${CMAKE_PREFIX_PATH}:/opt/ros/foxy /usr/bin/cmake /home/alireza/thesis1/navigation_go2/go2_ws/src/livox_ros_driver2 -DROS_EDITION=ROS2 -DCMAKE_INSTALL_PREFIX=/home/alireza/thesis1/navigation_go2/go2_ws/install/livox_ros_driver2
[4.900s] DEBUG:colcon.colcon_core.event_handler.log_command:Invoked command in '/home/alireza/thesis1/navigation_go2/go2_ws/build/livox_ros_driver2' returned '0': CMAKE_PREFIX_PATH=${CMAKE_PREFIX_PATH}:/opt/ros/foxy /usr/bin/cmake /home/alireza/thesis1/navigation_go2/go2_ws/src/livox_ros_driver2 -DROS_EDITION=ROS2 -DCMAKE_INSTALL_PREFIX=/home/alireza/thesis1/navigation_go2/go2_ws/install/livox_ros_driver2
[4.904s] DEBUG:colcon.colcon_core.event_handler.log_command:Invoking command in '/home/alireza/thesis1/navigation_go2/go2_ws/build/livox_ros_driver2': CMAKE_PREFIX_PATH=${CMAKE_PREFIX_PATH}:/opt/ros/foxy /usr/bin/cmake --build /home/alireza/thesis1/navigation_go2/go2_ws/build/livox_ros_driver2 -- -j8 -l8
[33.631s] DEBUG:colcon.colcon_core.event_handler.log_command:Invoked command in '/home/alireza/thesis1/navigation_go2/go2_ws/build/livox_ros_driver2' returned '0': CMAKE_PREFIX_PATH=${CMAKE_PREFIX_PATH}:/opt/ros/foxy /usr/bin/cmake --build /home/alireza/thesis1/navigation_go2/go2_ws/build/livox_ros_driver2 -- -j8 -l8
[33.647s] DEBUG:colcon.colcon_core.event_handler.log_command:Invoking command in '/home/alireza/thesis1/navigation_go2/go2_ws/build/livox_ros_driver2': CMAKE_PREFIX_PATH=${CMAKE_PREFIX_PATH}:/opt/ros/foxy /usr/bin/cmake --install /home/alireza/thesis1/navigation_go2/go2_ws/build/livox_ros_driver2
[33.723s] Level 1:colcon.colcon_core.environment:create_environment_scripts_only(livox_ros_driver2)
[33.724s] DEBUG:colcon.colcon_core.event_handler.log_command:Invoked command in '/home/alireza/thesis1/navigation_go2/go2_ws/build/livox_ros_driver2' returned '0': CMAKE_PREFIX_PATH=${CMAKE_PREFIX_PATH}:/opt/ros/foxy /usr/bin/cmake --install /home/alireza/thesis1/navigation_go2/go2_ws/build/livox_ros_driver2
[33.727s] Level 1:colcon.colcon_core.environment:checking '/home/alireza/thesis1/navigation_go2/go2_ws/install/livox_ros_driver2' for CMake module files
[33.727s] Level 1:colcon.colcon_core.environment:checking '/home/alireza/thesis1/navigation_go2/go2_ws/install/livox_ros_driver2' for CMake config files
[33.728s] Level 1:colcon.colcon_core.shell:create_environment_hook('livox_ros_driver2', 'cmake_prefix_path')
[33.728s] INFO:colcon.colcon_core.shell:Creating environment hook '/home/alireza/thesis1/navigation_go2/go2_ws/install/livox_ros_driver2/share/livox_ros_driver2/hook/cmake_prefix_path.ps1'
[33.729s] INFO:colcon.colcon_core.shell:Creating environment descriptor '/home/alireza/thesis1/navigation_go2/go2_ws/install/livox_ros_driver2/share/livox_ros_driver2/hook/cmake_prefix_path.dsv'
[33.729s] INFO:colcon.colcon_core.shell:Creating environment hook '/home/alireza/thesis1/navigation_go2/go2_ws/install/livox_ros_driver2/share/livox_ros_driver2/hook/cmake_prefix_path.sh'
[33.730s] Level 1:colcon.colcon_core.environment:checking '/home/alireza/thesis1/navigation_go2/go2_ws/install/livox_ros_driver2/lib'
[33.730s] Level 1:colcon.colcon_core.shell:create_environment_hook('livox_ros_driver2', 'ld_library_path_lib')
[33.731s] INFO:colcon.colcon_core.shell:Creating environment hook '/home/alireza/thesis1/navigation_go2/go2_ws/install/livox_ros_driver2/share/livox_ros_driver2/hook/ld_library_path_lib.ps1'
[33.731s] INFO:colcon.colcon_core.shell:Creating environment descriptor '/home/alireza/thesis1/navigation_go2/go2_ws/install/livox_ros_driver2/share/livox_ros_driver2/hook/ld_library_path_lib.dsv'
[33.731s] INFO:colcon.colcon_core.shell:Creating environment hook '/home/alireza/thesis1/navigation_go2/go2_ws/install/livox_ros_driver2/share/livox_ros_driver2/hook/ld_library_path_lib.sh'
[33.732s] Level 1:colcon.colcon_core.environment:checking '/home/alireza/thesis1/navigation_go2/go2_ws/install/livox_ros_driver2/bin'
[33.732s] Level 1:colcon.colcon_core.environment:checking '/home/alireza/thesis1/navigation_go2/go2_ws/install/livox_ros_driver2/lib/pkgconfig/livox_ros_driver2.pc'
[33.732s] Level 1:colcon.colcon_core.environment:checking '/home/alireza/thesis1/navigation_go2/go2_ws/install/livox_ros_driver2/lib/python3.8/site-packages'
[33.732s] Level 1:colcon.colcon_core.shell:create_environment_hook('livox_ros_driver2', 'pythonpath')
[33.732s] INFO:colcon.colcon_core.shell:Creating environment hook '/home/alireza/thesis1/navigation_go2/go2_ws/install/livox_ros_driver2/share/livox_ros_driver2/hook/pythonpath.ps1'
[33.733s] INFO:colcon.colcon_core.shell:Creating environment descriptor '/home/alireza/thesis1/navigation_go2/go2_ws/install/livox_ros_driver2/share/livox_ros_driver2/hook/pythonpath.dsv'
[33.733s] INFO:colcon.colcon_core.shell:Creating environment hook '/home/alireza/thesis1/navigation_go2/go2_ws/install/livox_ros_driver2/share/livox_ros_driver2/hook/pythonpath.sh'
[33.734s] Level 1:colcon.colcon_core.environment:checking '/home/alireza/thesis1/navigation_go2/go2_ws/install/livox_ros_driver2/bin'
[33.734s] INFO:colcon.colcon_core.shell:Creating package script '/home/alireza/thesis1/navigation_go2/go2_ws/install/livox_ros_driver2/share/livox_ros_driver2/package.ps1'
[33.735s] INFO:colcon.colcon_core.shell:Creating package descriptor '/home/alireza/thesis1/navigation_go2/go2_ws/install/livox_ros_driver2/share/livox_ros_driver2/package.dsv'
[33.736s] INFO:colcon.colcon_core.shell:Creating package script '/home/alireza/thesis1/navigation_go2/go2_ws/install/livox_ros_driver2/share/livox_ros_driver2/package.sh'
[33.737s] INFO:colcon.colcon_core.shell:Creating package script '/home/alireza/thesis1/navigation_go2/go2_ws/install/livox_ros_driver2/share/livox_ros_driver2/package.bash'
[33.738s] INFO:colcon.colcon_core.shell:Creating package script '/home/alireza/thesis1/navigation_go2/go2_ws/install/livox_ros_driver2/share/livox_ros_driver2/package.zsh'
[33.738s] Level 1:colcon.colcon_core.environment:create_file_with_runtime_dependencies(/home/alireza/thesis1/navigation_go2/go2_ws/install/livox_ros_driver2/share/colcon-core/packages/livox_ros_driver2)
[33.739s] Level 1:colcon.colcon_core.environment:create_environment_scripts_only(livox_ros_driver2)
[33.739s] Level 1:colcon.colcon_core.environment:checking '/home/alireza/thesis1/navigation_go2/go2_ws/install/livox_ros_driver2' for CMake module files
[33.740s] Level 1:colcon.colcon_core.environment:checking '/home/alireza/thesis1/navigation_go2/go2_ws/install/livox_ros_driver2' for CMake config files
[33.740s] Level 1:colcon.colcon_core.shell:create_environment_hook('livox_ros_driver2', 'cmake_prefix_path')
[33.740s] INFO:colcon.colcon_core.shell:Creating environment hook '/home/alireza/thesis1/navigation_go2/go2_ws/install/livox_ros_driver2/share/livox_ros_driver2/hook/cmake_prefix_path.ps1'
[33.741s] INFO:colcon.colcon_core.shell:Creating environment descriptor '/home/alireza/thesis1/navigation_go2/go2_ws/install/livox_ros_driver2/share/livox_ros_driver2/hook/cmake_prefix_path.dsv'
[33.741s] INFO:colcon.colcon_core.shell:Creating environment hook '/home/alireza/thesis1/navigation_go2/go2_ws/install/livox_ros_driver2/share/livox_ros_driver2/hook/cmake_prefix_path.sh'
[33.742s] Level 1:colcon.colcon_core.environment:checking '/home/alireza/thesis1/navigation_go2/go2_ws/install/livox_ros_driver2/lib'
[33.742s] Level 1:colcon.colcon_core.shell:create_environment_hook('livox_ros_driver2', 'ld_library_path_lib')
[33.742s] INFO:colcon.colcon_core.shell:Creating environment hook '/home/alireza/thesis1/navigation_go2/go2_ws/install/livox_ros_driver2/share/livox_ros_driver2/hook/ld_library_path_lib.ps1'
[33.743s] INFO:colcon.colcon_core.shell:Creating environment descriptor '/home/alireza/thesis1/navigation_go2/go2_ws/install/livox_ros_driver2/share/livox_ros_driver2/hook/ld_library_path_lib.dsv'
[33.743s] INFO:colcon.colcon_core.shell:Creating environment hook '/home/alireza/thesis1/navigation_go2/go2_ws/install/livox_ros_driver2/share/livox_ros_driver2/hook/ld_library_path_lib.sh'
[33.743s] Level 1:colcon.colcon_core.environment:checking '/home/alireza/thesis1/navigation_go2/go2_ws/install/livox_ros_driver2/bin'
[33.744s] Level 1:colcon.colcon_core.environment:checking '/home/alireza/thesis1/navigation_go2/go2_ws/install/livox_ros_driver2/lib/pkgconfig/livox_ros_driver2.pc'
[33.744s] Level 1:colcon.colcon_core.environment:checking '/home/alireza/thesis1/navigation_go2/go2_ws/install/livox_ros_driver2/lib/python3.8/site-packages'
[33.744s] Level 1:colcon.colcon_core.shell:create_environment_hook('livox_ros_driver2', 'pythonpath')
[33.744s] INFO:colcon.colcon_core.shell:Creating environment hook '/home/alireza/thesis1/navigation_go2/go2_ws/install/livox_ros_driver2/share/livox_ros_driver2/hook/pythonpath.ps1'
[33.744s] INFO:colcon.colcon_core.shell:Creating environment descriptor '/home/alireza/thesis1/navigation_go2/go2_ws/install/livox_ros_driver2/share/livox_ros_driver2/hook/pythonpath.dsv'
[33.745s] INFO:colcon.colcon_core.shell:Creating environment hook '/home/alireza/thesis1/navigation_go2/go2_ws/install/livox_ros_driver2/share/livox_ros_driver2/hook/pythonpath.sh'
[33.745s] Level 1:colcon.colcon_core.environment:checking '/home/alireza/thesis1/navigation_go2/go2_ws/install/livox_ros_driver2/bin'
[33.746s] INFO:colcon.colcon_core.shell:Creating package script '/home/alireza/thesis1/navigation_go2/go2_ws/install/livox_ros_driver2/share/livox_ros_driver2/package.ps1'
[33.747s] INFO:colcon.colcon_core.shell:Creating package descriptor '/home/alireza/thesis1/navigation_go2/go2_ws/install/livox_ros_driver2/share/livox_ros_driver2/package.dsv'
[33.747s] INFO:colcon.colcon_core.shell:Creating package script '/home/alireza/thesis1/navigation_go2/go2_ws/install/livox_ros_driver2/share/livox_ros_driver2/package.sh'
[33.748s] INFO:colcon.colcon_core.shell:Creating package script '/home/alireza/thesis1/navigation_go2/go2_ws/install/livox_ros_driver2/share/livox_ros_driver2/package.bash'
[33.752s] INFO:colcon.colcon_core.shell:Creating package script '/home/alireza/thesis1/navigation_go2/go2_ws/install/livox_ros_driver2/share/livox_ros_driver2/package.zsh'
[33.752s] Level 1:colcon.colcon_core.environment:create_file_with_runtime_dependencies(/home/alireza/thesis1/navigation_go2/go2_ws/install/livox_ros_driver2/share/colcon-core/packages/livox_ros_driver2)
[33.753s] DEBUG:colcon.colcon_parallel_executor.executor.parallel:closing loop
[33.753s] DEBUG:colcon.colcon_parallel_executor.executor.parallel:loop closed
[33.753s] DEBUG:colcon.colcon_parallel_executor.executor.parallel:run_until_complete finished with '0'
[33.753s] DEBUG:colcon.colcon_core.event_reactor:joining thread
[33.759s] INFO:colcon.colcon_core.plugin_system:Skipping extension 'colcon_notification.desktop_notification.terminal_notifier': Not used on non-Darwin systems
[33.759s] INFO:colcon.colcon_core.plugin_system:Skipping extension 'colcon_notification.desktop_notification.win32': Not used on non-Windows systems
[33.759s] INFO:colcon.colcon_notification.desktop_notification:Sending desktop notification using 'notify2'
[33.779s] DEBUG:colcon.colcon_core.event_reactor:joined thread
[33.780s] INFO:colcon.colcon_core.shell:Creating prefix script '/home/alireza/thesis1/navigation_go2/go2_ws/install/local_setup.ps1'
[33.781s] INFO:colcon.colcon_core.shell:Creating prefix util module '/home/alireza/thesis1/navigation_go2/go2_ws/install/_local_setup_util_ps1.py'
[33.782s] INFO:colcon.colcon_core.shell:Creating prefix chain script '/home/alireza/thesis1/navigation_go2/go2_ws/install/setup.ps1'
[33.784s] INFO:colcon.colcon_core.shell:Creating prefix script '/home/alireza/thesis1/navigation_go2/go2_ws/install/local_setup.sh'
[33.785s] INFO:colcon.colcon_core.shell:Creating prefix util module '/home/alireza/thesis1/navigation_go2/go2_ws/install/_local_setup_util_sh.py'
[33.785s] INFO:colcon.colcon_core.shell:Creating prefix chain script '/home/alireza/thesis1/navigation_go2/go2_ws/install/setup.sh'
[33.787s] INFO:colcon.colcon_core.shell:Creating prefix script '/home/alireza/thesis1/navigation_go2/go2_ws/install/local_setup.bash'
[33.787s] INFO:colcon.colcon_core.shell:Creating prefix chain script '/home/alireza/thesis1/navigation_go2/go2_ws/install/setup.bash'
[33.789s] INFO:colcon.colcon_core.shell:Creating prefix script '/home/alireza/thesis1/navigation_go2/go2_ws/install/local_setup.zsh'
[33.789s] INFO:colcon.colcon_core.shell:Creating prefix chain script '/home/alireza/thesis1/navigation_go2/go2_ws/install/setup.zsh'
