[0.048s] Invoking command in '/home/alireza/thesis1/navigation_go2/go2_ws/build/unitree_api': CMAKE_PREFIX_PATH=${CMAKE_PREFIX_PATH}:/opt/ros/foxy /usr/bin/cmake /home/alireza/thesis1/navigation_go2/go2_ws/src/unitree_api -DROS_EDITION=ROS2 -DCMAKE_INSTALL_PREFIX=/home/alireza/thesis1/navigation_go2/go2_ws/install/unitree_api
[0.102s] -- Found ament_cmake: 0.9.12 (/opt/ros/foxy/share/ament_cmake/cmake)
[0.122s] -- Found PythonInterp: /usr/bin/python3 (found suitable version "3.8.10", minimum required is "3") 
[0.122s] -- Using PYTHON_EXECUTABLE: /usr/bin/python3
[0.587s] -- Found geometry_msgs: 2.0.5 (/opt/ros/foxy/share/geometry_msgs/cmake)
[0.654s] -- Using all available rosidl_typesupport_c: rosidl_typesupport_fastrtps_c;rosidl_typesupport_introspection_c
[0.654s] -- Found rosidl_adapter: 1.3.1 (/opt/ros/foxy/share/rosidl_adapter/cmake)
[0.934s] -- Using all available rosidl_typesupport_cpp: rosidl_typesupport_fastrtps_cpp;rosidl_typesupport_introspection_cpp
[1.072s] -- Found rosidl_default_generators: 1.0.1 (/opt/ros/foxy/share/rosidl_default_generators/cmake)
[1.137s] -- Found PythonInterp: /usr/bin/python3 (found version "3.8.10") 
[1.623s] -- Found ament_cmake_ros: 0.9.2 (/opt/ros/foxy/share/ament_cmake_ros/cmake)
[3.039s] -- Using all available rosidl_typesupport_c: rosidl_typesupport_fastrtps_c;rosidl_typesupport_introspection_c
[3.438s] -- Using all available rosidl_typesupport_cpp: rosidl_typesupport_fastrtps_cpp;rosidl_typesupport_introspection_cpp
[3.471s] -- Found PythonInterp: /usr/bin/python3 (found suitable version "3.8.10", minimum required is "3.5") 
[3.472s] -- Found python_cmake_module: 0.8.1 (/opt/ros/foxy/share/python_cmake_module/cmake)
[3.504s] -- Using PYTHON_EXECUTABLE: /usr/bin/python3
[3.505s] -- Using PYTHON_INCLUDE_DIRS: /usr/include/python3.8
[3.505s] -- Using PYTHON_LIBRARIES: /usr/lib/x86_64-linux-gnu/libpython3.8.so
[3.579s] -- Found ament_lint_auto: 0.9.8 (/opt/ros/foxy/share/ament_lint_auto/cmake)
[3.592s] -- Added test 'copyright' to check source files copyright and LICENSE
[3.595s] -- Added test 'lint_cmake' to check CMake code style
[3.596s] -- Added test 'xmllint' to check XML markup files
[3.600s] -- Configuring done
[3.703s] -- Generating done
[3.719s] CMake Warning:
[3.719s]   Manually-specified variables were not used by the project:
[3.719s] 
[3.719s]     ROS_EDITION
[3.719s] 
[3.719s] 
[3.758s] -- Build files have been written to: /home/alireza/thesis1/navigation_go2/go2_ws/build/unitree_api
[3.781s] Invoked command in '/home/alireza/thesis1/navigation_go2/go2_ws/build/unitree_api' returned '0': CMAKE_PREFIX_PATH=${CMAKE_PREFIX_PATH}:/opt/ros/foxy /usr/bin/cmake /home/alireza/thesis1/navigation_go2/go2_ws/src/unitree_api -DROS_EDITION=ROS2 -DCMAKE_INSTALL_PREFIX=/home/alireza/thesis1/navigation_go2/go2_ws/install/unitree_api
[3.782s] Invoking command in '/home/alireza/thesis1/navigation_go2/go2_ws/build/unitree_api': CMAKE_PREFIX_PATH=${CMAKE_PREFIX_PATH}:/opt/ros/foxy /usr/bin/cmake --build /home/alireza/thesis1/navigation_go2/go2_ws/build/unitree_api -- -j8 -l8
[3.905s] [ 11%] Built target unitree_api__rosidl_generator_c
[3.906s] [ 12%] Built target unitree_api__cpp
[3.994s] [ 24%] Built target unitree_api__rosidl_typesupport_c
[3.995s] [ 35%] Built target unitree_api__rosidl_typesupport_introspection_cpp
[3.995s] [ 47%] Built target unitree_api__rosidl_typesupport_introspection_c
[3.995s] [ 58%] Built target unitree_api__rosidl_typesupport_cpp
[3.999s] [ 70%] Built target unitree_api__rosidl_typesupport_fastrtps_cpp
[4.055s] [ 81%] Built target unitree_api__rosidl_typesupport_fastrtps_c
[4.107s] [ 81%] Built target unitree_api
[4.155s] [ 82%] Built target unitree_api__py
[4.195s] [ 93%] Built target unitree_api__python
[4.246s] [ 95%] Built target unitree_api__rosidl_typesupport_introspection_c__pyext
[4.248s] [ 97%] Built target unitree_api__rosidl_typesupport_c__pyext
[4.250s] [100%] Built target unitree_api__rosidl_typesupport_fastrtps_c__pyext
[4.272s] Invoked command in '/home/alireza/thesis1/navigation_go2/go2_ws/build/unitree_api' returned '0': CMAKE_PREFIX_PATH=${CMAKE_PREFIX_PATH}:/opt/ros/foxy /usr/bin/cmake --build /home/alireza/thesis1/navigation_go2/go2_ws/build/unitree_api -- -j8 -l8
[4.275s] Invoking command in '/home/alireza/thesis1/navigation_go2/go2_ws/build/unitree_api': CMAKE_PREFIX_PATH=${CMAKE_PREFIX_PATH}:/opt/ros/foxy /usr/bin/cmake --install /home/alireza/thesis1/navigation_go2/go2_ws/build/unitree_api
[4.290s] -- Install configuration: ""
[4.293s] -- Up-to-date: /home/alireza/thesis1/navigation_go2/go2_ws/install/unitree_api/share/ament_index/resource_index/rosidl_interfaces/unitree_api
[4.294s] -- Up-to-date: /home/alireza/thesis1/navigation_go2/go2_ws/install/unitree_api/include/unitree_api
[4.294s] -- Up-to-date: /home/alireza/thesis1/navigation_go2/go2_ws/install/unitree_api/include/unitree_api/msg
[4.296s] -- Up-to-date: /home/alireza/thesis1/navigation_go2/go2_ws/install/unitree_api/include/unitree_api/msg/response_status.h
[4.296s] -- Up-to-date: /home/alireza/thesis1/navigation_go2/go2_ws/install/unitree_api/include/unitree_api/msg/request_lease.h
[4.297s] -- Up-to-date: /home/alireza/thesis1/navigation_go2/go2_ws/install/unitree_api/include/unitree_api/msg/detail
[4.297s] -- Up-to-date: /home/alireza/thesis1/navigation_go2/go2_ws/install/unitree_api/include/unitree_api/msg/detail/response_status__type_support.h
[4.297s] -- Up-to-date: /home/alireza/thesis1/navigation_go2/go2_ws/install/unitree_api/include/unitree_api/msg/detail/request_lease__type_support.h
[4.297s] -- Up-to-date: /home/alireza/thesis1/navigation_go2/go2_ws/install/unitree_api/include/unitree_api/msg/detail/response_header__struct.h
[4.297s] -- Up-to-date: /home/alireza/thesis1/navigation_go2/go2_ws/install/unitree_api/include/unitree_api/msg/detail/request__functions.h
[4.297s] -- Up-to-date: /home/alireza/thesis1/navigation_go2/go2_ws/install/unitree_api/include/unitree_api/msg/detail/request_header__functions.h
[4.297s] -- Up-to-date: /home/alireza/thesis1/navigation_go2/go2_ws/install/unitree_api/include/unitree_api/msg/detail/request_lease__functions.h
[4.298s] -- Up-to-date: /home/alireza/thesis1/navigation_go2/go2_ws/install/unitree_api/include/unitree_api/msg/detail/response__functions.c
[4.298s] -- Up-to-date: /home/alireza/thesis1/navigation_go2/go2_ws/install/unitree_api/include/unitree_api/msg/detail/request_identity__functions.h
[4.298s] -- Up-to-date: /home/alireza/thesis1/navigation_go2/go2_ws/install/unitree_api/include/unitree_api/msg/detail/request_header__struct.h
[4.298s] -- Up-to-date: /home/alireza/thesis1/navigation_go2/go2_ws/install/unitree_api/include/unitree_api/msg/detail/request__struct.h
[4.298s] -- Up-to-date: /home/alireza/thesis1/navigation_go2/go2_ws/install/unitree_api/include/unitree_api/msg/detail/response_status__struct.h
[4.298s] -- Up-to-date: /home/alireza/thesis1/navigation_go2/go2_ws/install/unitree_api/include/unitree_api/msg/detail/request_policy__struct.h
[4.298s] -- Up-to-date: /home/alireza/thesis1/navigation_go2/go2_ws/install/unitree_api/include/unitree_api/msg/detail/request_lease__functions.c
[4.298s] -- Up-to-date: /home/alireza/thesis1/navigation_go2/go2_ws/install/unitree_api/include/unitree_api/msg/detail/request_identity__struct.h
[4.299s] -- Up-to-date: /home/alireza/thesis1/navigation_go2/go2_ws/install/unitree_api/include/unitree_api/msg/detail/request_lease__struct.h
[4.299s] -- Up-to-date: /home/alireza/thesis1/navigation_go2/go2_ws/install/unitree_api/include/unitree_api/msg/detail/request_header__functions.c
[4.299s] -- Up-to-date: /home/alireza/thesis1/navigation_go2/go2_ws/install/unitree_api/include/unitree_api/msg/detail/request_policy__functions.h
[4.299s] -- Up-to-date: /home/alireza/thesis1/navigation_go2/go2_ws/install/unitree_api/include/unitree_api/msg/detail/request_identity__functions.c
[4.299s] -- Up-to-date: /home/alireza/thesis1/navigation_go2/go2_ws/install/unitree_api/include/unitree_api/msg/detail/request_identity__type_support.h
[4.299s] -- Up-to-date: /home/alireza/thesis1/navigation_go2/go2_ws/install/unitree_api/include/unitree_api/msg/detail/response__struct.h
[4.299s] -- Up-to-date: /home/alireza/thesis1/navigation_go2/go2_ws/install/unitree_api/include/unitree_api/msg/detail/response_status__functions.c
[4.300s] -- Up-to-date: /home/alireza/thesis1/navigation_go2/go2_ws/install/unitree_api/include/unitree_api/msg/detail/request_header__type_support.h
[4.300s] -- Up-to-date: /home/alireza/thesis1/navigation_go2/go2_ws/install/unitree_api/include/unitree_api/msg/detail/request_policy__type_support.h
[4.300s] -- Up-to-date: /home/alireza/thesis1/navigation_go2/go2_ws/install/unitree_api/include/unitree_api/msg/detail/response__functions.h
[4.300s] -- Up-to-date: /home/alireza/thesis1/navigation_go2/go2_ws/install/unitree_api/include/unitree_api/msg/detail/response_header__functions.c
[4.300s] -- Up-to-date: /home/alireza/thesis1/navigation_go2/go2_ws/install/unitree_api/include/unitree_api/msg/detail/response__type_support.h
[4.300s] -- Up-to-date: /home/alireza/thesis1/navigation_go2/go2_ws/install/unitree_api/include/unitree_api/msg/detail/request__type_support.h
[4.300s] -- Up-to-date: /home/alireza/thesis1/navigation_go2/go2_ws/install/unitree_api/include/unitree_api/msg/detail/response_status__functions.h
[4.300s] -- Up-to-date: /home/alireza/thesis1/navigation_go2/go2_ws/install/unitree_api/include/unitree_api/msg/detail/response_header__type_support.h
[4.301s] -- Up-to-date: /home/alireza/thesis1/navigation_go2/go2_ws/install/unitree_api/include/unitree_api/msg/detail/request__functions.c
[4.301s] -- Up-to-date: /home/alireza/thesis1/navigation_go2/go2_ws/install/unitree_api/include/unitree_api/msg/detail/request_policy__functions.c
[4.301s] -- Up-to-date: /home/alireza/thesis1/navigation_go2/go2_ws/install/unitree_api/include/unitree_api/msg/detail/response_header__functions.h
[4.302s] -- Up-to-date: /home/alireza/thesis1/navigation_go2/go2_ws/install/unitree_api/include/unitree_api/msg/response_header.h
[4.303s] -- Up-to-date: /home/alireza/thesis1/navigation_go2/go2_ws/install/unitree_api/include/unitree_api/msg/request_header.h
[4.303s] -- Up-to-date: /home/alireza/thesis1/navigation_go2/go2_ws/install/unitree_api/include/unitree_api/msg/rosidl_generator_c__visibility_control.h
[4.303s] -- Up-to-date: /home/alireza/thesis1/navigation_go2/go2_ws/install/unitree_api/include/unitree_api/msg/request.h
[4.303s] -- Up-to-date: /home/alireza/thesis1/navigation_go2/go2_ws/install/unitree_api/include/unitree_api/msg/request_identity.h
[4.303s] -- Up-to-date: /home/alireza/thesis1/navigation_go2/go2_ws/install/unitree_api/include/unitree_api/msg/request_policy.h
[4.303s] -- Up-to-date: /home/alireza/thesis1/navigation_go2/go2_ws/install/unitree_api/include/unitree_api/msg/response.h
[4.303s] -- Up-to-date: /home/alireza/thesis1/navigation_go2/go2_ws/install/unitree_api/share/unitree_api/environment/library_path.sh
[4.304s] -- Installing: /home/alireza/thesis1/navigation_go2/go2_ws/install/unitree_api/share/unitree_api/environment/library_path.dsv
[4.304s] -- Up-to-date: /home/alireza/thesis1/navigation_go2/go2_ws/install/unitree_api/lib/libunitree_api__rosidl_generator_c.so
[4.304s] -- Up-to-date: /home/alireza/thesis1/navigation_go2/go2_ws/install/unitree_api/include/unitree_api
[4.304s] -- Up-to-date: /home/alireza/thesis1/navigation_go2/go2_ws/install/unitree_api/include/unitree_api/msg
[4.304s] -- Up-to-date: /home/alireza/thesis1/navigation_go2/go2_ws/install/unitree_api/include/unitree_api/msg/detail
[4.304s] -- Up-to-date: /home/alireza/thesis1/navigation_go2/go2_ws/install/unitree_api/include/unitree_api/msg/detail/request__rosidl_typesupport_fastrtps_c.h
[4.306s] -- Up-to-date: /home/alireza/thesis1/navigation_go2/go2_ws/install/unitree_api/include/unitree_api/msg/detail/request_header__rosidl_typesupport_fastrtps_c.h
[4.306s] -- Up-to-date: /home/alireza/thesis1/navigation_go2/go2_ws/install/unitree_api/include/unitree_api/msg/detail/response_header__rosidl_typesupport_fastrtps_c.h
[4.309s] -- Up-to-date: /home/alireza/thesis1/navigation_go2/go2_ws/install/unitree_api/include/unitree_api/msg/detail/request_lease__rosidl_typesupport_fastrtps_c.h
[4.310s] -- Up-to-date: /home/alireza/thesis1/navigation_go2/go2_ws/install/unitree_api/include/unitree_api/msg/detail/request_policy__rosidl_typesupport_fastrtps_c.h
[4.310s] -- Up-to-date: /home/alireza/thesis1/navigation_go2/go2_ws/install/unitree_api/include/unitree_api/msg/detail/response_status__rosidl_typesupport_fastrtps_c.h
[4.311s] -- Up-to-date: /home/alireza/thesis1/navigation_go2/go2_ws/install/unitree_api/include/unitree_api/msg/detail/response__rosidl_typesupport_fastrtps_c.h
[4.311s] -- Up-to-date: /home/alireza/thesis1/navigation_go2/go2_ws/install/unitree_api/include/unitree_api/msg/detail/request_identity__rosidl_typesupport_fastrtps_c.h
[4.319s] -- Up-to-date: /home/alireza/thesis1/navigation_go2/go2_ws/install/unitree_api/include/unitree_api/msg/rosidl_typesupport_fastrtps_c__visibility_control.h
[4.319s] -- Up-to-date: /home/alireza/thesis1/navigation_go2/go2_ws/install/unitree_api/lib/libunitree_api__rosidl_typesupport_fastrtps_c.so
[4.319s] -- Up-to-date: /home/alireza/thesis1/navigation_go2/go2_ws/install/unitree_api/include/unitree_api
[4.319s] -- Up-to-date: /home/alireza/thesis1/navigation_go2/go2_ws/install/unitree_api/include/unitree_api/msg
[4.319s] -- Up-to-date: /home/alireza/thesis1/navigation_go2/go2_ws/install/unitree_api/include/unitree_api/msg/rosidl_typesupport_fastrtps_cpp__visibility_control.h
[4.319s] -- Up-to-date: /home/alireza/thesis1/navigation_go2/go2_ws/install/unitree_api/include/unitree_api/msg/detail
[4.320s] -- Up-to-date: /home/alireza/thesis1/navigation_go2/go2_ws/install/unitree_api/include/unitree_api/msg/detail/request_header__rosidl_typesupport_fastrtps_cpp.hpp
[4.320s] -- Up-to-date: /home/alireza/thesis1/navigation_go2/go2_ws/install/unitree_api/include/unitree_api/msg/detail/response__rosidl_typesupport_fastrtps_cpp.hpp
[4.320s] -- Up-to-date: /home/alireza/thesis1/navigation_go2/go2_ws/install/unitree_api/include/unitree_api/msg/detail/response_header__rosidl_typesupport_fastrtps_cpp.hpp
[4.320s] -- Up-to-date: /home/alireza/thesis1/navigation_go2/go2_ws/install/unitree_api/include/unitree_api/msg/detail/request__rosidl_typesupport_fastrtps_cpp.hpp
[4.320s] -- Up-to-date: /home/alireza/thesis1/navigation_go2/go2_ws/install/unitree_api/include/unitree_api/msg/detail/request_policy__rosidl_typesupport_fastrtps_cpp.hpp
[4.320s] -- Up-to-date: /home/alireza/thesis1/navigation_go2/go2_ws/install/unitree_api/include/unitree_api/msg/detail/request_lease__rosidl_typesupport_fastrtps_cpp.hpp
[4.320s] -- Up-to-date: /home/alireza/thesis1/navigation_go2/go2_ws/install/unitree_api/include/unitree_api/msg/detail/response_status__rosidl_typesupport_fastrtps_cpp.hpp
[4.320s] -- Up-to-date: /home/alireza/thesis1/navigation_go2/go2_ws/install/unitree_api/include/unitree_api/msg/detail/request_identity__rosidl_typesupport_fastrtps_cpp.hpp
[4.321s] -- Up-to-date: /home/alireza/thesis1/navigation_go2/go2_ws/install/unitree_api/include/unitree_api/msg/detail/dds_fastrtps
[4.321s] -- Up-to-date: /home/alireza/thesis1/navigation_go2/go2_ws/install/unitree_api/lib/libunitree_api__rosidl_typesupport_fastrtps_cpp.so
[4.321s] -- Up-to-date: /home/alireza/thesis1/navigation_go2/go2_ws/install/unitree_api/include/unitree_api
[4.321s] -- Up-to-date: /home/alireza/thesis1/navigation_go2/go2_ws/install/unitree_api/include/unitree_api/msg
[4.321s] -- Up-to-date: /home/alireza/thesis1/navigation_go2/go2_ws/install/unitree_api/include/unitree_api/msg/rosidl_typesupport_introspection_c__visibility_control.h
[4.321s] -- Up-to-date: /home/alireza/thesis1/navigation_go2/go2_ws/install/unitree_api/include/unitree_api/msg/detail
[4.321s] -- Up-to-date: /home/alireza/thesis1/navigation_go2/go2_ws/install/unitree_api/include/unitree_api/msg/detail/request__rosidl_typesupport_introspection_c.h
[4.322s] -- Up-to-date: /home/alireza/thesis1/navigation_go2/go2_ws/install/unitree_api/include/unitree_api/msg/detail/request_header__type_support.c
[4.322s] -- Up-to-date: /home/alireza/thesis1/navigation_go2/go2_ws/install/unitree_api/include/unitree_api/msg/detail/request_lease__type_support.c
[4.322s] -- Up-to-date: /home/alireza/thesis1/navigation_go2/go2_ws/install/unitree_api/include/unitree_api/msg/detail/response__type_support.c
[4.322s] -- Up-to-date: /home/alireza/thesis1/navigation_go2/go2_ws/install/unitree_api/include/unitree_api/msg/detail/request__type_support.c
[4.322s] -- Up-to-date: /home/alireza/thesis1/navigation_go2/go2_ws/install/unitree_api/include/unitree_api/msg/detail/response_header__rosidl_typesupport_introspection_c.h
[4.322s] -- Up-to-date: /home/alireza/thesis1/navigation_go2/go2_ws/install/unitree_api/include/unitree_api/msg/detail/request_policy__rosidl_typesupport_introspection_c.h
[4.322s] -- Up-to-date: /home/alireza/thesis1/navigation_go2/go2_ws/install/unitree_api/include/unitree_api/msg/detail/request_policy__type_support.c
[4.323s] -- Up-to-date: /home/alireza/thesis1/navigation_go2/go2_ws/install/unitree_api/include/unitree_api/msg/detail/request_identity__rosidl_typesupport_introspection_c.h
[4.323s] -- Up-to-date: /home/alireza/thesis1/navigation_go2/go2_ws/install/unitree_api/include/unitree_api/msg/detail/response__rosidl_typesupport_introspection_c.h
[4.323s] -- Up-to-date: /home/alireza/thesis1/navigation_go2/go2_ws/install/unitree_api/include/unitree_api/msg/detail/request_header__rosidl_typesupport_introspection_c.h
[4.323s] -- Up-to-date: /home/alireza/thesis1/navigation_go2/go2_ws/install/unitree_api/include/unitree_api/msg/detail/response_status__type_support.c
[4.323s] -- Up-to-date: /home/alireza/thesis1/navigation_go2/go2_ws/install/unitree_api/include/unitree_api/msg/detail/response_status__rosidl_typesupport_introspection_c.h
[4.323s] -- Up-to-date: /home/alireza/thesis1/navigation_go2/go2_ws/install/unitree_api/include/unitree_api/msg/detail/response_header__type_support.c
[4.323s] -- Up-to-date: /home/alireza/thesis1/navigation_go2/go2_ws/install/unitree_api/include/unitree_api/msg/detail/request_lease__rosidl_typesupport_introspection_c.h
[4.324s] -- Up-to-date: /home/alireza/thesis1/navigation_go2/go2_ws/install/unitree_api/include/unitree_api/msg/detail/request_identity__type_support.c
[4.324s] -- Up-to-date: /home/alireza/thesis1/navigation_go2/go2_ws/install/unitree_api/lib/libunitree_api__rosidl_typesupport_introspection_c.so
[4.324s] -- Up-to-date: /home/alireza/thesis1/navigation_go2/go2_ws/install/unitree_api/lib/libunitree_api__rosidl_typesupport_c.so
[4.324s] -- Up-to-date: /home/alireza/thesis1/navigation_go2/go2_ws/install/unitree_api/include/unitree_api
[4.324s] -- Up-to-date: /home/alireza/thesis1/navigation_go2/go2_ws/install/unitree_api/include/unitree_api/msg
[4.324s] -- Up-to-date: /home/alireza/thesis1/navigation_go2/go2_ws/install/unitree_api/include/unitree_api/msg/request_policy.hpp
[4.324s] -- Up-to-date: /home/alireza/thesis1/navigation_go2/go2_ws/install/unitree_api/include/unitree_api/msg/request_header.hpp
[4.325s] -- Up-to-date: /home/alireza/thesis1/navigation_go2/go2_ws/install/unitree_api/include/unitree_api/msg/request_identity.hpp
[4.325s] -- Up-to-date: /home/alireza/thesis1/navigation_go2/go2_ws/install/unitree_api/include/unitree_api/msg/rosidl_generator_cpp__visibility_control.hpp
[4.325s] -- Up-to-date: /home/alireza/thesis1/navigation_go2/go2_ws/install/unitree_api/include/unitree_api/msg/response_header.hpp
[4.328s] -- Up-to-date: /home/alireza/thesis1/navigation_go2/go2_ws/install/unitree_api/include/unitree_api/msg/response_status.hpp
[4.328s] -- Up-to-date: /home/alireza/thesis1/navigation_go2/go2_ws/install/unitree_api/include/unitree_api/msg/request_lease.hpp
[4.328s] -- Up-to-date: /home/alireza/thesis1/navigation_go2/go2_ws/install/unitree_api/include/unitree_api/msg/response.hpp
[4.328s] -- Up-to-date: /home/alireza/thesis1/navigation_go2/go2_ws/install/unitree_api/include/unitree_api/msg/detail
[4.328s] -- Up-to-date: /home/alireza/thesis1/navigation_go2/go2_ws/install/unitree_api/include/unitree_api/msg/detail/request_header__builder.hpp
[4.328s] -- Up-to-date: /home/alireza/thesis1/navigation_go2/go2_ws/install/unitree_api/include/unitree_api/msg/detail/request__traits.hpp
[4.328s] -- Up-to-date: /home/alireza/thesis1/navigation_go2/go2_ws/install/unitree_api/include/unitree_api/msg/detail/request_header__struct.hpp
[4.329s] -- Up-to-date: /home/alireza/thesis1/navigation_go2/go2_ws/install/unitree_api/include/unitree_api/msg/detail/request_lease__builder.hpp
[4.329s] -- Up-to-date: /home/alireza/thesis1/navigation_go2/go2_ws/install/unitree_api/include/unitree_api/msg/detail/response_status__traits.hpp
[4.329s] -- Up-to-date: /home/alireza/thesis1/navigation_go2/go2_ws/install/unitree_api/include/unitree_api/msg/detail/response__builder.hpp
[4.329s] -- Up-to-date: /home/alireza/thesis1/navigation_go2/go2_ws/install/unitree_api/include/unitree_api/msg/detail/request__struct.hpp
[4.329s] -- Up-to-date: /home/alireza/thesis1/navigation_go2/go2_ws/install/unitree_api/include/unitree_api/msg/detail/request_identity__traits.hpp
[4.329s] -- Up-to-date: /home/alireza/thesis1/navigation_go2/go2_ws/install/unitree_api/include/unitree_api/msg/detail/response_status__builder.hpp
[4.330s] -- Up-to-date: /home/alireza/thesis1/navigation_go2/go2_ws/install/unitree_api/include/unitree_api/msg/detail/response__struct.hpp
[4.330s] -- Up-to-date: /home/alireza/thesis1/navigation_go2/go2_ws/install/unitree_api/include/unitree_api/msg/detail/request__builder.hpp
[4.330s] -- Up-to-date: /home/alireza/thesis1/navigation_go2/go2_ws/install/unitree_api/include/unitree_api/msg/detail/response_status__type_support.hpp
[4.330s] -- Up-to-date: /home/alireza/thesis1/navigation_go2/go2_ws/install/unitree_api/include/unitree_api/msg/detail/request__type_support.hpp
[4.330s] -- Up-to-date: /home/alireza/thesis1/navigation_go2/go2_ws/install/unitree_api/include/unitree_api/msg/detail/response_header__type_support.hpp
[4.330s] -- Up-to-date: /home/alireza/thesis1/navigation_go2/go2_ws/install/unitree_api/include/unitree_api/msg/detail/request_policy__struct.hpp
[4.330s] -- Up-to-date: /home/alireza/thesis1/navigation_go2/go2_ws/install/unitree_api/include/unitree_api/msg/detail/request_header__type_support.hpp
[4.330s] -- Up-to-date: /home/alireza/thesis1/navigation_go2/go2_ws/install/unitree_api/include/unitree_api/msg/detail/response_header__builder.hpp
[4.331s] -- Up-to-date: /home/alireza/thesis1/navigation_go2/go2_ws/install/unitree_api/include/unitree_api/msg/detail/request_header__traits.hpp
[4.331s] -- Up-to-date: /home/alireza/thesis1/navigation_go2/go2_ws/install/unitree_api/include/unitree_api/msg/detail/request_policy__traits.hpp
[4.331s] -- Up-to-date: /home/alireza/thesis1/navigation_go2/go2_ws/install/unitree_api/include/unitree_api/msg/detail/request_policy__builder.hpp
[4.331s] -- Up-to-date: /home/alireza/thesis1/navigation_go2/go2_ws/install/unitree_api/include/unitree_api/msg/detail/request_identity__struct.hpp
[4.331s] -- Up-to-date: /home/alireza/thesis1/navigation_go2/go2_ws/install/unitree_api/include/unitree_api/msg/detail/response_header__struct.hpp
[4.331s] -- Up-to-date: /home/alireza/thesis1/navigation_go2/go2_ws/install/unitree_api/include/unitree_api/msg/detail/request_lease__traits.hpp
[4.331s] -- Up-to-date: /home/alireza/thesis1/navigation_go2/go2_ws/install/unitree_api/include/unitree_api/msg/detail/request_lease__type_support.hpp
[4.331s] -- Up-to-date: /home/alireza/thesis1/navigation_go2/go2_ws/install/unitree_api/include/unitree_api/msg/detail/request_policy__type_support.hpp
[4.331s] -- Up-to-date: /home/alireza/thesis1/navigation_go2/go2_ws/install/unitree_api/include/unitree_api/msg/detail/response_status__struct.hpp
[4.332s] -- Up-to-date: /home/alireza/thesis1/navigation_go2/go2_ws/install/unitree_api/include/unitree_api/msg/detail/response_header__traits.hpp
[4.332s] -- Up-to-date: /home/alireza/thesis1/navigation_go2/go2_ws/install/unitree_api/include/unitree_api/msg/detail/response__traits.hpp
[4.332s] -- Up-to-date: /home/alireza/thesis1/navigation_go2/go2_ws/install/unitree_api/include/unitree_api/msg/detail/request_identity__builder.hpp
[4.332s] -- Up-to-date: /home/alireza/thesis1/navigation_go2/go2_ws/install/unitree_api/include/unitree_api/msg/detail/request_identity__type_support.hpp
[4.332s] -- Up-to-date: /home/alireza/thesis1/navigation_go2/go2_ws/install/unitree_api/include/unitree_api/msg/detail/response__type_support.hpp
[4.332s] -- Up-to-date: /home/alireza/thesis1/navigation_go2/go2_ws/install/unitree_api/include/unitree_api/msg/detail/request_lease__struct.hpp
[4.332s] -- Up-to-date: /home/alireza/thesis1/navigation_go2/go2_ws/install/unitree_api/include/unitree_api/msg/request.hpp
[4.332s] -- Up-to-date: /home/alireza/thesis1/navigation_go2/go2_ws/install/unitree_api/include/unitree_api
[4.332s] -- Up-to-date: /home/alireza/thesis1/navigation_go2/go2_ws/install/unitree_api/include/unitree_api/msg
[4.333s] -- Up-to-date: /home/alireza/thesis1/navigation_go2/go2_ws/install/unitree_api/include/unitree_api/msg/detail
[4.333s] -- Up-to-date: /home/alireza/thesis1/navigation_go2/go2_ws/install/unitree_api/include/unitree_api/msg/detail/request__type_support.cpp
[4.333s] -- Up-to-date: /home/alireza/thesis1/navigation_go2/go2_ws/install/unitree_api/include/unitree_api/msg/detail/response_status__rosidl_typesupport_introspection_cpp.hpp
[4.333s] -- Up-to-date: /home/alireza/thesis1/navigation_go2/go2_ws/install/unitree_api/include/unitree_api/msg/detail/response_header__type_support.cpp
[4.333s] -- Up-to-date: /home/alireza/thesis1/navigation_go2/go2_ws/install/unitree_api/include/unitree_api/msg/detail/request__rosidl_typesupport_introspection_cpp.hpp
[4.333s] -- Up-to-date: /home/alireza/thesis1/navigation_go2/go2_ws/install/unitree_api/include/unitree_api/msg/detail/request_lease__rosidl_typesupport_introspection_cpp.hpp
[4.333s] -- Up-to-date: /home/alireza/thesis1/navigation_go2/go2_ws/install/unitree_api/include/unitree_api/msg/detail/request_header__type_support.cpp
[4.333s] -- Up-to-date: /home/alireza/thesis1/navigation_go2/go2_ws/install/unitree_api/include/unitree_api/msg/detail/request_policy__rosidl_typesupport_introspection_cpp.hpp
[4.334s] -- Up-to-date: /home/alireza/thesis1/navigation_go2/go2_ws/install/unitree_api/include/unitree_api/msg/detail/response__type_support.cpp
[4.334s] -- Up-to-date: /home/alireza/thesis1/navigation_go2/go2_ws/install/unitree_api/include/unitree_api/msg/detail/request_identity__rosidl_typesupport_introspection_cpp.hpp
[4.334s] -- Up-to-date: /home/alireza/thesis1/navigation_go2/go2_ws/install/unitree_api/include/unitree_api/msg/detail/request_lease__type_support.cpp
[4.334s] -- Up-to-date: /home/alireza/thesis1/navigation_go2/go2_ws/install/unitree_api/include/unitree_api/msg/detail/response_status__type_support.cpp
[4.334s] -- Up-to-date: /home/alireza/thesis1/navigation_go2/go2_ws/install/unitree_api/include/unitree_api/msg/detail/request_header__rosidl_typesupport_introspection_cpp.hpp
[4.334s] -- Up-to-date: /home/alireza/thesis1/navigation_go2/go2_ws/install/unitree_api/include/unitree_api/msg/detail/request_policy__type_support.cpp
[4.334s] -- Up-to-date: /home/alireza/thesis1/navigation_go2/go2_ws/install/unitree_api/include/unitree_api/msg/detail/response_header__rosidl_typesupport_introspection_cpp.hpp
[4.334s] -- Up-to-date: /home/alireza/thesis1/navigation_go2/go2_ws/install/unitree_api/include/unitree_api/msg/detail/response__rosidl_typesupport_introspection_cpp.hpp
[4.334s] -- Up-to-date: /home/alireza/thesis1/navigation_go2/go2_ws/install/unitree_api/include/unitree_api/msg/detail/request_identity__type_support.cpp
[4.335s] -- Up-to-date: /home/alireza/thesis1/navigation_go2/go2_ws/install/unitree_api/lib/libunitree_api__rosidl_typesupport_introspection_cpp.so
[4.335s] -- Up-to-date: /home/alireza/thesis1/navigation_go2/go2_ws/install/unitree_api/lib/libunitree_api__rosidl_typesupport_cpp.so
[4.335s] -- Up-to-date: /home/alireza/thesis1/navigation_go2/go2_ws/install/unitree_api/share/unitree_api/environment/pythonpath.sh
[4.335s] -- Installing: /home/alireza/thesis1/navigation_go2/go2_ws/install/unitree_api/share/unitree_api/environment/pythonpath.dsv
[4.335s] -- Installing: /home/alireza/thesis1/navigation_go2/go2_ws/install/unitree_api/lib/python3.8/site-packages/unitree_api/__init__.py
[4.357s] Compiling '/home/alireza/thesis1/navigation_go2/go2_ws/install/unitree_api/lib/python3.8/site-packages/unitree_api/__init__.py'...
[4.364s] -- Up-to-date: /home/alireza/thesis1/navigation_go2/go2_ws/install/unitree_api/lib/python3.8/site-packages/unitree_api/msg
[4.364s] -- Up-to-date: /home/alireza/thesis1/navigation_go2/go2_ws/install/unitree_api/lib/python3.8/site-packages/unitree_api/msg/_response_header.py
[4.365s] -- Up-to-date: /home/alireza/thesis1/navigation_go2/go2_ws/install/unitree_api/lib/python3.8/site-packages/unitree_api/msg/_request_policy_s.c
[4.365s] -- Up-to-date: /home/alireza/thesis1/navigation_go2/go2_ws/install/unitree_api/lib/python3.8/site-packages/unitree_api/msg/_request_identity.py
[4.365s] -- Up-to-date: /home/alireza/thesis1/navigation_go2/go2_ws/install/unitree_api/lib/python3.8/site-packages/unitree_api/msg/__init__.py
[4.365s] -- Up-to-date: /home/alireza/thesis1/navigation_go2/go2_ws/install/unitree_api/lib/python3.8/site-packages/unitree_api/msg/_request_s.c
[4.365s] -- Up-to-date: /home/alireza/thesis1/navigation_go2/go2_ws/install/unitree_api/lib/python3.8/site-packages/unitree_api/msg/_request_lease_s.c
[4.365s] -- Up-to-date: /home/alireza/thesis1/navigation_go2/go2_ws/install/unitree_api/lib/python3.8/site-packages/unitree_api/msg/_response_header_s.c
[4.366s] -- Up-to-date: /home/alireza/thesis1/navigation_go2/go2_ws/install/unitree_api/lib/python3.8/site-packages/unitree_api/msg/_request_identity_s.c
[4.366s] -- Up-to-date: /home/alireza/thesis1/navigation_go2/go2_ws/install/unitree_api/lib/python3.8/site-packages/unitree_api/msg/_response_s.c
[4.366s] -- Up-to-date: /home/alireza/thesis1/navigation_go2/go2_ws/install/unitree_api/lib/python3.8/site-packages/unitree_api/msg/_request_header_s.c
[4.366s] -- Up-to-date: /home/alireza/thesis1/navigation_go2/go2_ws/install/unitree_api/lib/python3.8/site-packages/unitree_api/msg/_request.py
[4.366s] -- Up-to-date: /home/alireza/thesis1/navigation_go2/go2_ws/install/unitree_api/lib/python3.8/site-packages/unitree_api/msg/_request_policy.py
[4.366s] -- Up-to-date: /home/alireza/thesis1/navigation_go2/go2_ws/install/unitree_api/lib/python3.8/site-packages/unitree_api/msg/_response_status_s.c
[4.366s] -- Up-to-date: /home/alireza/thesis1/navigation_go2/go2_ws/install/unitree_api/lib/python3.8/site-packages/unitree_api/msg/_response_status.py
[4.367s] -- Up-to-date: /home/alireza/thesis1/navigation_go2/go2_ws/install/unitree_api/lib/python3.8/site-packages/unitree_api/msg/_request_lease.py
[4.367s] -- Up-to-date: /home/alireza/thesis1/navigation_go2/go2_ws/install/unitree_api/lib/python3.8/site-packages/unitree_api/msg/_request_header.py
[4.367s] -- Up-to-date: /home/alireza/thesis1/navigation_go2/go2_ws/install/unitree_api/lib/python3.8/site-packages/unitree_api/msg/_response.py
[4.368s] -- Up-to-date: /home/alireza/thesis1/navigation_go2/go2_ws/install/unitree_api/lib/python3.8/site-packages/unitree_api/unitree_api_s__rosidl_typesupport_fastrtps_c.cpython-38-x86_64-linux-gnu.so
[4.368s] -- Up-to-date: /home/alireza/thesis1/navigation_go2/go2_ws/install/unitree_api/lib/python3.8/site-packages/unitree_api/unitree_api_s__rosidl_typesupport_introspection_c.cpython-38-x86_64-linux-gnu.so
[4.368s] -- Up-to-date: /home/alireza/thesis1/navigation_go2/go2_ws/install/unitree_api/lib/python3.8/site-packages/unitree_api/unitree_api_s__rosidl_typesupport_c.cpython-38-x86_64-linux-gnu.so
[4.368s] -- Up-to-date: /home/alireza/thesis1/navigation_go2/go2_ws/install/unitree_api/lib/libunitree_api__python.so
[4.370s] -- Up-to-date: /home/alireza/thesis1/navigation_go2/go2_ws/install/unitree_api/share/unitree_api/msg/Request.idl
[4.370s] -- Up-to-date: /home/alireza/thesis1/navigation_go2/go2_ws/install/unitree_api/share/unitree_api/msg/RequestHeader.idl
[4.370s] -- Up-to-date: /home/alireza/thesis1/navigation_go2/go2_ws/install/unitree_api/share/unitree_api/msg/RequestIdentity.idl
[4.371s] -- Up-to-date: /home/alireza/thesis1/navigation_go2/go2_ws/install/unitree_api/share/unitree_api/msg/RequestLease.idl
[4.371s] -- Up-to-date: /home/alireza/thesis1/navigation_go2/go2_ws/install/unitree_api/share/unitree_api/msg/RequestPolicy.idl
[4.371s] -- Up-to-date: /home/alireza/thesis1/navigation_go2/go2_ws/install/unitree_api/share/unitree_api/msg/Response.idl
[4.371s] -- Up-to-date: /home/alireza/thesis1/navigation_go2/go2_ws/install/unitree_api/share/unitree_api/msg/ResponseHeader.idl
[4.371s] -- Up-to-date: /home/alireza/thesis1/navigation_go2/go2_ws/install/unitree_api/share/unitree_api/msg/ResponseStatus.idl
[4.372s] -- Up-to-date: /home/alireza/thesis1/navigation_go2/go2_ws/install/unitree_api/share/unitree_api/msg/Request.msg
[4.372s] -- Up-to-date: /home/alireza/thesis1/navigation_go2/go2_ws/install/unitree_api/share/unitree_api/msg/RequestHeader.msg
[4.372s] -- Up-to-date: /home/alireza/thesis1/navigation_go2/go2_ws/install/unitree_api/share/unitree_api/msg/RequestIdentity.msg
[4.373s] -- Up-to-date: /home/alireza/thesis1/navigation_go2/go2_ws/install/unitree_api/share/unitree_api/msg/RequestLease.msg
[4.373s] -- Up-to-date: /home/alireza/thesis1/navigation_go2/go2_ws/install/unitree_api/share/unitree_api/msg/RequestPolicy.msg
[4.373s] -- Up-to-date: /home/alireza/thesis1/navigation_go2/go2_ws/install/unitree_api/share/unitree_api/msg/Response.msg
[4.373s] -- Up-to-date: /home/alireza/thesis1/navigation_go2/go2_ws/install/unitree_api/share/unitree_api/msg/ResponseHeader.msg
[4.373s] -- Up-to-date: /home/alireza/thesis1/navigation_go2/go2_ws/install/unitree_api/share/unitree_api/msg/ResponseStatus.msg
[4.374s] -- Up-to-date: /home/alireza/thesis1/navigation_go2/go2_ws/install/unitree_api/share/ament_index/resource_index/package_run_dependencies/unitree_api
[4.374s] -- Installing: /home/alireza/thesis1/navigation_go2/go2_ws/install/unitree_api/share/ament_index/resource_index/parent_prefix_path/unitree_api
[4.374s] -- Up-to-date: /home/alireza/thesis1/navigation_go2/go2_ws/install/unitree_api/share/unitree_api/environment/ament_prefix_path.sh
[4.375s] -- Installing: /home/alireza/thesis1/navigation_go2/go2_ws/install/unitree_api/share/unitree_api/environment/ament_prefix_path.dsv
[4.375s] -- Up-to-date: /home/alireza/thesis1/navigation_go2/go2_ws/install/unitree_api/share/unitree_api/environment/path.sh
[4.375s] -- Installing: /home/alireza/thesis1/navigation_go2/go2_ws/install/unitree_api/share/unitree_api/environment/path.dsv
[4.375s] -- Up-to-date: /home/alireza/thesis1/navigation_go2/go2_ws/install/unitree_api/share/unitree_api/local_setup.bash
[4.375s] -- Up-to-date: /home/alireza/thesis1/navigation_go2/go2_ws/install/unitree_api/share/unitree_api/local_setup.sh
[4.375s] -- Up-to-date: /home/alireza/thesis1/navigation_go2/go2_ws/install/unitree_api/share/unitree_api/local_setup.zsh
[4.376s] -- Installing: /home/alireza/thesis1/navigation_go2/go2_ws/install/unitree_api/share/unitree_api/local_setup.dsv
[4.376s] -- Installing: /home/alireza/thesis1/navigation_go2/go2_ws/install/unitree_api/share/unitree_api/package.dsv
[4.376s] -- Up-to-date: /home/alireza/thesis1/navigation_go2/go2_ws/install/unitree_api/share/ament_index/resource_index/packages/unitree_api
[4.376s] -- Up-to-date: /home/alireza/thesis1/navigation_go2/go2_ws/install/unitree_api/share/unitree_api/cmake/unitree_api__rosidl_generator_cExport.cmake
[4.376s] -- Installing: /home/alireza/thesis1/navigation_go2/go2_ws/install/unitree_api/share/unitree_api/cmake/unitree_api__rosidl_generator_cExport-noconfig.cmake
[4.376s] -- Up-to-date: /home/alireza/thesis1/navigation_go2/go2_ws/install/unitree_api/share/unitree_api/cmake/unitree_api__rosidl_typesupport_introspection_cExport.cmake
[4.376s] -- Installing: /home/alireza/thesis1/navigation_go2/go2_ws/install/unitree_api/share/unitree_api/cmake/unitree_api__rosidl_typesupport_introspection_cExport-noconfig.cmake
[4.376s] -- Up-to-date: /home/alireza/thesis1/navigation_go2/go2_ws/install/unitree_api/share/unitree_api/cmake/unitree_api__rosidl_typesupport_cExport.cmake
[4.377s] -- Installing: /home/alireza/thesis1/navigation_go2/go2_ws/install/unitree_api/share/unitree_api/cmake/unitree_api__rosidl_typesupport_cExport-noconfig.cmake
[4.377s] -- Up-to-date: /home/alireza/thesis1/navigation_go2/go2_ws/install/unitree_api/share/unitree_api/cmake/unitree_api__rosidl_generator_cppExport.cmake
[4.377s] -- Up-to-date: /home/alireza/thesis1/navigation_go2/go2_ws/install/unitree_api/share/unitree_api/cmake/unitree_api__rosidl_typesupport_introspection_cppExport.cmake
[4.377s] -- Installing: /home/alireza/thesis1/navigation_go2/go2_ws/install/unitree_api/share/unitree_api/cmake/unitree_api__rosidl_typesupport_introspection_cppExport-noconfig.cmake
[4.379s] -- Up-to-date: /home/alireza/thesis1/navigation_go2/go2_ws/install/unitree_api/share/unitree_api/cmake/unitree_api__rosidl_typesupport_cppExport.cmake
[4.379s] -- Installing: /home/alireza/thesis1/navigation_go2/go2_ws/install/unitree_api/share/unitree_api/cmake/unitree_api__rosidl_typesupport_cppExport-noconfig.cmake
[4.379s] -- Up-to-date: /home/alireza/thesis1/navigation_go2/go2_ws/install/unitree_api/share/unitree_api/cmake/rosidl_cmake-extras.cmake
[4.379s] -- Up-to-date: /home/alireza/thesis1/navigation_go2/go2_ws/install/unitree_api/share/unitree_api/cmake/ament_cmake_export_dependencies-extras.cmake
[4.380s] -- Up-to-date: /home/alireza/thesis1/navigation_go2/go2_ws/install/unitree_api/share/unitree_api/cmake/ament_cmake_export_libraries-extras.cmake
[4.380s] -- Up-to-date: /home/alireza/thesis1/navigation_go2/go2_ws/install/unitree_api/share/unitree_api/cmake/ament_cmake_export_targets-extras.cmake
[4.380s] -- Up-to-date: /home/alireza/thesis1/navigation_go2/go2_ws/install/unitree_api/share/unitree_api/cmake/ament_cmake_export_include_directories-extras.cmake
[4.380s] -- Up-to-date: /home/alireza/thesis1/navigation_go2/go2_ws/install/unitree_api/share/unitree_api/cmake/rosidl_cmake_export_typesupport_libraries-extras.cmake
[4.380s] -- Up-to-date: /home/alireza/thesis1/navigation_go2/go2_ws/install/unitree_api/share/unitree_api/cmake/rosidl_cmake_export_typesupport_targets-extras.cmake
[4.380s] -- Up-to-date: /home/alireza/thesis1/navigation_go2/go2_ws/install/unitree_api/share/unitree_api/cmake/unitree_apiConfig.cmake
[4.381s] -- Up-to-date: /home/alireza/thesis1/navigation_go2/go2_ws/install/unitree_api/share/unitree_api/cmake/unitree_apiConfig-version.cmake
[4.381s] -- Up-to-date: /home/alireza/thesis1/navigation_go2/go2_ws/install/unitree_api/share/unitree_api/package.xml
[4.381s] Invoked command in '/home/alireza/thesis1/navigation_go2/go2_ws/build/unitree_api' returned '0': CMAKE_PREFIX_PATH=${CMAKE_PREFIX_PATH}:/opt/ros/foxy /usr/bin/cmake --install /home/alireza/thesis1/navigation_go2/go2_ws/build/unitree_api
