-- The C compiler identification is GNU 9.4.0
-- The CXX compiler identification is GNU 9.4.0
-- Check for working C compiler: /usr/bin/cc
-- Check for working C compiler: /usr/bin/cc -- works
-- Detecting C compiler ABI info
-- Detecting C compiler ABI info - done
-- Detecting C compile features
-- Detecting C compile features - done
-- Check for working CXX compiler: /usr/bin/c++
-- Check for working CXX compiler: /usr/bin/c++ -- works
-- Detecting CXX compiler ABI info
-- Detecting CXX compiler ABI info - done
-- Detecting CXX compile features
-- Detecting CXX compile features - done
-- Found ament_cmake: 0.9.12 (/opt/ros/foxy/share/ament_cmake/cmake)
-- Found PythonInterp: /usr/bin/python3 (found suitable version "3.8.10", minimum required is "3") 
-- Using PYTHON_EXECUTABLE: /usr/bin/python3
-- Configuring done
-- Generating done
-- Build files have been written to: /home/alireza/thesis1/navigation_go2/go2_ws/build/go2_gazebo
-- Install configuration: ""
-- Installing: /home/alireza/thesis1/navigation_go2/go2_ws/install/go2_gazebo/share/go2_gazebo/launch
-- Installing: /home/alireza/thesis1/navigation_go2/go2_ws/install/go2_gazebo/share/go2_gazebo/launch/go2_sim.launch.py
-- Installing: /home/alireza/thesis1/navigation_go2/go2_ws/install/go2_gazebo/share/go2_gazebo/launch/set_initial_pose.py
-- Installing: /home/alireza/thesis1/navigation_go2/go2_ws/install/go2_gazebo/share/go2_gazebo/params
-- Installing: /home/alireza/thesis1/navigation_go2/go2_ws/install/go2_gazebo/share/go2_gazebo/params/slam_toolbox_params.yaml
-- Installing: /home/alireza/thesis1/navigation_go2/go2_ws/install/go2_gazebo/share/go2_gazebo/params/go2_nav2_params.yaml
-- Installing: /home/alireza/thesis1/navigation_go2/go2_ws/install/go2_gazebo/share/go2_gazebo/maps
-- Installing: /home/alireza/thesis1/navigation_go2/go2_ws/install/go2_gazebo/share/go2_gazebo/maps/turtlebot3_world.yaml
-- Installing: /home/alireza/thesis1/navigation_go2/go2_ws/install/go2_gazebo/share/go2_gazebo/maps/turtlebot3_world.pgm
-- Installing: /home/alireza/thesis1/navigation_go2/go2_ws/install/go2_gazebo/share/go2_gazebo/rviz
-- Installing: /home/alireza/thesis1/navigation_go2/go2_ws/install/go2_gazebo/share/go2_gazebo/rviz/go2_nav2.rviz
-- Installing: /home/alireza/thesis1/navigation_go2/go2_ws/install/go2_gazebo/share/go2_gazebo/worlds
-- Installing: /home/alireza/thesis1/navigation_go2/go2_ws/install/go2_gazebo/share/go2_gazebo/worlds/go2_world.world
-- Installing: /home/alireza/thesis1/navigation_go2/go2_ws/install/go2_gazebo/share/go2_gazebo/worlds/go2_arena.world
-- Installing: /home/alireza/thesis1/navigation_go2/go2_ws/install/go2_gazebo/lib/go2_gazebo/go2_viz.py
-- Installing: /home/alireza/thesis1/navigation_go2/go2_ws/install/go2_gazebo/lib/go2_gazebo/scan_filter.py
-- Installing: /home/alireza/thesis1/navigation_go2/go2_ws/install/go2_gazebo/share/ament_index/resource_index/package_run_dependencies/go2_gazebo
-- Installing: /home/alireza/thesis1/navigation_go2/go2_ws/install/go2_gazebo/share/ament_index/resource_index/parent_prefix_path/go2_gazebo
-- Installing: /home/alireza/thesis1/navigation_go2/go2_ws/install/go2_gazebo/share/go2_gazebo/environment/ament_prefix_path.sh
-- Installing: /home/alireza/thesis1/navigation_go2/go2_ws/install/go2_gazebo/share/go2_gazebo/environment/ament_prefix_path.dsv
-- Installing: /home/alireza/thesis1/navigation_go2/go2_ws/install/go2_gazebo/share/go2_gazebo/environment/path.sh
-- Installing: /home/alireza/thesis1/navigation_go2/go2_ws/install/go2_gazebo/share/go2_gazebo/environment/path.dsv
-- Installing: /home/alireza/thesis1/navigation_go2/go2_ws/install/go2_gazebo/share/go2_gazebo/local_setup.bash
-- Installing: /home/alireza/thesis1/navigation_go2/go2_ws/install/go2_gazebo/share/go2_gazebo/local_setup.sh
-- Installing: /home/alireza/thesis1/navigation_go2/go2_ws/install/go2_gazebo/share/go2_gazebo/local_setup.zsh
-- Installing: /home/alireza/thesis1/navigation_go2/go2_ws/install/go2_gazebo/share/go2_gazebo/local_setup.dsv
-- Installing: /home/alireza/thesis1/navigation_go2/go2_ws/install/go2_gazebo/share/go2_gazebo/package.dsv
-- Installing: /home/alireza/thesis1/navigation_go2/go2_ws/install/go2_gazebo/share/ament_index/resource_index/packages/go2_gazebo
-- Installing: /home/alireza/thesis1/navigation_go2/go2_ws/install/go2_gazebo/share/go2_gazebo/cmake/go2_gazeboConfig.cmake
-- Installing: /home/alireza/thesis1/navigation_go2/go2_ws/install/go2_gazebo/share/go2_gazebo/cmake/go2_gazeboConfig-version.cmake
-- Installing: /home/alireza/thesis1/navigation_go2/go2_ws/install/go2_gazebo/share/go2_gazebo/package.xml
