-- The C compiler identification is GNU 9.4.0
-- Check for working C compiler: /usr/bin/cc
-- Check for working C compiler: /usr/bin/cc -- works
-- Detecting C compiler ABI info
-- Detecting C compiler ABI info - done
-- Detecting C compile features
-- Detecting C compile features - done
-- Setting build type to 'RelWithDebInfo' as none was specified.
-- Looking for getopt.h
-- Looking for getopt.h - found
-- Building with OpenSSL support
-- Looking for stdint.h
-- Looking for stdint.h - found
-- Looking for inttypes.h
-- Looking for inttypes.h - found
-- Looking for sys/types.h
-- Looking for sys/types.h - found
-- Looking for stdint.h
-- Looking for stdint.h - found
-- Looking for stddef.h
-- Looking for stddef.h - found
-- Check size of intmax_t
-- Check size of intmax_t - done
-- Looking for stpcpy
-- Looking for stpcpy - found
-- Looking for strlcpy
-- Looking for strlcpy - not found
-- Looking for strlcat
-- Looking for strlcat - not found
-- Performing Test COMPILER_HAS_HIDDEN_VISIBILITY
-- Performing Test COMPILER_HAS_HIDDEN_VISIBILITY - Success
-- Performing Test COMPILER_HAS_HIDDEN_INLINE_VISIBILITY
-- Performing Test COMPILER_HAS_HIDDEN_INLINE_VISIBILITY - Failed
-- Performing Test COMPILER_HAS_DEPRECATED_ATTR
-- Performing Test COMPILER_HAS_DEPRECATED_ATTR - Success
-- Looking for gethostname
-- Looking for gethostname - found
-- Looking for inet_ntop
-- Looking for inet_ntop - found
-- Looking for inet_pton
-- Looking for inet_pton - found
-- Looking for getaddrinfo
-- Looking for getaddrinfo - found
-- Looking for gethostbyname_r
-- Looking for gethostbyname_r - found
-- Check size of struct sockaddr_in6
-- Check size of struct sockaddr_in6 - done
-- Looking for pthread.h
-- Looking for pthread.h - found
-- Performing Test CMAKE_HAVE_LIBC_PTHREAD
-- Performing Test CMAKE_HAVE_LIBC_PTHREAD - Failed
-- Looking for pthread_create in pthreads
-- Looking for pthread_create in pthreads - not found
-- Looking for pthread_create in pthread
-- Looking for pthread_create in pthread - found
-- Found Threads: TRUE  
-- Looking for clock_gettime in c
-- Looking for clock_gettime in c - found
-- Configuring done
-- Generating done
CMake Warning:
  Manually-specified variables were not used by the project:

    ROS_EDITION


-- Build files have been written to: /home/alireza/thesis1/navigation_go2/go2_ws/build/cyclonedds
Scanning dependencies of target _confgen
[  0%] Generating include/idl/misc.h
Scanning dependencies of target idlpp
[  1%] Generating src/md5.c
[  2%] Generating include/idl/attributes.h
[  1%] Generating include/idl/md5.h
Scanning dependencies of target ddsrt-internal
[  2%] Generating include/idl/endian.h
[  3%] Building C object src/tools/idlpp/CMakeFiles/idlpp.dir/src/directive.c.o
[  3%] Built target _confgen
[  4%] Building C object src/ddsrt/CMakeFiles/ddsrt-internal.dir/src/atomics.c.o
[  5%] Building C object src/tools/idlpp/CMakeFiles/idlpp.dir/src/expand.c.o
[  5%] Building C object src/ddsrt/CMakeFiles/ddsrt-internal.dir/src/avl.c.o
[  5%] Building C object src/tools/idlpp/CMakeFiles/idlpp.dir/src/main.c.o
[  5%] Building C object src/tools/idlpp/CMakeFiles/idlpp.dir/src/eval.c.o
Scanning dependencies of target idl
[  5%] Building C object src/idl/CMakeFiles/idl.dir/src/symbol.c.o
[  5%] Building C object src/tools/idlpp/CMakeFiles/idlpp.dir/src/mbchar.c.o
[  6%] Building C object src/idl/CMakeFiles/idl.dir/src/directive.c.o
[  6%] Building C object src/idl/CMakeFiles/idl.dir/src/expression.c.o
[  7%] Building C object src/tools/idlpp/CMakeFiles/idlpp.dir/src/support.c.o
[  7%] Building C object src/ddsrt/CMakeFiles/ddsrt-internal.dir/src/bswap.c.o
[  7%] Building C object src/tools/idlpp/CMakeFiles/idlpp.dir/src/system.c.o
[  8%] Building C object src/ddsrt/CMakeFiles/ddsrt-internal.dir/src/io.c.o
[  8%] Building C object src/ddsrt/CMakeFiles/ddsrt-internal.dir/src/log.c.o
Scanning dependencies of target ddsc
[  9%] Building C object src/ddsrt/CMakeFiles/ddsrt-internal.dir/src/retcode.c.o
[  9%] Building C object src/idl/CMakeFiles/idl.dir/src/file.c.o
[  9%] Building C object src/core/CMakeFiles/ddsc.dir/ddsi/src/ddsi_eth.c.o
[  9%] Building C object src/ddsrt/CMakeFiles/ddsrt-internal.dir/src/strtod.c.o
[  9%] Building C object src/ddsrt/CMakeFiles/ddsrt-internal.dir/src/strtol.c.o
[ 10%] Building C object src/ddsrt/CMakeFiles/ddsrt-internal.dir/src/mh3.c.o
[ 11%] Building C object src/core/CMakeFiles/ddsc.dir/ddsi/src/ddsi_ssl.c.o
[ 12%] Building C object src/idl/CMakeFiles/idl.dir/src/processor.c.o
[ 12%] Building C object src/idl/CMakeFiles/idl.dir/src/scanner.c.o
[ 12%] Building C object src/ddsrt/CMakeFiles/ddsrt-internal.dir/src/environ.c.o
[ 13%] Building C object src/ddsrt/CMakeFiles/ddsrt-internal.dir/src/expand_vars.c.o
[ 13%] Building C object src/core/CMakeFiles/ddsc.dir/ddsi/src/ddsi_tcp.c.o
[ 13%] Building C object src/core/CMakeFiles/ddsc.dir/ddsi/src/ddsi_tran.c.o
[ 14%] Building C object src/core/CMakeFiles/ddsc.dir/ddsi/src/ddsi_udp.c.o
[ 15%] Building C object src/idl/CMakeFiles/idl.dir/src/string.c.o
[ 15%] Building C object src/ddsrt/CMakeFiles/ddsrt-internal.dir/src/fibheap.c.o
[ 15%] Building C object src/ddsrt/CMakeFiles/ddsrt-internal.dir/src/hopscotch.c.o
[ 16%] Building C object src/ddsrt/CMakeFiles/ddsrt-internal.dir/src/circlist.c.o
[ 17%] Linking C static library ../../../lib/libidlpp.a
[ 17%] Building C object src/idl/CMakeFiles/idl.dir/src/annotation.c.o
[ 17%] Building C object src/idl/CMakeFiles/idl.dir/src/scope.c.o
[ 17%] Building C object src/ddsrt/CMakeFiles/ddsrt-internal.dir/src/threads.c.o
[ 17%] Building C object src/core/CMakeFiles/ddsc.dir/ddsi/src/ddsi_raweth.c.o
[ 17%] Built target idlpp
[ 18%] Building C object src/core/CMakeFiles/ddsc.dir/ddsi/src/ddsi_vnet.c.o
[ 18%] Building C object src/ddsrt/CMakeFiles/ddsrt-internal.dir/src/string.c.o
[ 18%] Building C object src/core/CMakeFiles/ddsc.dir/ddsi/src/ddsi_ipaddr.c.o
[ 18%] Building C object src/core/CMakeFiles/ddsc.dir/ddsi/src/ddsi_mcgroup.c.o
[ 19%] Building C object src/ddsrt/CMakeFiles/ddsrt-internal.dir/src/sockets.c.o
[ 20%] Building C object src/idl/CMakeFiles/idl.dir/src/tree.c.o
[ 21%] Building C object src/core/CMakeFiles/ddsc.dir/ddsi/src/ddsi_security_util.c.o
[ 21%] Building C object src/core/CMakeFiles/ddsc.dir/ddsi/src/ddsi_security_omg.c.o
[ 21%] Building C object src/core/CMakeFiles/ddsc.dir/ddsi/src/ddsi_portmapping.c.o
[ 21%] Building C object src/idl/CMakeFiles/idl.dir/src/visit.c.o
[ 21%] Building C object src/ddsrt/CMakeFiles/ddsrt-internal.dir/src/md5.c.o
[ 21%] Building C object src/idl/CMakeFiles/idl.dir/src/print.c.o
[ 22%] Building C object src/core/CMakeFiles/ddsc.dir/ddsi/src/ddsi_handshake.c.o
[ 23%] Building C object src/idl/CMakeFiles/idl.dir/src/keylist.c.o
[ 23%] Building C object src/idl/CMakeFiles/idl.dir/src/hashid.c.o
[ 23%] Building C object src/core/CMakeFiles/ddsc.dir/ddsi/src/ddsi_serdata.c.o
[ 24%] Building C object src/idl/CMakeFiles/idl.dir/src/parser.c.o
[ 25%] Building C object src/ddsrt/CMakeFiles/ddsrt-internal.dir/src/xmlparser.c.o
[ 25%] Building C object src/ddsrt/CMakeFiles/ddsrt-internal.dir/src/ifaddrs.c.o
[ 25%] Building C object src/idl/CMakeFiles/idl.dir/src/md5.c.o
[ 26%] Building C object src/core/CMakeFiles/ddsc.dir/ddsi/src/ddsi_serdata_default.c.o
[ 26%] Building C object src/core/CMakeFiles/ddsc.dir/ddsi/src/ddsi_serdata_pserop.c.o
[ 26%] Building C object src/core/CMakeFiles/ddsc.dir/ddsi/src/ddsi_serdata_plist.c.o
[ 26%] Building C object src/ddsrt/CMakeFiles/ddsrt-internal.dir/src/cdtors.c.o
[ 27%] Building C object src/ddsrt/CMakeFiles/ddsrt-internal.dir/src/random.c.o
[ 28%] Building C object src/core/CMakeFiles/ddsc.dir/ddsi/src/ddsi_sertype.c.o
[ 28%] Building C object src/ddsrt/CMakeFiles/ddsrt-internal.dir/src/time.c.o
[ 28%] Building C object src/core/CMakeFiles/ddsc.dir/ddsi/src/ddsi_sertype_default.c.o
[ 29%] Building C object src/core/CMakeFiles/ddsc.dir/ddsi/src/ddsi_sertype_pserop.c.o
[ 29%] Building C object src/core/CMakeFiles/ddsc.dir/ddsi/src/ddsi_sertype_plist.c.o
[ 30%] Building C object src/ddsrt/CMakeFiles/ddsrt-internal.dir/src/ifaddrs/posix/ifaddrs.c.o
[ 30%] Building C object src/core/CMakeFiles/ddsc.dir/ddsi/src/ddsi_sertopic.c.o
[ 30%] Building C object src/ddsrt/CMakeFiles/ddsrt-internal.dir/src/sockets/posix/socket.c.o
[ 30%] Building C object src/ddsrt/CMakeFiles/ddsrt-internal.dir/src/sockets/posix/gethostname.c.o
[ 31%] Building C object src/core/CMakeFiles/ddsc.dir/ddsi/src/ddsi_statistics.c.o
[ 31%] Building C object src/core/CMakeFiles/ddsc.dir/ddsi/src/ddsi_iid.c.o
[ 31%] Building C object src/ddsrt/CMakeFiles/ddsrt-internal.dir/src/dynlib/posix/dynlib.c.o
[ 32%] Building C object src/ddsrt/CMakeFiles/ddsrt-internal.dir/src/heap/posix/heap.c.o
[ 32%] Building C object src/ddsrt/CMakeFiles/ddsrt-internal.dir/src/environ/posix/environ.c.o
[ 33%] Building C object src/core/CMakeFiles/ddsc.dir/ddsi/src/ddsi_vendor.c.o
[ 33%] Building C object src/core/CMakeFiles/ddsc.dir/ddsi/src/ddsi_tkmap.c.o
[ 34%] Building C object src/ddsrt/CMakeFiles/ddsrt-internal.dir/src/filesystem/posix/filesystem.c.o
[ 34%] Linking C shared library ../../lib/libcycloneddsidl.so
[ 34%] Building C object src/ddsrt/CMakeFiles/ddsrt-internal.dir/src/process/posix/process.c.o
[ 34%] Building C object src/core/CMakeFiles/ddsc.dir/ddsi/src/ddsi_threadmon.c.o
[ 35%] Building C object src/core/CMakeFiles/ddsc.dir/ddsi/src/ddsi_rhc.c.o
[ 35%] Building C object src/core/CMakeFiles/ddsc.dir/ddsi/src/ddsi_pmd.c.o
[ 36%] Building C object src/ddsrt/CMakeFiles/ddsrt-internal.dir/src/random/posix/random.c.o
[ 36%] Built target idl
[ 36%] Building C object src/ddsrt/CMakeFiles/ddsrt-internal.dir/src/sync/posix/sync.c.o
[ 36%] Building C object src/ddsrt/CMakeFiles/ddsrt-internal.dir/src/threads/posix/threads.c.o
[ 36%] Building C object src/core/CMakeFiles/ddsc.dir/ddsi/src/ddsi_entity_index.c.o
[ 37%] Building C object src/core/CMakeFiles/ddsc.dir/ddsi/src/ddsi_deadline.c.o
[ 38%] Building C object src/ddsrt/CMakeFiles/ddsrt-internal.dir/src/netstat/linux/netstat.c.o
[ 38%] Building C object src/ddsrt/CMakeFiles/ddsrt-internal.dir/src/time/posix/time.c.o
[ 38%] Building C object src/core/CMakeFiles/ddsc.dir/ddsi/src/ddsi_deliver_locally.c.o
[ 39%] Building C object src/ddsrt/CMakeFiles/ddsrt-internal.dir/src/rusage/posix/rusage.c.o
[ 40%] Building C object src/core/CMakeFiles/ddsc.dir/ddsi/src/ddsi_plist.c.o
[ 40%] Building C object src/core/CMakeFiles/ddsc.dir/ddsi/src/ddsi_cdrstream.c.o
[ 40%] Building C object src/core/CMakeFiles/ddsc.dir/ddsi/src/ddsi_config.c.o
[ 41%] Building C object src/core/CMakeFiles/ddsc.dir/ddsi/src/ddsi_time.c.o
[ 41%] Linking C static library ../../lib/libddsrt-internal.a
[ 41%] Building C object src/core/CMakeFiles/ddsc.dir/ddsi/src/ddsi_ownip.c.o
[ 41%] Building C object src/core/CMakeFiles/ddsc.dir/ddsi/src/ddsi_acknack.c.o
[ 41%] Built target ddsrt-internal
[ 42%] Building C object src/core/CMakeFiles/ddsc.dir/ddsi/src/ddsi_list_genptr.c.o
[ 42%] Building C object src/core/CMakeFiles/ddsc.dir/ddsi/src/ddsi_wraddrset.c.o
[ 43%] Building C object src/core/CMakeFiles/ddsc.dir/ddsi/src/ddsi_typelib.c.o
[ 43%] Building C object src/core/CMakeFiles/ddsc.dir/ddsi/src/ddsi_entity.c.o
[ 43%] Building C object src/core/CMakeFiles/ddsc.dir/ddsi/src/ddsi_entity_match.c.o
[ 44%] Building C object src/core/CMakeFiles/ddsc.dir/ddsi/src/ddsi_participant.c.o
[ 44%] Building C object src/core/CMakeFiles/ddsc.dir/ddsi/src/ddsi_proxy_participant.c.o
[ 45%] Building C object src/core/CMakeFiles/ddsc.dir/ddsi/src/ddsi_topic.c.o
[ 45%] Building C object src/core/CMakeFiles/ddsc.dir/ddsi/src/ddsi_endpoint.c.o
[ 45%] Building C object src/core/CMakeFiles/ddsc.dir/ddsi/src/ddsi_proxy_endpoint.c.o
[ 46%] Building C object src/core/CMakeFiles/ddsc.dir/ddsi/src/q_addrset.c.o
[ 46%] Building C object src/core/CMakeFiles/ddsc.dir/ddsi/src/q_bitset_inlines.c.o
[ 46%] Building C object src/core/CMakeFiles/ddsc.dir/ddsi/src/q_bswap.c.o
[ 47%] Building C object src/core/CMakeFiles/ddsc.dir/ddsi/src/q_ddsi_discovery.c.o
[ 47%] Building C object src/core/CMakeFiles/ddsc.dir/ddsi/src/q_debmon.c.o
[ 48%] Building C object src/core/CMakeFiles/ddsc.dir/ddsi/src/q_gc.c.o
[ 48%] Building C object src/core/CMakeFiles/ddsc.dir/ddsi/src/q_init.c.o
[ 48%] Building C object src/core/CMakeFiles/ddsc.dir/ddsi/src/q_lat_estim.c.o
[ 49%] Building C object src/core/CMakeFiles/ddsc.dir/ddsi/src/q_lease.c.o
[ 49%] Building C object src/core/CMakeFiles/ddsc.dir/ddsi/src/q_misc.c.o
[ 50%] Building C object src/core/CMakeFiles/ddsc.dir/ddsi/src/q_pcap.c.o
[ 50%] Building C object src/core/CMakeFiles/ddsc.dir/ddsi/src/q_qosmatch.c.o
[ 50%] Building C object src/core/CMakeFiles/ddsc.dir/ddsi/src/q_radmin.c.o
[ 51%] Building C object src/core/CMakeFiles/ddsc.dir/ddsi/src/q_receive.c.o
[ 51%] Building C object src/core/CMakeFiles/ddsc.dir/ddsi/src/q_sockwaitset.c.o
[ 51%] Building C object src/core/CMakeFiles/ddsc.dir/ddsi/src/q_thread.c.o
[ 52%] Building C object src/core/CMakeFiles/ddsc.dir/ddsi/src/q_transmit.c.o
[ 52%] Building C object src/core/CMakeFiles/ddsc.dir/ddsi/src/q_inverse_uint32_set.c.o
[ 53%] Building C object src/core/CMakeFiles/ddsc.dir/ddsi/src/q_whc.c.o
[ 53%] Building C object src/core/CMakeFiles/ddsc.dir/ddsi/src/q_xevent.c.o
[ 53%] Building C object src/core/CMakeFiles/ddsc.dir/ddsi/src/q_xmsg.c.o
[ 54%] Building C object src/core/CMakeFiles/ddsc.dir/ddsi/src/q_freelist.c.o
[ 54%] Building C object src/core/CMakeFiles/ddsc.dir/ddsi/src/sysdeps.c.o
[ 55%] Building C object src/core/CMakeFiles/ddsc.dir/ddsi/src/ddsi_lifespan.c.o
[ 55%] Building C object src/core/CMakeFiles/ddsc.dir/ddsi/src/ddsi_xt_typeinfo.c.o
[ 55%] Building C object src/core/CMakeFiles/ddsc.dir/ddsi/src/ddsi_xt_typelookup.c.o
[ 55%] Building C object src/core/CMakeFiles/ddsc.dir/ddsi/src/ddsi_typelookup.c.o
[ 56%] Building C object src/core/CMakeFiles/ddsc.dir/ddsi/src/ddsi_xt_typemap.c.o
[ 56%] Building C object src/core/CMakeFiles/ddsc.dir/ddsi/src/ddsi_typewrap.c.o
[ 57%] Building C object src/core/CMakeFiles/ddsc.dir/ddsi/src/ddsi_typebuilder.c.o
[ 57%] Building C object src/core/CMakeFiles/ddsc.dir/ddsi/src/ddsi_security_msg.c.o
[ 58%] Building C object src/core/CMakeFiles/ddsc.dir/ddsi/src/ddsi_security_exchange.c.o
[ 58%] Building C object src/core/CMakeFiles/ddsc.dir/ddsi/defconfig.c.o
[ 58%] Building C object src/core/CMakeFiles/ddsc.dir/ddsc/src/dds_alloc.c.o
[ 58%] Building C object src/core/CMakeFiles/ddsc.dir/ddsc/src/dds_coherent.c.o
[ 59%] Building C object src/core/CMakeFiles/ddsc.dir/ddsc/src/dds_builtin.c.o
[ 60%] Building C object src/core/CMakeFiles/ddsc.dir/ddsc/src/dds_participant.c.o
[ 60%] Building C object src/core/CMakeFiles/ddsc.dir/ddsc/src/dds_reader.c.o
[ 60%] Building C object src/core/CMakeFiles/ddsc.dir/ddsc/src/dds_writer.c.o
[ 61%] Building C object src/core/CMakeFiles/ddsc.dir/ddsc/src/dds_init.c.o
[ 61%] Building C object src/core/CMakeFiles/ddsc.dir/ddsc/src/dds_publisher.c.o
[ 61%] Building C object src/core/CMakeFiles/ddsc.dir/ddsc/src/dds_rhc.c.o
[ 62%] Building C object src/core/CMakeFiles/ddsc.dir/ddsc/src/dds_rhc_default.c.o
[ 62%] Building C object src/core/CMakeFiles/ddsc.dir/ddsc/src/dds_domain.c.o
[ 63%] Building C object src/core/CMakeFiles/ddsc.dir/ddsc/src/dds_instance.c.o
[ 63%] Building C object src/core/CMakeFiles/ddsc.dir/ddsc/src/dds_qos.c.o
[ 63%] Building C object src/core/CMakeFiles/ddsc.dir/ddsc/src/dds_handles.c.o
[ 64%] Building C object src/core/CMakeFiles/ddsc.dir/ddsc/src/dds_entity.c.o
[ 64%] Building C object src/core/CMakeFiles/ddsc.dir/ddsc/src/dds_matched.c.o
[ 65%] Building C object src/core/CMakeFiles/ddsc.dir/ddsc/src/dds_querycond.c.o
[ 65%] Building C object src/core/CMakeFiles/ddsc.dir/ddsc/src/dds_topic.c.o
[ 65%] Building C object src/core/CMakeFiles/ddsc.dir/ddsc/src/dds_listener.c.o
[ 66%] Building C object src/core/CMakeFiles/ddsc.dir/ddsc/src/dds_read.c.o
[ 66%] Building C object src/core/CMakeFiles/ddsc.dir/ddsc/src/dds_waitset.c.o
[ 66%] Building C object src/core/CMakeFiles/ddsc.dir/ddsc/src/dds_readcond.c.o
[ 66%] Building C object src/core/CMakeFiles/ddsc.dir/ddsc/src/dds_statistics.c.o
[ 67%] Building C object src/core/CMakeFiles/ddsc.dir/ddsc/src/dds_guardcond.c.o
[ 68%] Building C object src/core/CMakeFiles/ddsc.dir/ddsc/src/dds_subscriber.c.o
[ 68%] Building C object src/core/CMakeFiles/ddsc.dir/ddsc/src/dds_write.c.o
[ 68%] Building C object src/core/CMakeFiles/ddsc.dir/ddsc/src/dds_whc.c.o
[ 69%] Building C object src/core/CMakeFiles/ddsc.dir/ddsc/src/dds_whc_builtintopic.c.o
[ 69%] Building C object src/core/CMakeFiles/ddsc.dir/ddsc/src/dds_serdata_builtintopic.c.o
[ 69%] Building C object src/core/CMakeFiles/ddsc.dir/ddsc/src/dds_data_allocator.c.o
[ 70%] Building C object src/core/CMakeFiles/ddsc.dir/ddsc/src/dds_sertype_builtintopic.c.o
[ 70%] Building C object src/core/CMakeFiles/ddsc.dir/ddsc/src/dds_loan.c.o
[ 71%] Building C object src/core/CMakeFiles/ddsc.dir/__/security/core/src/dds_security_serialize.c.o
[ 71%] Building C object src/core/CMakeFiles/ddsc.dir/__/security/core/src/dds_security_utils.c.o
[ 71%] Building C object src/core/CMakeFiles/ddsc.dir/__/security/core/src/dds_security_plugins.c.o
[ 72%] Building C object src/core/CMakeFiles/ddsc.dir/__/security/core/src/shared_secret.c.o
[ 72%] Building C object src/core/CMakeFiles/ddsc.dir/__/security/core/src/dds_security_fsm.c.o
[ 73%] Building C object src/core/CMakeFiles/ddsc.dir/__/security/core/src/dds_security_timed_cb.c.o
[ 73%] Building C object src/core/CMakeFiles/ddsc.dir/__/ddsrt/src/atomics.c.o
[ 73%] Building C object src/core/CMakeFiles/ddsc.dir/__/ddsrt/src/avl.c.o
[ 74%] Building C object src/core/CMakeFiles/ddsc.dir/__/ddsrt/src/bswap.c.o
[ 74%] Building C object src/core/CMakeFiles/ddsc.dir/__/ddsrt/src/io.c.o
[ 75%] Building C object src/core/CMakeFiles/ddsc.dir/__/ddsrt/src/log.c.o
[ 75%] Building C object src/core/CMakeFiles/ddsc.dir/__/ddsrt/src/strtod.c.o
[ 75%] Building C object src/core/CMakeFiles/ddsc.dir/__/ddsrt/src/retcode.c.o
[ 76%] Building C object src/core/CMakeFiles/ddsc.dir/__/ddsrt/src/strtol.c.o
[ 76%] Building C object src/core/CMakeFiles/ddsc.dir/__/ddsrt/src/mh3.c.o
[ 76%] Building C object src/core/CMakeFiles/ddsc.dir/__/ddsrt/src/environ.c.o
[ 77%] Building C object src/core/CMakeFiles/ddsc.dir/__/ddsrt/src/expand_vars.c.o
[ 77%] Building C object src/core/CMakeFiles/ddsc.dir/__/ddsrt/src/fibheap.c.o
[ 78%] Building C object src/core/CMakeFiles/ddsc.dir/__/ddsrt/src/hopscotch.c.o
[ 78%] Building C object src/core/CMakeFiles/ddsc.dir/__/ddsrt/src/circlist.c.o
[ 78%] Building C object src/core/CMakeFiles/ddsc.dir/__/ddsrt/src/threads.c.o
[ 79%] Building C object src/core/CMakeFiles/ddsc.dir/__/ddsrt/src/string.c.o
[ 79%] Building C object src/core/CMakeFiles/ddsc.dir/__/ddsrt/src/sockets.c.o
[ 80%] Building C object src/core/CMakeFiles/ddsc.dir/__/ddsrt/src/md5.c.o
[ 80%] Building C object src/core/CMakeFiles/ddsc.dir/__/ddsrt/src/ifaddrs.c.o
[ 80%] Building C object src/core/CMakeFiles/ddsc.dir/__/ddsrt/src/xmlparser.c.o
[ 81%] Building C object src/core/CMakeFiles/ddsc.dir/__/ddsrt/src/cdtors.c.o
[ 81%] Building C object src/core/CMakeFiles/ddsc.dir/__/ddsrt/src/random.c.o
[ 81%] Building C object src/core/CMakeFiles/ddsc.dir/__/ddsrt/src/time.c.o
[ 82%] Building C object src/core/CMakeFiles/ddsc.dir/__/ddsrt/src/ifaddrs/posix/ifaddrs.c.o
[ 82%] Building C object src/core/CMakeFiles/ddsc.dir/__/ddsrt/src/sockets/posix/socket.c.o
[ 83%] Building C object src/core/CMakeFiles/ddsc.dir/__/ddsrt/src/sockets/posix/gethostname.c.o
[ 83%] Building C object src/core/CMakeFiles/ddsc.dir/__/ddsrt/src/heap/posix/heap.c.o
[ 83%] Building C object src/core/CMakeFiles/ddsc.dir/__/ddsrt/src/dynlib/posix/dynlib.c.o
[ 84%] Building C object src/core/CMakeFiles/ddsc.dir/__/ddsrt/src/environ/posix/environ.c.o
[ 84%] Building C object src/core/CMakeFiles/ddsc.dir/__/ddsrt/src/random/posix/random.c.o
[ 85%] Building C object src/core/CMakeFiles/ddsc.dir/__/ddsrt/src/process/posix/process.c.o
[ 85%] Building C object src/core/CMakeFiles/ddsc.dir/__/ddsrt/src/filesystem/posix/filesystem.c.o
[ 85%] Building C object src/core/CMakeFiles/ddsc.dir/__/ddsrt/src/sync/posix/sync.c.o
[ 86%] Building C object src/core/CMakeFiles/ddsc.dir/__/ddsrt/src/threads/posix/threads.c.o
[ 86%] Building C object src/core/CMakeFiles/ddsc.dir/__/ddsrt/src/netstat/linux/netstat.c.o
[ 86%] Building C object src/core/CMakeFiles/ddsc.dir/__/ddsrt/src/time/posix/time.c.o
[ 87%] Building C object src/core/CMakeFiles/ddsc.dir/__/ddsrt/src/rusage/posix/rusage.c.o
[ 87%] Linking C shared library ../../lib/libddsc.so
[ 87%] Built target ddsc
Scanning dependencies of target idlc
Scanning dependencies of target dds_security_auth
Scanning dependencies of target dds_security_ac
[ 89%] Building C object src/tools/idlc/CMakeFiles/idlc.dir/src/options.c.o
[ 89%] Building C object src/tools/idlc/CMakeFiles/idlc.dir/src/idlc.c.o
[ 89%] Building C object src/tools/idlc/CMakeFiles/idlc.dir/src/plugin.c.o
[ 89%] Building C object src/security/builtin_plugins/authentication/CMakeFiles/dds_security_auth.dir/src/authentication.c.o
[ 89%] Building C object src/security/builtin_plugins/access_control/CMakeFiles/dds_security_ac.dir/src/access_control_objects.c.o
[ 89%] Building C object src/tools/idlc/CMakeFiles/idlc.dir/src/descriptor.c.o
[ 89%] Building C object src/tools/idlc/CMakeFiles/idlc.dir/src/generator.c.o
[ 89%] Building C object src/security/builtin_plugins/access_control/CMakeFiles/dds_security_ac.dir/src/access_control_parser.c.o
[ 89%] Building C object src/security/builtin_plugins/access_control/CMakeFiles/dds_security_ac.dir/src/access_control.c.o
[ 90%] Building C object src/security/builtin_plugins/authentication/CMakeFiles/dds_security_auth.dir/src/auth_utils.c.o
[ 90%] Building C object src/security/builtin_plugins/authentication/CMakeFiles/dds_security_auth.dir/__/__/openssl/src/openssl_support.c.o
[ 90%] Building C object src/tools/idlc/CMakeFiles/idlc.dir/src/descriptor_type_meta.c.o
[ 90%] Linking C shared library ../../../../lib/libdds_security_auth.so
[ 90%] Built target dds_security_auth
[ 90%] Building C object src/security/builtin_plugins/access_control/CMakeFiles/dds_security_ac.dir/__/__/openssl/src/openssl_support.c.o
[ 91%] Building C object src/security/builtin_plugins/access_control/CMakeFiles/dds_security_ac.dir/src/access_control_utils.c.o
[ 92%] Building C object src/tools/idlc/CMakeFiles/idlc.dir/src/types.c.o
[ 93%] Linking C shared library ../../../../lib/libdds_security_ac.so
[ 93%] Built target dds_security_ac
[ 93%] Linking C executable ../../../bin/idlc
[ 93%] Built target idlc
Scanning dependencies of target dds_security_crypto
[ 94%] Building C object src/security/builtin_plugins/cryptographic/CMakeFiles/dds_security_crypto.dir/src/crypto_cipher.c.o
[ 94%] Building C object src/security/builtin_plugins/cryptographic/CMakeFiles/dds_security_crypto.dir/src/cryptography.c.o
[ 94%] Building C object src/security/builtin_plugins/cryptographic/CMakeFiles/dds_security_crypto.dir/__/__/openssl/src/openssl_support.c.o
[ 95%] Building C object src/security/builtin_plugins/cryptographic/CMakeFiles/dds_security_crypto.dir/src/crypto_utils.c.o
[ 95%] Building C object src/security/builtin_plugins/cryptographic/CMakeFiles/dds_security_crypto.dir/src/crypto_transform.c.o
[ 95%] Building C object src/security/builtin_plugins/cryptographic/CMakeFiles/dds_security_crypto.dir/src/crypto_objects.c.o
[ 96%] Building C object src/security/builtin_plugins/cryptographic/CMakeFiles/dds_security_crypto.dir/src/crypto_key_exchange.c.o
[ 96%] Building C object src/security/builtin_plugins/cryptographic/CMakeFiles/dds_security_crypto.dir/src/crypto_key_factory.c.o
[ 97%] Linking C shared library ../../../../lib/libdds_security_crypto.so
[ 97%] Built target dds_security_crypto
Scanning dependencies of target ddsperf_types_generate
[ 97%] Generating ddsperf_types.c, ddsperf_types.h
../../../bin/idlc: symbol lookup error: ../../../bin/idlc: undefined symbol: DDS_XTypes_TypeObject_desc
make[2]: *** [src/tools/ddsperf/CMakeFiles/ddsperf_types_generate.dir/build.make:63: src/tools/ddsperf/ddsperf_types.c] Error 127
make[1]: *** [CMakeFiles/Makefile2:573: src/tools/ddsperf/CMakeFiles/ddsperf_types_generate.dir/all] Error 2
make: *** [Makefile:152: all] Error 2
