[0.047s] Invoking command in '/home/alireza/thesis1/navigation_go2/go2_ws/build/unitree_go': CMAKE_PREFIX_PATH=${CMAKE_PREFIX_PATH}:/opt/ros/foxy /usr/bin/cmake /home/alireza/thesis1/navigation_go2/go2_ws/src/unitree_go -DROS_EDITION=ROS2 -DCMAKE_INSTALL_PREFIX=/home/alireza/thesis1/navigation_go2/go2_ws/install/unitree_go
[0.096s] -- Found ament_cmake: 0.9.12 (/opt/ros/foxy/share/ament_cmake/cmake)
[0.115s] -- Found PythonInterp: /usr/bin/python3 (found suitable version "3.8.10", minimum required is "3") 
[0.115s] -- Using PYTHON_EXECUTABLE: /usr/bin/python3
[0.588s] -- Found geometry_msgs: 2.0.5 (/opt/ros/foxy/share/geometry_msgs/cmake)
[0.652s] -- Using all available rosidl_typesupport_c: rosidl_typesupport_fastrtps_c;rosidl_typesupport_introspection_c
[0.661s] -- Found rosidl_adapter: 1.3.1 (/opt/ros/foxy/share/rosidl_adapter/cmake)
[0.943s] -- Using all available rosidl_typesupport_cpp: rosidl_typesupport_fastrtps_cpp;rosidl_typesupport_introspection_cpp
[1.132s] -- Found rosidl_default_generators: 1.0.1 (/opt/ros/foxy/share/rosidl_default_generators/cmake)
[1.199s] -- Found PythonInterp: /usr/bin/python3 (found version "3.8.10") 
[1.967s] -- Found ament_cmake_ros: 0.9.2 (/opt/ros/foxy/share/ament_cmake_ros/cmake)
[3.490s] -- Using all available rosidl_typesupport_c: rosidl_typesupport_fastrtps_c;rosidl_typesupport_introspection_c
[3.735s] -- Using all available rosidl_typesupport_cpp: rosidl_typesupport_fastrtps_cpp;rosidl_typesupport_introspection_cpp
[3.799s] -- Found PythonInterp: /usr/bin/python3 (found suitable version "3.8.10", minimum required is "3.5") 
[3.799s] -- Found python_cmake_module: 0.8.1 (/opt/ros/foxy/share/python_cmake_module/cmake)
[3.852s] -- Using PYTHON_EXECUTABLE: /usr/bin/python3
[3.852s] -- Using PYTHON_INCLUDE_DIRS: /usr/include/python3.8
[3.852s] -- Using PYTHON_LIBRARIES: /usr/lib/x86_64-linux-gnu/libpython3.8.so
[3.989s] -- Found ament_lint_auto: 0.9.8 (/opt/ros/foxy/share/ament_lint_auto/cmake)
[3.998s] -- Added test 'copyright' to check source files copyright and LICENSE
[4.001s] -- Added test 'lint_cmake' to check CMake code style
[4.003s] -- Added test 'xmllint' to check XML markup files
[4.008s] -- Configuring done
[4.232s] -- Generating done
[4.246s] CMake Warning:
[4.247s]   Manually-specified variables were not used by the project:
[4.247s] 
[4.247s]     ROS_EDITION
[4.247s] 
[4.247s] 
[4.274s] -- Build files have been written to: /home/alireza/thesis1/navigation_go2/go2_ws/build/unitree_go
[4.329s] Invoked command in '/home/alireza/thesis1/navigation_go2/go2_ws/build/unitree_go' returned '0': CMAKE_PREFIX_PATH=${CMAKE_PREFIX_PATH}:/opt/ros/foxy /usr/bin/cmake /home/alireza/thesis1/navigation_go2/go2_ws/src/unitree_go -DROS_EDITION=ROS2 -DCMAKE_INSTALL_PREFIX=/home/alireza/thesis1/navigation_go2/go2_ws/install/unitree_go
[4.330s] Invoking command in '/home/alireza/thesis1/navigation_go2/go2_ws/build/unitree_go': CMAKE_PREFIX_PATH=${CMAKE_PREFIX_PATH}:/opt/ros/foxy /usr/bin/cmake --build /home/alireza/thesis1/navigation_go2/go2_ws/build/unitree_go -- -j8 -l8
[4.418s] [ 12%] Built target unitree_go__rosidl_generator_c
[4.418s] [ 12%] Built target unitree_go__cpp
[4.482s] [ 24%] Built target unitree_go__rosidl_typesupport_fastrtps_cpp
[4.487s] [ 36%] Built target unitree_go__rosidl_typesupport_cpp
[4.491s] [ 48%] Built target unitree_go__rosidl_typesupport_introspection_c
[4.495s] [ 60%] Built target unitree_go__rosidl_typesupport_c
[4.501s] [ 73%] Built target unitree_go__rosidl_typesupport_introspection_cpp
[4.566s] [ 85%] Built target unitree_go__rosidl_typesupport_fastrtps_c
[4.567s] [ 85%] Built target unitree_go
[4.594s] [ 85%] Built target unitree_go__py
[4.640s] [ 97%] Built target unitree_go__python
[4.676s] [ 99%] Built target unitree_go__rosidl_typesupport_c__pyext
[4.677s] [ 99%] Built target unitree_go__rosidl_typesupport_introspection_c__pyext
[4.685s] [100%] Built target unitree_go__rosidl_typesupport_fastrtps_c__pyext
[4.699s] Invoked command in '/home/alireza/thesis1/navigation_go2/go2_ws/build/unitree_go' returned '0': CMAKE_PREFIX_PATH=${CMAKE_PREFIX_PATH}:/opt/ros/foxy /usr/bin/cmake --build /home/alireza/thesis1/navigation_go2/go2_ws/build/unitree_go -- -j8 -l8
[4.702s] Invoking command in '/home/alireza/thesis1/navigation_go2/go2_ws/build/unitree_go': CMAKE_PREFIX_PATH=${CMAKE_PREFIX_PATH}:/opt/ros/foxy /usr/bin/cmake --install /home/alireza/thesis1/navigation_go2/go2_ws/build/unitree_go
[4.716s] -- Install configuration: ""
[4.717s] -- Up-to-date: /home/alireza/thesis1/navigation_go2/go2_ws/install/unitree_go/share/ament_index/resource_index/rosidl_interfaces/unitree_go
[4.717s] -- Up-to-date: /home/alireza/thesis1/navigation_go2/go2_ws/install/unitree_go/include/unitree_go
[4.717s] -- Up-to-date: /home/alireza/thesis1/navigation_go2/go2_ws/install/unitree_go/include/unitree_go/msg
[4.717s] -- Up-to-date: /home/alireza/thesis1/navigation_go2/go2_ws/install/unitree_go/include/unitree_go/msg/motor_state.h
[4.718s] -- Up-to-date: /home/alireza/thesis1/navigation_go2/go2_ws/install/unitree_go/include/unitree_go/msg/motor_states.h
[4.718s] -- Up-to-date: /home/alireza/thesis1/navigation_go2/go2_ws/install/unitree_go/include/unitree_go/msg/sport_mode_cmd.h
[4.718s] -- Up-to-date: /home/alireza/thesis1/navigation_go2/go2_ws/install/unitree_go/include/unitree_go/msg/wireless_controller.h
[4.718s] -- Up-to-date: /home/alireza/thesis1/navigation_go2/go2_ws/install/unitree_go/include/unitree_go/msg/audio_data.h
[4.718s] -- Up-to-date: /home/alireza/thesis1/navigation_go2/go2_ws/install/unitree_go/include/unitree_go/msg/bms_state.h
[4.719s] -- Up-to-date: /home/alireza/thesis1/navigation_go2/go2_ws/install/unitree_go/include/unitree_go/msg/go2_front_video_data.h
[4.719s] -- Up-to-date: /home/alireza/thesis1/navigation_go2/go2_ws/install/unitree_go/include/unitree_go/msg/path_point.h
[4.719s] -- Up-to-date: /home/alireza/thesis1/navigation_go2/go2_ws/install/unitree_go/include/unitree_go/msg/motor_cmd.h
[4.719s] -- Up-to-date: /home/alireza/thesis1/navigation_go2/go2_ws/install/unitree_go/include/unitree_go/msg/height_map.h
[4.719s] -- Up-to-date: /home/alireza/thesis1/navigation_go2/go2_ws/install/unitree_go/include/unitree_go/msg/res.h
[4.719s] -- Up-to-date: /home/alireza/thesis1/navigation_go2/go2_ws/install/unitree_go/include/unitree_go/msg/imu_state.h
[4.719s] -- Up-to-date: /home/alireza/thesis1/navigation_go2/go2_ws/install/unitree_go/include/unitree_go/msg/low_state.h
[4.721s] -- Up-to-date: /home/alireza/thesis1/navigation_go2/go2_ws/install/unitree_go/include/unitree_go/msg/detail
[4.721s] -- Up-to-date: /home/alireza/thesis1/navigation_go2/go2_ws/install/unitree_go/include/unitree_go/msg/detail/imu_state__struct.h
[4.721s] -- Up-to-date: /home/alireza/thesis1/navigation_go2/go2_ws/install/unitree_go/include/unitree_go/msg/detail/audio_data__type_support.h
[4.721s] -- Up-to-date: /home/alireza/thesis1/navigation_go2/go2_ws/install/unitree_go/include/unitree_go/msg/detail/wireless_controller__struct.h
[4.721s] -- Up-to-date: /home/alireza/thesis1/navigation_go2/go2_ws/install/unitree_go/include/unitree_go/msg/detail/sport_mode_cmd__functions.c
[4.721s] -- Up-to-date: /home/alireza/thesis1/navigation_go2/go2_ws/install/unitree_go/include/unitree_go/msg/detail/motor_state__functions.h
[4.721s] -- Up-to-date: /home/alireza/thesis1/navigation_go2/go2_ws/install/unitree_go/include/unitree_go/msg/detail/audio_data__functions.c
[4.721s] -- Up-to-date: /home/alireza/thesis1/navigation_go2/go2_ws/install/unitree_go/include/unitree_go/msg/detail/height_map__functions.c
[4.721s] -- Up-to-date: /home/alireza/thesis1/navigation_go2/go2_ws/install/unitree_go/include/unitree_go/msg/detail/res__functions.c
[4.721s] -- Up-to-date: /home/alireza/thesis1/navigation_go2/go2_ws/install/unitree_go/include/unitree_go/msg/detail/bms_state__functions.h
[4.722s] -- Up-to-date: /home/alireza/thesis1/navigation_go2/go2_ws/install/unitree_go/include/unitree_go/msg/detail/time_spec__functions.h
[4.724s] -- Up-to-date: /home/alireza/thesis1/navigation_go2/go2_ws/install/unitree_go/include/unitree_go/msg/detail/path_point__functions.h
[4.725s] -- Up-to-date: /home/alireza/thesis1/navigation_go2/go2_ws/install/unitree_go/include/unitree_go/msg/detail/bms_state__functions.c
[4.725s] -- Up-to-date: /home/alireza/thesis1/navigation_go2/go2_ws/install/unitree_go/include/unitree_go/msg/detail/sport_mode_state__functions.c
[4.726s] -- Up-to-date: /home/alireza/thesis1/navigation_go2/go2_ws/install/unitree_go/include/unitree_go/msg/detail/interface_config__struct.h
[4.726s] -- Up-to-date: /home/alireza/thesis1/navigation_go2/go2_ws/install/unitree_go/include/unitree_go/msg/detail/res__struct.h
[4.726s] -- Up-to-date: /home/alireza/thesis1/navigation_go2/go2_ws/install/unitree_go/include/unitree_go/msg/detail/error__struct.h
[4.726s] -- Up-to-date: /home/alireza/thesis1/navigation_go2/go2_ws/install/unitree_go/include/unitree_go/msg/detail/bms_cmd__struct.h
[4.726s] -- Up-to-date: /home/alireza/thesis1/navigation_go2/go2_ws/install/unitree_go/include/unitree_go/msg/detail/motor_state__struct.h
[4.726s] -- Up-to-date: /home/alireza/thesis1/navigation_go2/go2_ws/install/unitree_go/include/unitree_go/msg/detail/motor_cmd__functions.c
[4.727s] -- Up-to-date: /home/alireza/thesis1/navigation_go2/go2_ws/install/unitree_go/include/unitree_go/msg/detail/audio_data__functions.h
[4.727s] -- Up-to-date: /home/alireza/thesis1/navigation_go2/go2_ws/install/unitree_go/include/unitree_go/msg/detail/motor_cmds__type_support.h
[4.727s] -- Up-to-date: /home/alireza/thesis1/navigation_go2/go2_ws/install/unitree_go/include/unitree_go/msg/detail/motor_state__type_support.h
[4.727s] -- Up-to-date: /home/alireza/thesis1/navigation_go2/go2_ws/install/unitree_go/include/unitree_go/msg/detail/low_cmd__functions.c
[4.727s] -- Up-to-date: /home/alireza/thesis1/navigation_go2/go2_ws/install/unitree_go/include/unitree_go/msg/detail/uwb_state__functions.h
[4.727s] -- Up-to-date: /home/alireza/thesis1/navigation_go2/go2_ws/install/unitree_go/include/unitree_go/msg/detail/req__functions.c
[4.727s] -- Up-to-date: /home/alireza/thesis1/navigation_go2/go2_ws/install/unitree_go/include/unitree_go/msg/detail/uwb_switch__type_support.h
[4.727s] -- Up-to-date: /home/alireza/thesis1/navigation_go2/go2_ws/install/unitree_go/include/unitree_go/msg/detail/height_map__functions.h
[4.727s] -- Up-to-date: /home/alireza/thesis1/navigation_go2/go2_ws/install/unitree_go/include/unitree_go/msg/detail/motor_cmd__struct.h
[4.728s] -- Up-to-date: /home/alireza/thesis1/navigation_go2/go2_ws/install/unitree_go/include/unitree_go/msg/detail/time_spec__struct.h
[4.728s] -- Up-to-date: /home/alireza/thesis1/navigation_go2/go2_ws/install/unitree_go/include/unitree_go/msg/detail/low_state__functions.c
[4.728s] -- Up-to-date: /home/alireza/thesis1/navigation_go2/go2_ws/install/unitree_go/include/unitree_go/msg/detail/wireless_controller__functions.h
[4.728s] -- Up-to-date: /home/alireza/thesis1/navigation_go2/go2_ws/install/unitree_go/include/unitree_go/msg/detail/wireless_controller__functions.c
[4.728s] -- Up-to-date: /home/alireza/thesis1/navigation_go2/go2_ws/install/unitree_go/include/unitree_go/msg/detail/sport_mode_state__functions.h
[4.728s] -- Up-to-date: /home/alireza/thesis1/navigation_go2/go2_ws/install/unitree_go/include/unitree_go/msg/detail/motor_cmds__functions.c
[4.728s] -- Up-to-date: /home/alireza/thesis1/navigation_go2/go2_ws/install/unitree_go/include/unitree_go/msg/detail/sport_mode_state__struct.h
[4.728s] -- Up-to-date: /home/alireza/thesis1/navigation_go2/go2_ws/install/unitree_go/include/unitree_go/msg/detail/lidar_state__type_support.h
[4.728s] -- Up-to-date: /home/alireza/thesis1/navigation_go2/go2_ws/install/unitree_go/include/unitree_go/msg/detail/go2_front_video_data__functions.h
[4.728s] -- Up-to-date: /home/alireza/thesis1/navigation_go2/go2_ws/install/unitree_go/include/unitree_go/msg/detail/error__type_support.h
[4.729s] -- Up-to-date: /home/alireza/thesis1/navigation_go2/go2_ws/install/unitree_go/include/unitree_go/msg/detail/motor_cmds__struct.h
[4.729s] -- Up-to-date: /home/alireza/thesis1/navigation_go2/go2_ws/install/unitree_go/include/unitree_go/msg/detail/motor_cmd__functions.h
[4.729s] -- Up-to-date: /home/alireza/thesis1/navigation_go2/go2_ws/install/unitree_go/include/unitree_go/msg/detail/uwb_switch__functions.h
[4.729s] -- Up-to-date: /home/alireza/thesis1/navigation_go2/go2_ws/install/unitree_go/include/unitree_go/msg/detail/path_point__struct.h
[4.729s] -- Up-to-date: /home/alireza/thesis1/navigation_go2/go2_ws/install/unitree_go/include/unitree_go/msg/detail/res__functions.h
[4.729s] -- Up-to-date: /home/alireza/thesis1/navigation_go2/go2_ws/install/unitree_go/include/unitree_go/msg/detail/low_state__functions.h
[4.729s] -- Up-to-date: /home/alireza/thesis1/navigation_go2/go2_ws/install/unitree_go/include/unitree_go/msg/detail/imu_state__functions.h
[4.729s] -- Up-to-date: /home/alireza/thesis1/navigation_go2/go2_ws/install/unitree_go/include/unitree_go/msg/detail/sport_mode_cmd__functions.h
[4.729s] -- Up-to-date: /home/alireza/thesis1/navigation_go2/go2_ws/install/unitree_go/include/unitree_go/msg/detail/bms_state__type_support.h
[4.730s] -- Up-to-date: /home/alireza/thesis1/navigation_go2/go2_ws/install/unitree_go/include/unitree_go/msg/detail/path_point__type_support.h
[4.730s] -- Up-to-date: /home/alireza/thesis1/navigation_go2/go2_ws/install/unitree_go/include/unitree_go/msg/detail/time_spec__functions.c
[4.730s] -- Up-to-date: /home/alireza/thesis1/navigation_go2/go2_ws/install/unitree_go/include/unitree_go/msg/detail/lidar_state__struct.h
[4.730s] -- Up-to-date: /home/alireza/thesis1/navigation_go2/go2_ws/install/unitree_go/include/unitree_go/msg/detail/go2_front_video_data__struct.h
[4.730s] -- Up-to-date: /home/alireza/thesis1/navigation_go2/go2_ws/install/unitree_go/include/unitree_go/msg/detail/motor_states__functions.c
[4.730s] -- Up-to-date: /home/alireza/thesis1/navigation_go2/go2_ws/install/unitree_go/include/unitree_go/msg/detail/uwb_switch__struct.h
[4.730s] -- Up-to-date: /home/alireza/thesis1/navigation_go2/go2_ws/install/unitree_go/include/unitree_go/msg/detail/req__struct.h
[4.730s] -- Up-to-date: /home/alireza/thesis1/navigation_go2/go2_ws/install/unitree_go/include/unitree_go/msg/detail/imu_state__functions.c
[4.730s] -- Up-to-date: /home/alireza/thesis1/navigation_go2/go2_ws/install/unitree_go/include/unitree_go/msg/detail/lidar_state__functions.h
[4.731s] -- Up-to-date: /home/alireza/thesis1/navigation_go2/go2_ws/install/unitree_go/include/unitree_go/msg/detail/lidar_state__functions.c
[4.731s] -- Up-to-date: /home/alireza/thesis1/navigation_go2/go2_ws/install/unitree_go/include/unitree_go/msg/detail/req__type_support.h
[4.731s] -- Up-to-date: /home/alireza/thesis1/navigation_go2/go2_ws/install/unitree_go/include/unitree_go/msg/detail/sport_mode_cmd__type_support.h
[4.731s] -- Up-to-date: /home/alireza/thesis1/navigation_go2/go2_ws/install/unitree_go/include/unitree_go/msg/detail/sport_mode_cmd__struct.h
[4.731s] -- Up-to-date: /home/alireza/thesis1/navigation_go2/go2_ws/install/unitree_go/include/unitree_go/msg/detail/height_map__type_support.h
[4.731s] -- Up-to-date: /home/alireza/thesis1/navigation_go2/go2_ws/install/unitree_go/include/unitree_go/msg/detail/error__functions.c
[4.731s] -- Up-to-date: /home/alireza/thesis1/navigation_go2/go2_ws/install/unitree_go/include/unitree_go/msg/detail/audio_data__struct.h
[4.731s] -- Up-to-date: /home/alireza/thesis1/navigation_go2/go2_ws/install/unitree_go/include/unitree_go/msg/detail/uwb_state__struct.h
[4.731s] -- Up-to-date: /home/alireza/thesis1/navigation_go2/go2_ws/install/unitree_go/include/unitree_go/msg/detail/uwb_state__type_support.h
[4.732s] -- Up-to-date: /home/alireza/thesis1/navigation_go2/go2_ws/install/unitree_go/include/unitree_go/msg/detail/imu_state__type_support.h
[4.732s] -- Up-to-date: /home/alireza/thesis1/navigation_go2/go2_ws/install/unitree_go/include/unitree_go/msg/detail/motor_states__type_support.h
[4.732s] -- Up-to-date: /home/alireza/thesis1/navigation_go2/go2_ws/install/unitree_go/include/unitree_go/msg/detail/interface_config__type_support.h
[4.732s] -- Up-to-date: /home/alireza/thesis1/navigation_go2/go2_ws/install/unitree_go/include/unitree_go/msg/detail/time_spec__type_support.h
[4.732s] -- Up-to-date: /home/alireza/thesis1/navigation_go2/go2_ws/install/unitree_go/include/unitree_go/msg/detail/uwb_switch__functions.c
[4.732s] -- Up-to-date: /home/alireza/thesis1/navigation_go2/go2_ws/install/unitree_go/include/unitree_go/msg/detail/req__functions.h
[4.732s] -- Up-to-date: /home/alireza/thesis1/navigation_go2/go2_ws/install/unitree_go/include/unitree_go/msg/detail/motor_cmd__type_support.h
[4.732s] -- Up-to-date: /home/alireza/thesis1/navigation_go2/go2_ws/install/unitree_go/include/unitree_go/msg/detail/low_cmd__type_support.h
[4.732s] -- Up-to-date: /home/alireza/thesis1/navigation_go2/go2_ws/install/unitree_go/include/unitree_go/msg/detail/go2_front_video_data__type_support.h
[4.733s] -- Up-to-date: /home/alireza/thesis1/navigation_go2/go2_ws/install/unitree_go/include/unitree_go/msg/detail/motor_cmds__functions.h
[4.733s] -- Up-to-date: /home/alireza/thesis1/navigation_go2/go2_ws/install/unitree_go/include/unitree_go/msg/detail/bms_state__struct.h
[4.733s] -- Up-to-date: /home/alireza/thesis1/navigation_go2/go2_ws/install/unitree_go/include/unitree_go/msg/detail/height_map__struct.h
[4.733s] -- Up-to-date: /home/alireza/thesis1/navigation_go2/go2_ws/install/unitree_go/include/unitree_go/msg/detail/low_cmd__struct.h
[4.733s] -- Up-to-date: /home/alireza/thesis1/navigation_go2/go2_ws/install/unitree_go/include/unitree_go/msg/detail/low_state__struct.h
[4.733s] -- Up-to-date: /home/alireza/thesis1/navigation_go2/go2_ws/install/unitree_go/include/unitree_go/msg/detail/bms_cmd__functions.c
[4.733s] -- Up-to-date: /home/alireza/thesis1/navigation_go2/go2_ws/install/unitree_go/include/unitree_go/msg/detail/go2_front_video_data__functions.c
[4.733s] -- Up-to-date: /home/alireza/thesis1/navigation_go2/go2_ws/install/unitree_go/include/unitree_go/msg/detail/motor_states__functions.h
[4.733s] -- Up-to-date: /home/alireza/thesis1/navigation_go2/go2_ws/install/unitree_go/include/unitree_go/msg/detail/path_point__functions.c
[4.734s] -- Up-to-date: /home/alireza/thesis1/navigation_go2/go2_ws/install/unitree_go/include/unitree_go/msg/detail/error__functions.h
[4.734s] -- Up-to-date: /home/alireza/thesis1/navigation_go2/go2_ws/install/unitree_go/include/unitree_go/msg/detail/low_cmd__functions.h
[4.734s] -- Up-to-date: /home/alireza/thesis1/navigation_go2/go2_ws/install/unitree_go/include/unitree_go/msg/detail/wireless_controller__type_support.h
[4.734s] -- Up-to-date: /home/alireza/thesis1/navigation_go2/go2_ws/install/unitree_go/include/unitree_go/msg/detail/bms_cmd__functions.h
[4.734s] -- Up-to-date: /home/alireza/thesis1/navigation_go2/go2_ws/install/unitree_go/include/unitree_go/msg/detail/bms_cmd__type_support.h
[4.734s] -- Up-to-date: /home/alireza/thesis1/navigation_go2/go2_ws/install/unitree_go/include/unitree_go/msg/detail/uwb_state__functions.c
[4.734s] -- Up-to-date: /home/alireza/thesis1/navigation_go2/go2_ws/install/unitree_go/include/unitree_go/msg/detail/interface_config__functions.h
[4.734s] -- Up-to-date: /home/alireza/thesis1/navigation_go2/go2_ws/install/unitree_go/include/unitree_go/msg/detail/res__type_support.h
[4.735s] -- Up-to-date: /home/alireza/thesis1/navigation_go2/go2_ws/install/unitree_go/include/unitree_go/msg/detail/motor_states__struct.h
[4.735s] -- Up-to-date: /home/alireza/thesis1/navigation_go2/go2_ws/install/unitree_go/include/unitree_go/msg/detail/motor_state__functions.c
[4.735s] -- Up-to-date: /home/alireza/thesis1/navigation_go2/go2_ws/install/unitree_go/include/unitree_go/msg/detail/sport_mode_state__type_support.h
[4.735s] -- Up-to-date: /home/alireza/thesis1/navigation_go2/go2_ws/install/unitree_go/include/unitree_go/msg/detail/low_state__type_support.h
[4.735s] -- Up-to-date: /home/alireza/thesis1/navigation_go2/go2_ws/install/unitree_go/include/unitree_go/msg/detail/interface_config__functions.c
[4.735s] -- Up-to-date: /home/alireza/thesis1/navigation_go2/go2_ws/install/unitree_go/include/unitree_go/msg/time_spec.h
[4.735s] -- Up-to-date: /home/alireza/thesis1/navigation_go2/go2_ws/install/unitree_go/include/unitree_go/msg/bms_cmd.h
[4.735s] -- Up-to-date: /home/alireza/thesis1/navigation_go2/go2_ws/install/unitree_go/include/unitree_go/msg/error.h
[4.735s] -- Up-to-date: /home/alireza/thesis1/navigation_go2/go2_ws/install/unitree_go/include/unitree_go/msg/req.h
[4.736s] -- Up-to-date: /home/alireza/thesis1/navigation_go2/go2_ws/install/unitree_go/include/unitree_go/msg/low_cmd.h
[4.736s] -- Up-to-date: /home/alireza/thesis1/navigation_go2/go2_ws/install/unitree_go/include/unitree_go/msg/motor_cmds.h
[4.736s] -- Up-to-date: /home/alireza/thesis1/navigation_go2/go2_ws/install/unitree_go/include/unitree_go/msg/rosidl_generator_c__visibility_control.h
[4.736s] -- Up-to-date: /home/alireza/thesis1/navigation_go2/go2_ws/install/unitree_go/include/unitree_go/msg/uwb_switch.h
[4.736s] -- Up-to-date: /home/alireza/thesis1/navigation_go2/go2_ws/install/unitree_go/include/unitree_go/msg/interface_config.h
[4.736s] -- Up-to-date: /home/alireza/thesis1/navigation_go2/go2_ws/install/unitree_go/include/unitree_go/msg/sport_mode_state.h
[4.736s] -- Up-to-date: /home/alireza/thesis1/navigation_go2/go2_ws/install/unitree_go/include/unitree_go/msg/lidar_state.h
[4.736s] -- Up-to-date: /home/alireza/thesis1/navigation_go2/go2_ws/install/unitree_go/include/unitree_go/msg/uwb_state.h
[4.736s] -- Up-to-date: /home/alireza/thesis1/navigation_go2/go2_ws/install/unitree_go/share/unitree_go/environment/library_path.sh
[4.737s] -- Installing: /home/alireza/thesis1/navigation_go2/go2_ws/install/unitree_go/share/unitree_go/environment/library_path.dsv
[4.737s] -- Up-to-date: /home/alireza/thesis1/navigation_go2/go2_ws/install/unitree_go/lib/libunitree_go__rosidl_generator_c.so
[4.737s] -- Up-to-date: /home/alireza/thesis1/navigation_go2/go2_ws/install/unitree_go/include/unitree_go
[4.737s] -- Up-to-date: /home/alireza/thesis1/navigation_go2/go2_ws/install/unitree_go/include/unitree_go/msg
[4.737s] -- Up-to-date: /home/alireza/thesis1/navigation_go2/go2_ws/install/unitree_go/include/unitree_go/msg/detail
[4.737s] -- Up-to-date: /home/alireza/thesis1/navigation_go2/go2_ws/install/unitree_go/include/unitree_go/msg/detail/error__rosidl_typesupport_fastrtps_c.h
[4.737s] -- Up-to-date: /home/alireza/thesis1/navigation_go2/go2_ws/install/unitree_go/include/unitree_go/msg/detail/uwb_state__rosidl_typesupport_fastrtps_c.h
[4.737s] -- Up-to-date: /home/alireza/thesis1/navigation_go2/go2_ws/install/unitree_go/include/unitree_go/msg/detail/sport_mode_state__rosidl_typesupport_fastrtps_c.h
[4.737s] -- Up-to-date: /home/alireza/thesis1/navigation_go2/go2_ws/install/unitree_go/include/unitree_go/msg/detail/height_map__rosidl_typesupport_fastrtps_c.h
[4.737s] -- Up-to-date: /home/alireza/thesis1/navigation_go2/go2_ws/install/unitree_go/include/unitree_go/msg/detail/imu_state__rosidl_typesupport_fastrtps_c.h
[4.738s] -- Up-to-date: /home/alireza/thesis1/navigation_go2/go2_ws/install/unitree_go/include/unitree_go/msg/detail/motor_states__rosidl_typesupport_fastrtps_c.h
[4.738s] -- Up-to-date: /home/alireza/thesis1/navigation_go2/go2_ws/install/unitree_go/include/unitree_go/msg/detail/lidar_state__rosidl_typesupport_fastrtps_c.h
[4.738s] -- Up-to-date: /home/alireza/thesis1/navigation_go2/go2_ws/install/unitree_go/include/unitree_go/msg/detail/res__rosidl_typesupport_fastrtps_c.h
[4.738s] -- Up-to-date: /home/alireza/thesis1/navigation_go2/go2_ws/install/unitree_go/include/unitree_go/msg/detail/motor_cmds__rosidl_typesupport_fastrtps_c.h
[4.738s] -- Up-to-date: /home/alireza/thesis1/navigation_go2/go2_ws/install/unitree_go/include/unitree_go/msg/detail/wireless_controller__rosidl_typesupport_fastrtps_c.h
[4.738s] -- Up-to-date: /home/alireza/thesis1/navigation_go2/go2_ws/install/unitree_go/include/unitree_go/msg/detail/motor_cmd__rosidl_typesupport_fastrtps_c.h
[4.738s] -- Up-to-date: /home/alireza/thesis1/navigation_go2/go2_ws/install/unitree_go/include/unitree_go/msg/detail/go2_front_video_data__rosidl_typesupport_fastrtps_c.h
[4.738s] -- Up-to-date: /home/alireza/thesis1/navigation_go2/go2_ws/install/unitree_go/include/unitree_go/msg/detail/uwb_switch__rosidl_typesupport_fastrtps_c.h
[4.738s] -- Up-to-date: /home/alireza/thesis1/navigation_go2/go2_ws/install/unitree_go/include/unitree_go/msg/detail/audio_data__rosidl_typesupport_fastrtps_c.h
[4.739s] -- Up-to-date: /home/alireza/thesis1/navigation_go2/go2_ws/install/unitree_go/include/unitree_go/msg/detail/sport_mode_cmd__rosidl_typesupport_fastrtps_c.h
[4.739s] -- Up-to-date: /home/alireza/thesis1/navigation_go2/go2_ws/install/unitree_go/include/unitree_go/msg/detail/low_cmd__rosidl_typesupport_fastrtps_c.h
[4.739s] -- Up-to-date: /home/alireza/thesis1/navigation_go2/go2_ws/install/unitree_go/include/unitree_go/msg/detail/low_state__rosidl_typesupport_fastrtps_c.h
[4.739s] -- Up-to-date: /home/alireza/thesis1/navigation_go2/go2_ws/install/unitree_go/include/unitree_go/msg/detail/time_spec__rosidl_typesupport_fastrtps_c.h
[4.739s] -- Up-to-date: /home/alireza/thesis1/navigation_go2/go2_ws/install/unitree_go/include/unitree_go/msg/detail/motor_state__rosidl_typesupport_fastrtps_c.h
[4.739s] -- Up-to-date: /home/alireza/thesis1/navigation_go2/go2_ws/install/unitree_go/include/unitree_go/msg/detail/bms_state__rosidl_typesupport_fastrtps_c.h
[4.739s] -- Up-to-date: /home/alireza/thesis1/navigation_go2/go2_ws/install/unitree_go/include/unitree_go/msg/detail/path_point__rosidl_typesupport_fastrtps_c.h
[4.739s] -- Up-to-date: /home/alireza/thesis1/navigation_go2/go2_ws/install/unitree_go/include/unitree_go/msg/detail/bms_cmd__rosidl_typesupport_fastrtps_c.h
[4.739s] -- Up-to-date: /home/alireza/thesis1/navigation_go2/go2_ws/install/unitree_go/include/unitree_go/msg/detail/req__rosidl_typesupport_fastrtps_c.h
[4.740s] -- Up-to-date: /home/alireza/thesis1/navigation_go2/go2_ws/install/unitree_go/include/unitree_go/msg/detail/interface_config__rosidl_typesupport_fastrtps_c.h
[4.740s] -- Up-to-date: /home/alireza/thesis1/navigation_go2/go2_ws/install/unitree_go/include/unitree_go/msg/rosidl_typesupport_fastrtps_c__visibility_control.h
[4.740s] -- Up-to-date: /home/alireza/thesis1/navigation_go2/go2_ws/install/unitree_go/lib/libunitree_go__rosidl_typesupport_fastrtps_c.so
[4.740s] -- Up-to-date: /home/alireza/thesis1/navigation_go2/go2_ws/install/unitree_go/include/unitree_go
[4.740s] -- Up-to-date: /home/alireza/thesis1/navigation_go2/go2_ws/install/unitree_go/include/unitree_go/msg
[4.740s] -- Up-to-date: /home/alireza/thesis1/navigation_go2/go2_ws/install/unitree_go/include/unitree_go/msg/rosidl_typesupport_fastrtps_cpp__visibility_control.h
[4.740s] -- Up-to-date: /home/alireza/thesis1/navigation_go2/go2_ws/install/unitree_go/include/unitree_go/msg/detail
[4.740s] -- Up-to-date: /home/alireza/thesis1/navigation_go2/go2_ws/install/unitree_go/include/unitree_go/msg/detail/req__rosidl_typesupport_fastrtps_cpp.hpp
[4.740s] -- Up-to-date: /home/alireza/thesis1/navigation_go2/go2_ws/install/unitree_go/include/unitree_go/msg/detail/imu_state__rosidl_typesupport_fastrtps_cpp.hpp
[4.741s] -- Up-to-date: /home/alireza/thesis1/navigation_go2/go2_ws/install/unitree_go/include/unitree_go/msg/detail/motor_states__rosidl_typesupport_fastrtps_cpp.hpp
[4.741s] -- Up-to-date: /home/alireza/thesis1/navigation_go2/go2_ws/install/unitree_go/include/unitree_go/msg/detail/bms_cmd__rosidl_typesupport_fastrtps_cpp.hpp
[4.741s] -- Up-to-date: /home/alireza/thesis1/navigation_go2/go2_ws/install/unitree_go/include/unitree_go/msg/detail/interface_config__rosidl_typesupport_fastrtps_cpp.hpp
[4.741s] -- Up-to-date: /home/alireza/thesis1/navigation_go2/go2_ws/install/unitree_go/include/unitree_go/msg/detail/go2_front_video_data__rosidl_typesupport_fastrtps_cpp.hpp
[4.741s] -- Up-to-date: /home/alireza/thesis1/navigation_go2/go2_ws/install/unitree_go/include/unitree_go/msg/detail/lidar_state__rosidl_typesupport_fastrtps_cpp.hpp
[4.741s] -- Up-to-date: /home/alireza/thesis1/navigation_go2/go2_ws/install/unitree_go/include/unitree_go/msg/detail/error__rosidl_typesupport_fastrtps_cpp.hpp
[4.741s] -- Up-to-date: /home/alireza/thesis1/navigation_go2/go2_ws/install/unitree_go/include/unitree_go/msg/detail/motor_state__rosidl_typesupport_fastrtps_cpp.hpp
[4.741s] -- Up-to-date: /home/alireza/thesis1/navigation_go2/go2_ws/install/unitree_go/include/unitree_go/msg/detail/sport_mode_cmd__rosidl_typesupport_fastrtps_cpp.hpp
[4.741s] -- Up-to-date: /home/alireza/thesis1/navigation_go2/go2_ws/install/unitree_go/include/unitree_go/msg/detail/uwb_switch__rosidl_typesupport_fastrtps_cpp.hpp
[4.742s] -- Up-to-date: /home/alireza/thesis1/navigation_go2/go2_ws/install/unitree_go/include/unitree_go/msg/detail/bms_state__rosidl_typesupport_fastrtps_cpp.hpp
[4.742s] -- Up-to-date: /home/alireza/thesis1/navigation_go2/go2_ws/install/unitree_go/include/unitree_go/msg/detail/path_point__rosidl_typesupport_fastrtps_cpp.hpp
[4.742s] -- Up-to-date: /home/alireza/thesis1/navigation_go2/go2_ws/install/unitree_go/include/unitree_go/msg/detail/motor_cmds__rosidl_typesupport_fastrtps_cpp.hpp
[4.742s] -- Up-to-date: /home/alireza/thesis1/navigation_go2/go2_ws/install/unitree_go/include/unitree_go/msg/detail/motor_cmd__rosidl_typesupport_fastrtps_cpp.hpp
[4.742s] -- Up-to-date: /home/alireza/thesis1/navigation_go2/go2_ws/install/unitree_go/include/unitree_go/msg/detail/uwb_state__rosidl_typesupport_fastrtps_cpp.hpp
[4.742s] -- Up-to-date: /home/alireza/thesis1/navigation_go2/go2_ws/install/unitree_go/include/unitree_go/msg/detail/sport_mode_state__rosidl_typesupport_fastrtps_cpp.hpp
[4.742s] -- Up-to-date: /home/alireza/thesis1/navigation_go2/go2_ws/install/unitree_go/include/unitree_go/msg/detail/dds_fastrtps
[4.742s] -- Up-to-date: /home/alireza/thesis1/navigation_go2/go2_ws/install/unitree_go/include/unitree_go/msg/detail/res__rosidl_typesupport_fastrtps_cpp.hpp
[4.742s] -- Up-to-date: /home/alireza/thesis1/navigation_go2/go2_ws/install/unitree_go/include/unitree_go/msg/detail/height_map__rosidl_typesupport_fastrtps_cpp.hpp
[4.743s] -- Up-to-date: /home/alireza/thesis1/navigation_go2/go2_ws/install/unitree_go/include/unitree_go/msg/detail/low_cmd__rosidl_typesupport_fastrtps_cpp.hpp
[4.743s] -- Up-to-date: /home/alireza/thesis1/navigation_go2/go2_ws/install/unitree_go/include/unitree_go/msg/detail/wireless_controller__rosidl_typesupport_fastrtps_cpp.hpp
[4.743s] -- Up-to-date: /home/alireza/thesis1/navigation_go2/go2_ws/install/unitree_go/include/unitree_go/msg/detail/low_state__rosidl_typesupport_fastrtps_cpp.hpp
[4.743s] -- Up-to-date: /home/alireza/thesis1/navigation_go2/go2_ws/install/unitree_go/include/unitree_go/msg/detail/time_spec__rosidl_typesupport_fastrtps_cpp.hpp
[4.743s] -- Up-to-date: /home/alireza/thesis1/navigation_go2/go2_ws/install/unitree_go/include/unitree_go/msg/detail/audio_data__rosidl_typesupport_fastrtps_cpp.hpp
[4.743s] -- Up-to-date: /home/alireza/thesis1/navigation_go2/go2_ws/install/unitree_go/lib/libunitree_go__rosidl_typesupport_fastrtps_cpp.so
[4.743s] -- Up-to-date: /home/alireza/thesis1/navigation_go2/go2_ws/install/unitree_go/include/unitree_go
[4.743s] -- Up-to-date: /home/alireza/thesis1/navigation_go2/go2_ws/install/unitree_go/include/unitree_go/msg
[4.743s] -- Up-to-date: /home/alireza/thesis1/navigation_go2/go2_ws/install/unitree_go/include/unitree_go/msg/rosidl_typesupport_introspection_c__visibility_control.h
[4.744s] -- Up-to-date: /home/alireza/thesis1/navigation_go2/go2_ws/install/unitree_go/include/unitree_go/msg/detail
[4.744s] -- Up-to-date: /home/alireza/thesis1/navigation_go2/go2_ws/install/unitree_go/include/unitree_go/msg/detail/bms_cmd__type_support.c
[4.744s] -- Up-to-date: /home/alireza/thesis1/navigation_go2/go2_ws/install/unitree_go/include/unitree_go/msg/detail/low_cmd__rosidl_typesupport_introspection_c.h
[4.744s] -- Up-to-date: /home/alireza/thesis1/navigation_go2/go2_ws/install/unitree_go/include/unitree_go/msg/detail/uwb_state__type_support.c
[4.744s] -- Up-to-date: /home/alireza/thesis1/navigation_go2/go2_ws/install/unitree_go/include/unitree_go/msg/detail/motor_cmds__type_support.c
[4.744s] -- Up-to-date: /home/alireza/thesis1/navigation_go2/go2_ws/install/unitree_go/include/unitree_go/msg/detail/imu_state__rosidl_typesupport_introspection_c.h
[4.744s] -- Up-to-date: /home/alireza/thesis1/navigation_go2/go2_ws/install/unitree_go/include/unitree_go/msg/detail/uwb_state__rosidl_typesupport_introspection_c.h
[4.744s] -- Up-to-date: /home/alireza/thesis1/navigation_go2/go2_ws/install/unitree_go/include/unitree_go/msg/detail/motor_state__type_support.c
[4.744s] -- Up-to-date: /home/alireza/thesis1/navigation_go2/go2_ws/install/unitree_go/include/unitree_go/msg/detail/lidar_state__type_support.c
[4.745s] -- Up-to-date: /home/alireza/thesis1/navigation_go2/go2_ws/install/unitree_go/include/unitree_go/msg/detail/bms_state__rosidl_typesupport_introspection_c.h
[4.745s] -- Up-to-date: /home/alireza/thesis1/navigation_go2/go2_ws/install/unitree_go/include/unitree_go/msg/detail/height_map__rosidl_typesupport_introspection_c.h
[4.745s] -- Up-to-date: /home/alireza/thesis1/navigation_go2/go2_ws/install/unitree_go/include/unitree_go/msg/detail/path_point__type_support.c
[4.745s] -- Up-to-date: /home/alireza/thesis1/navigation_go2/go2_ws/install/unitree_go/include/unitree_go/msg/detail/bms_state__type_support.c
[4.745s] -- Up-to-date: /home/alireza/thesis1/navigation_go2/go2_ws/install/unitree_go/include/unitree_go/msg/detail/wireless_controller__rosidl_typesupport_introspection_c.h
[4.745s] -- Up-to-date: /home/alireza/thesis1/navigation_go2/go2_ws/install/unitree_go/include/unitree_go/msg/detail/low_cmd__type_support.c
[4.745s] -- Up-to-date: /home/alireza/thesis1/navigation_go2/go2_ws/install/unitree_go/include/unitree_go/msg/detail/height_map__type_support.c
[4.745s] -- Up-to-date: /home/alireza/thesis1/navigation_go2/go2_ws/install/unitree_go/include/unitree_go/msg/detail/wireless_controller__type_support.c
[4.745s] -- Up-to-date: /home/alireza/thesis1/navigation_go2/go2_ws/install/unitree_go/include/unitree_go/msg/detail/sport_mode_state__rosidl_typesupport_introspection_c.h
[4.746s] -- Up-to-date: /home/alireza/thesis1/navigation_go2/go2_ws/install/unitree_go/include/unitree_go/msg/detail/motor_state__rosidl_typesupport_introspection_c.h
[4.746s] -- Up-to-date: /home/alireza/thesis1/navigation_go2/go2_ws/install/unitree_go/include/unitree_go/msg/detail/go2_front_video_data__rosidl_typesupport_introspection_c.h
[4.746s] -- Up-to-date: /home/alireza/thesis1/navigation_go2/go2_ws/install/unitree_go/include/unitree_go/msg/detail/bms_cmd__rosidl_typesupport_introspection_c.h
[4.746s] -- Up-to-date: /home/alireza/thesis1/navigation_go2/go2_ws/install/unitree_go/include/unitree_go/msg/detail/motor_cmd__rosidl_typesupport_introspection_c.h
[4.746s] -- Up-to-date: /home/alireza/thesis1/navigation_go2/go2_ws/install/unitree_go/include/unitree_go/msg/detail/sport_mode_cmd__rosidl_typesupport_introspection_c.h
[4.746s] -- Up-to-date: /home/alireza/thesis1/navigation_go2/go2_ws/install/unitree_go/include/unitree_go/msg/detail/low_state__rosidl_typesupport_introspection_c.h
[4.746s] -- Up-to-date: /home/alireza/thesis1/navigation_go2/go2_ws/install/unitree_go/include/unitree_go/msg/detail/motor_cmd__type_support.c
[4.746s] -- Up-to-date: /home/alireza/thesis1/navigation_go2/go2_ws/install/unitree_go/include/unitree_go/msg/detail/imu_state__type_support.c
[4.746s] -- Up-to-date: /home/alireza/thesis1/navigation_go2/go2_ws/install/unitree_go/include/unitree_go/msg/detail/interface_config__rosidl_typesupport_introspection_c.h
[4.747s] -- Up-to-date: /home/alireza/thesis1/navigation_go2/go2_ws/install/unitree_go/include/unitree_go/msg/detail/interface_config__type_support.c
[4.747s] -- Up-to-date: /home/alireza/thesis1/navigation_go2/go2_ws/install/unitree_go/include/unitree_go/msg/detail/go2_front_video_data__type_support.c
[4.747s] -- Up-to-date: /home/alireza/thesis1/navigation_go2/go2_ws/install/unitree_go/include/unitree_go/msg/detail/uwb_switch__rosidl_typesupport_introspection_c.h
[4.747s] -- Up-to-date: /home/alireza/thesis1/navigation_go2/go2_ws/install/unitree_go/include/unitree_go/msg/detail/res__type_support.c
[4.747s] -- Up-to-date: /home/alireza/thesis1/navigation_go2/go2_ws/install/unitree_go/include/unitree_go/msg/detail/audio_data__type_support.c
[4.747s] -- Up-to-date: /home/alireza/thesis1/navigation_go2/go2_ws/install/unitree_go/include/unitree_go/msg/detail/time_spec__type_support.c
[4.747s] -- Up-to-date: /home/alireza/thesis1/navigation_go2/go2_ws/install/unitree_go/include/unitree_go/msg/detail/low_state__type_support.c
[4.747s] -- Up-to-date: /home/alireza/thesis1/navigation_go2/go2_ws/install/unitree_go/include/unitree_go/msg/detail/motor_cmds__rosidl_typesupport_introspection_c.h
[4.747s] -- Up-to-date: /home/alireza/thesis1/navigation_go2/go2_ws/install/unitree_go/include/unitree_go/msg/detail/time_spec__rosidl_typesupport_introspection_c.h
[4.748s] -- Up-to-date: /home/alireza/thesis1/navigation_go2/go2_ws/install/unitree_go/include/unitree_go/msg/detail/error__rosidl_typesupport_introspection_c.h
[4.748s] -- Up-to-date: /home/alireza/thesis1/navigation_go2/go2_ws/install/unitree_go/include/unitree_go/msg/detail/uwb_switch__type_support.c
[4.748s] -- Up-to-date: /home/alireza/thesis1/navigation_go2/go2_ws/install/unitree_go/include/unitree_go/msg/detail/req__type_support.c
[4.748s] -- Up-to-date: /home/alireza/thesis1/navigation_go2/go2_ws/install/unitree_go/include/unitree_go/msg/detail/motor_states__rosidl_typesupport_introspection_c.h
[4.748s] -- Up-to-date: /home/alireza/thesis1/navigation_go2/go2_ws/install/unitree_go/include/unitree_go/msg/detail/req__rosidl_typesupport_introspection_c.h
[4.748s] -- Up-to-date: /home/alireza/thesis1/navigation_go2/go2_ws/install/unitree_go/include/unitree_go/msg/detail/motor_states__type_support.c
[4.748s] -- Up-to-date: /home/alireza/thesis1/navigation_go2/go2_ws/install/unitree_go/include/unitree_go/msg/detail/error__type_support.c
[4.748s] -- Up-to-date: /home/alireza/thesis1/navigation_go2/go2_ws/install/unitree_go/include/unitree_go/msg/detail/sport_mode_cmd__type_support.c
[4.748s] -- Up-to-date: /home/alireza/thesis1/navigation_go2/go2_ws/install/unitree_go/include/unitree_go/msg/detail/lidar_state__rosidl_typesupport_introspection_c.h
[4.749s] -- Up-to-date: /home/alireza/thesis1/navigation_go2/go2_ws/install/unitree_go/include/unitree_go/msg/detail/audio_data__rosidl_typesupport_introspection_c.h
[4.749s] -- Up-to-date: /home/alireza/thesis1/navigation_go2/go2_ws/install/unitree_go/include/unitree_go/msg/detail/sport_mode_state__type_support.c
[4.749s] -- Up-to-date: /home/alireza/thesis1/navigation_go2/go2_ws/install/unitree_go/include/unitree_go/msg/detail/res__rosidl_typesupport_introspection_c.h
[4.749s] -- Up-to-date: /home/alireza/thesis1/navigation_go2/go2_ws/install/unitree_go/include/unitree_go/msg/detail/path_point__rosidl_typesupport_introspection_c.h
[4.749s] -- Up-to-date: /home/alireza/thesis1/navigation_go2/go2_ws/install/unitree_go/lib/libunitree_go__rosidl_typesupport_introspection_c.so
[4.749s] -- Up-to-date: /home/alireza/thesis1/navigation_go2/go2_ws/install/unitree_go/lib/libunitree_go__rosidl_typesupport_c.so
[4.749s] -- Up-to-date: /home/alireza/thesis1/navigation_go2/go2_ws/install/unitree_go/include/unitree_go
[4.749s] -- Up-to-date: /home/alireza/thesis1/navigation_go2/go2_ws/install/unitree_go/include/unitree_go/msg
[4.749s] -- Up-to-date: /home/alireza/thesis1/navigation_go2/go2_ws/install/unitree_go/include/unitree_go/msg/uwb_switch.hpp
[4.749s] -- Up-to-date: /home/alireza/thesis1/navigation_go2/go2_ws/install/unitree_go/include/unitree_go/msg/res.hpp
[4.750s] -- Up-to-date: /home/alireza/thesis1/navigation_go2/go2_ws/install/unitree_go/include/unitree_go/msg/motor_states.hpp
[4.750s] -- Up-to-date: /home/alireza/thesis1/navigation_go2/go2_ws/install/unitree_go/include/unitree_go/msg/path_point.hpp
[4.750s] -- Up-to-date: /home/alireza/thesis1/navigation_go2/go2_ws/install/unitree_go/include/unitree_go/msg/wireless_controller.hpp
[4.750s] -- Up-to-date: /home/alireza/thesis1/navigation_go2/go2_ws/install/unitree_go/include/unitree_go/msg/motor_cmd.hpp
[4.750s] -- Up-to-date: /home/alireza/thesis1/navigation_go2/go2_ws/install/unitree_go/include/unitree_go/msg/sport_mode_cmd.hpp
[4.750s] -- Up-to-date: /home/alireza/thesis1/navigation_go2/go2_ws/install/unitree_go/include/unitree_go/msg/uwb_state.hpp
[4.750s] -- Up-to-date: /home/alireza/thesis1/navigation_go2/go2_ws/install/unitree_go/include/unitree_go/msg/rosidl_generator_cpp__visibility_control.hpp
[4.750s] -- Up-to-date: /home/alireza/thesis1/navigation_go2/go2_ws/install/unitree_go/include/unitree_go/msg/motor_cmds.hpp
[4.751s] -- Up-to-date: /home/alireza/thesis1/navigation_go2/go2_ws/install/unitree_go/include/unitree_go/msg/height_map.hpp
[4.751s] -- Up-to-date: /home/alireza/thesis1/navigation_go2/go2_ws/install/unitree_go/include/unitree_go/msg/req.hpp
[4.751s] -- Up-to-date: /home/alireza/thesis1/navigation_go2/go2_ws/install/unitree_go/include/unitree_go/msg/audio_data.hpp
[4.751s] -- Up-to-date: /home/alireza/thesis1/navigation_go2/go2_ws/install/unitree_go/include/unitree_go/msg/lidar_state.hpp
[4.751s] -- Up-to-date: /home/alireza/thesis1/navigation_go2/go2_ws/install/unitree_go/include/unitree_go/msg/detail
[4.751s] -- Up-to-date: /home/alireza/thesis1/navigation_go2/go2_ws/install/unitree_go/include/unitree_go/msg/detail/wireless_controller__type_support.hpp
[4.751s] -- Up-to-date: /home/alireza/thesis1/navigation_go2/go2_ws/install/unitree_go/include/unitree_go/msg/detail/res__traits.hpp
[4.751s] -- Up-to-date: /home/alireza/thesis1/navigation_go2/go2_ws/install/unitree_go/include/unitree_go/msg/detail/req__type_support.hpp
[4.751s] -- Up-to-date: /home/alireza/thesis1/navigation_go2/go2_ws/install/unitree_go/include/unitree_go/msg/detail/error__type_support.hpp
[4.752s] -- Up-to-date: /home/alireza/thesis1/navigation_go2/go2_ws/install/unitree_go/include/unitree_go/msg/detail/lidar_state__builder.hpp
[4.752s] -- Up-to-date: /home/alireza/thesis1/navigation_go2/go2_ws/install/unitree_go/include/unitree_go/msg/detail/sport_mode_cmd__type_support.hpp
[4.752s] -- Up-to-date: /home/alireza/thesis1/navigation_go2/go2_ws/install/unitree_go/include/unitree_go/msg/detail/res__builder.hpp
[4.752s] -- Up-to-date: /home/alireza/thesis1/navigation_go2/go2_ws/install/unitree_go/include/unitree_go/msg/detail/wireless_controller__traits.hpp
[4.752s] -- Up-to-date: /home/alireza/thesis1/navigation_go2/go2_ws/install/unitree_go/include/unitree_go/msg/detail/motor_state__struct.hpp
[4.752s] -- Up-to-date: /home/alireza/thesis1/navigation_go2/go2_ws/install/unitree_go/include/unitree_go/msg/detail/height_map__builder.hpp
[4.752s] -- Up-to-date: /home/alireza/thesis1/navigation_go2/go2_ws/install/unitree_go/include/unitree_go/msg/detail/time_spec__traits.hpp
[4.752s] -- Up-to-date: /home/alireza/thesis1/navigation_go2/go2_ws/install/unitree_go/include/unitree_go/msg/detail/bms_state__struct.hpp
[4.752s] -- Up-to-date: /home/alireza/thesis1/navigation_go2/go2_ws/install/unitree_go/include/unitree_go/msg/detail/sport_mode_state__struct.hpp
[4.753s] -- Up-to-date: /home/alireza/thesis1/navigation_go2/go2_ws/install/unitree_go/include/unitree_go/msg/detail/motor_cmds__traits.hpp
[4.753s] -- Up-to-date: /home/alireza/thesis1/navigation_go2/go2_ws/install/unitree_go/include/unitree_go/msg/detail/go2_front_video_data__type_support.hpp
[4.753s] -- Up-to-date: /home/alireza/thesis1/navigation_go2/go2_ws/install/unitree_go/include/unitree_go/msg/detail/uwb_switch__traits.hpp
[4.753s] -- Up-to-date: /home/alireza/thesis1/navigation_go2/go2_ws/install/unitree_go/include/unitree_go/msg/detail/bms_cmd__traits.hpp
[4.753s] -- Up-to-date: /home/alireza/thesis1/navigation_go2/go2_ws/install/unitree_go/include/unitree_go/msg/detail/interface_config__struct.hpp
[4.753s] -- Up-to-date: /home/alireza/thesis1/navigation_go2/go2_ws/install/unitree_go/include/unitree_go/msg/detail/lidar_state__struct.hpp
[4.753s] -- Up-to-date: /home/alireza/thesis1/navigation_go2/go2_ws/install/unitree_go/include/unitree_go/msg/detail/low_cmd__type_support.hpp
[4.753s] -- Up-to-date: /home/alireza/thesis1/navigation_go2/go2_ws/install/unitree_go/include/unitree_go/msg/detail/go2_front_video_data__builder.hpp
[4.753s] -- Up-to-date: /home/alireza/thesis1/navigation_go2/go2_ws/install/unitree_go/include/unitree_go/msg/detail/bms_cmd__builder.hpp
[4.754s] -- Up-to-date: /home/alireza/thesis1/navigation_go2/go2_ws/install/unitree_go/include/unitree_go/msg/detail/audio_data__struct.hpp
[4.754s] -- Up-to-date: /home/alireza/thesis1/navigation_go2/go2_ws/install/unitree_go/include/unitree_go/msg/detail/interface_config__type_support.hpp
[4.754s] -- Up-to-date: /home/alireza/thesis1/navigation_go2/go2_ws/install/unitree_go/include/unitree_go/msg/detail/req__struct.hpp
[4.754s] -- Up-to-date: /home/alireza/thesis1/navigation_go2/go2_ws/install/unitree_go/include/unitree_go/msg/detail/go2_front_video_data__traits.hpp
[4.754s] -- Up-to-date: /home/alireza/thesis1/navigation_go2/go2_ws/install/unitree_go/include/unitree_go/msg/detail/motor_states__type_support.hpp
[4.754s] -- Up-to-date: /home/alireza/thesis1/navigation_go2/go2_ws/install/unitree_go/include/unitree_go/msg/detail/low_cmd__builder.hpp
[4.754s] -- Up-to-date: /home/alireza/thesis1/navigation_go2/go2_ws/install/unitree_go/include/unitree_go/msg/detail/req__builder.hpp
[4.754s] -- Up-to-date: /home/alireza/thesis1/navigation_go2/go2_ws/install/unitree_go/include/unitree_go/msg/detail/height_map__struct.hpp
[4.754s] -- Up-to-date: /home/alireza/thesis1/navigation_go2/go2_ws/install/unitree_go/include/unitree_go/msg/detail/lidar_state__traits.hpp
[4.755s] -- Up-to-date: /home/alireza/thesis1/navigation_go2/go2_ws/install/unitree_go/include/unitree_go/msg/detail/error__traits.hpp
[4.755s] -- Up-to-date: /home/alireza/thesis1/navigation_go2/go2_ws/install/unitree_go/include/unitree_go/msg/detail/time_spec__struct.hpp
[4.755s] -- Up-to-date: /home/alireza/thesis1/navigation_go2/go2_ws/install/unitree_go/include/unitree_go/msg/detail/height_map__traits.hpp
[4.755s] -- Up-to-date: /home/alireza/thesis1/navigation_go2/go2_ws/install/unitree_go/include/unitree_go/msg/detail/motor_cmds__type_support.hpp
[4.755s] -- Up-to-date: /home/alireza/thesis1/navigation_go2/go2_ws/install/unitree_go/include/unitree_go/msg/detail/motor_states__struct.hpp
[4.755s] -- Up-to-date: /home/alireza/thesis1/navigation_go2/go2_ws/install/unitree_go/include/unitree_go/msg/detail/uwb_switch__struct.hpp
[4.755s] -- Up-to-date: /home/alireza/thesis1/navigation_go2/go2_ws/install/unitree_go/include/unitree_go/msg/detail/motor_state__type_support.hpp
[4.755s] -- Up-to-date: /home/alireza/thesis1/navigation_go2/go2_ws/install/unitree_go/include/unitree_go/msg/detail/interface_config__traits.hpp
[4.755s] -- Up-to-date: /home/alireza/thesis1/navigation_go2/go2_ws/install/unitree_go/include/unitree_go/msg/detail/error__struct.hpp
[4.756s] -- Up-to-date: /home/alireza/thesis1/navigation_go2/go2_ws/install/unitree_go/include/unitree_go/msg/detail/motor_states__builder.hpp
[4.756s] -- Up-to-date: /home/alireza/thesis1/navigation_go2/go2_ws/install/unitree_go/include/unitree_go/msg/detail/sport_mode_cmd__traits.hpp
[4.756s] -- Up-to-date: /home/alireza/thesis1/navigation_go2/go2_ws/install/unitree_go/include/unitree_go/msg/detail/bms_cmd__type_support.hpp
[4.756s] -- Up-to-date: /home/alireza/thesis1/navigation_go2/go2_ws/install/unitree_go/include/unitree_go/msg/detail/lidar_state__type_support.hpp
[4.756s] -- Up-to-date: /home/alireza/thesis1/navigation_go2/go2_ws/install/unitree_go/include/unitree_go/msg/detail/motor_cmd__builder.hpp
[4.756s] -- Up-to-date: /home/alireza/thesis1/navigation_go2/go2_ws/install/unitree_go/include/unitree_go/msg/detail/low_cmd__traits.hpp
[4.756s] -- Up-to-date: /home/alireza/thesis1/navigation_go2/go2_ws/install/unitree_go/include/unitree_go/msg/detail/sport_mode_state__type_support.hpp
[4.756s] -- Up-to-date: /home/alireza/thesis1/navigation_go2/go2_ws/install/unitree_go/include/unitree_go/msg/detail/low_state__type_support.hpp
[4.756s] -- Up-to-date: /home/alireza/thesis1/navigation_go2/go2_ws/install/unitree_go/include/unitree_go/msg/detail/uwb_state__type_support.hpp
[4.757s] -- Up-to-date: /home/alireza/thesis1/navigation_go2/go2_ws/install/unitree_go/include/unitree_go/msg/detail/path_point__builder.hpp
[4.757s] -- Up-to-date: /home/alireza/thesis1/navigation_go2/go2_ws/install/unitree_go/include/unitree_go/msg/detail/uwb_state__struct.hpp
[4.757s] -- Up-to-date: /home/alireza/thesis1/navigation_go2/go2_ws/install/unitree_go/include/unitree_go/msg/detail/audio_data__builder.hpp
[4.757s] -- Up-to-date: /home/alireza/thesis1/navigation_go2/go2_ws/install/unitree_go/include/unitree_go/msg/detail/bms_state__type_support.hpp
[4.757s] -- Up-to-date: /home/alireza/thesis1/navigation_go2/go2_ws/install/unitree_go/include/unitree_go/msg/detail/req__traits.hpp
[4.757s] -- Up-to-date: /home/alireza/thesis1/navigation_go2/go2_ws/install/unitree_go/include/unitree_go/msg/detail/motor_cmd__traits.hpp
[4.757s] -- Up-to-date: /home/alireza/thesis1/navigation_go2/go2_ws/install/unitree_go/include/unitree_go/msg/detail/imu_state__traits.hpp
[4.757s] -- Up-to-date: /home/alireza/thesis1/navigation_go2/go2_ws/install/unitree_go/include/unitree_go/msg/detail/error__builder.hpp
[4.757s] -- Up-to-date: /home/alireza/thesis1/navigation_go2/go2_ws/install/unitree_go/include/unitree_go/msg/detail/motor_state__builder.hpp
[4.758s] -- Up-to-date: /home/alireza/thesis1/navigation_go2/go2_ws/install/unitree_go/include/unitree_go/msg/detail/path_point__struct.hpp
[4.758s] -- Up-to-date: /home/alireza/thesis1/navigation_go2/go2_ws/install/unitree_go/include/unitree_go/msg/detail/bms_state__traits.hpp
[4.758s] -- Up-to-date: /home/alireza/thesis1/navigation_go2/go2_ws/install/unitree_go/include/unitree_go/msg/detail/audio_data__traits.hpp
[4.758s] -- Up-to-date: /home/alireza/thesis1/navigation_go2/go2_ws/install/unitree_go/include/unitree_go/msg/detail/motor_states__traits.hpp
[4.758s] -- Up-to-date: /home/alireza/thesis1/navigation_go2/go2_ws/install/unitree_go/include/unitree_go/msg/detail/low_cmd__struct.hpp
[4.758s] -- Up-to-date: /home/alireza/thesis1/navigation_go2/go2_ws/install/unitree_go/include/unitree_go/msg/detail/audio_data__type_support.hpp
[4.758s] -- Up-to-date: /home/alireza/thesis1/navigation_go2/go2_ws/install/unitree_go/include/unitree_go/msg/detail/motor_state__traits.hpp
[4.758s] -- Up-to-date: /home/alireza/thesis1/navigation_go2/go2_ws/install/unitree_go/include/unitree_go/msg/detail/uwb_switch__builder.hpp
[4.758s] -- Up-to-date: /home/alireza/thesis1/navigation_go2/go2_ws/install/unitree_go/include/unitree_go/msg/detail/sport_mode_cmd__struct.hpp
[4.759s] -- Up-to-date: /home/alireza/thesis1/navigation_go2/go2_ws/install/unitree_go/include/unitree_go/msg/detail/bms_state__builder.hpp
[4.759s] -- Up-to-date: /home/alireza/thesis1/navigation_go2/go2_ws/install/unitree_go/include/unitree_go/msg/detail/motor_cmd__struct.hpp
[4.759s] -- Up-to-date: /home/alireza/thesis1/navigation_go2/go2_ws/install/unitree_go/include/unitree_go/msg/detail/low_state__traits.hpp
[4.759s] -- Up-to-date: /home/alireza/thesis1/navigation_go2/go2_ws/install/unitree_go/include/unitree_go/msg/detail/height_map__type_support.hpp
[4.759s] -- Up-to-date: /home/alireza/thesis1/navigation_go2/go2_ws/install/unitree_go/include/unitree_go/msg/detail/low_state__builder.hpp
[4.759s] -- Up-to-date: /home/alireza/thesis1/navigation_go2/go2_ws/install/unitree_go/include/unitree_go/msg/detail/interface_config__builder.hpp
[4.759s] -- Up-to-date: /home/alireza/thesis1/navigation_go2/go2_ws/install/unitree_go/include/unitree_go/msg/detail/motor_cmd__type_support.hpp
[4.759s] -- Up-to-date: /home/alireza/thesis1/navigation_go2/go2_ws/install/unitree_go/include/unitree_go/msg/detail/imu_state__builder.hpp
[4.759s] -- Up-to-date: /home/alireza/thesis1/navigation_go2/go2_ws/install/unitree_go/include/unitree_go/msg/detail/res__type_support.hpp
[4.759s] -- Up-to-date: /home/alireza/thesis1/navigation_go2/go2_ws/install/unitree_go/include/unitree_go/msg/detail/imu_state__type_support.hpp
[4.760s] -- Up-to-date: /home/alireza/thesis1/navigation_go2/go2_ws/install/unitree_go/include/unitree_go/msg/detail/res__struct.hpp
[4.760s] -- Up-to-date: /home/alireza/thesis1/navigation_go2/go2_ws/install/unitree_go/include/unitree_go/msg/detail/path_point__traits.hpp
[4.760s] -- Up-to-date: /home/alireza/thesis1/navigation_go2/go2_ws/install/unitree_go/include/unitree_go/msg/detail/motor_cmds__builder.hpp
[4.760s] -- Up-to-date: /home/alireza/thesis1/navigation_go2/go2_ws/install/unitree_go/include/unitree_go/msg/detail/wireless_controller__builder.hpp
[4.760s] -- Up-to-date: /home/alireza/thesis1/navigation_go2/go2_ws/install/unitree_go/include/unitree_go/msg/detail/sport_mode_state__traits.hpp
[4.760s] -- Up-to-date: /home/alireza/thesis1/navigation_go2/go2_ws/install/unitree_go/include/unitree_go/msg/detail/low_state__struct.hpp
[4.760s] -- Up-to-date: /home/alireza/thesis1/navigation_go2/go2_ws/install/unitree_go/include/unitree_go/msg/detail/uwb_state__builder.hpp
[4.760s] -- Up-to-date: /home/alireza/thesis1/navigation_go2/go2_ws/install/unitree_go/include/unitree_go/msg/detail/go2_front_video_data__struct.hpp
[4.760s] -- Up-to-date: /home/alireza/thesis1/navigation_go2/go2_ws/install/unitree_go/include/unitree_go/msg/detail/motor_cmds__struct.hpp
[4.761s] -- Up-to-date: /home/alireza/thesis1/navigation_go2/go2_ws/install/unitree_go/include/unitree_go/msg/detail/imu_state__struct.hpp
[4.761s] -- Up-to-date: /home/alireza/thesis1/navigation_go2/go2_ws/install/unitree_go/include/unitree_go/msg/detail/sport_mode_cmd__builder.hpp
[4.761s] -- Up-to-date: /home/alireza/thesis1/navigation_go2/go2_ws/install/unitree_go/include/unitree_go/msg/detail/path_point__type_support.hpp
[4.761s] -- Up-to-date: /home/alireza/thesis1/navigation_go2/go2_ws/install/unitree_go/include/unitree_go/msg/detail/wireless_controller__struct.hpp
[4.761s] -- Up-to-date: /home/alireza/thesis1/navigation_go2/go2_ws/install/unitree_go/include/unitree_go/msg/detail/uwb_switch__type_support.hpp
[4.761s] -- Up-to-date: /home/alireza/thesis1/navigation_go2/go2_ws/install/unitree_go/include/unitree_go/msg/detail/sport_mode_state__builder.hpp
[4.761s] -- Up-to-date: /home/alireza/thesis1/navigation_go2/go2_ws/install/unitree_go/include/unitree_go/msg/detail/time_spec__type_support.hpp
[4.762s] -- Up-to-date: /home/alireza/thesis1/navigation_go2/go2_ws/install/unitree_go/include/unitree_go/msg/detail/time_spec__builder.hpp
[4.762s] -- Up-to-date: /home/alireza/thesis1/navigation_go2/go2_ws/install/unitree_go/include/unitree_go/msg/detail/uwb_state__traits.hpp
[4.762s] -- Up-to-date: /home/alireza/thesis1/navigation_go2/go2_ws/install/unitree_go/include/unitree_go/msg/detail/bms_cmd__struct.hpp
[4.762s] -- Up-to-date: /home/alireza/thesis1/navigation_go2/go2_ws/install/unitree_go/include/unitree_go/msg/low_cmd.hpp
[4.762s] -- Up-to-date: /home/alireza/thesis1/navigation_go2/go2_ws/install/unitree_go/include/unitree_go/msg/time_spec.hpp
[4.762s] -- Up-to-date: /home/alireza/thesis1/navigation_go2/go2_ws/install/unitree_go/include/unitree_go/msg/sport_mode_state.hpp
[4.762s] -- Up-to-date: /home/alireza/thesis1/navigation_go2/go2_ws/install/unitree_go/include/unitree_go/msg/bms_state.hpp
[4.762s] -- Up-to-date: /home/alireza/thesis1/navigation_go2/go2_ws/install/unitree_go/include/unitree_go/msg/low_state.hpp
[4.763s] -- Up-to-date: /home/alireza/thesis1/navigation_go2/go2_ws/install/unitree_go/include/unitree_go/msg/bms_cmd.hpp
[4.763s] -- Up-to-date: /home/alireza/thesis1/navigation_go2/go2_ws/install/unitree_go/include/unitree_go/msg/motor_state.hpp
[4.763s] -- Up-to-date: /home/alireza/thesis1/navigation_go2/go2_ws/install/unitree_go/include/unitree_go/msg/go2_front_video_data.hpp
[4.763s] -- Up-to-date: /home/alireza/thesis1/navigation_go2/go2_ws/install/unitree_go/include/unitree_go/msg/imu_state.hpp
[4.763s] -- Up-to-date: /home/alireza/thesis1/navigation_go2/go2_ws/install/unitree_go/include/unitree_go/msg/interface_config.hpp
[4.763s] -- Up-to-date: /home/alireza/thesis1/navigation_go2/go2_ws/install/unitree_go/include/unitree_go/msg/error.hpp
[4.763s] -- Up-to-date: /home/alireza/thesis1/navigation_go2/go2_ws/install/unitree_go/include/unitree_go
[4.763s] -- Up-to-date: /home/alireza/thesis1/navigation_go2/go2_ws/install/unitree_go/include/unitree_go/msg
[4.764s] -- Up-to-date: /home/alireza/thesis1/navigation_go2/go2_ws/install/unitree_go/include/unitree_go/msg/detail
[4.764s] -- Up-to-date: /home/alireza/thesis1/navigation_go2/go2_ws/install/unitree_go/include/unitree_go/msg/detail/sport_mode_state__type_support.cpp
[4.764s] -- Up-to-date: /home/alireza/thesis1/navigation_go2/go2_ws/install/unitree_go/include/unitree_go/msg/detail/motor_state__type_support.cpp
[4.764s] -- Up-to-date: /home/alireza/thesis1/navigation_go2/go2_ws/install/unitree_go/include/unitree_go/msg/detail/sport_mode_cmd__type_support.cpp
[4.764s] -- Up-to-date: /home/alireza/thesis1/navigation_go2/go2_ws/install/unitree_go/include/unitree_go/msg/detail/time_spec__rosidl_typesupport_introspection_cpp.hpp
[4.764s] -- Up-to-date: /home/alireza/thesis1/navigation_go2/go2_ws/install/unitree_go/include/unitree_go/msg/detail/motor_states__rosidl_typesupport_introspection_cpp.hpp
[4.764s] -- Up-to-date: /home/alireza/thesis1/navigation_go2/go2_ws/install/unitree_go/include/unitree_go/msg/detail/low_state__type_support.cpp
[4.764s] -- Up-to-date: /home/alireza/thesis1/navigation_go2/go2_ws/install/unitree_go/include/unitree_go/msg/detail/height_map__type_support.cpp
[4.764s] -- Up-to-date: /home/alireza/thesis1/navigation_go2/go2_ws/install/unitree_go/include/unitree_go/msg/detail/sport_mode_cmd__rosidl_typesupport_introspection_cpp.hpp
[4.765s] -- Up-to-date: /home/alireza/thesis1/navigation_go2/go2_ws/install/unitree_go/include/unitree_go/msg/detail/res__rosidl_typesupport_introspection_cpp.hpp
[4.765s] -- Up-to-date: /home/alireza/thesis1/navigation_go2/go2_ws/install/unitree_go/include/unitree_go/msg/detail/wireless_controller__rosidl_typesupport_introspection_cpp.hpp
[4.765s] -- Up-to-date: /home/alireza/thesis1/navigation_go2/go2_ws/install/unitree_go/include/unitree_go/msg/detail/res__type_support.cpp
[4.765s] -- Up-to-date: /home/alireza/thesis1/navigation_go2/go2_ws/install/unitree_go/include/unitree_go/msg/detail/low_cmd__type_support.cpp
[4.765s] -- Up-to-date: /home/alireza/thesis1/navigation_go2/go2_ws/install/unitree_go/include/unitree_go/msg/detail/motor_state__rosidl_typesupport_introspection_cpp.hpp
[4.765s] -- Up-to-date: /home/alireza/thesis1/navigation_go2/go2_ws/install/unitree_go/include/unitree_go/msg/detail/error__rosidl_typesupport_introspection_cpp.hpp
[4.765s] -- Up-to-date: /home/alireza/thesis1/navigation_go2/go2_ws/install/unitree_go/include/unitree_go/msg/detail/req__type_support.cpp
[4.765s] -- Up-to-date: /home/alireza/thesis1/navigation_go2/go2_ws/install/unitree_go/include/unitree_go/msg/detail/motor_cmd__type_support.cpp
[4.765s] -- Up-to-date: /home/alireza/thesis1/navigation_go2/go2_ws/install/unitree_go/include/unitree_go/msg/detail/audio_data__type_support.cpp
[4.766s] -- Up-to-date: /home/alireza/thesis1/navigation_go2/go2_ws/install/unitree_go/include/unitree_go/msg/detail/uwb_state__type_support.cpp
[4.766s] -- Up-to-date: /home/alireza/thesis1/navigation_go2/go2_ws/install/unitree_go/include/unitree_go/msg/detail/bms_state__rosidl_typesupport_introspection_cpp.hpp
[4.766s] -- Up-to-date: /home/alireza/thesis1/navigation_go2/go2_ws/install/unitree_go/include/unitree_go/msg/detail/sport_mode_state__rosidl_typesupport_introspection_cpp.hpp
[4.766s] -- Up-to-date: /home/alireza/thesis1/navigation_go2/go2_ws/install/unitree_go/include/unitree_go/msg/detail/height_map__rosidl_typesupport_introspection_cpp.hpp
[4.766s] -- Up-to-date: /home/alireza/thesis1/navigation_go2/go2_ws/install/unitree_go/include/unitree_go/msg/detail/uwb_state__rosidl_typesupport_introspection_cpp.hpp
[4.766s] -- Up-to-date: /home/alireza/thesis1/navigation_go2/go2_ws/install/unitree_go/include/unitree_go/msg/detail/interface_config__rosidl_typesupport_introspection_cpp.hpp
[4.766s] -- Up-to-date: /home/alireza/thesis1/navigation_go2/go2_ws/install/unitree_go/include/unitree_go/msg/detail/motor_cmds__type_support.cpp
[4.767s] -- Up-to-date: /home/alireza/thesis1/navigation_go2/go2_ws/install/unitree_go/include/unitree_go/msg/detail/go2_front_video_data__rosidl_typesupport_introspection_cpp.hpp
[4.767s] -- Up-to-date: /home/alireza/thesis1/navigation_go2/go2_ws/install/unitree_go/include/unitree_go/msg/detail/time_spec__type_support.cpp
[4.767s] -- Up-to-date: /home/alireza/thesis1/navigation_go2/go2_ws/install/unitree_go/include/unitree_go/msg/detail/go2_front_video_data__type_support.cpp
[4.768s] -- Up-to-date: /home/alireza/thesis1/navigation_go2/go2_ws/install/unitree_go/include/unitree_go/msg/detail/bms_cmd__rosidl_typesupport_introspection_cpp.hpp
[4.768s] -- Up-to-date: /home/alireza/thesis1/navigation_go2/go2_ws/install/unitree_go/include/unitree_go/msg/detail/bms_state__type_support.cpp
[4.768s] -- Up-to-date: /home/alireza/thesis1/navigation_go2/go2_ws/install/unitree_go/include/unitree_go/msg/detail/motor_states__type_support.cpp
[4.768s] -- Up-to-date: /home/alireza/thesis1/navigation_go2/go2_ws/install/unitree_go/include/unitree_go/msg/detail/imu_state__rosidl_typesupport_introspection_cpp.hpp
[4.768s] -- Up-to-date: /home/alireza/thesis1/navigation_go2/go2_ws/install/unitree_go/include/unitree_go/msg/detail/path_point__rosidl_typesupport_introspection_cpp.hpp
[4.769s] -- Up-to-date: /home/alireza/thesis1/navigation_go2/go2_ws/install/unitree_go/include/unitree_go/msg/detail/lidar_state__type_support.cpp
[4.769s] -- Up-to-date: /home/alireza/thesis1/navigation_go2/go2_ws/install/unitree_go/include/unitree_go/msg/detail/uwb_switch__rosidl_typesupport_introspection_cpp.hpp
[4.769s] -- Up-to-date: /home/alireza/thesis1/navigation_go2/go2_ws/install/unitree_go/include/unitree_go/msg/detail/bms_cmd__type_support.cpp
[4.769s] -- Up-to-date: /home/alireza/thesis1/navigation_go2/go2_ws/install/unitree_go/include/unitree_go/msg/detail/motor_cmds__rosidl_typesupport_introspection_cpp.hpp
[4.769s] -- Up-to-date: /home/alireza/thesis1/navigation_go2/go2_ws/install/unitree_go/include/unitree_go/msg/detail/lidar_state__rosidl_typesupport_introspection_cpp.hpp
[4.769s] -- Up-to-date: /home/alireza/thesis1/navigation_go2/go2_ws/install/unitree_go/include/unitree_go/msg/detail/uwb_switch__type_support.cpp
[4.769s] -- Up-to-date: /home/alireza/thesis1/navigation_go2/go2_ws/install/unitree_go/include/unitree_go/msg/detail/error__type_support.cpp
[4.769s] -- Up-to-date: /home/alireza/thesis1/navigation_go2/go2_ws/install/unitree_go/include/unitree_go/msg/detail/imu_state__type_support.cpp
[4.770s] -- Up-to-date: /home/alireza/thesis1/navigation_go2/go2_ws/install/unitree_go/include/unitree_go/msg/detail/low_cmd__rosidl_typesupport_introspection_cpp.hpp
[4.770s] -- Up-to-date: /home/alireza/thesis1/navigation_go2/go2_ws/install/unitree_go/include/unitree_go/msg/detail/low_state__rosidl_typesupport_introspection_cpp.hpp
[4.770s] -- Up-to-date: /home/alireza/thesis1/navigation_go2/go2_ws/install/unitree_go/include/unitree_go/msg/detail/interface_config__type_support.cpp
[4.770s] -- Up-to-date: /home/alireza/thesis1/navigation_go2/go2_ws/install/unitree_go/include/unitree_go/msg/detail/audio_data__rosidl_typesupport_introspection_cpp.hpp
[4.770s] -- Up-to-date: /home/alireza/thesis1/navigation_go2/go2_ws/install/unitree_go/include/unitree_go/msg/detail/req__rosidl_typesupport_introspection_cpp.hpp
[4.770s] -- Up-to-date: /home/alireza/thesis1/navigation_go2/go2_ws/install/unitree_go/include/unitree_go/msg/detail/wireless_controller__type_support.cpp
[4.770s] -- Up-to-date: /home/alireza/thesis1/navigation_go2/go2_ws/install/unitree_go/include/unitree_go/msg/detail/path_point__type_support.cpp
[4.770s] -- Up-to-date: /home/alireza/thesis1/navigation_go2/go2_ws/install/unitree_go/include/unitree_go/msg/detail/motor_cmd__rosidl_typesupport_introspection_cpp.hpp
[4.771s] -- Up-to-date: /home/alireza/thesis1/navigation_go2/go2_ws/install/unitree_go/lib/libunitree_go__rosidl_typesupport_introspection_cpp.so
[4.771s] -- Up-to-date: /home/alireza/thesis1/navigation_go2/go2_ws/install/unitree_go/lib/libunitree_go__rosidl_typesupport_cpp.so
[4.771s] -- Up-to-date: /home/alireza/thesis1/navigation_go2/go2_ws/install/unitree_go/share/unitree_go/environment/pythonpath.sh
[4.771s] -- Installing: /home/alireza/thesis1/navigation_go2/go2_ws/install/unitree_go/share/unitree_go/environment/pythonpath.dsv
[4.771s] -- Installing: /home/alireza/thesis1/navigation_go2/go2_ws/install/unitree_go/lib/python3.8/site-packages/unitree_go/__init__.py
[4.771s] Compiling '/home/alireza/thesis1/navigation_go2/go2_ws/install/unitree_go/lib/python3.8/site-packages/unitree_go/__init__.py'...
[4.771s] -- Up-to-date: /home/alireza/thesis1/navigation_go2/go2_ws/install/unitree_go/lib/python3.8/site-packages/unitree_go/msg
[4.772s] -- Up-to-date: /home/alireza/thesis1/navigation_go2/go2_ws/install/unitree_go/lib/python3.8/site-packages/unitree_go/msg/_height_map.py
[4.772s] -- Up-to-date: /home/alireza/thesis1/navigation_go2/go2_ws/install/unitree_go/lib/python3.8/site-packages/unitree_go/msg/_audio_data.py
[4.772s] -- Up-to-date: /home/alireza/thesis1/navigation_go2/go2_ws/install/unitree_go/lib/python3.8/site-packages/unitree_go/msg/_uwb_state_s.c
[4.772s] -- Up-to-date: /home/alireza/thesis1/navigation_go2/go2_ws/install/unitree_go/lib/python3.8/site-packages/unitree_go/msg/_go2_front_video_data_s.c
[4.772s] -- Up-to-date: /home/alireza/thesis1/navigation_go2/go2_ws/install/unitree_go/lib/python3.8/site-packages/unitree_go/msg/_error_s.c
[4.773s] -- Up-to-date: /home/alireza/thesis1/navigation_go2/go2_ws/install/unitree_go/lib/python3.8/site-packages/unitree_go/msg/_low_cmd_s.c
[4.773s] -- Up-to-date: /home/alireza/thesis1/navigation_go2/go2_ws/install/unitree_go/lib/python3.8/site-packages/unitree_go/msg/_wireless_controller_s.c
[4.773s] -- Up-to-date: /home/alireza/thesis1/navigation_go2/go2_ws/install/unitree_go/lib/python3.8/site-packages/unitree_go/msg/_sport_mode_state_s.c
[4.773s] -- Up-to-date: /home/alireza/thesis1/navigation_go2/go2_ws/install/unitree_go/lib/python3.8/site-packages/unitree_go/msg/_motor_cmd.py
[4.774s] -- Up-to-date: /home/alireza/thesis1/navigation_go2/go2_ws/install/unitree_go/lib/python3.8/site-packages/unitree_go/msg/_go2_front_video_data.py
[4.774s] -- Up-to-date: /home/alireza/thesis1/navigation_go2/go2_ws/install/unitree_go/lib/python3.8/site-packages/unitree_go/msg/_imu_state.py
[4.774s] -- Up-to-date: /home/alireza/thesis1/navigation_go2/go2_ws/install/unitree_go/lib/python3.8/site-packages/unitree_go/msg/_uwb_state.py
[4.774s] -- Up-to-date: /home/alireza/thesis1/navigation_go2/go2_ws/install/unitree_go/lib/python3.8/site-packages/unitree_go/msg/_sport_mode_cmd_s.c
[4.774s] -- Up-to-date: /home/alireza/thesis1/navigation_go2/go2_ws/install/unitree_go/lib/python3.8/site-packages/unitree_go/msg/_motor_state.py
[4.774s] -- Up-to-date: /home/alireza/thesis1/navigation_go2/go2_ws/install/unitree_go/lib/python3.8/site-packages/unitree_go/msg/_imu_state_s.c
[4.774s] -- Up-to-date: /home/alireza/thesis1/navigation_go2/go2_ws/install/unitree_go/lib/python3.8/site-packages/unitree_go/msg/__init__.py
[4.774s] -- Up-to-date: /home/alireza/thesis1/navigation_go2/go2_ws/install/unitree_go/lib/python3.8/site-packages/unitree_go/msg/_motor_cmds.py
[4.775s] -- Up-to-date: /home/alireza/thesis1/navigation_go2/go2_ws/install/unitree_go/lib/python3.8/site-packages/unitree_go/msg/_bms_cmd_s.c
[4.775s] -- Up-to-date: /home/alireza/thesis1/navigation_go2/go2_ws/install/unitree_go/lib/python3.8/site-packages/unitree_go/msg/_req_s.c
[4.775s] -- Up-to-date: /home/alireza/thesis1/navigation_go2/go2_ws/install/unitree_go/lib/python3.8/site-packages/unitree_go/msg/_sport_mode_state.py
[4.775s] -- Up-to-date: /home/alireza/thesis1/navigation_go2/go2_ws/install/unitree_go/lib/python3.8/site-packages/unitree_go/msg/_res.py
[4.775s] -- Up-to-date: /home/alireza/thesis1/navigation_go2/go2_ws/install/unitree_go/lib/python3.8/site-packages/unitree_go/msg/_req.py
[4.775s] -- Up-to-date: /home/alireza/thesis1/navigation_go2/go2_ws/install/unitree_go/lib/python3.8/site-packages/unitree_go/msg/_motor_cmd_s.c
[4.776s] -- Up-to-date: /home/alireza/thesis1/navigation_go2/go2_ws/install/unitree_go/lib/python3.8/site-packages/unitree_go/msg/_low_state.py
[4.776s] -- Up-to-date: /home/alireza/thesis1/navigation_go2/go2_ws/install/unitree_go/lib/python3.8/site-packages/unitree_go/msg/_sport_mode_cmd.py
[4.776s] -- Up-to-date: /home/alireza/thesis1/navigation_go2/go2_ws/install/unitree_go/lib/python3.8/site-packages/unitree_go/msg/_uwb_switch.py
[4.776s] -- Up-to-date: /home/alireza/thesis1/navigation_go2/go2_ws/install/unitree_go/lib/python3.8/site-packages/unitree_go/msg/_low_cmd.py
[4.776s] -- Up-to-date: /home/alireza/thesis1/navigation_go2/go2_ws/install/unitree_go/lib/python3.8/site-packages/unitree_go/msg/_interface_config.py
[4.776s] -- Up-to-date: /home/alireza/thesis1/navigation_go2/go2_ws/install/unitree_go/lib/python3.8/site-packages/unitree_go/msg/_motor_states_s.c
[4.776s] -- Up-to-date: /home/alireza/thesis1/navigation_go2/go2_ws/install/unitree_go/lib/python3.8/site-packages/unitree_go/msg/_height_map_s.c
[4.777s] -- Up-to-date: /home/alireza/thesis1/navigation_go2/go2_ws/install/unitree_go/lib/python3.8/site-packages/unitree_go/msg/_bms_state_s.c
[4.777s] -- Up-to-date: /home/alireza/thesis1/navigation_go2/go2_ws/install/unitree_go/lib/python3.8/site-packages/unitree_go/msg/_error.py
[4.777s] -- Up-to-date: /home/alireza/thesis1/navigation_go2/go2_ws/install/unitree_go/lib/python3.8/site-packages/unitree_go/msg/_motor_state_s.c
[4.777s] -- Up-to-date: /home/alireza/thesis1/navigation_go2/go2_ws/install/unitree_go/lib/python3.8/site-packages/unitree_go/msg/_lidar_state.py
[4.777s] -- Up-to-date: /home/alireza/thesis1/navigation_go2/go2_ws/install/unitree_go/lib/python3.8/site-packages/unitree_go/msg/_motor_cmds_s.c
[4.777s] -- Up-to-date: /home/alireza/thesis1/navigation_go2/go2_ws/install/unitree_go/lib/python3.8/site-packages/unitree_go/msg/_wireless_controller.py
[4.777s] -- Up-to-date: /home/alireza/thesis1/navigation_go2/go2_ws/install/unitree_go/lib/python3.8/site-packages/unitree_go/msg/_lidar_state_s.c
[4.777s] -- Up-to-date: /home/alireza/thesis1/navigation_go2/go2_ws/install/unitree_go/lib/python3.8/site-packages/unitree_go/msg/_time_spec_s.c
[4.778s] -- Up-to-date: /home/alireza/thesis1/navigation_go2/go2_ws/install/unitree_go/lib/python3.8/site-packages/unitree_go/msg/_uwb_switch_s.c
[4.778s] -- Up-to-date: /home/alireza/thesis1/navigation_go2/go2_ws/install/unitree_go/lib/python3.8/site-packages/unitree_go/msg/_time_spec.py
[4.778s] -- Up-to-date: /home/alireza/thesis1/navigation_go2/go2_ws/install/unitree_go/lib/python3.8/site-packages/unitree_go/msg/_res_s.c
[4.778s] -- Up-to-date: /home/alireza/thesis1/navigation_go2/go2_ws/install/unitree_go/lib/python3.8/site-packages/unitree_go/msg/_bms_state.py
[4.779s] -- Up-to-date: /home/alireza/thesis1/navigation_go2/go2_ws/install/unitree_go/lib/python3.8/site-packages/unitree_go/msg/_path_point.py
[4.779s] -- Up-to-date: /home/alireza/thesis1/navigation_go2/go2_ws/install/unitree_go/lib/python3.8/site-packages/unitree_go/msg/_audio_data_s.c
[4.779s] -- Up-to-date: /home/alireza/thesis1/navigation_go2/go2_ws/install/unitree_go/lib/python3.8/site-packages/unitree_go/msg/_motor_states.py
[4.779s] -- Up-to-date: /home/alireza/thesis1/navigation_go2/go2_ws/install/unitree_go/lib/python3.8/site-packages/unitree_go/msg/_path_point_s.c
[4.779s] -- Up-to-date: /home/alireza/thesis1/navigation_go2/go2_ws/install/unitree_go/lib/python3.8/site-packages/unitree_go/msg/_bms_cmd.py
[4.779s] -- Up-to-date: /home/alireza/thesis1/navigation_go2/go2_ws/install/unitree_go/lib/python3.8/site-packages/unitree_go/msg/_interface_config_s.c
[4.779s] -- Up-to-date: /home/alireza/thesis1/navigation_go2/go2_ws/install/unitree_go/lib/python3.8/site-packages/unitree_go/msg/_low_state_s.c
[4.779s] -- Up-to-date: /home/alireza/thesis1/navigation_go2/go2_ws/install/unitree_go/lib/python3.8/site-packages/unitree_go/unitree_go_s__rosidl_typesupport_fastrtps_c.cpython-38-x86_64-linux-gnu.so
[4.780s] -- Up-to-date: /home/alireza/thesis1/navigation_go2/go2_ws/install/unitree_go/lib/python3.8/site-packages/unitree_go/unitree_go_s__rosidl_typesupport_introspection_c.cpython-38-x86_64-linux-gnu.so
[4.780s] -- Up-to-date: /home/alireza/thesis1/navigation_go2/go2_ws/install/unitree_go/lib/python3.8/site-packages/unitree_go/unitree_go_s__rosidl_typesupport_c.cpython-38-x86_64-linux-gnu.so
[4.780s] -- Up-to-date: /home/alireza/thesis1/navigation_go2/go2_ws/install/unitree_go/lib/libunitree_go__python.so
[4.780s] -- Up-to-date: /home/alireza/thesis1/navigation_go2/go2_ws/install/unitree_go/share/unitree_go/msg/AudioData.idl
[4.780s] -- Up-to-date: /home/alireza/thesis1/navigation_go2/go2_ws/install/unitree_go/share/unitree_go/msg/BmsCmd.idl
[4.780s] -- Up-to-date: /home/alireza/thesis1/navigation_go2/go2_ws/install/unitree_go/share/unitree_go/msg/BmsState.idl
[4.780s] -- Up-to-date: /home/alireza/thesis1/navigation_go2/go2_ws/install/unitree_go/share/unitree_go/msg/Error.idl
[4.780s] -- Up-to-date: /home/alireza/thesis1/navigation_go2/go2_ws/install/unitree_go/share/unitree_go/msg/Go2FrontVideoData.idl
[4.780s] -- Up-to-date: /home/alireza/thesis1/navigation_go2/go2_ws/install/unitree_go/share/unitree_go/msg/HeightMap.idl
[4.780s] -- Up-to-date: /home/alireza/thesis1/navigation_go2/go2_ws/install/unitree_go/share/unitree_go/msg/IMUState.idl
[4.780s] -- Up-to-date: /home/alireza/thesis1/navigation_go2/go2_ws/install/unitree_go/share/unitree_go/msg/InterfaceConfig.idl
[4.780s] -- Up-to-date: /home/alireza/thesis1/navigation_go2/go2_ws/install/unitree_go/share/unitree_go/msg/LidarState.idl
[4.781s] -- Up-to-date: /home/alireza/thesis1/navigation_go2/go2_ws/install/unitree_go/share/unitree_go/msg/LowCmd.idl
[4.781s] -- Up-to-date: /home/alireza/thesis1/navigation_go2/go2_ws/install/unitree_go/share/unitree_go/msg/LowState.idl
[4.781s] -- Up-to-date: /home/alireza/thesis1/navigation_go2/go2_ws/install/unitree_go/share/unitree_go/msg/MotorCmd.idl
[4.781s] -- Up-to-date: /home/alireza/thesis1/navigation_go2/go2_ws/install/unitree_go/share/unitree_go/msg/MotorCmds.idl
[4.781s] -- Up-to-date: /home/alireza/thesis1/navigation_go2/go2_ws/install/unitree_go/share/unitree_go/msg/MotorState.idl
[4.781s] -- Up-to-date: /home/alireza/thesis1/navigation_go2/go2_ws/install/unitree_go/share/unitree_go/msg/MotorStates.idl
[4.781s] -- Up-to-date: /home/alireza/thesis1/navigation_go2/go2_ws/install/unitree_go/share/unitree_go/msg/PathPoint.idl
[4.781s] -- Up-to-date: /home/alireza/thesis1/navigation_go2/go2_ws/install/unitree_go/share/unitree_go/msg/Req.idl
[4.781s] -- Up-to-date: /home/alireza/thesis1/navigation_go2/go2_ws/install/unitree_go/share/unitree_go/msg/Res.idl
[4.781s] -- Up-to-date: /home/alireza/thesis1/navigation_go2/go2_ws/install/unitree_go/share/unitree_go/msg/SportModeCmd.idl
[4.781s] -- Up-to-date: /home/alireza/thesis1/navigation_go2/go2_ws/install/unitree_go/share/unitree_go/msg/SportModeState.idl
[4.782s] -- Up-to-date: /home/alireza/thesis1/navigation_go2/go2_ws/install/unitree_go/share/unitree_go/msg/TimeSpec.idl
[4.782s] -- Up-to-date: /home/alireza/thesis1/navigation_go2/go2_ws/install/unitree_go/share/unitree_go/msg/UwbState.idl
[4.782s] -- Up-to-date: /home/alireza/thesis1/navigation_go2/go2_ws/install/unitree_go/share/unitree_go/msg/UwbSwitch.idl
[4.782s] -- Up-to-date: /home/alireza/thesis1/navigation_go2/go2_ws/install/unitree_go/share/unitree_go/msg/WirelessController.idl
[4.782s] -- Up-to-date: /home/alireza/thesis1/navigation_go2/go2_ws/install/unitree_go/share/unitree_go/msg/AudioData.msg
[4.782s] -- Up-to-date: /home/alireza/thesis1/navigation_go2/go2_ws/install/unitree_go/share/unitree_go/msg/BmsCmd.msg
[4.782s] -- Up-to-date: /home/alireza/thesis1/navigation_go2/go2_ws/install/unitree_go/share/unitree_go/msg/BmsState.msg
[4.782s] -- Up-to-date: /home/alireza/thesis1/navigation_go2/go2_ws/install/unitree_go/share/unitree_go/msg/Error.msg
[4.782s] -- Up-to-date: /home/alireza/thesis1/navigation_go2/go2_ws/install/unitree_go/share/unitree_go/msg/Go2FrontVideoData.msg
[4.782s] -- Up-to-date: /home/alireza/thesis1/navigation_go2/go2_ws/install/unitree_go/share/unitree_go/msg/HeightMap.msg
[4.782s] -- Up-to-date: /home/alireza/thesis1/navigation_go2/go2_ws/install/unitree_go/share/unitree_go/msg/IMUState.msg
[4.783s] -- Up-to-date: /home/alireza/thesis1/navigation_go2/go2_ws/install/unitree_go/share/unitree_go/msg/InterfaceConfig.msg
[4.783s] -- Up-to-date: /home/alireza/thesis1/navigation_go2/go2_ws/install/unitree_go/share/unitree_go/msg/LidarState.msg
[4.783s] -- Up-to-date: /home/alireza/thesis1/navigation_go2/go2_ws/install/unitree_go/share/unitree_go/msg/LowCmd.msg
[4.783s] -- Up-to-date: /home/alireza/thesis1/navigation_go2/go2_ws/install/unitree_go/share/unitree_go/msg/LowState.msg
[4.783s] -- Up-to-date: /home/alireza/thesis1/navigation_go2/go2_ws/install/unitree_go/share/unitree_go/msg/MotorCmd.msg
[4.783s] -- Up-to-date: /home/alireza/thesis1/navigation_go2/go2_ws/install/unitree_go/share/unitree_go/msg/MotorCmds.msg
[4.783s] -- Up-to-date: /home/alireza/thesis1/navigation_go2/go2_ws/install/unitree_go/share/unitree_go/msg/MotorState.msg
[4.783s] -- Up-to-date: /home/alireza/thesis1/navigation_go2/go2_ws/install/unitree_go/share/unitree_go/msg/MotorStates.msg
[4.784s] -- Up-to-date: /home/alireza/thesis1/navigation_go2/go2_ws/install/unitree_go/share/unitree_go/msg/PathPoint.msg
[4.784s] -- Up-to-date: /home/alireza/thesis1/navigation_go2/go2_ws/install/unitree_go/share/unitree_go/msg/Req.msg
[4.784s] -- Up-to-date: /home/alireza/thesis1/navigation_go2/go2_ws/install/unitree_go/share/unitree_go/msg/Res.msg
[4.784s] -- Up-to-date: /home/alireza/thesis1/navigation_go2/go2_ws/install/unitree_go/share/unitree_go/msg/SportModeCmd.msg
[4.784s] -- Up-to-date: /home/alireza/thesis1/navigation_go2/go2_ws/install/unitree_go/share/unitree_go/msg/SportModeState.msg
[4.784s] -- Up-to-date: /home/alireza/thesis1/navigation_go2/go2_ws/install/unitree_go/share/unitree_go/msg/TimeSpec.msg
[4.784s] -- Up-to-date: /home/alireza/thesis1/navigation_go2/go2_ws/install/unitree_go/share/unitree_go/msg/UwbState.msg
[4.784s] -- Up-to-date: /home/alireza/thesis1/navigation_go2/go2_ws/install/unitree_go/share/unitree_go/msg/UwbSwitch.msg
[4.784s] -- Up-to-date: /home/alireza/thesis1/navigation_go2/go2_ws/install/unitree_go/share/unitree_go/msg/WirelessController.msg
[4.784s] -- Up-to-date: /home/alireza/thesis1/navigation_go2/go2_ws/install/unitree_go/share/ament_index/resource_index/package_run_dependencies/unitree_go
[4.784s] -- Installing: /home/alireza/thesis1/navigation_go2/go2_ws/install/unitree_go/share/ament_index/resource_index/parent_prefix_path/unitree_go
[4.784s] -- Up-to-date: /home/alireza/thesis1/navigation_go2/go2_ws/install/unitree_go/share/unitree_go/environment/ament_prefix_path.sh
[4.784s] -- Installing: /home/alireza/thesis1/navigation_go2/go2_ws/install/unitree_go/share/unitree_go/environment/ament_prefix_path.dsv
[4.784s] -- Up-to-date: /home/alireza/thesis1/navigation_go2/go2_ws/install/unitree_go/share/unitree_go/environment/path.sh
[4.785s] -- Installing: /home/alireza/thesis1/navigation_go2/go2_ws/install/unitree_go/share/unitree_go/environment/path.dsv
[4.785s] -- Up-to-date: /home/alireza/thesis1/navigation_go2/go2_ws/install/unitree_go/share/unitree_go/local_setup.bash
[4.785s] -- Up-to-date: /home/alireza/thesis1/navigation_go2/go2_ws/install/unitree_go/share/unitree_go/local_setup.sh
[4.785s] -- Up-to-date: /home/alireza/thesis1/navigation_go2/go2_ws/install/unitree_go/share/unitree_go/local_setup.zsh
[4.785s] -- Installing: /home/alireza/thesis1/navigation_go2/go2_ws/install/unitree_go/share/unitree_go/local_setup.dsv
[4.785s] -- Installing: /home/alireza/thesis1/navigation_go2/go2_ws/install/unitree_go/share/unitree_go/package.dsv
[4.785s] -- Up-to-date: /home/alireza/thesis1/navigation_go2/go2_ws/install/unitree_go/share/ament_index/resource_index/packages/unitree_go
[4.785s] -- Up-to-date: /home/alireza/thesis1/navigation_go2/go2_ws/install/unitree_go/share/unitree_go/cmake/unitree_go__rosidl_generator_cExport.cmake
[4.785s] -- Installing: /home/alireza/thesis1/navigation_go2/go2_ws/install/unitree_go/share/unitree_go/cmake/unitree_go__rosidl_generator_cExport-noconfig.cmake
[4.785s] -- Up-to-date: /home/alireza/thesis1/navigation_go2/go2_ws/install/unitree_go/share/unitree_go/cmake/unitree_go__rosidl_typesupport_introspection_cExport.cmake
[4.785s] -- Installing: /home/alireza/thesis1/navigation_go2/go2_ws/install/unitree_go/share/unitree_go/cmake/unitree_go__rosidl_typesupport_introspection_cExport-noconfig.cmake
[4.785s] -- Up-to-date: /home/alireza/thesis1/navigation_go2/go2_ws/install/unitree_go/share/unitree_go/cmake/unitree_go__rosidl_typesupport_cExport.cmake
[4.785s] -- Installing: /home/alireza/thesis1/navigation_go2/go2_ws/install/unitree_go/share/unitree_go/cmake/unitree_go__rosidl_typesupport_cExport-noconfig.cmake
[4.785s] -- Up-to-date: /home/alireza/thesis1/navigation_go2/go2_ws/install/unitree_go/share/unitree_go/cmake/unitree_go__rosidl_generator_cppExport.cmake
[4.786s] -- Up-to-date: /home/alireza/thesis1/navigation_go2/go2_ws/install/unitree_go/share/unitree_go/cmake/unitree_go__rosidl_typesupport_introspection_cppExport.cmake
[4.786s] -- Installing: /home/alireza/thesis1/navigation_go2/go2_ws/install/unitree_go/share/unitree_go/cmake/unitree_go__rosidl_typesupport_introspection_cppExport-noconfig.cmake
[4.786s] -- Up-to-date: /home/alireza/thesis1/navigation_go2/go2_ws/install/unitree_go/share/unitree_go/cmake/unitree_go__rosidl_typesupport_cppExport.cmake
[4.786s] -- Installing: /home/alireza/thesis1/navigation_go2/go2_ws/install/unitree_go/share/unitree_go/cmake/unitree_go__rosidl_typesupport_cppExport-noconfig.cmake
[4.787s] -- Up-to-date: /home/alireza/thesis1/navigation_go2/go2_ws/install/unitree_go/share/unitree_go/cmake/rosidl_cmake-extras.cmake
[4.787s] -- Up-to-date: /home/alireza/thesis1/navigation_go2/go2_ws/install/unitree_go/share/unitree_go/cmake/ament_cmake_export_dependencies-extras.cmake
[4.788s] -- Up-to-date: /home/alireza/thesis1/navigation_go2/go2_ws/install/unitree_go/share/unitree_go/cmake/ament_cmake_export_libraries-extras.cmake
[4.788s] -- Up-to-date: /home/alireza/thesis1/navigation_go2/go2_ws/install/unitree_go/share/unitree_go/cmake/ament_cmake_export_targets-extras.cmake
[4.788s] -- Up-to-date: /home/alireza/thesis1/navigation_go2/go2_ws/install/unitree_go/share/unitree_go/cmake/ament_cmake_export_include_directories-extras.cmake
[4.788s] -- Up-to-date: /home/alireza/thesis1/navigation_go2/go2_ws/install/unitree_go/share/unitree_go/cmake/rosidl_cmake_export_typesupport_libraries-extras.cmake
[4.789s] -- Up-to-date: /home/alireza/thesis1/navigation_go2/go2_ws/install/unitree_go/share/unitree_go/cmake/rosidl_cmake_export_typesupport_targets-extras.cmake
[4.789s] -- Up-to-date: /home/alireza/thesis1/navigation_go2/go2_ws/install/unitree_go/share/unitree_go/cmake/unitree_goConfig.cmake
[4.789s] -- Up-to-date: /home/alireza/thesis1/navigation_go2/go2_ws/install/unitree_go/share/unitree_go/cmake/unitree_goConfig-version.cmake
[4.789s] -- Up-to-date: /home/alireza/thesis1/navigation_go2/go2_ws/install/unitree_go/share/unitree_go/package.xml
[4.789s] Invoked command in '/home/alireza/thesis1/navigation_go2/go2_ws/build/unitree_go' returned '0': CMAKE_PREFIX_PATH=${CMAKE_PREFIX_PATH}:/opt/ros/foxy /usr/bin/cmake --install /home/alireza/thesis1/navigation_go2/go2_ws/build/unitree_go
