[0.067s] Invoking command in '/home/alireza/thesis1/navigation_go2/go2_ws/build/unitree_hg': CMAKE_PREFIX_PATH=/opt/ros/foxy /usr/bin/cmake /home/alireza/thesis1/navigation_go2/go2_ws/src/unitree_hg -DROS_EDITION=ROS2 -DCMAKE_INSTALL_PREFIX=/home/alireza/thesis1/navigation_go2/go2_ws/install/unitree_hg
[0.110s] -- Found ament_cmake: 0.9.12 (/opt/ros/foxy/share/ament_cmake/cmake)
[0.147s] -- Found PythonInterp: /usr/bin/python3 (found suitable version "3.8.10", minimum required is "3") 
[0.150s] -- Using PYTHON_EXECUTABLE: /usr/bin/python3
[0.537s] -- Found geometry_msgs: 2.0.5 (/opt/ros/foxy/share/geometry_msgs/cmake)
[0.585s] -- Using all available rosidl_typesupport_c: rosidl_typesupport_fastrtps_c;rosidl_typesupport_introspection_c
[0.593s] -- Found rosidl_adapter: 1.3.1 (/opt/ros/foxy/share/rosidl_adapter/cmake)
[0.922s] -- Using all available rosidl_typesupport_cpp: rosidl_typesupport_fastrtps_cpp;rosidl_typesupport_introspection_cpp
[1.080s] -- Found rosidl_default_generators: 1.0.1 (/opt/ros/foxy/share/rosidl_default_generators/cmake)
[1.187s] -- Found PythonInterp: /usr/bin/python3 (found version "3.8.10") 
[1.788s] -- Found ament_cmake_ros: 0.9.2 (/opt/ros/foxy/share/ament_cmake_ros/cmake)
[3.528s] -- Using all available rosidl_typesupport_c: rosidl_typesupport_fastrtps_c;rosidl_typesupport_introspection_c
[3.763s] -- Using all available rosidl_typesupport_cpp: rosidl_typesupport_fastrtps_cpp;rosidl_typesupport_introspection_cpp
[3.829s] -- Found PythonInterp: /usr/bin/python3 (found suitable version "3.8.10", minimum required is "3.5") 
[3.831s] -- Found python_cmake_module: 0.8.1 (/opt/ros/foxy/share/python_cmake_module/cmake)
[3.890s] -- Using PYTHON_EXECUTABLE: /usr/bin/python3
[3.890s] -- Using PYTHON_INCLUDE_DIRS: /usr/include/python3.8
[3.890s] -- Using PYTHON_LIBRARIES: /usr/lib/x86_64-linux-gnu/libpython3.8.so
[4.024s] -- Found ament_lint_auto: 0.9.8 (/opt/ros/foxy/share/ament_lint_auto/cmake)
[4.049s] -- Added test 'copyright' to check source files copyright and LICENSE
[4.053s] -- Added test 'lint_cmake' to check CMake code style
[4.055s] -- Added test 'xmllint' to check XML markup files
[4.063s] -- Configuring done
[4.250s] -- Generating done
[4.328s] -- Build files have been written to: /home/alireza/thesis1/navigation_go2/go2_ws/build/unitree_hg
[4.352s] Invoked command in '/home/alireza/thesis1/navigation_go2/go2_ws/build/unitree_hg' returned '0': CMAKE_PREFIX_PATH=/opt/ros/foxy /usr/bin/cmake /home/alireza/thesis1/navigation_go2/go2_ws/src/unitree_hg -DROS_EDITION=ROS2 -DCMAKE_INSTALL_PREFIX=/home/alireza/thesis1/navigation_go2/go2_ws/install/unitree_hg
[4.354s] Invoking command in '/home/alireza/thesis1/navigation_go2/go2_ws/build/unitree_hg': CMAKE_PREFIX_PATH=/opt/ros/foxy /usr/bin/cmake --build /home/alireza/thesis1/navigation_go2/go2_ws/build/unitree_hg -- -j8 -l8
[4.496s] [  0%] Built target unitree_hg__cpp
[4.563s] [ 12%] Built target unitree_hg__rosidl_generator_c
[4.591s] [ 23%] Built target unitree_hg__rosidl_typesupport_fastrtps_cpp
[4.604s] [ 35%] Built target unitree_hg__rosidl_typesupport_cpp
[4.611s] [ 47%] Built target unitree_hg__rosidl_typesupport_introspection_cpp
[4.642s] [ 59%] Built target unitree_hg__rosidl_typesupport_c
[4.664s] [ 71%] Built target unitree_hg__rosidl_typesupport_introspection_c
[4.666s] [ 83%] Built target unitree_hg__rosidl_typesupport_fastrtps_c
[4.707s] [ 83%] Built target unitree_hg
[4.778s] [ 84%] Built target unitree_hg__py
[4.840s] [ 95%] Built target unitree_hg__python
[4.927s] [ 96%] Built target unitree_hg__rosidl_typesupport_c__pyext
[4.934s] [ 98%] Built target unitree_hg__rosidl_typesupport_introspection_c__pyext
[4.950s] [100%] Built target unitree_hg__rosidl_typesupport_fastrtps_c__pyext
[5.098s] Invoked command in '/home/alireza/thesis1/navigation_go2/go2_ws/build/unitree_hg' returned '0': CMAKE_PREFIX_PATH=/opt/ros/foxy /usr/bin/cmake --build /home/alireza/thesis1/navigation_go2/go2_ws/build/unitree_hg -- -j8 -l8
[5.105s] Invoking command in '/home/alireza/thesis1/navigation_go2/go2_ws/build/unitree_hg': CMAKE_PREFIX_PATH=/opt/ros/foxy /usr/bin/cmake --install /home/alireza/thesis1/navigation_go2/go2_ws/build/unitree_hg
[5.299s] -- Install configuration: ""
[5.299s] -- Up-to-date: /home/alireza/thesis1/navigation_go2/go2_ws/install/unitree_hg/share/ament_index/resource_index/rosidl_interfaces/unitree_hg
[5.300s] -- Up-to-date: /home/alireza/thesis1/navigation_go2/go2_ws/install/unitree_hg/include/unitree_hg
[5.300s] -- Up-to-date: /home/alireza/thesis1/navigation_go2/go2_ws/install/unitree_hg/include/unitree_hg/msg
[5.301s] -- Up-to-date: /home/alireza/thesis1/navigation_go2/go2_ws/install/unitree_hg/include/unitree_hg/msg/press_sensor_state.h
[5.301s] -- Up-to-date: /home/alireza/thesis1/navigation_go2/go2_ws/install/unitree_hg/include/unitree_hg/msg/motor_state.h
[5.301s] -- Up-to-date: /home/alireza/thesis1/navigation_go2/go2_ws/install/unitree_hg/include/unitree_hg/msg/hand_state.h
[5.302s] -- Up-to-date: /home/alireza/thesis1/navigation_go2/go2_ws/install/unitree_hg/include/unitree_hg/msg/bms_state.h
[5.302s] -- Up-to-date: /home/alireza/thesis1/navigation_go2/go2_ws/install/unitree_hg/include/unitree_hg/msg/motor_cmd.h
[5.303s] -- Up-to-date: /home/alireza/thesis1/navigation_go2/go2_ws/install/unitree_hg/include/unitree_hg/msg/imu_state.h
[5.303s] -- Up-to-date: /home/alireza/thesis1/navigation_go2/go2_ws/install/unitree_hg/include/unitree_hg/msg/low_state.h
[5.304s] -- Up-to-date: /home/alireza/thesis1/navigation_go2/go2_ws/install/unitree_hg/include/unitree_hg/msg/detail
[5.304s] -- Up-to-date: /home/alireza/thesis1/navigation_go2/go2_ws/install/unitree_hg/include/unitree_hg/msg/detail/imu_state__struct.h
[5.305s] -- Up-to-date: /home/alireza/thesis1/navigation_go2/go2_ws/install/unitree_hg/include/unitree_hg/msg/detail/main_board_state__functions.c
[5.305s] -- Up-to-date: /home/alireza/thesis1/navigation_go2/go2_ws/install/unitree_hg/include/unitree_hg/msg/detail/motor_state__functions.h
[5.307s] -- Up-to-date: /home/alireza/thesis1/navigation_go2/go2_ws/install/unitree_hg/include/unitree_hg/msg/detail/bms_state__functions.h
[5.307s] -- Up-to-date: /home/alireza/thesis1/navigation_go2/go2_ws/install/unitree_hg/include/unitree_hg/msg/detail/hand_cmd__functions.c
[5.308s] -- Up-to-date: /home/alireza/thesis1/navigation_go2/go2_ws/install/unitree_hg/include/unitree_hg/msg/detail/bms_state__functions.c
[5.308s] -- Up-to-date: /home/alireza/thesis1/navigation_go2/go2_ws/install/unitree_hg/include/unitree_hg/msg/detail/bms_cmd__struct.h
[5.309s] -- Up-to-date: /home/alireza/thesis1/navigation_go2/go2_ws/install/unitree_hg/include/unitree_hg/msg/detail/motor_state__struct.h
[5.309s] -- Up-to-date: /home/alireza/thesis1/navigation_go2/go2_ws/install/unitree_hg/include/unitree_hg/msg/detail/motor_cmd__functions.c
[5.313s] -- Up-to-date: /home/alireza/thesis1/navigation_go2/go2_ws/install/unitree_hg/include/unitree_hg/msg/detail/press_sensor_state__type_support.h
[5.314s] -- Up-to-date: /home/alireza/thesis1/navigation_go2/go2_ws/install/unitree_hg/include/unitree_hg/msg/detail/main_board_state__type_support.h
[5.314s] -- Up-to-date: /home/alireza/thesis1/navigation_go2/go2_ws/install/unitree_hg/include/unitree_hg/msg/detail/motor_state__type_support.h
[5.315s] -- Up-to-date: /home/alireza/thesis1/navigation_go2/go2_ws/install/unitree_hg/include/unitree_hg/msg/detail/press_sensor_state__functions.h
[5.315s] -- Up-to-date: /home/alireza/thesis1/navigation_go2/go2_ws/install/unitree_hg/include/unitree_hg/msg/detail/low_cmd__functions.c
[5.316s] -- Up-to-date: /home/alireza/thesis1/navigation_go2/go2_ws/install/unitree_hg/include/unitree_hg/msg/detail/hand_cmd__struct.h
[5.316s] -- Up-to-date: /home/alireza/thesis1/navigation_go2/go2_ws/install/unitree_hg/include/unitree_hg/msg/detail/hand_state__type_support.h
[5.317s] -- Up-to-date: /home/alireza/thesis1/navigation_go2/go2_ws/install/unitree_hg/include/unitree_hg/msg/detail/motor_cmd__struct.h
[5.317s] -- Up-to-date: /home/alireza/thesis1/navigation_go2/go2_ws/install/unitree_hg/include/unitree_hg/msg/detail/low_state__functions.c
[5.318s] -- Up-to-date: /home/alireza/thesis1/navigation_go2/go2_ws/install/unitree_hg/include/unitree_hg/msg/detail/motor_cmd__functions.h
[5.318s] -- Up-to-date: /home/alireza/thesis1/navigation_go2/go2_ws/install/unitree_hg/include/unitree_hg/msg/detail/low_state__functions.h
[5.319s] -- Up-to-date: /home/alireza/thesis1/navigation_go2/go2_ws/install/unitree_hg/include/unitree_hg/msg/detail/imu_state__functions.h
[5.320s] -- Up-to-date: /home/alireza/thesis1/navigation_go2/go2_ws/install/unitree_hg/include/unitree_hg/msg/detail/press_sensor_state__struct.h
[5.320s] -- Up-to-date: /home/alireza/thesis1/navigation_go2/go2_ws/install/unitree_hg/include/unitree_hg/msg/detail/bms_state__type_support.h
[5.321s] -- Up-to-date: /home/alireza/thesis1/navigation_go2/go2_ws/install/unitree_hg/include/unitree_hg/msg/detail/hand_cmd__type_support.h
[5.321s] -- Up-to-date: /home/alireza/thesis1/navigation_go2/go2_ws/install/unitree_hg/include/unitree_hg/msg/detail/hand_state__struct.h
[5.321s] -- Up-to-date: /home/alireza/thesis1/navigation_go2/go2_ws/install/unitree_hg/include/unitree_hg/msg/detail/imu_state__functions.c
[5.322s] -- Up-to-date: /home/alireza/thesis1/navigation_go2/go2_ws/install/unitree_hg/include/unitree_hg/msg/detail/main_board_state__functions.h
[5.322s] -- Up-to-date: /home/alireza/thesis1/navigation_go2/go2_ws/install/unitree_hg/include/unitree_hg/msg/detail/hand_state__functions.c
[5.323s] -- Up-to-date: /home/alireza/thesis1/navigation_go2/go2_ws/install/unitree_hg/include/unitree_hg/msg/detail/hand_state__functions.h
[5.323s] -- Up-to-date: /home/alireza/thesis1/navigation_go2/go2_ws/install/unitree_hg/include/unitree_hg/msg/detail/imu_state__type_support.h
[5.324s] -- Up-to-date: /home/alireza/thesis1/navigation_go2/go2_ws/install/unitree_hg/include/unitree_hg/msg/detail/press_sensor_state__functions.c
[5.324s] -- Up-to-date: /home/alireza/thesis1/navigation_go2/go2_ws/install/unitree_hg/include/unitree_hg/msg/detail/motor_cmd__type_support.h
[5.325s] -- Up-to-date: /home/alireza/thesis1/navigation_go2/go2_ws/install/unitree_hg/include/unitree_hg/msg/detail/low_cmd__type_support.h
[5.325s] -- Up-to-date: /home/alireza/thesis1/navigation_go2/go2_ws/install/unitree_hg/include/unitree_hg/msg/detail/bms_state__struct.h
[5.326s] -- Up-to-date: /home/alireza/thesis1/navigation_go2/go2_ws/install/unitree_hg/include/unitree_hg/msg/detail/low_cmd__struct.h
[5.326s] -- Up-to-date: /home/alireza/thesis1/navigation_go2/go2_ws/install/unitree_hg/include/unitree_hg/msg/detail/hand_cmd__functions.h
[5.327s] -- Up-to-date: /home/alireza/thesis1/navigation_go2/go2_ws/install/unitree_hg/include/unitree_hg/msg/detail/low_state__struct.h
[5.327s] -- Up-to-date: /home/alireza/thesis1/navigation_go2/go2_ws/install/unitree_hg/include/unitree_hg/msg/detail/bms_cmd__functions.c
[5.327s] -- Up-to-date: /home/alireza/thesis1/navigation_go2/go2_ws/install/unitree_hg/include/unitree_hg/msg/detail/low_cmd__functions.h
[5.328s] -- Up-to-date: /home/alireza/thesis1/navigation_go2/go2_ws/install/unitree_hg/include/unitree_hg/msg/detail/bms_cmd__functions.h
[5.328s] -- Up-to-date: /home/alireza/thesis1/navigation_go2/go2_ws/install/unitree_hg/include/unitree_hg/msg/detail/bms_cmd__type_support.h
[5.329s] -- Up-to-date: /home/alireza/thesis1/navigation_go2/go2_ws/install/unitree_hg/include/unitree_hg/msg/detail/motor_state__functions.c
[5.329s] -- Up-to-date: /home/alireza/thesis1/navigation_go2/go2_ws/install/unitree_hg/include/unitree_hg/msg/detail/low_state__type_support.h
[5.330s] -- Up-to-date: /home/alireza/thesis1/navigation_go2/go2_ws/install/unitree_hg/include/unitree_hg/msg/detail/main_board_state__struct.h
[5.330s] -- Up-to-date: /home/alireza/thesis1/navigation_go2/go2_ws/install/unitree_hg/include/unitree_hg/msg/main_board_state.h
[5.331s] -- Up-to-date: /home/alireza/thesis1/navigation_go2/go2_ws/install/unitree_hg/include/unitree_hg/msg/bms_cmd.h
[5.331s] -- Up-to-date: /home/alireza/thesis1/navigation_go2/go2_ws/install/unitree_hg/include/unitree_hg/msg/low_cmd.h
[5.332s] -- Up-to-date: /home/alireza/thesis1/navigation_go2/go2_ws/install/unitree_hg/include/unitree_hg/msg/rosidl_generator_c__visibility_control.h
[5.332s] -- Up-to-date: /home/alireza/thesis1/navigation_go2/go2_ws/install/unitree_hg/include/unitree_hg/msg/hand_cmd.h
[5.334s] -- Up-to-date: /home/alireza/thesis1/navigation_go2/go2_ws/install/unitree_hg/share/unitree_hg/environment/library_path.sh
[5.334s] -- Installing: /home/alireza/thesis1/navigation_go2/go2_ws/install/unitree_hg/share/unitree_hg/environment/library_path.dsv
[5.336s] -- Up-to-date: /home/alireza/thesis1/navigation_go2/go2_ws/install/unitree_hg/lib/libunitree_hg__rosidl_generator_c.so
[5.337s] -- Up-to-date: /home/alireza/thesis1/navigation_go2/go2_ws/install/unitree_hg/include/unitree_hg
[5.337s] -- Up-to-date: /home/alireza/thesis1/navigation_go2/go2_ws/install/unitree_hg/include/unitree_hg/msg
[5.338s] -- Up-to-date: /home/alireza/thesis1/navigation_go2/go2_ws/install/unitree_hg/include/unitree_hg/msg/detail
[5.338s] -- Up-to-date: /home/alireza/thesis1/navigation_go2/go2_ws/install/unitree_hg/include/unitree_hg/msg/detail/imu_state__rosidl_typesupport_fastrtps_c.h
[5.339s] -- Up-to-date: /home/alireza/thesis1/navigation_go2/go2_ws/install/unitree_hg/include/unitree_hg/msg/detail/hand_state__rosidl_typesupport_fastrtps_c.h
[5.339s] -- Up-to-date: /home/alireza/thesis1/navigation_go2/go2_ws/install/unitree_hg/include/unitree_hg/msg/detail/motor_cmd__rosidl_typesupport_fastrtps_c.h
[5.339s] -- Up-to-date: /home/alireza/thesis1/navigation_go2/go2_ws/install/unitree_hg/include/unitree_hg/msg/detail/press_sensor_state__rosidl_typesupport_fastrtps_c.h
[5.340s] -- Up-to-date: /home/alireza/thesis1/navigation_go2/go2_ws/install/unitree_hg/include/unitree_hg/msg/detail/hand_cmd__rosidl_typesupport_fastrtps_c.h
[5.340s] -- Up-to-date: /home/alireza/thesis1/navigation_go2/go2_ws/install/unitree_hg/include/unitree_hg/msg/detail/low_cmd__rosidl_typesupport_fastrtps_c.h
[5.341s] -- Up-to-date: /home/alireza/thesis1/navigation_go2/go2_ws/install/unitree_hg/include/unitree_hg/msg/detail/low_state__rosidl_typesupport_fastrtps_c.h
[5.341s] -- Up-to-date: /home/alireza/thesis1/navigation_go2/go2_ws/install/unitree_hg/include/unitree_hg/msg/detail/motor_state__rosidl_typesupport_fastrtps_c.h
[5.342s] -- Up-to-date: /home/alireza/thesis1/navigation_go2/go2_ws/install/unitree_hg/include/unitree_hg/msg/detail/bms_state__rosidl_typesupport_fastrtps_c.h
[5.342s] -- Up-to-date: /home/alireza/thesis1/navigation_go2/go2_ws/install/unitree_hg/include/unitree_hg/msg/detail/main_board_state__rosidl_typesupport_fastrtps_c.h
[5.343s] -- Up-to-date: /home/alireza/thesis1/navigation_go2/go2_ws/install/unitree_hg/include/unitree_hg/msg/detail/bms_cmd__rosidl_typesupport_fastrtps_c.h
[5.347s] -- Up-to-date: /home/alireza/thesis1/navigation_go2/go2_ws/install/unitree_hg/include/unitree_hg/msg/rosidl_typesupport_fastrtps_c__visibility_control.h
[5.348s] -- Up-to-date: /home/alireza/thesis1/navigation_go2/go2_ws/install/unitree_hg/lib/libunitree_hg__rosidl_typesupport_fastrtps_c.so
[5.348s] -- Up-to-date: /home/alireza/thesis1/navigation_go2/go2_ws/install/unitree_hg/include/unitree_hg
[5.349s] -- Up-to-date: /home/alireza/thesis1/navigation_go2/go2_ws/install/unitree_hg/include/unitree_hg/msg
[5.349s] -- Up-to-date: /home/alireza/thesis1/navigation_go2/go2_ws/install/unitree_hg/include/unitree_hg/msg/rosidl_typesupport_fastrtps_cpp__visibility_control.h
[5.349s] -- Up-to-date: /home/alireza/thesis1/navigation_go2/go2_ws/install/unitree_hg/include/unitree_hg/msg/detail
[5.350s] -- Up-to-date: /home/alireza/thesis1/navigation_go2/go2_ws/install/unitree_hg/include/unitree_hg/msg/detail/imu_state__rosidl_typesupport_fastrtps_cpp.hpp
[5.350s] -- Up-to-date: /home/alireza/thesis1/navigation_go2/go2_ws/install/unitree_hg/include/unitree_hg/msg/detail/press_sensor_state__rosidl_typesupport_fastrtps_cpp.hpp
[5.351s] -- Up-to-date: /home/alireza/thesis1/navigation_go2/go2_ws/install/unitree_hg/include/unitree_hg/msg/detail/main_board_state__rosidl_typesupport_fastrtps_cpp.hpp
[5.351s] -- Up-to-date: /home/alireza/thesis1/navigation_go2/go2_ws/install/unitree_hg/include/unitree_hg/msg/detail/hand_cmd__rosidl_typesupport_fastrtps_cpp.hpp
[5.352s] -- Up-to-date: /home/alireza/thesis1/navigation_go2/go2_ws/install/unitree_hg/include/unitree_hg/msg/detail/bms_cmd__rosidl_typesupport_fastrtps_cpp.hpp
[5.353s] -- Up-to-date: /home/alireza/thesis1/navigation_go2/go2_ws/install/unitree_hg/include/unitree_hg/msg/detail/motor_state__rosidl_typesupport_fastrtps_cpp.hpp
[5.356s] -- Up-to-date: /home/alireza/thesis1/navigation_go2/go2_ws/install/unitree_hg/include/unitree_hg/msg/detail/bms_state__rosidl_typesupport_fastrtps_cpp.hpp
[5.357s] -- Up-to-date: /home/alireza/thesis1/navigation_go2/go2_ws/install/unitree_hg/include/unitree_hg/msg/detail/motor_cmd__rosidl_typesupport_fastrtps_cpp.hpp
[5.358s] -- Up-to-date: /home/alireza/thesis1/navigation_go2/go2_ws/install/unitree_hg/include/unitree_hg/msg/detail/dds_fastrtps
[5.358s] -- Up-to-date: /home/alireza/thesis1/navigation_go2/go2_ws/install/unitree_hg/include/unitree_hg/msg/detail/low_cmd__rosidl_typesupport_fastrtps_cpp.hpp
[5.359s] -- Up-to-date: /home/alireza/thesis1/navigation_go2/go2_ws/install/unitree_hg/include/unitree_hg/msg/detail/low_state__rosidl_typesupport_fastrtps_cpp.hpp
[5.359s] -- Up-to-date: /home/alireza/thesis1/navigation_go2/go2_ws/install/unitree_hg/include/unitree_hg/msg/detail/hand_state__rosidl_typesupport_fastrtps_cpp.hpp
[5.360s] -- Up-to-date: /home/alireza/thesis1/navigation_go2/go2_ws/install/unitree_hg/lib/libunitree_hg__rosidl_typesupport_fastrtps_cpp.so
[5.360s] -- Up-to-date: /home/alireza/thesis1/navigation_go2/go2_ws/install/unitree_hg/include/unitree_hg
[5.361s] -- Up-to-date: /home/alireza/thesis1/navigation_go2/go2_ws/install/unitree_hg/include/unitree_hg/msg
[5.361s] -- Up-to-date: /home/alireza/thesis1/navigation_go2/go2_ws/install/unitree_hg/include/unitree_hg/msg/rosidl_typesupport_introspection_c__visibility_control.h
[5.362s] -- Up-to-date: /home/alireza/thesis1/navigation_go2/go2_ws/install/unitree_hg/include/unitree_hg/msg/detail
[5.362s] -- Up-to-date: /home/alireza/thesis1/navigation_go2/go2_ws/install/unitree_hg/include/unitree_hg/msg/detail/press_sensor_state__rosidl_typesupport_introspection_c.h
[5.362s] -- Up-to-date: /home/alireza/thesis1/navigation_go2/go2_ws/install/unitree_hg/include/unitree_hg/msg/detail/hand_cmd__rosidl_typesupport_introspection_c.h
[5.363s] -- Up-to-date: /home/alireza/thesis1/navigation_go2/go2_ws/install/unitree_hg/include/unitree_hg/msg/detail/bms_cmd__type_support.c
[5.363s] -- Up-to-date: /home/alireza/thesis1/navigation_go2/go2_ws/install/unitree_hg/include/unitree_hg/msg/detail/low_cmd__rosidl_typesupport_introspection_c.h
[5.364s] -- Up-to-date: /home/alireza/thesis1/navigation_go2/go2_ws/install/unitree_hg/include/unitree_hg/msg/detail/imu_state__rosidl_typesupport_introspection_c.h
[5.364s] -- Up-to-date: /home/alireza/thesis1/navigation_go2/go2_ws/install/unitree_hg/include/unitree_hg/msg/detail/motor_state__type_support.c
[5.369s] -- Up-to-date: /home/alireza/thesis1/navigation_go2/go2_ws/install/unitree_hg/include/unitree_hg/msg/detail/bms_state__rosidl_typesupport_introspection_c.h
[5.369s] -- Up-to-date: /home/alireza/thesis1/navigation_go2/go2_ws/install/unitree_hg/include/unitree_hg/msg/detail/bms_state__type_support.c
[5.370s] -- Up-to-date: /home/alireza/thesis1/navigation_go2/go2_ws/install/unitree_hg/include/unitree_hg/msg/detail/low_cmd__type_support.c
[5.371s] -- Up-to-date: /home/alireza/thesis1/navigation_go2/go2_ws/install/unitree_hg/include/unitree_hg/msg/detail/motor_state__rosidl_typesupport_introspection_c.h
[5.371s] -- Up-to-date: /home/alireza/thesis1/navigation_go2/go2_ws/install/unitree_hg/include/unitree_hg/msg/detail/bms_cmd__rosidl_typesupport_introspection_c.h
[5.372s] -- Up-to-date: /home/alireza/thesis1/navigation_go2/go2_ws/install/unitree_hg/include/unitree_hg/msg/detail/motor_cmd__rosidl_typesupport_introspection_c.h
[5.372s] -- Up-to-date: /home/alireza/thesis1/navigation_go2/go2_ws/install/unitree_hg/include/unitree_hg/msg/detail/low_state__rosidl_typesupport_introspection_c.h
[5.373s] -- Up-to-date: /home/alireza/thesis1/navigation_go2/go2_ws/install/unitree_hg/include/unitree_hg/msg/detail/main_board_state__rosidl_typesupport_introspection_c.h
[5.373s] -- Up-to-date: /home/alireza/thesis1/navigation_go2/go2_ws/install/unitree_hg/include/unitree_hg/msg/detail/motor_cmd__type_support.c
[5.374s] -- Up-to-date: /home/alireza/thesis1/navigation_go2/go2_ws/install/unitree_hg/include/unitree_hg/msg/detail/hand_state__rosidl_typesupport_introspection_c.h
[5.374s] -- Up-to-date: /home/alireza/thesis1/navigation_go2/go2_ws/install/unitree_hg/include/unitree_hg/msg/detail/imu_state__type_support.c
[5.375s] -- Up-to-date: /home/alireza/thesis1/navigation_go2/go2_ws/install/unitree_hg/include/unitree_hg/msg/detail/press_sensor_state__type_support.c
[5.375s] -- Up-to-date: /home/alireza/thesis1/navigation_go2/go2_ws/install/unitree_hg/include/unitree_hg/msg/detail/low_state__type_support.c
[5.376s] -- Up-to-date: /home/alireza/thesis1/navigation_go2/go2_ws/install/unitree_hg/include/unitree_hg/msg/detail/hand_state__type_support.c
[5.376s] -- Up-to-date: /home/alireza/thesis1/navigation_go2/go2_ws/install/unitree_hg/include/unitree_hg/msg/detail/hand_cmd__type_support.c
[5.377s] -- Up-to-date: /home/alireza/thesis1/navigation_go2/go2_ws/install/unitree_hg/include/unitree_hg/msg/detail/main_board_state__type_support.c
[5.377s] -- Up-to-date: /home/alireza/thesis1/navigation_go2/go2_ws/install/unitree_hg/lib/libunitree_hg__rosidl_typesupport_introspection_c.so
[5.378s] -- Up-to-date: /home/alireza/thesis1/navigation_go2/go2_ws/install/unitree_hg/lib/libunitree_hg__rosidl_typesupport_c.so
[5.379s] -- Up-to-date: /home/alireza/thesis1/navigation_go2/go2_ws/install/unitree_hg/include/unitree_hg
[5.379s] -- Up-to-date: /home/alireza/thesis1/navigation_go2/go2_ws/install/unitree_hg/include/unitree_hg/msg
[5.380s] -- Up-to-date: /home/alireza/thesis1/navigation_go2/go2_ws/install/unitree_hg/include/unitree_hg/msg/motor_cmd.hpp
[5.380s] -- Up-to-date: /home/alireza/thesis1/navigation_go2/go2_ws/install/unitree_hg/include/unitree_hg/msg/rosidl_generator_cpp__visibility_control.hpp
[5.381s] -- Up-to-date: /home/alireza/thesis1/navigation_go2/go2_ws/install/unitree_hg/include/unitree_hg/msg/main_board_state.hpp
[5.381s] -- Up-to-date: /home/alireza/thesis1/navigation_go2/go2_ws/install/unitree_hg/include/unitree_hg/msg/hand_state.hpp
[5.382s] -- Up-to-date: /home/alireza/thesis1/navigation_go2/go2_ws/install/unitree_hg/include/unitree_hg/msg/detail
[5.382s] -- Up-to-date: /home/alireza/thesis1/navigation_go2/go2_ws/install/unitree_hg/include/unitree_hg/msg/detail/main_board_state__traits.hpp
[5.383s] -- Up-to-date: /home/alireza/thesis1/navigation_go2/go2_ws/install/unitree_hg/include/unitree_hg/msg/detail/main_board_state__builder.hpp
[5.384s] -- Up-to-date: /home/alireza/thesis1/navigation_go2/go2_ws/install/unitree_hg/include/unitree_hg/msg/detail/press_sensor_state__traits.hpp
[5.386s] -- Up-to-date: /home/alireza/thesis1/navigation_go2/go2_ws/install/unitree_hg/include/unitree_hg/msg/detail/hand_cmd__type_support.hpp
[5.387s] -- Up-to-date: /home/alireza/thesis1/navigation_go2/go2_ws/install/unitree_hg/include/unitree_hg/msg/detail/motor_state__struct.hpp
[5.388s] -- Up-to-date: /home/alireza/thesis1/navigation_go2/go2_ws/install/unitree_hg/include/unitree_hg/msg/detail/hand_cmd__builder.hpp
[5.388s] -- Up-to-date: /home/alireza/thesis1/navigation_go2/go2_ws/install/unitree_hg/include/unitree_hg/msg/detail/bms_state__struct.hpp
[5.389s] -- Up-to-date: /home/alireza/thesis1/navigation_go2/go2_ws/install/unitree_hg/include/unitree_hg/msg/detail/press_sensor_state__type_support.hpp
[5.389s] -- Up-to-date: /home/alireza/thesis1/navigation_go2/go2_ws/install/unitree_hg/include/unitree_hg/msg/detail/bms_cmd__traits.hpp
[5.390s] -- Up-to-date: /home/alireza/thesis1/navigation_go2/go2_ws/install/unitree_hg/include/unitree_hg/msg/detail/low_cmd__type_support.hpp
[5.390s] -- Up-to-date: /home/alireza/thesis1/navigation_go2/go2_ws/install/unitree_hg/include/unitree_hg/msg/detail/bms_cmd__builder.hpp
[5.390s] -- Up-to-date: /home/alireza/thesis1/navigation_go2/go2_ws/install/unitree_hg/include/unitree_hg/msg/detail/hand_cmd__struct.hpp
[5.391s] -- Up-to-date: /home/alireza/thesis1/navigation_go2/go2_ws/install/unitree_hg/include/unitree_hg/msg/detail/low_cmd__builder.hpp
[5.391s] -- Up-to-date: /home/alireza/thesis1/navigation_go2/go2_ws/install/unitree_hg/include/unitree_hg/msg/detail/main_board_state__struct.hpp
[5.392s] -- Up-to-date: /home/alireza/thesis1/navigation_go2/go2_ws/install/unitree_hg/include/unitree_hg/msg/detail/hand_state__type_support.hpp
[5.392s] -- Up-to-date: /home/alireza/thesis1/navigation_go2/go2_ws/install/unitree_hg/include/unitree_hg/msg/detail/motor_state__type_support.hpp
[5.393s] -- Up-to-date: /home/alireza/thesis1/navigation_go2/go2_ws/install/unitree_hg/include/unitree_hg/msg/detail/bms_cmd__type_support.hpp
[5.393s] -- Up-to-date: /home/alireza/thesis1/navigation_go2/go2_ws/install/unitree_hg/include/unitree_hg/msg/detail/motor_cmd__builder.hpp
[5.394s] -- Up-to-date: /home/alireza/thesis1/navigation_go2/go2_ws/install/unitree_hg/include/unitree_hg/msg/detail/low_cmd__traits.hpp
[5.394s] -- Up-to-date: /home/alireza/thesis1/navigation_go2/go2_ws/install/unitree_hg/include/unitree_hg/msg/detail/low_state__type_support.hpp
[5.395s] -- Up-to-date: /home/alireza/thesis1/navigation_go2/go2_ws/install/unitree_hg/include/unitree_hg/msg/detail/hand_state__struct.hpp
[5.395s] -- Up-to-date: /home/alireza/thesis1/navigation_go2/go2_ws/install/unitree_hg/include/unitree_hg/msg/detail/bms_state__type_support.hpp
[5.396s] -- Up-to-date: /home/alireza/thesis1/navigation_go2/go2_ws/install/unitree_hg/include/unitree_hg/msg/detail/motor_cmd__traits.hpp
[5.396s] -- Up-to-date: /home/alireza/thesis1/navigation_go2/go2_ws/install/unitree_hg/include/unitree_hg/msg/detail/imu_state__traits.hpp
[5.397s] -- Up-to-date: /home/alireza/thesis1/navigation_go2/go2_ws/install/unitree_hg/include/unitree_hg/msg/detail/press_sensor_state__struct.hpp
[5.397s] -- Up-to-date: /home/alireza/thesis1/navigation_go2/go2_ws/install/unitree_hg/include/unitree_hg/msg/detail/motor_state__builder.hpp
[5.397s] -- Up-to-date: /home/alireza/thesis1/navigation_go2/go2_ws/install/unitree_hg/include/unitree_hg/msg/detail/hand_state__builder.hpp
[5.398s] -- Up-to-date: /home/alireza/thesis1/navigation_go2/go2_ws/install/unitree_hg/include/unitree_hg/msg/detail/bms_state__traits.hpp
[5.398s] -- Up-to-date: /home/alireza/thesis1/navigation_go2/go2_ws/install/unitree_hg/include/unitree_hg/msg/detail/low_cmd__struct.hpp
[5.399s] -- Up-to-date: /home/alireza/thesis1/navigation_go2/go2_ws/install/unitree_hg/include/unitree_hg/msg/detail/press_sensor_state__builder.hpp
[5.399s] -- Up-to-date: /home/alireza/thesis1/navigation_go2/go2_ws/install/unitree_hg/include/unitree_hg/msg/detail/motor_state__traits.hpp
[5.400s] -- Up-to-date: /home/alireza/thesis1/navigation_go2/go2_ws/install/unitree_hg/include/unitree_hg/msg/detail/main_board_state__type_support.hpp
[5.401s] -- Up-to-date: /home/alireza/thesis1/navigation_go2/go2_ws/install/unitree_hg/include/unitree_hg/msg/detail/bms_state__builder.hpp
[5.401s] -- Up-to-date: /home/alireza/thesis1/navigation_go2/go2_ws/install/unitree_hg/include/unitree_hg/msg/detail/motor_cmd__struct.hpp
[5.402s] -- Up-to-date: /home/alireza/thesis1/navigation_go2/go2_ws/install/unitree_hg/include/unitree_hg/msg/detail/hand_state__traits.hpp
[5.402s] -- Up-to-date: /home/alireza/thesis1/navigation_go2/go2_ws/install/unitree_hg/include/unitree_hg/msg/detail/low_state__traits.hpp
[5.403s] -- Up-to-date: /home/alireza/thesis1/navigation_go2/go2_ws/install/unitree_hg/include/unitree_hg/msg/detail/low_state__builder.hpp
[5.403s] -- Up-to-date: /home/alireza/thesis1/navigation_go2/go2_ws/install/unitree_hg/include/unitree_hg/msg/detail/motor_cmd__type_support.hpp
[5.404s] -- Up-to-date: /home/alireza/thesis1/navigation_go2/go2_ws/install/unitree_hg/include/unitree_hg/msg/detail/imu_state__builder.hpp
[5.404s] -- Up-to-date: /home/alireza/thesis1/navigation_go2/go2_ws/install/unitree_hg/include/unitree_hg/msg/detail/hand_cmd__traits.hpp
[5.405s] -- Up-to-date: /home/alireza/thesis1/navigation_go2/go2_ws/install/unitree_hg/include/unitree_hg/msg/detail/imu_state__type_support.hpp
[5.405s] -- Up-to-date: /home/alireza/thesis1/navigation_go2/go2_ws/install/unitree_hg/include/unitree_hg/msg/detail/low_state__struct.hpp
[5.405s] -- Up-to-date: /home/alireza/thesis1/navigation_go2/go2_ws/install/unitree_hg/include/unitree_hg/msg/detail/imu_state__struct.hpp
[5.406s] -- Up-to-date: /home/alireza/thesis1/navigation_go2/go2_ws/install/unitree_hg/include/unitree_hg/msg/detail/bms_cmd__struct.hpp
[5.406s] -- Up-to-date: /home/alireza/thesis1/navigation_go2/go2_ws/install/unitree_hg/include/unitree_hg/msg/low_cmd.hpp
[5.407s] -- Up-to-date: /home/alireza/thesis1/navigation_go2/go2_ws/install/unitree_hg/include/unitree_hg/msg/press_sensor_state.hpp
[5.407s] -- Up-to-date: /home/alireza/thesis1/navigation_go2/go2_ws/install/unitree_hg/include/unitree_hg/msg/bms_state.hpp
[5.408s] -- Up-to-date: /home/alireza/thesis1/navigation_go2/go2_ws/install/unitree_hg/include/unitree_hg/msg/low_state.hpp
[5.408s] -- Up-to-date: /home/alireza/thesis1/navigation_go2/go2_ws/install/unitree_hg/include/unitree_hg/msg/bms_cmd.hpp
[5.409s] -- Up-to-date: /home/alireza/thesis1/navigation_go2/go2_ws/install/unitree_hg/include/unitree_hg/msg/motor_state.hpp
[5.409s] -- Up-to-date: /home/alireza/thesis1/navigation_go2/go2_ws/install/unitree_hg/include/unitree_hg/msg/hand_cmd.hpp
[5.409s] -- Up-to-date: /home/alireza/thesis1/navigation_go2/go2_ws/install/unitree_hg/include/unitree_hg/msg/imu_state.hpp
[5.410s] -- Up-to-date: /home/alireza/thesis1/navigation_go2/go2_ws/install/unitree_hg/include/unitree_hg
[5.410s] -- Up-to-date: /home/alireza/thesis1/navigation_go2/go2_ws/install/unitree_hg/include/unitree_hg/msg
[5.411s] -- Up-to-date: /home/alireza/thesis1/navigation_go2/go2_ws/install/unitree_hg/include/unitree_hg/msg/detail
[5.411s] -- Up-to-date: /home/alireza/thesis1/navigation_go2/go2_ws/install/unitree_hg/include/unitree_hg/msg/detail/hand_cmd__rosidl_typesupport_introspection_cpp.hpp
[5.412s] -- Up-to-date: /home/alireza/thesis1/navigation_go2/go2_ws/install/unitree_hg/include/unitree_hg/msg/detail/motor_state__type_support.cpp
[5.412s] -- Up-to-date: /home/alireza/thesis1/navigation_go2/go2_ws/install/unitree_hg/include/unitree_hg/msg/detail/low_state__type_support.cpp
[5.413s] -- Up-to-date: /home/alireza/thesis1/navigation_go2/go2_ws/install/unitree_hg/include/unitree_hg/msg/detail/hand_cmd__type_support.cpp
[5.413s] -- Up-to-date: /home/alireza/thesis1/navigation_go2/go2_ws/install/unitree_hg/include/unitree_hg/msg/detail/low_cmd__type_support.cpp
[5.414s] -- Up-to-date: /home/alireza/thesis1/navigation_go2/go2_ws/install/unitree_hg/include/unitree_hg/msg/detail/motor_state__rosidl_typesupport_introspection_cpp.hpp
[5.414s] -- Up-to-date: /home/alireza/thesis1/navigation_go2/go2_ws/install/unitree_hg/include/unitree_hg/msg/detail/main_board_state__type_support.cpp
[5.414s] -- Up-to-date: /home/alireza/thesis1/navigation_go2/go2_ws/install/unitree_hg/include/unitree_hg/msg/detail/press_sensor_state__rosidl_typesupport_introspection_cpp.hpp
[5.415s] -- Up-to-date: /home/alireza/thesis1/navigation_go2/go2_ws/install/unitree_hg/include/unitree_hg/msg/detail/motor_cmd__type_support.cpp
[5.415s] -- Up-to-date: /home/alireza/thesis1/navigation_go2/go2_ws/install/unitree_hg/include/unitree_hg/msg/detail/bms_state__rosidl_typesupport_introspection_cpp.hpp
[5.416s] -- Up-to-date: /home/alireza/thesis1/navigation_go2/go2_ws/install/unitree_hg/include/unitree_hg/msg/detail/hand_state__type_support.cpp
[5.416s] -- Up-to-date: /home/alireza/thesis1/navigation_go2/go2_ws/install/unitree_hg/include/unitree_hg/msg/detail/bms_cmd__rosidl_typesupport_introspection_cpp.hpp
[5.417s] -- Up-to-date: /home/alireza/thesis1/navigation_go2/go2_ws/install/unitree_hg/include/unitree_hg/msg/detail/bms_state__type_support.cpp
[5.417s] -- Up-to-date: /home/alireza/thesis1/navigation_go2/go2_ws/install/unitree_hg/include/unitree_hg/msg/detail/imu_state__rosidl_typesupport_introspection_cpp.hpp
[5.418s] -- Up-to-date: /home/alireza/thesis1/navigation_go2/go2_ws/install/unitree_hg/include/unitree_hg/msg/detail/press_sensor_state__type_support.cpp
[5.418s] -- Up-to-date: /home/alireza/thesis1/navigation_go2/go2_ws/install/unitree_hg/include/unitree_hg/msg/detail/hand_state__rosidl_typesupport_introspection_cpp.hpp
[5.419s] -- Up-to-date: /home/alireza/thesis1/navigation_go2/go2_ws/install/unitree_hg/include/unitree_hg/msg/detail/bms_cmd__type_support.cpp
[5.419s] -- Up-to-date: /home/alireza/thesis1/navigation_go2/go2_ws/install/unitree_hg/include/unitree_hg/msg/detail/imu_state__type_support.cpp
[5.420s] -- Up-to-date: /home/alireza/thesis1/navigation_go2/go2_ws/install/unitree_hg/include/unitree_hg/msg/detail/low_cmd__rosidl_typesupport_introspection_cpp.hpp
[5.420s] -- Up-to-date: /home/alireza/thesis1/navigation_go2/go2_ws/install/unitree_hg/include/unitree_hg/msg/detail/low_state__rosidl_typesupport_introspection_cpp.hpp
[5.421s] -- Up-to-date: /home/alireza/thesis1/navigation_go2/go2_ws/install/unitree_hg/include/unitree_hg/msg/detail/main_board_state__rosidl_typesupport_introspection_cpp.hpp
[5.421s] -- Up-to-date: /home/alireza/thesis1/navigation_go2/go2_ws/install/unitree_hg/include/unitree_hg/msg/detail/motor_cmd__rosidl_typesupport_introspection_cpp.hpp
[5.422s] -- Up-to-date: /home/alireza/thesis1/navigation_go2/go2_ws/install/unitree_hg/lib/libunitree_hg__rosidl_typesupport_introspection_cpp.so
[5.422s] -- Up-to-date: /home/alireza/thesis1/navigation_go2/go2_ws/install/unitree_hg/lib/libunitree_hg__rosidl_typesupport_cpp.so
[5.423s] -- Up-to-date: /home/alireza/thesis1/navigation_go2/go2_ws/install/unitree_hg/share/unitree_hg/environment/pythonpath.sh
[5.423s] -- Installing: /home/alireza/thesis1/navigation_go2/go2_ws/install/unitree_hg/share/unitree_hg/environment/pythonpath.dsv
[5.424s] -- Installing: /home/alireza/thesis1/navigation_go2/go2_ws/install/unitree_hg/lib/python3.8/site-packages/unitree_hg/__init__.py
[5.759s] Compiling '/home/alireza/thesis1/navigation_go2/go2_ws/install/unitree_hg/lib/python3.8/site-packages/unitree_hg/__init__.py'...
[5.760s] -- Up-to-date: /home/alireza/thesis1/navigation_go2/go2_ws/install/unitree_hg/lib/python3.8/site-packages/unitree_hg/msg
[5.760s] -- Up-to-date: /home/alireza/thesis1/navigation_go2/go2_ws/install/unitree_hg/lib/python3.8/site-packages/unitree_hg/msg/_low_cmd_s.c
[5.761s] -- Up-to-date: /home/alireza/thesis1/navigation_go2/go2_ws/install/unitree_hg/lib/python3.8/site-packages/unitree_hg/msg/_motor_cmd.py
[5.762s] -- Up-to-date: /home/alireza/thesis1/navigation_go2/go2_ws/install/unitree_hg/lib/python3.8/site-packages/unitree_hg/msg/_imu_state.py
[5.762s] -- Up-to-date: /home/alireza/thesis1/navigation_go2/go2_ws/install/unitree_hg/lib/python3.8/site-packages/unitree_hg/msg/_hand_state_s.c
[5.763s] -- Up-to-date: /home/alireza/thesis1/navigation_go2/go2_ws/install/unitree_hg/lib/python3.8/site-packages/unitree_hg/msg/_motor_state.py
[5.763s] -- Up-to-date: /home/alireza/thesis1/navigation_go2/go2_ws/install/unitree_hg/lib/python3.8/site-packages/unitree_hg/msg/_imu_state_s.c
[5.764s] -- Up-to-date: /home/alireza/thesis1/navigation_go2/go2_ws/install/unitree_hg/lib/python3.8/site-packages/unitree_hg/msg/__init__.py
[5.764s] -- Up-to-date: /home/alireza/thesis1/navigation_go2/go2_ws/install/unitree_hg/lib/python3.8/site-packages/unitree_hg/msg/_bms_cmd_s.c
[5.765s] -- Up-to-date: /home/alireza/thesis1/navigation_go2/go2_ws/install/unitree_hg/lib/python3.8/site-packages/unitree_hg/msg/_hand_cmd_s.c
[5.766s] -- Up-to-date: /home/alireza/thesis1/navigation_go2/go2_ws/install/unitree_hg/lib/python3.8/site-packages/unitree_hg/msg/_main_board_state_s.c
[5.766s] -- Up-to-date: /home/alireza/thesis1/navigation_go2/go2_ws/install/unitree_hg/lib/python3.8/site-packages/unitree_hg/msg/_motor_cmd_s.c
[5.767s] -- Up-to-date: /home/alireza/thesis1/navigation_go2/go2_ws/install/unitree_hg/lib/python3.8/site-packages/unitree_hg/msg/_low_state.py
[5.767s] -- Up-to-date: /home/alireza/thesis1/navigation_go2/go2_ws/install/unitree_hg/lib/python3.8/site-packages/unitree_hg/msg/_low_cmd.py
[5.768s] -- Up-to-date: /home/alireza/thesis1/navigation_go2/go2_ws/install/unitree_hg/lib/python3.8/site-packages/unitree_hg/msg/_bms_state_s.c
[5.768s] -- Up-to-date: /home/alireza/thesis1/navigation_go2/go2_ws/install/unitree_hg/lib/python3.8/site-packages/unitree_hg/msg/_motor_state_s.c
[5.769s] -- Up-to-date: /home/alireza/thesis1/navigation_go2/go2_ws/install/unitree_hg/lib/python3.8/site-packages/unitree_hg/msg/_press_sensor_state.py
[5.769s] -- Up-to-date: /home/alireza/thesis1/navigation_go2/go2_ws/install/unitree_hg/lib/python3.8/site-packages/unitree_hg/msg/_main_board_state.py
[5.770s] -- Up-to-date: /home/alireza/thesis1/navigation_go2/go2_ws/install/unitree_hg/lib/python3.8/site-packages/unitree_hg/msg/_press_sensor_state_s.c
[5.770s] -- Up-to-date: /home/alireza/thesis1/navigation_go2/go2_ws/install/unitree_hg/lib/python3.8/site-packages/unitree_hg/msg/_hand_cmd.py
[5.771s] -- Up-to-date: /home/alireza/thesis1/navigation_go2/go2_ws/install/unitree_hg/lib/python3.8/site-packages/unitree_hg/msg/_bms_state.py
[5.771s] -- Up-to-date: /home/alireza/thesis1/navigation_go2/go2_ws/install/unitree_hg/lib/python3.8/site-packages/unitree_hg/msg/_bms_cmd.py
[5.772s] -- Up-to-date: /home/alireza/thesis1/navigation_go2/go2_ws/install/unitree_hg/lib/python3.8/site-packages/unitree_hg/msg/_hand_state.py
[5.774s] -- Up-to-date: /home/alireza/thesis1/navigation_go2/go2_ws/install/unitree_hg/lib/python3.8/site-packages/unitree_hg/msg/_low_state_s.c
[5.775s] -- Up-to-date: /home/alireza/thesis1/navigation_go2/go2_ws/install/unitree_hg/lib/python3.8/site-packages/unitree_hg/unitree_hg_s__rosidl_typesupport_fastrtps_c.cpython-38-x86_64-linux-gnu.so
[5.775s] -- Up-to-date: /home/alireza/thesis1/navigation_go2/go2_ws/install/unitree_hg/lib/python3.8/site-packages/unitree_hg/unitree_hg_s__rosidl_typesupport_introspection_c.cpython-38-x86_64-linux-gnu.so
[5.777s] -- Up-to-date: /home/alireza/thesis1/navigation_go2/go2_ws/install/unitree_hg/lib/python3.8/site-packages/unitree_hg/unitree_hg_s__rosidl_typesupport_c.cpython-38-x86_64-linux-gnu.so
[5.777s] -- Up-to-date: /home/alireza/thesis1/navigation_go2/go2_ws/install/unitree_hg/lib/libunitree_hg__python.so
[5.778s] -- Up-to-date: /home/alireza/thesis1/navigation_go2/go2_ws/install/unitree_hg/share/unitree_hg/msg/BmsCmd.idl
[5.778s] -- Up-to-date: /home/alireza/thesis1/navigation_go2/go2_ws/install/unitree_hg/share/unitree_hg/msg/BmsState.idl
[5.779s] -- Up-to-date: /home/alireza/thesis1/navigation_go2/go2_ws/install/unitree_hg/share/unitree_hg/msg/HandCmd.idl
[5.779s] -- Up-to-date: /home/alireza/thesis1/navigation_go2/go2_ws/install/unitree_hg/share/unitree_hg/msg/HandState.idl
[5.780s] -- Up-to-date: /home/alireza/thesis1/navigation_go2/go2_ws/install/unitree_hg/share/unitree_hg/msg/IMUState.idl
[5.791s] -- Up-to-date: /home/alireza/thesis1/navigation_go2/go2_ws/install/unitree_hg/share/unitree_hg/msg/LowCmd.idl
[5.792s] -- Up-to-date: /home/alireza/thesis1/navigation_go2/go2_ws/install/unitree_hg/share/unitree_hg/msg/LowState.idl
[5.792s] -- Up-to-date: /home/alireza/thesis1/navigation_go2/go2_ws/install/unitree_hg/share/unitree_hg/msg/MainBoardState.idl
[5.811s] -- Up-to-date: /home/alireza/thesis1/navigation_go2/go2_ws/install/unitree_hg/share/unitree_hg/msg/MotorCmd.idl
[5.812s] -- Up-to-date: /home/alireza/thesis1/navigation_go2/go2_ws/install/unitree_hg/share/unitree_hg/msg/MotorState.idl
[5.813s] -- Up-to-date: /home/alireza/thesis1/navigation_go2/go2_ws/install/unitree_hg/share/unitree_hg/msg/PressSensorState.idl
[5.813s] -- Up-to-date: /home/alireza/thesis1/navigation_go2/go2_ws/install/unitree_hg/share/unitree_hg/msg/BmsCmd.msg
[5.814s] -- Up-to-date: /home/alireza/thesis1/navigation_go2/go2_ws/install/unitree_hg/share/unitree_hg/msg/BmsState.msg
[5.814s] -- Up-to-date: /home/alireza/thesis1/navigation_go2/go2_ws/install/unitree_hg/share/unitree_hg/msg/HandCmd.msg
[5.815s] -- Up-to-date: /home/alireza/thesis1/navigation_go2/go2_ws/install/unitree_hg/share/unitree_hg/msg/HandState.msg
[5.816s] -- Up-to-date: /home/alireza/thesis1/navigation_go2/go2_ws/install/unitree_hg/share/unitree_hg/msg/IMUState.msg
[5.816s] -- Up-to-date: /home/alireza/thesis1/navigation_go2/go2_ws/install/unitree_hg/share/unitree_hg/msg/LowCmd.msg
[5.817s] -- Up-to-date: /home/alireza/thesis1/navigation_go2/go2_ws/install/unitree_hg/share/unitree_hg/msg/LowState.msg
[5.817s] -- Up-to-date: /home/alireza/thesis1/navigation_go2/go2_ws/install/unitree_hg/share/unitree_hg/msg/MainBoardState.msg
[5.818s] -- Up-to-date: /home/alireza/thesis1/navigation_go2/go2_ws/install/unitree_hg/share/unitree_hg/msg/MotorCmd.msg
[5.818s] -- Up-to-date: /home/alireza/thesis1/navigation_go2/go2_ws/install/unitree_hg/share/unitree_hg/msg/MotorState.msg
[5.819s] -- Up-to-date: /home/alireza/thesis1/navigation_go2/go2_ws/install/unitree_hg/share/unitree_hg/msg/PressSensorState.msg
[5.819s] -- Up-to-date: /home/alireza/thesis1/navigation_go2/go2_ws/install/unitree_hg/share/ament_index/resource_index/package_run_dependencies/unitree_hg
[5.820s] -- Installing: /home/alireza/thesis1/navigation_go2/go2_ws/install/unitree_hg/share/ament_index/resource_index/parent_prefix_path/unitree_hg
[5.821s] -- Up-to-date: /home/alireza/thesis1/navigation_go2/go2_ws/install/unitree_hg/share/unitree_hg/environment/ament_prefix_path.sh
[5.821s] -- Installing: /home/alireza/thesis1/navigation_go2/go2_ws/install/unitree_hg/share/unitree_hg/environment/ament_prefix_path.dsv
[5.822s] -- Up-to-date: /home/alireza/thesis1/navigation_go2/go2_ws/install/unitree_hg/share/unitree_hg/environment/path.sh
[5.822s] -- Installing: /home/alireza/thesis1/navigation_go2/go2_ws/install/unitree_hg/share/unitree_hg/environment/path.dsv
[5.823s] -- Up-to-date: /home/alireza/thesis1/navigation_go2/go2_ws/install/unitree_hg/share/unitree_hg/local_setup.bash
[5.824s] -- Up-to-date: /home/alireza/thesis1/navigation_go2/go2_ws/install/unitree_hg/share/unitree_hg/local_setup.sh
[5.824s] -- Up-to-date: /home/alireza/thesis1/navigation_go2/go2_ws/install/unitree_hg/share/unitree_hg/local_setup.zsh
[5.825s] -- Installing: /home/alireza/thesis1/navigation_go2/go2_ws/install/unitree_hg/share/unitree_hg/local_setup.dsv
[5.837s] -- Installing: /home/alireza/thesis1/navigation_go2/go2_ws/install/unitree_hg/share/unitree_hg/package.dsv
[5.837s] -- Up-to-date: /home/alireza/thesis1/navigation_go2/go2_ws/install/unitree_hg/share/ament_index/resource_index/packages/unitree_hg
[5.838s] -- Up-to-date: /home/alireza/thesis1/navigation_go2/go2_ws/install/unitree_hg/share/unitree_hg/cmake/unitree_hg__rosidl_generator_cExport.cmake
[5.838s] -- Installing: /home/alireza/thesis1/navigation_go2/go2_ws/install/unitree_hg/share/unitree_hg/cmake/unitree_hg__rosidl_generator_cExport-noconfig.cmake
[5.839s] -- Up-to-date: /home/alireza/thesis1/navigation_go2/go2_ws/install/unitree_hg/share/unitree_hg/cmake/unitree_hg__rosidl_typesupport_introspection_cExport.cmake
[5.839s] -- Installing: /home/alireza/thesis1/navigation_go2/go2_ws/install/unitree_hg/share/unitree_hg/cmake/unitree_hg__rosidl_typesupport_introspection_cExport-noconfig.cmake
[5.840s] -- Up-to-date: /home/alireza/thesis1/navigation_go2/go2_ws/install/unitree_hg/share/unitree_hg/cmake/unitree_hg__rosidl_typesupport_cExport.cmake
[5.841s] -- Installing: /home/alireza/thesis1/navigation_go2/go2_ws/install/unitree_hg/share/unitree_hg/cmake/unitree_hg__rosidl_typesupport_cExport-noconfig.cmake
[5.841s] -- Up-to-date: /home/alireza/thesis1/navigation_go2/go2_ws/install/unitree_hg/share/unitree_hg/cmake/unitree_hg__rosidl_generator_cppExport.cmake
[5.842s] -- Up-to-date: /home/alireza/thesis1/navigation_go2/go2_ws/install/unitree_hg/share/unitree_hg/cmake/unitree_hg__rosidl_typesupport_introspection_cppExport.cmake
[5.842s] -- Installing: /home/alireza/thesis1/navigation_go2/go2_ws/install/unitree_hg/share/unitree_hg/cmake/unitree_hg__rosidl_typesupport_introspection_cppExport-noconfig.cmake
[5.843s] -- Up-to-date: /home/alireza/thesis1/navigation_go2/go2_ws/install/unitree_hg/share/unitree_hg/cmake/unitree_hg__rosidl_typesupport_cppExport.cmake
[5.843s] -- Installing: /home/alireza/thesis1/navigation_go2/go2_ws/install/unitree_hg/share/unitree_hg/cmake/unitree_hg__rosidl_typesupport_cppExport-noconfig.cmake
[5.844s] -- Up-to-date: /home/alireza/thesis1/navigation_go2/go2_ws/install/unitree_hg/share/unitree_hg/cmake/rosidl_cmake-extras.cmake
[5.845s] -- Up-to-date: /home/alireza/thesis1/navigation_go2/go2_ws/install/unitree_hg/share/unitree_hg/cmake/ament_cmake_export_dependencies-extras.cmake
[5.845s] -- Up-to-date: /home/alireza/thesis1/navigation_go2/go2_ws/install/unitree_hg/share/unitree_hg/cmake/ament_cmake_export_libraries-extras.cmake
[5.846s] -- Up-to-date: /home/alireza/thesis1/navigation_go2/go2_ws/install/unitree_hg/share/unitree_hg/cmake/ament_cmake_export_targets-extras.cmake
[5.846s] -- Up-to-date: /home/alireza/thesis1/navigation_go2/go2_ws/install/unitree_hg/share/unitree_hg/cmake/ament_cmake_export_include_directories-extras.cmake
[5.860s] -- Up-to-date: /home/alireza/thesis1/navigation_go2/go2_ws/install/unitree_hg/share/unitree_hg/cmake/rosidl_cmake_export_typesupport_libraries-extras.cmake
[5.861s] -- Up-to-date: /home/alireza/thesis1/navigation_go2/go2_ws/install/unitree_hg/share/unitree_hg/cmake/rosidl_cmake_export_typesupport_targets-extras.cmake
[5.861s] -- Up-to-date: /home/alireza/thesis1/navigation_go2/go2_ws/install/unitree_hg/share/unitree_hg/cmake/unitree_hgConfig.cmake
[5.862s] -- Up-to-date: /home/alireza/thesis1/navigation_go2/go2_ws/install/unitree_hg/share/unitree_hg/cmake/unitree_hgConfig-version.cmake
[5.862s] -- Up-to-date: /home/alireza/thesis1/navigation_go2/go2_ws/install/unitree_hg/share/unitree_hg/package.xml
[5.867s] Invoked command in '/home/alireza/thesis1/navigation_go2/go2_ws/build/unitree_hg' returned '0': CMAKE_PREFIX_PATH=/opt/ros/foxy /usr/bin/cmake --install /home/alireza/thesis1/navigation_go2/go2_ws/build/unitree_hg
