[0.014s] Invoking command in '/home/alireza/thesis1/navigation_go2/go2_ws/build/go2_real': AMENT_PREFIX_PATH=/home/alireza/thesis1/navigation_go2/go2_ws/install/go2_gazebo:/home/alireza/thesis1/navigation_go2/go2_ws/install/go2_description:${AMENT_PREFIX_PATH} CMAKE_PREFIX_PATH=/home/alireza/thesis1/navigation_go2/go2_ws/install/go2_gazebo:/home/alireza/thesis1/navigation_go2/go2_ws/install/go2_description:/opt/ros/foxy /usr/bin/cmake /home/alireza/thesis1/navigation_go2/go2_ws/src/go2_real -DCMAKE_INSTALL_PREFIX=/home/alireza/thesis1/navigation_go2/go2_ws/install/go2_real
[0.076s] -- The C compiler identification is GNU 9.4.0
[0.136s] -- The CXX compiler identification is GNU 9.4.0
[0.142s] -- Check for working C compiler: /usr/bin/cc
[0.217s] -- Check for working C compiler: /usr/bin/cc -- works
[0.218s] -- Detecting C compiler ABI info
[0.290s] -- Detecting C compiler ABI info - done
[0.304s] -- Detecting C compile features
[0.304s] -- Detecting C compile features - done
[0.307s] -- Check for working CXX compiler: /usr/bin/c++
[0.401s] -- Check for working CXX compiler: /usr/bin/c++ -- works
[0.402s] -- Detecting CXX compiler ABI info
[0.490s] -- Detecting CXX compiler ABI info - done
[0.504s] -- Detecting CXX compile features
[0.505s] -- Detecting CXX compile features - done
[0.508s] -- Found ament_cmake: 0.9.12 (/opt/ros/foxy/share/ament_cmake/cmake)
[0.535s] -- Found PythonInterp: /usr/bin/python3 (found suitable version "3.8.10", minimum required is "3") 
[0.535s] -- Using PYTHON_EXECUTABLE: /usr/bin/python3
[0.832s] -- Configuring done
[0.835s] -- Generating done
[0.838s] -- Build files have been written to: /home/alireza/thesis1/navigation_go2/go2_ws/build/go2_real
[0.843s] Invoked command in '/home/alireza/thesis1/navigation_go2/go2_ws/build/go2_real' returned '0': AMENT_PREFIX_PATH=/home/alireza/thesis1/navigation_go2/go2_ws/install/go2_gazebo:/home/alireza/thesis1/navigation_go2/go2_ws/install/go2_description:${AMENT_PREFIX_PATH} CMAKE_PREFIX_PATH=/home/alireza/thesis1/navigation_go2/go2_ws/install/go2_gazebo:/home/alireza/thesis1/navigation_go2/go2_ws/install/go2_description:/opt/ros/foxy /usr/bin/cmake /home/alireza/thesis1/navigation_go2/go2_ws/src/go2_real -DCMAKE_INSTALL_PREFIX=/home/alireza/thesis1/navigation_go2/go2_ws/install/go2_real
[0.844s] Invoking command in '/home/alireza/thesis1/navigation_go2/go2_ws/build/go2_real': AMENT_PREFIX_PATH=/home/alireza/thesis1/navigation_go2/go2_ws/install/go2_gazebo:/home/alireza/thesis1/navigation_go2/go2_ws/install/go2_description:${AMENT_PREFIX_PATH} CMAKE_PREFIX_PATH=/home/alireza/thesis1/navigation_go2/go2_ws/install/go2_gazebo:/home/alireza/thesis1/navigation_go2/go2_ws/install/go2_description:/opt/ros/foxy /usr/bin/cmake --build /home/alireza/thesis1/navigation_go2/go2_ws/build/go2_real -- -j8 -l8
[0.889s] Invoked command in '/home/alireza/thesis1/navigation_go2/go2_ws/build/go2_real' returned '0': AMENT_PREFIX_PATH=/home/alireza/thesis1/navigation_go2/go2_ws/install/go2_gazebo:/home/alireza/thesis1/navigation_go2/go2_ws/install/go2_description:${AMENT_PREFIX_PATH} CMAKE_PREFIX_PATH=/home/alireza/thesis1/navigation_go2/go2_ws/install/go2_gazebo:/home/alireza/thesis1/navigation_go2/go2_ws/install/go2_description:/opt/ros/foxy /usr/bin/cmake --build /home/alireza/thesis1/navigation_go2/go2_ws/build/go2_real -- -j8 -l8
[0.890s] Invoking command in '/home/alireza/thesis1/navigation_go2/go2_ws/build/go2_real': AMENT_PREFIX_PATH=/home/alireza/thesis1/navigation_go2/go2_ws/install/go2_gazebo:/home/alireza/thesis1/navigation_go2/go2_ws/install/go2_description:${AMENT_PREFIX_PATH} CMAKE_PREFIX_PATH=/home/alireza/thesis1/navigation_go2/go2_ws/install/go2_gazebo:/home/alireza/thesis1/navigation_go2/go2_ws/install/go2_description:/opt/ros/foxy /usr/bin/cmake --install /home/alireza/thesis1/navigation_go2/go2_ws/build/go2_real
[0.902s] -- Install configuration: ""
[0.902s] -- Installing: /home/alireza/thesis1/navigation_go2/go2_ws/install/go2_real/share/go2_real/launch
[0.903s] -- Installing: /home/alireza/thesis1/navigation_go2/go2_ws/install/go2_real/share/go2_real/launch/go2_real.launch.py
[0.903s] -- Installing: /home/alireza/thesis1/navigation_go2/go2_ws/install/go2_real/share/go2_real/params
[0.903s] -- Installing: /home/alireza/thesis1/navigation_go2/go2_ws/install/go2_real/share/go2_real/params/go2_nav2_real_params.yaml
[0.903s] -- Installing: /home/alireza/thesis1/navigation_go2/go2_ws/install/go2_real/share/go2_real/rviz
[0.903s] -- Installing: /home/alireza/thesis1/navigation_go2/go2_ws/install/go2_real/share/go2_real/rviz/go2_nav2_real.rviz
[0.904s] -- Installing: /home/alireza/thesis1/navigation_go2/go2_ws/install/go2_real/share/go2_real/scripts
[0.904s] -- Installing: /home/alireza/thesis1/navigation_go2/go2_ws/install/go2_real/share/go2_real/scripts/start_go2_real.sh
[0.904s] -- Installing: /home/alireza/thesis1/navigation_go2/go2_ws/install/go2_real/share/go2_real/scripts/setup_sdk.sh
[0.904s] -- Installing: /home/alireza/thesis1/navigation_go2/go2_ws/install/go2_real/share/ament_index/resource_index/package_run_dependencies/go2_real
[0.904s] -- Installing: /home/alireza/thesis1/navigation_go2/go2_ws/install/go2_real/share/ament_index/resource_index/parent_prefix_path/go2_real
[0.904s] -- Installing: /home/alireza/thesis1/navigation_go2/go2_ws/install/go2_real/share/go2_real/environment/ament_prefix_path.sh
[0.905s] -- Installing: /home/alireza/thesis1/navigation_go2/go2_ws/install/go2_real/share/go2_real/environment/ament_prefix_path.dsv
[0.905s] -- Installing: /home/alireza/thesis1/navigation_go2/go2_ws/install/go2_real/share/go2_real/environment/path.sh
[0.905s] -- Installing: /home/alireza/thesis1/navigation_go2/go2_ws/install/go2_real/share/go2_real/environment/path.dsv
[0.905s] -- Installing: /home/alireza/thesis1/navigation_go2/go2_ws/install/go2_real/share/go2_real/local_setup.bash
[0.905s] -- Installing: /home/alireza/thesis1/navigation_go2/go2_ws/install/go2_real/share/go2_real/local_setup.sh
[0.905s] -- Installing: /home/alireza/thesis1/navigation_go2/go2_ws/install/go2_real/share/go2_real/local_setup.zsh
[0.905s] -- Installing: /home/alireza/thesis1/navigation_go2/go2_ws/install/go2_real/share/go2_real/local_setup.dsv
[0.905s] -- Installing: /home/alireza/thesis1/navigation_go2/go2_ws/install/go2_real/share/go2_real/package.dsv
[0.905s] -- Installing: /home/alireza/thesis1/navigation_go2/go2_ws/install/go2_real/share/ament_index/resource_index/packages/go2_real
[0.905s] -- Installing: /home/alireza/thesis1/navigation_go2/go2_ws/install/go2_real/share/go2_real/cmake/go2_realConfig.cmake
[0.906s] -- Installing: /home/alireza/thesis1/navigation_go2/go2_ws/install/go2_real/share/go2_real/cmake/go2_realConfig-version.cmake
[0.906s] -- Installing: /home/alireza/thesis1/navigation_go2/go2_ws/install/go2_real/share/go2_real/package.xml
[0.907s] Invoked command in '/home/alireza/thesis1/navigation_go2/go2_ws/build/go2_real' returned '0': AMENT_PREFIX_PATH=/home/alireza/thesis1/navigation_go2/go2_ws/install/go2_gazebo:/home/alireza/thesis1/navigation_go2/go2_ws/install/go2_description:${AMENT_PREFIX_PATH} CMAKE_PREFIX_PATH=/home/alireza/thesis1/navigation_go2/go2_ws/install/go2_gazebo:/home/alireza/thesis1/navigation_go2/go2_ws/install/go2_description:/opt/ros/foxy /usr/bin/cmake --install /home/alireza/thesis1/navigation_go2/go2_ws/build/go2_real
