[0.024s] Invoking command in '/home/alireza/thesis1/navigation_go2/go2_ws/build/unitree_go': CMAKE_PREFIX_PATH=/opt/ros/foxy /usr/bin/cmake /home/alireza/thesis1/navigation_go2/go2_ws/src/unitree_go -DCMAKE_INSTALL_PREFIX=/home/alireza/thesis1/navigation_go2/go2_ws/install/unitree_go
[0.089s] -- The C compiler identification is GNU 9.4.0
[0.171s] -- The CXX compiler identification is GNU 9.4.0
[0.176s] -- Check for working C compiler: /usr/bin/cc
[0.272s] -- Check for working C compiler: /usr/bin/cc -- works
[0.272s] -- Detecting C compiler ABI info
[0.371s] -- Detecting C compiler ABI info - done
[0.382s] -- Detecting C compile features
[0.382s] -- Detecting C compile features - done
[0.386s] -- Check for working CXX compiler: /usr/bin/c++
[0.484s] -- Check for working CXX compiler: /usr/bin/c++ -- works
[0.486s] -- Detecting CXX compiler ABI info
[0.591s] -- Detecting CXX compiler ABI info - done
[0.616s] -- Detecting CXX compile features
[0.618s] -- Detecting CXX compile features - done
[0.622s] -- Found ament_cmake: 0.9.12 (/opt/ros/foxy/share/ament_cmake/cmake)
[0.652s] -- Found PythonInterp: /usr/bin/python3 (found suitable version "3.8.10", minimum required is "3") 
[0.653s] -- Using PYTHON_EXECUTABLE: /usr/bin/python3
[0.995s] -- Found geometry_msgs: 2.0.5 (/opt/ros/foxy/share/geometry_msgs/cmake)
[1.050s] -- Using all available rosidl_typesupport_c: rosidl_typesupport_fastrtps_c;rosidl_typesupport_introspection_c
[1.059s] -- Found rosidl_adapter: 1.3.1 (/opt/ros/foxy/share/rosidl_adapter/cmake)
[1.154s] -- Found OpenSSL: /usr/lib/x86_64-linux-gnu/libcrypto.so (found version "1.1.1f")  
[1.198s] -- Found FastRTPS: /opt/ros/foxy/include  
[1.307s] -- Using all available rosidl_typesupport_cpp: rosidl_typesupport_fastrtps_cpp;rosidl_typesupport_introspection_cpp
[1.420s] -- Found rosidl_default_generators: 1.0.1 (/opt/ros/foxy/share/rosidl_default_generators/cmake)
[1.449s] CMake Error at CMakeLists.txt:26 (find_package):
[1.450s]   By not providing "Findrosidl_generator_dds_idl.cmake" in CMAKE_MODULE_PATH
[1.450s]   this project has asked CMake to find a package configuration file provided
[1.450s]   by "rosidl_generator_dds_idl", but CMake did not find one.
[1.450s] 
[1.450s]   Could not find a package configuration file provided by
[1.450s]   "rosidl_generator_dds_idl" with any of the following names:
[1.450s] 
[1.450s]     rosidl_generator_dds_idlConfig.cmake
[1.451s]     rosidl_generator_dds_idl-config.cmake
[1.451s] 
[1.451s]   Add the installation prefix of "rosidl_generator_dds_idl" to
[1.451s]   CMAKE_PREFIX_PATH or set "rosidl_generator_dds_idl_DIR" to a directory
[1.451s]   containing one of the above files.  If "rosidl_generator_dds_idl" provides
[1.451s]   a separate development package or SDK, be sure it has been installed.
[1.451s] 
[1.451s] 
[1.452s] -- Configuring incomplete, errors occurred!
[1.452s] See also "/home/alireza/thesis1/navigation_go2/go2_ws/build/unitree_go/CMakeFiles/CMakeOutput.log".
