-- Found ament_cmake: 0.9.12 (/opt/ros/foxy/share/ament_cmake/cmake)
-- Using PYTHON_EXECUTABLE: /usr/bin/python3
-- Found geometry_msgs: 2.0.5 (/opt/ros/foxy/share/geometry_msgs/cmake)
-- Using all available rosidl_typesupport_c: rosidl_typesupport_fastrtps_c;rosidl_typesupport_introspection_c
-- Found rosidl_adapter: 1.3.1 (/opt/ros/foxy/share/rosidl_adapter/cmake)
-- Using all available rosidl_typesupport_cpp: rosidl_typesupport_fastrtps_cpp;rosidl_typesupport_introspection_cpp
-- Found rosidl_default_generators: 1.0.1 (/opt/ros/foxy/share/rosidl_default_generators/cmake)
-- Found PythonInterp: /usr/bin/python3 (found version "3.8.10") 
-- Found ament_cmake_ros: 0.9.2 (/opt/ros/foxy/share/ament_cmake_ros/cmake)
-- Using all available rosidl_typesupport_c: rosidl_typesupport_fastrtps_c;rosidl_typesupport_introspection_c
-- Using all available rosidl_typesupport_cpp: rosidl_typesupport_fastrtps_cpp;rosidl_typesupport_introspection_cpp
-- Found PythonInterp: /usr/bin/python3 (found suitable version "3.8.10", minimum required is "3.5") 
-- Found python_cmake_module: 0.8.1 (/opt/ros/foxy/share/python_cmake_module/cmake)
-- Found PythonLibs: /usr/lib/x86_64-linux-gnu/libpython3.8.so (found suitable version "3.8.10", minimum required is "3.5") 
-- Using PYTHON_EXECUTABLE: /usr/bin/python3
-- Using PYTHON_INCLUDE_DIRS: /usr/include/python3.8
-- Using PYTHON_LIBRARIES: /usr/lib/x86_64-linux-gnu/libpython3.8.so
-- Found PythonExtra: .so  
-- Found ament_lint_auto: 0.9.8 (/opt/ros/foxy/share/ament_lint_auto/cmake)
-- Added test 'copyright' to check source files copyright and LICENSE
-- Added test 'lint_cmake' to check CMake code style
-- Added test 'xmllint' to check XML markup files
-- Configuring done
-- Generating done
-- Build files have been written to: /home/alireza/thesis1/navigation_go2/go2_ws/build/unitree_api
[  1%] Generating C code for ROS interfaces
Scanning dependencies of target unitree_api__cpp
[  2%] Generating C++ code for ROS interfaces
Scanning dependencies of target unitree_api__rosidl_generator_c
[  3%] Building C object CMakeFiles/unitree_api__rosidl_generator_c.dir/rosidl_generator_c/unitree_api/msg/detail/request__functions.c.o
[  4%] Building C object CMakeFiles/unitree_api__rosidl_generator_c.dir/rosidl_generator_c/unitree_api/msg/detail/request_header__functions.c.o
[  5%] Building C object CMakeFiles/unitree_api__rosidl_generator_c.dir/rosidl_generator_c/unitree_api/msg/detail/request_identity__functions.c.o
[  6%] Building C object CMakeFiles/unitree_api__rosidl_generator_c.dir/rosidl_generator_c/unitree_api/msg/detail/request_policy__functions.c.o
[  8%] Building C object CMakeFiles/unitree_api__rosidl_generator_c.dir/rosidl_generator_c/unitree_api/msg/detail/request_lease__functions.c.o
[  9%] Building C object CMakeFiles/unitree_api__rosidl_generator_c.dir/rosidl_generator_c/unitree_api/msg/detail/response__functions.c.o
[ 10%] Building C object CMakeFiles/unitree_api__rosidl_generator_c.dir/rosidl_generator_c/unitree_api/msg/detail/response_header__functions.c.o
[ 11%] Building C object CMakeFiles/unitree_api__rosidl_generator_c.dir/rosidl_generator_c/unitree_api/msg/detail/response_status__functions.c.o
[ 11%] Built target unitree_api__cpp
[ 12%] Generating C++ introspection for ROS interfaces
[ 13%] Generating C++ type support dispatch for ROS interfaces
[ 14%] Generating C++ type support for eProsima Fast-RTPS
[ 16%] Linking C shared library libunitree_api__rosidl_generator_c.so
[ 16%] Built target unitree_api__rosidl_generator_c
[ 17%] Generating C type support dispatch for ROS interfaces
[ 18%] Generating C introspection for ROS interfaces
Scanning dependencies of target unitree_api__rosidl_typesupport_cpp
[ 19%] Building CXX object CMakeFiles/unitree_api__rosidl_typesupport_cpp.dir/rosidl_typesupport_cpp/unitree_api/msg/request__type_support.cpp.o
[ 20%] Building CXX object CMakeFiles/unitree_api__rosidl_typesupport_cpp.dir/rosidl_typesupport_cpp/unitree_api/msg/request_header__type_support.cpp.o
[ 21%] Building CXX object CMakeFiles/unitree_api__rosidl_typesupport_cpp.dir/rosidl_typesupport_cpp/unitree_api/msg/request_lease__type_support.cpp.o
[ 22%] Building CXX object CMakeFiles/unitree_api__rosidl_typesupport_cpp.dir/rosidl_typesupport_cpp/unitree_api/msg/request_identity__type_support.cpp.o
Scanning dependencies of target unitree_api__rosidl_typesupport_introspection_cpp
[ 24%] Building CXX object CMakeFiles/unitree_api__rosidl_typesupport_introspection_cpp.dir/rosidl_typesupport_introspection_cpp/unitree_api/msg/detail/request__type_support.cpp.o
Scanning dependencies of target unitree_api__rosidl_typesupport_c
[ 25%] Building CXX object CMakeFiles/unitree_api__rosidl_typesupport_c.dir/rosidl_typesupport_c/unitree_api/msg/request__type_support.cpp.o
[ 26%] Building CXX object CMakeFiles/unitree_api__rosidl_typesupport_c.dir/rosidl_typesupport_c/unitree_api/msg/request_header__type_support.cpp.o
Scanning dependencies of target unitree_api__rosidl_typesupport_fastrtps_cpp
Scanning dependencies of target unitree_api__rosidl_typesupport_introspection_c
[ 27%] Building CXX object CMakeFiles/unitree_api__rosidl_typesupport_fastrtps_cpp.dir/rosidl_typesupport_fastrtps_cpp/unitree_api/msg/detail/dds_fastrtps/request__type_support.cpp.o
[ 28%] Building CXX object CMakeFiles/unitree_api__rosidl_typesupport_introspection_cpp.dir/rosidl_typesupport_introspection_cpp/unitree_api/msg/detail/request_header__type_support.cpp.o
[ 29%] Building C object CMakeFiles/unitree_api__rosidl_typesupport_introspection_c.dir/rosidl_typesupport_introspection_c/unitree_api/msg/detail/request__type_support.c.o
[ 31%] Building CXX object CMakeFiles/unitree_api__rosidl_typesupport_c.dir/rosidl_typesupport_c/unitree_api/msg/request_identity__type_support.cpp.o
[ 32%] Building CXX object CMakeFiles/unitree_api__rosidl_typesupport_cpp.dir/rosidl_typesupport_cpp/unitree_api/msg/response__type_support.cpp.o
[ 33%] Building CXX object CMakeFiles/unitree_api__rosidl_typesupport_cpp.dir/rosidl_typesupport_cpp/unitree_api/msg/request_policy__type_support.cpp.o
[ 34%] Building C object CMakeFiles/unitree_api__rosidl_typesupport_introspection_c.dir/rosidl_typesupport_introspection_c/unitree_api/msg/detail/request_header__type_support.c.o
[ 35%] Building CXX object CMakeFiles/unitree_api__rosidl_typesupport_c.dir/rosidl_typesupport_c/unitree_api/msg/request_lease__type_support.cpp.o
[ 36%] Building C object CMakeFiles/unitree_api__rosidl_typesupport_introspection_c.dir/rosidl_typesupport_introspection_c/unitree_api/msg/detail/request_identity__type_support.c.o
[ 37%] Building CXX object CMakeFiles/unitree_api__rosidl_typesupport_c.dir/rosidl_typesupport_c/unitree_api/msg/request_policy__type_support.cpp.o
[ 39%] Building C object CMakeFiles/unitree_api__rosidl_typesupport_introspection_c.dir/rosidl_typesupport_introspection_c/unitree_api/msg/detail/request_lease__type_support.c.o
[ 40%] Building CXX object CMakeFiles/unitree_api__rosidl_typesupport_c.dir/rosidl_typesupport_c/unitree_api/msg/response__type_support.cpp.o
[ 41%] Building C object CMakeFiles/unitree_api__rosidl_typesupport_introspection_c.dir/rosidl_typesupport_introspection_c/unitree_api/msg/detail/request_policy__type_support.c.o
[ 42%] Building CXX object CMakeFiles/unitree_api__rosidl_typesupport_introspection_cpp.dir/rosidl_typesupport_introspection_cpp/unitree_api/msg/detail/request_identity__type_support.cpp.o
[ 43%] Building CXX object CMakeFiles/unitree_api__rosidl_typesupport_c.dir/rosidl_typesupport_c/unitree_api/msg/response_header__type_support.cpp.o
[ 44%] Building C object CMakeFiles/unitree_api__rosidl_typesupport_introspection_c.dir/rosidl_typesupport_introspection_c/unitree_api/msg/detail/response__type_support.c.o
[ 45%] Building CXX object CMakeFiles/unitree_api__rosidl_typesupport_cpp.dir/rosidl_typesupport_cpp/unitree_api/msg/response_header__type_support.cpp.o
[ 48%] Building CXX object CMakeFiles/unitree_api__rosidl_typesupport_c.dir/rosidl_typesupport_c/unitree_api/msg/response_status__type_support.cpp.o
[ 48%] Building CXX object CMakeFiles/unitree_api__rosidl_typesupport_cpp.dir/rosidl_typesupport_cpp/unitree_api/msg/response_status__type_support.cpp.o
[ 49%] Building C object CMakeFiles/unitree_api__rosidl_typesupport_introspection_c.dir/rosidl_typesupport_introspection_c/unitree_api/msg/detail/response_header__type_support.c.o
[ 50%] Building C object CMakeFiles/unitree_api__rosidl_typesupport_introspection_c.dir/rosidl_typesupport_introspection_c/unitree_api/msg/detail/response_status__type_support.c.o
[ 51%] Linking CXX shared library libunitree_api__rosidl_typesupport_c.so
[ 52%] Building CXX object CMakeFiles/unitree_api__rosidl_typesupport_introspection_cpp.dir/rosidl_typesupport_introspection_cpp/unitree_api/msg/detail/request_lease__type_support.cpp.o
[ 54%] Linking C shared library libunitree_api__rosidl_typesupport_introspection_c.so
[ 54%] Built target unitree_api__rosidl_typesupport_c
[ 55%] Building CXX object CMakeFiles/unitree_api__rosidl_typesupport_introspection_cpp.dir/rosidl_typesupport_introspection_cpp/unitree_api/msg/detail/request_policy__type_support.cpp.o
[ 56%] Building CXX object CMakeFiles/unitree_api__rosidl_typesupport_fastrtps_cpp.dir/rosidl_typesupport_fastrtps_cpp/unitree_api/msg/detail/dds_fastrtps/request_header__type_support.cpp.o
[ 57%] Building CXX object CMakeFiles/unitree_api__rosidl_typesupport_introspection_cpp.dir/rosidl_typesupport_introspection_cpp/unitree_api/msg/detail/response__type_support.cpp.o
[ 57%] Built target unitree_api__rosidl_typesupport_introspection_c
[ 58%] Building CXX object CMakeFiles/unitree_api__rosidl_typesupport_fastrtps_cpp.dir/rosidl_typesupport_fastrtps_cpp/unitree_api/msg/detail/dds_fastrtps/request_identity__type_support.cpp.o
[ 59%] Building CXX object CMakeFiles/unitree_api__rosidl_typesupport_introspection_cpp.dir/rosidl_typesupport_introspection_cpp/unitree_api/msg/detail/response_header__type_support.cpp.o
[ 60%] Building CXX object CMakeFiles/unitree_api__rosidl_typesupport_introspection_cpp.dir/rosidl_typesupport_introspection_cpp/unitree_api/msg/detail/response_status__type_support.cpp.o
[ 62%] Building CXX object CMakeFiles/unitree_api__rosidl_typesupport_fastrtps_cpp.dir/rosidl_typesupport_fastrtps_cpp/unitree_api/msg/detail/dds_fastrtps/request_lease__type_support.cpp.o
[ 63%] Linking CXX shared library libunitree_api__rosidl_typesupport_cpp.so
[ 64%] Building CXX object CMakeFiles/unitree_api__rosidl_typesupport_fastrtps_cpp.dir/rosidl_typesupport_fastrtps_cpp/unitree_api/msg/detail/dds_fastrtps/request_policy__type_support.cpp.o
[ 64%] Built target unitree_api__rosidl_typesupport_cpp
[ 65%] Building CXX object CMakeFiles/unitree_api__rosidl_typesupport_fastrtps_cpp.dir/rosidl_typesupport_fastrtps_cpp/unitree_api/msg/detail/dds_fastrtps/response_header__type_support.cpp.o
[ 66%] Building CXX object CMakeFiles/unitree_api__rosidl_typesupport_fastrtps_cpp.dir/rosidl_typesupport_fastrtps_cpp/unitree_api/msg/detail/dds_fastrtps/response__type_support.cpp.o
[ 67%] Building CXX object CMakeFiles/unitree_api__rosidl_typesupport_fastrtps_cpp.dir/rosidl_typesupport_fastrtps_cpp/unitree_api/msg/detail/dds_fastrtps/response_status__type_support.cpp.o
[ 68%] Linking CXX shared library libunitree_api__rosidl_typesupport_introspection_cpp.so
[ 68%] Built target unitree_api__rosidl_typesupport_introspection_cpp
[ 70%] Linking CXX shared library libunitree_api__rosidl_typesupport_fastrtps_cpp.so
[ 70%] Built target unitree_api__rosidl_typesupport_fastrtps_cpp
[ 71%] Generating C type support for eProsima Fast-RTPS
Scanning dependencies of target unitree_api__rosidl_typesupport_fastrtps_c
[ 72%] Building CXX object CMakeFiles/unitree_api__rosidl_typesupport_fastrtps_c.dir/rosidl_typesupport_fastrtps_c/unitree_api/msg/detail/request__type_support_c.cpp.o
[ 73%] Building CXX object CMakeFiles/unitree_api__rosidl_typesupport_fastrtps_c.dir/rosidl_typesupport_fastrtps_c/unitree_api/msg/detail/request_header__type_support_c.cpp.o
[ 74%] Building CXX object CMakeFiles/unitree_api__rosidl_typesupport_fastrtps_c.dir/rosidl_typesupport_fastrtps_c/unitree_api/msg/detail/request_identity__type_support_c.cpp.o
[ 75%] Building CXX object CMakeFiles/unitree_api__rosidl_typesupport_fastrtps_c.dir/rosidl_typesupport_fastrtps_c/unitree_api/msg/detail/request_lease__type_support_c.cpp.o
[ 77%] Building CXX object CMakeFiles/unitree_api__rosidl_typesupport_fastrtps_c.dir/rosidl_typesupport_fastrtps_c/unitree_api/msg/detail/request_policy__type_support_c.cpp.o
[ 78%] Building CXX object CMakeFiles/unitree_api__rosidl_typesupport_fastrtps_c.dir/rosidl_typesupport_fastrtps_c/unitree_api/msg/detail/response_header__type_support_c.cpp.o
[ 79%] Building CXX object CMakeFiles/unitree_api__rosidl_typesupport_fastrtps_c.dir/rosidl_typesupport_fastrtps_c/unitree_api/msg/detail/response__type_support_c.cpp.o
[ 80%] Building CXX object CMakeFiles/unitree_api__rosidl_typesupport_fastrtps_c.dir/rosidl_typesupport_fastrtps_c/unitree_api/msg/detail/response_status__type_support_c.cpp.o
[ 81%] Linking CXX shared library libunitree_api__rosidl_typesupport_fastrtps_c.so
[ 81%] Built target unitree_api__rosidl_typesupport_fastrtps_c
Scanning dependencies of target unitree_api
[ 81%] Built target unitree_api
Scanning dependencies of target unitree_api__py
[ 82%] Generating Python code for ROS interfaces
[ 82%] Built target unitree_api__py
Scanning dependencies of target unitree_api__python
[ 83%] Building C object CMakeFiles/unitree_api__python.dir/rosidl_generator_py/unitree_api/msg/_request_s.c.o
[ 85%] Building C object CMakeFiles/unitree_api__python.dir/rosidl_generator_py/unitree_api/msg/_response_status_s.c.o
[ 86%] Building C object CMakeFiles/unitree_api__python.dir/rosidl_generator_py/unitree_api/msg/_response_header_s.c.o
[ 87%] Building C object CMakeFiles/unitree_api__python.dir/rosidl_generator_py/unitree_api/msg/_response_s.c.o
[ 88%] Building C object CMakeFiles/unitree_api__python.dir/rosidl_generator_py/unitree_api/msg/_request_policy_s.c.o
[ 89%] Building C object CMakeFiles/unitree_api__python.dir/rosidl_generator_py/unitree_api/msg/_request_lease_s.c.o
[ 90%] Building C object CMakeFiles/unitree_api__python.dir/rosidl_generator_py/unitree_api/msg/_request_identity_s.c.o
[ 91%] Building C object CMakeFiles/unitree_api__python.dir/rosidl_generator_py/unitree_api/msg/_request_header_s.c.o
[ 93%] Linking C shared library rosidl_generator_py/unitree_api/libunitree_api__python.so
[ 93%] Built target unitree_api__python
Scanning dependencies of target unitree_api__rosidl_typesupport_introspection_c__pyext
[ 94%] Building C object CMakeFiles/unitree_api__rosidl_typesupport_introspection_c__pyext.dir/rosidl_generator_py/unitree_api/_unitree_api_s.ep.rosidl_typesupport_introspection_c.c.o
[ 95%] Linking C shared library rosidl_generator_py/unitree_api/unitree_api_s__rosidl_typesupport_introspection_c.cpython-38-x86_64-linux-gnu.so
[ 95%] Built target unitree_api__rosidl_typesupport_introspection_c__pyext
Scanning dependencies of target unitree_api__rosidl_typesupport_fastrtps_c__pyext
[ 96%] Building C object CMakeFiles/unitree_api__rosidl_typesupport_fastrtps_c__pyext.dir/rosidl_generator_py/unitree_api/_unitree_api_s.ep.rosidl_typesupport_fastrtps_c.c.o
[ 97%] Linking CXX shared library rosidl_generator_py/unitree_api/unitree_api_s__rosidl_typesupport_fastrtps_c.cpython-38-x86_64-linux-gnu.so
[ 97%] Built target unitree_api__rosidl_typesupport_fastrtps_c__pyext
Scanning dependencies of target unitree_api__rosidl_typesupport_c__pyext
[ 98%] Building C object CMakeFiles/unitree_api__rosidl_typesupport_c__pyext.dir/rosidl_generator_py/unitree_api/_unitree_api_s.ep.rosidl_typesupport_c.c.o
[100%] Linking C shared library rosidl_generator_py/unitree_api/unitree_api_s__rosidl_typesupport_c.cpython-38-x86_64-linux-gnu.so
[100%] Built target unitree_api__rosidl_typesupport_c__pyext
-- Install configuration: ""
-- Installing: /home/alireza/thesis1/navigation_go2/go2_ws/install/unitree_api/share/ament_index/resource_index/rosidl_interfaces/unitree_api
-- Installing: /home/alireza/thesis1/navigation_go2/go2_ws/install/unitree_api/include/unitree_api
-- Installing: /home/alireza/thesis1/navigation_go2/go2_ws/install/unitree_api/include/unitree_api/msg
-- Installing: /home/alireza/thesis1/navigation_go2/go2_ws/install/unitree_api/include/unitree_api/msg/response_status.h
-- Installing: /home/alireza/thesis1/navigation_go2/go2_ws/install/unitree_api/include/unitree_api/msg/request_lease.h
-- Installing: /home/alireza/thesis1/navigation_go2/go2_ws/install/unitree_api/include/unitree_api/msg/detail
-- Installing: /home/alireza/thesis1/navigation_go2/go2_ws/install/unitree_api/include/unitree_api/msg/detail/response_status__type_support.h
-- Installing: /home/alireza/thesis1/navigation_go2/go2_ws/install/unitree_api/include/unitree_api/msg/detail/request_lease__type_support.h
-- Installing: /home/alireza/thesis1/navigation_go2/go2_ws/install/unitree_api/include/unitree_api/msg/detail/response_header__struct.h
-- Installing: /home/alireza/thesis1/navigation_go2/go2_ws/install/unitree_api/include/unitree_api/msg/detail/request__functions.h
-- Installing: /home/alireza/thesis1/navigation_go2/go2_ws/install/unitree_api/include/unitree_api/msg/detail/request_header__functions.h
-- Installing: /home/alireza/thesis1/navigation_go2/go2_ws/install/unitree_api/include/unitree_api/msg/detail/request_lease__functions.h
-- Installing: /home/alireza/thesis1/navigation_go2/go2_ws/install/unitree_api/include/unitree_api/msg/detail/response__functions.c
-- Installing: /home/alireza/thesis1/navigation_go2/go2_ws/install/unitree_api/include/unitree_api/msg/detail/request_identity__functions.h
-- Installing: /home/alireza/thesis1/navigation_go2/go2_ws/install/unitree_api/include/unitree_api/msg/detail/request_header__struct.h
-- Installing: /home/alireza/thesis1/navigation_go2/go2_ws/install/unitree_api/include/unitree_api/msg/detail/request__struct.h
-- Installing: /home/alireza/thesis1/navigation_go2/go2_ws/install/unitree_api/include/unitree_api/msg/detail/response_status__struct.h
-- Installing: /home/alireza/thesis1/navigation_go2/go2_ws/install/unitree_api/include/unitree_api/msg/detail/request_policy__struct.h
-- Installing: /home/alireza/thesis1/navigation_go2/go2_ws/install/unitree_api/include/unitree_api/msg/detail/request_lease__functions.c
-- Installing: /home/alireza/thesis1/navigation_go2/go2_ws/install/unitree_api/include/unitree_api/msg/detail/request_identity__struct.h
-- Installing: /home/alireza/thesis1/navigation_go2/go2_ws/install/unitree_api/include/unitree_api/msg/detail/request_lease__struct.h
-- Installing: /home/alireza/thesis1/navigation_go2/go2_ws/install/unitree_api/include/unitree_api/msg/detail/request_header__functions.c
-- Installing: /home/alireza/thesis1/navigation_go2/go2_ws/install/unitree_api/include/unitree_api/msg/detail/request_policy__functions.h
-- Installing: /home/alireza/thesis1/navigation_go2/go2_ws/install/unitree_api/include/unitree_api/msg/detail/request_identity__functions.c
-- Installing: /home/alireza/thesis1/navigation_go2/go2_ws/install/unitree_api/include/unitree_api/msg/detail/request_identity__type_support.h
-- Installing: /home/alireza/thesis1/navigation_go2/go2_ws/install/unitree_api/include/unitree_api/msg/detail/response__struct.h
-- Installing: /home/alireza/thesis1/navigation_go2/go2_ws/install/unitree_api/include/unitree_api/msg/detail/response_status__functions.c
-- Installing: /home/alireza/thesis1/navigation_go2/go2_ws/install/unitree_api/include/unitree_api/msg/detail/request_header__type_support.h
-- Installing: /home/alireza/thesis1/navigation_go2/go2_ws/install/unitree_api/include/unitree_api/msg/detail/request_policy__type_support.h
-- Installing: /home/alireza/thesis1/navigation_go2/go2_ws/install/unitree_api/include/unitree_api/msg/detail/response__functions.h
-- Installing: /home/alireza/thesis1/navigation_go2/go2_ws/install/unitree_api/include/unitree_api/msg/detail/response_header__functions.c
-- Installing: /home/alireza/thesis1/navigation_go2/go2_ws/install/unitree_api/include/unitree_api/msg/detail/response__type_support.h
-- Installing: /home/alireza/thesis1/navigation_go2/go2_ws/install/unitree_api/include/unitree_api/msg/detail/request__type_support.h
-- Installing: /home/alireza/thesis1/navigation_go2/go2_ws/install/unitree_api/include/unitree_api/msg/detail/response_status__functions.h
-- Installing: /home/alireza/thesis1/navigation_go2/go2_ws/install/unitree_api/include/unitree_api/msg/detail/response_header__type_support.h
-- Installing: /home/alireza/thesis1/navigation_go2/go2_ws/install/unitree_api/include/unitree_api/msg/detail/request__functions.c
-- Installing: /home/alireza/thesis1/navigation_go2/go2_ws/install/unitree_api/include/unitree_api/msg/detail/request_policy__functions.c
-- Installing: /home/alireza/thesis1/navigation_go2/go2_ws/install/unitree_api/include/unitree_api/msg/detail/response_header__functions.h
-- Installing: /home/alireza/thesis1/navigation_go2/go2_ws/install/unitree_api/include/unitree_api/msg/response_header.h
-- Installing: /home/alireza/thesis1/navigation_go2/go2_ws/install/unitree_api/include/unitree_api/msg/request_header.h
-- Installing: /home/alireza/thesis1/navigation_go2/go2_ws/install/unitree_api/include/unitree_api/msg/rosidl_generator_c__visibility_control.h
-- Installing: /home/alireza/thesis1/navigation_go2/go2_ws/install/unitree_api/include/unitree_api/msg/request.h
-- Installing: /home/alireza/thesis1/navigation_go2/go2_ws/install/unitree_api/include/unitree_api/msg/request_identity.h
-- Installing: /home/alireza/thesis1/navigation_go2/go2_ws/install/unitree_api/include/unitree_api/msg/request_policy.h
-- Installing: /home/alireza/thesis1/navigation_go2/go2_ws/install/unitree_api/include/unitree_api/msg/response.h
-- Installing: /home/alireza/thesis1/navigation_go2/go2_ws/install/unitree_api/share/unitree_api/environment/library_path.sh
-- Installing: /home/alireza/thesis1/navigation_go2/go2_ws/install/unitree_api/share/unitree_api/environment/library_path.dsv
-- Installing: /home/alireza/thesis1/navigation_go2/go2_ws/install/unitree_api/lib/libunitree_api__rosidl_generator_c.so
-- Set runtime path of "/home/alireza/thesis1/navigation_go2/go2_ws/install/unitree_api/lib/libunitree_api__rosidl_generator_c.so" to ""
-- Up-to-date: /home/alireza/thesis1/navigation_go2/go2_ws/install/unitree_api/include/unitree_api
-- Up-to-date: /home/alireza/thesis1/navigation_go2/go2_ws/install/unitree_api/include/unitree_api/msg
-- Up-to-date: /home/alireza/thesis1/navigation_go2/go2_ws/install/unitree_api/include/unitree_api/msg/detail
-- Installing: /home/alireza/thesis1/navigation_go2/go2_ws/install/unitree_api/include/unitree_api/msg/detail/request__rosidl_typesupport_fastrtps_c.h
-- Installing: /home/alireza/thesis1/navigation_go2/go2_ws/install/unitree_api/include/unitree_api/msg/detail/request_header__rosidl_typesupport_fastrtps_c.h
-- Installing: /home/alireza/thesis1/navigation_go2/go2_ws/install/unitree_api/include/unitree_api/msg/detail/response_header__rosidl_typesupport_fastrtps_c.h
-- Installing: /home/alireza/thesis1/navigation_go2/go2_ws/install/unitree_api/include/unitree_api/msg/detail/request_lease__rosidl_typesupport_fastrtps_c.h
-- Installing: /home/alireza/thesis1/navigation_go2/go2_ws/install/unitree_api/include/unitree_api/msg/detail/request_policy__rosidl_typesupport_fastrtps_c.h
-- Installing: /home/alireza/thesis1/navigation_go2/go2_ws/install/unitree_api/include/unitree_api/msg/detail/response_status__rosidl_typesupport_fastrtps_c.h
-- Installing: /home/alireza/thesis1/navigation_go2/go2_ws/install/unitree_api/include/unitree_api/msg/detail/response__rosidl_typesupport_fastrtps_c.h
-- Installing: /home/alireza/thesis1/navigation_go2/go2_ws/install/unitree_api/include/unitree_api/msg/detail/request_identity__rosidl_typesupport_fastrtps_c.h
-- Installing: /home/alireza/thesis1/navigation_go2/go2_ws/install/unitree_api/include/unitree_api/msg/rosidl_typesupport_fastrtps_c__visibility_control.h
-- Installing: /home/alireza/thesis1/navigation_go2/go2_ws/install/unitree_api/lib/libunitree_api__rosidl_typesupport_fastrtps_c.so
-- Set runtime path of "/home/alireza/thesis1/navigation_go2/go2_ws/install/unitree_api/lib/libunitree_api__rosidl_typesupport_fastrtps_c.so" to ""
-- Up-to-date: /home/alireza/thesis1/navigation_go2/go2_ws/install/unitree_api/include/unitree_api
-- Up-to-date: /home/alireza/thesis1/navigation_go2/go2_ws/install/unitree_api/include/unitree_api/msg
-- Installing: /home/alireza/thesis1/navigation_go2/go2_ws/install/unitree_api/include/unitree_api/msg/rosidl_typesupport_fastrtps_cpp__visibility_control.h
-- Up-to-date: /home/alireza/thesis1/navigation_go2/go2_ws/install/unitree_api/include/unitree_api/msg/detail
-- Installing: /home/alireza/thesis1/navigation_go2/go2_ws/install/unitree_api/include/unitree_api/msg/detail/request_header__rosidl_typesupport_fastrtps_cpp.hpp
-- Installing: /home/alireza/thesis1/navigation_go2/go2_ws/install/unitree_api/include/unitree_api/msg/detail/response__rosidl_typesupport_fastrtps_cpp.hpp
-- Installing: /home/alireza/thesis1/navigation_go2/go2_ws/install/unitree_api/include/unitree_api/msg/detail/response_header__rosidl_typesupport_fastrtps_cpp.hpp
-- Installing: /home/alireza/thesis1/navigation_go2/go2_ws/install/unitree_api/include/unitree_api/msg/detail/request__rosidl_typesupport_fastrtps_cpp.hpp
-- Installing: /home/alireza/thesis1/navigation_go2/go2_ws/install/unitree_api/include/unitree_api/msg/detail/request_policy__rosidl_typesupport_fastrtps_cpp.hpp
-- Installing: /home/alireza/thesis1/navigation_go2/go2_ws/install/unitree_api/include/unitree_api/msg/detail/request_lease__rosidl_typesupport_fastrtps_cpp.hpp
-- Installing: /home/alireza/thesis1/navigation_go2/go2_ws/install/unitree_api/include/unitree_api/msg/detail/response_status__rosidl_typesupport_fastrtps_cpp.hpp
-- Installing: /home/alireza/thesis1/navigation_go2/go2_ws/install/unitree_api/include/unitree_api/msg/detail/request_identity__rosidl_typesupport_fastrtps_cpp.hpp
-- Installing: /home/alireza/thesis1/navigation_go2/go2_ws/install/unitree_api/include/unitree_api/msg/detail/dds_fastrtps
-- Installing: /home/alireza/thesis1/navigation_go2/go2_ws/install/unitree_api/lib/libunitree_api__rosidl_typesupport_fastrtps_cpp.so
-- Set runtime path of "/home/alireza/thesis1/navigation_go2/go2_ws/install/unitree_api/lib/libunitree_api__rosidl_typesupport_fastrtps_cpp.so" to ""
-- Up-to-date: /home/alireza/thesis1/navigation_go2/go2_ws/install/unitree_api/include/unitree_api
-- Up-to-date: /home/alireza/thesis1/navigation_go2/go2_ws/install/unitree_api/include/unitree_api/msg
-- Installing: /home/alireza/thesis1/navigation_go2/go2_ws/install/unitree_api/include/unitree_api/msg/rosidl_typesupport_introspection_c__visibility_control.h
-- Up-to-date: /home/alireza/thesis1/navigation_go2/go2_ws/install/unitree_api/include/unitree_api/msg/detail
-- Installing: /home/alireza/thesis1/navigation_go2/go2_ws/install/unitree_api/include/unitree_api/msg/detail/request__rosidl_typesupport_introspection_c.h
-- Installing: /home/alireza/thesis1/navigation_go2/go2_ws/install/unitree_api/include/unitree_api/msg/detail/request_header__type_support.c
-- Installing: /home/alireza/thesis1/navigation_go2/go2_ws/install/unitree_api/include/unitree_api/msg/detail/request_lease__type_support.c
-- Installing: /home/alireza/thesis1/navigation_go2/go2_ws/install/unitree_api/include/unitree_api/msg/detail/response__type_support.c
-- Installing: /home/alireza/thesis1/navigation_go2/go2_ws/install/unitree_api/include/unitree_api/msg/detail/request__type_support.c
-- Installing: /home/alireza/thesis1/navigation_go2/go2_ws/install/unitree_api/include/unitree_api/msg/detail/response_header__rosidl_typesupport_introspection_c.h
-- Installing: /home/alireza/thesis1/navigation_go2/go2_ws/install/unitree_api/include/unitree_api/msg/detail/request_policy__rosidl_typesupport_introspection_c.h
-- Installing: /home/alireza/thesis1/navigation_go2/go2_ws/install/unitree_api/include/unitree_api/msg/detail/request_policy__type_support.c
-- Installing: /home/alireza/thesis1/navigation_go2/go2_ws/install/unitree_api/include/unitree_api/msg/detail/request_identity__rosidl_typesupport_introspection_c.h
-- Installing: /home/alireza/thesis1/navigation_go2/go2_ws/install/unitree_api/include/unitree_api/msg/detail/response__rosidl_typesupport_introspection_c.h
-- Installing: /home/alireza/thesis1/navigation_go2/go2_ws/install/unitree_api/include/unitree_api/msg/detail/request_header__rosidl_typesupport_introspection_c.h
-- Installing: /home/alireza/thesis1/navigation_go2/go2_ws/install/unitree_api/include/unitree_api/msg/detail/response_status__type_support.c
-- Installing: /home/alireza/thesis1/navigation_go2/go2_ws/install/unitree_api/include/unitree_api/msg/detail/response_status__rosidl_typesupport_introspection_c.h
-- Installing: /home/alireza/thesis1/navigation_go2/go2_ws/install/unitree_api/include/unitree_api/msg/detail/response_header__type_support.c
-- Installing: /home/alireza/thesis1/navigation_go2/go2_ws/install/unitree_api/include/unitree_api/msg/detail/request_lease__rosidl_typesupport_introspection_c.h
-- Installing: /home/alireza/thesis1/navigation_go2/go2_ws/install/unitree_api/include/unitree_api/msg/detail/request_identity__type_support.c
-- Installing: /home/alireza/thesis1/navigation_go2/go2_ws/install/unitree_api/lib/libunitree_api__rosidl_typesupport_introspection_c.so
-- Set runtime path of "/home/alireza/thesis1/navigation_go2/go2_ws/install/unitree_api/lib/libunitree_api__rosidl_typesupport_introspection_c.so" to ""
-- Installing: /home/alireza/thesis1/navigation_go2/go2_ws/install/unitree_api/lib/libunitree_api__rosidl_typesupport_c.so
-- Set runtime path of "/home/alireza/thesis1/navigation_go2/go2_ws/install/unitree_api/lib/libunitree_api__rosidl_typesupport_c.so" to ""
-- Up-to-date: /home/alireza/thesis1/navigation_go2/go2_ws/install/unitree_api/include/unitree_api
-- Up-to-date: /home/alireza/thesis1/navigation_go2/go2_ws/install/unitree_api/include/unitree_api/msg
-- Installing: /home/alireza/thesis1/navigation_go2/go2_ws/install/unitree_api/include/unitree_api/msg/request_policy.hpp
-- Installing: /home/alireza/thesis1/navigation_go2/go2_ws/install/unitree_api/include/unitree_api/msg/request_header.hpp
-- Installing: /home/alireza/thesis1/navigation_go2/go2_ws/install/unitree_api/include/unitree_api/msg/request_identity.hpp
-- Installing: /home/alireza/thesis1/navigation_go2/go2_ws/install/unitree_api/include/unitree_api/msg/rosidl_generator_cpp__visibility_control.hpp
-- Installing: /home/alireza/thesis1/navigation_go2/go2_ws/install/unitree_api/include/unitree_api/msg/response_header.hpp
-- Installing: /home/alireza/thesis1/navigation_go2/go2_ws/install/unitree_api/include/unitree_api/msg/response_status.hpp
-- Installing: /home/alireza/thesis1/navigation_go2/go2_ws/install/unitree_api/include/unitree_api/msg/request_lease.hpp
-- Installing: /home/alireza/thesis1/navigation_go2/go2_ws/install/unitree_api/include/unitree_api/msg/response.hpp
-- Up-to-date: /home/alireza/thesis1/navigation_go2/go2_ws/install/unitree_api/include/unitree_api/msg/detail
-- Installing: /home/alireza/thesis1/navigation_go2/go2_ws/install/unitree_api/include/unitree_api/msg/detail/request_header__builder.hpp
-- Installing: /home/alireza/thesis1/navigation_go2/go2_ws/install/unitree_api/include/unitree_api/msg/detail/request__traits.hpp
-- Installing: /home/alireza/thesis1/navigation_go2/go2_ws/install/unitree_api/include/unitree_api/msg/detail/request_header__struct.hpp
-- Installing: /home/alireza/thesis1/navigation_go2/go2_ws/install/unitree_api/include/unitree_api/msg/detail/request_lease__builder.hpp
-- Installing: /home/alireza/thesis1/navigation_go2/go2_ws/install/unitree_api/include/unitree_api/msg/detail/response_status__traits.hpp
-- Installing: /home/alireza/thesis1/navigation_go2/go2_ws/install/unitree_api/include/unitree_api/msg/detail/response__builder.hpp
-- Installing: /home/alireza/thesis1/navigation_go2/go2_ws/install/unitree_api/include/unitree_api/msg/detail/request__struct.hpp
-- Installing: /home/alireza/thesis1/navigation_go2/go2_ws/install/unitree_api/include/unitree_api/msg/detail/request_identity__traits.hpp
-- Installing: /home/alireza/thesis1/navigation_go2/go2_ws/install/unitree_api/include/unitree_api/msg/detail/response_status__builder.hpp
-- Installing: /home/alireza/thesis1/navigation_go2/go2_ws/install/unitree_api/include/unitree_api/msg/detail/response__struct.hpp
-- Installing: /home/alireza/thesis1/navigation_go2/go2_ws/install/unitree_api/include/unitree_api/msg/detail/request__builder.hpp
-- Installing: /home/alireza/thesis1/navigation_go2/go2_ws/install/unitree_api/include/unitree_api/msg/detail/response_status__type_support.hpp
-- Installing: /home/alireza/thesis1/navigation_go2/go2_ws/install/unitree_api/include/unitree_api/msg/detail/request__type_support.hpp
-- Installing: /home/alireza/thesis1/navigation_go2/go2_ws/install/unitree_api/include/unitree_api/msg/detail/response_header__type_support.hpp
-- Installing: /home/alireza/thesis1/navigation_go2/go2_ws/install/unitree_api/include/unitree_api/msg/detail/request_policy__struct.hpp
-- Installing: /home/alireza/thesis1/navigation_go2/go2_ws/install/unitree_api/include/unitree_api/msg/detail/request_header__type_support.hpp
-- Installing: /home/alireza/thesis1/navigation_go2/go2_ws/install/unitree_api/include/unitree_api/msg/detail/response_header__builder.hpp
-- Installing: /home/alireza/thesis1/navigation_go2/go2_ws/install/unitree_api/include/unitree_api/msg/detail/request_header__traits.hpp
-- Installing: /home/alireza/thesis1/navigation_go2/go2_ws/install/unitree_api/include/unitree_api/msg/detail/request_policy__traits.hpp
-- Installing: /home/alireza/thesis1/navigation_go2/go2_ws/install/unitree_api/include/unitree_api/msg/detail/request_policy__builder.hpp
-- Installing: /home/alireza/thesis1/navigation_go2/go2_ws/install/unitree_api/include/unitree_api/msg/detail/request_identity__struct.hpp
-- Installing: /home/alireza/thesis1/navigation_go2/go2_ws/install/unitree_api/include/unitree_api/msg/detail/response_header__struct.hpp
-- Installing: /home/alireza/thesis1/navigation_go2/go2_ws/install/unitree_api/include/unitree_api/msg/detail/request_lease__traits.hpp
-- Installing: /home/alireza/thesis1/navigation_go2/go2_ws/install/unitree_api/include/unitree_api/msg/detail/request_lease__type_support.hpp
-- Installing: /home/alireza/thesis1/navigation_go2/go2_ws/install/unitree_api/include/unitree_api/msg/detail/request_policy__type_support.hpp
-- Installing: /home/alireza/thesis1/navigation_go2/go2_ws/install/unitree_api/include/unitree_api/msg/detail/response_status__struct.hpp
-- Installing: /home/alireza/thesis1/navigation_go2/go2_ws/install/unitree_api/include/unitree_api/msg/detail/response_header__traits.hpp
-- Installing: /home/alireza/thesis1/navigation_go2/go2_ws/install/unitree_api/include/unitree_api/msg/detail/response__traits.hpp
-- Installing: /home/alireza/thesis1/navigation_go2/go2_ws/install/unitree_api/include/unitree_api/msg/detail/request_identity__builder.hpp
-- Installing: /home/alireza/thesis1/navigation_go2/go2_ws/install/unitree_api/include/unitree_api/msg/detail/request_identity__type_support.hpp
-- Installing: /home/alireza/thesis1/navigation_go2/go2_ws/install/unitree_api/include/unitree_api/msg/detail/response__type_support.hpp
-- Installing: /home/alireza/thesis1/navigation_go2/go2_ws/install/unitree_api/include/unitree_api/msg/detail/request_lease__struct.hpp
-- Installing: /home/alireza/thesis1/navigation_go2/go2_ws/install/unitree_api/include/unitree_api/msg/request.hpp
-- Up-to-date: /home/alireza/thesis1/navigation_go2/go2_ws/install/unitree_api/include/unitree_api
-- Up-to-date: /home/alireza/thesis1/navigation_go2/go2_ws/install/unitree_api/include/unitree_api/msg
-- Up-to-date: /home/alireza/thesis1/navigation_go2/go2_ws/install/unitree_api/include/unitree_api/msg/detail
-- Installing: /home/alireza/thesis1/navigation_go2/go2_ws/install/unitree_api/include/unitree_api/msg/detail/request__type_support.cpp
-- Installing: /home/alireza/thesis1/navigation_go2/go2_ws/install/unitree_api/include/unitree_api/msg/detail/response_status__rosidl_typesupport_introspection_cpp.hpp
-- Installing: /home/alireza/thesis1/navigation_go2/go2_ws/install/unitree_api/include/unitree_api/msg/detail/response_header__type_support.cpp
-- Installing: /home/alireza/thesis1/navigation_go2/go2_ws/install/unitree_api/include/unitree_api/msg/detail/request__rosidl_typesupport_introspection_cpp.hpp
-- Installing: /home/alireza/thesis1/navigation_go2/go2_ws/install/unitree_api/include/unitree_api/msg/detail/request_lease__rosidl_typesupport_introspection_cpp.hpp
-- Installing: /home/alireza/thesis1/navigation_go2/go2_ws/install/unitree_api/include/unitree_api/msg/detail/request_header__type_support.cpp
-- Installing: /home/alireza/thesis1/navigation_go2/go2_ws/install/unitree_api/include/unitree_api/msg/detail/request_policy__rosidl_typesupport_introspection_cpp.hpp
-- Installing: /home/alireza/thesis1/navigation_go2/go2_ws/install/unitree_api/include/unitree_api/msg/detail/response__type_support.cpp
-- Installing: /home/alireza/thesis1/navigation_go2/go2_ws/install/unitree_api/include/unitree_api/msg/detail/request_identity__rosidl_typesupport_introspection_cpp.hpp
-- Installing: /home/alireza/thesis1/navigation_go2/go2_ws/install/unitree_api/include/unitree_api/msg/detail/request_lease__type_support.cpp
-- Installing: /home/alireza/thesis1/navigation_go2/go2_ws/install/unitree_api/include/unitree_api/msg/detail/response_status__type_support.cpp
-- Installing: /home/alireza/thesis1/navigation_go2/go2_ws/install/unitree_api/include/unitree_api/msg/detail/request_header__rosidl_typesupport_introspection_cpp.hpp
-- Installing: /home/alireza/thesis1/navigation_go2/go2_ws/install/unitree_api/include/unitree_api/msg/detail/request_policy__type_support.cpp
-- Installing: /home/alireza/thesis1/navigation_go2/go2_ws/install/unitree_api/include/unitree_api/msg/detail/response_header__rosidl_typesupport_introspection_cpp.hpp
-- Installing: /home/alireza/thesis1/navigation_go2/go2_ws/install/unitree_api/include/unitree_api/msg/detail/response__rosidl_typesupport_introspection_cpp.hpp
-- Installing: /home/alireza/thesis1/navigation_go2/go2_ws/install/unitree_api/include/unitree_api/msg/detail/request_identity__type_support.cpp
-- Installing: /home/alireza/thesis1/navigation_go2/go2_ws/install/unitree_api/lib/libunitree_api__rosidl_typesupport_introspection_cpp.so
-- Set runtime path of "/home/alireza/thesis1/navigation_go2/go2_ws/install/unitree_api/lib/libunitree_api__rosidl_typesupport_introspection_cpp.so" to ""
-- Installing: /home/alireza/thesis1/navigation_go2/go2_ws/install/unitree_api/lib/libunitree_api__rosidl_typesupport_cpp.so
-- Set runtime path of "/home/alireza/thesis1/navigation_go2/go2_ws/install/unitree_api/lib/libunitree_api__rosidl_typesupport_cpp.so" to ""
-- Installing: /home/alireza/thesis1/navigation_go2/go2_ws/install/unitree_api/share/unitree_api/environment/pythonpath.sh
-- Installing: /home/alireza/thesis1/navigation_go2/go2_ws/install/unitree_api/share/unitree_api/environment/pythonpath.dsv
-- Installing: /home/alireza/thesis1/navigation_go2/go2_ws/install/unitree_api/lib/python3.8/site-packages/unitree_api/__init__.py
Compiling '/home/alireza/thesis1/navigation_go2/go2_ws/install/unitree_api/lib/python3.8/site-packages/unitree_api/__init__.py'...
-- Installing: /home/alireza/thesis1/navigation_go2/go2_ws/install/unitree_api/lib/python3.8/site-packages/unitree_api/msg
-- Installing: /home/alireza/thesis1/navigation_go2/go2_ws/install/unitree_api/lib/python3.8/site-packages/unitree_api/msg/_response_header.py
-- Installing: /home/alireza/thesis1/navigation_go2/go2_ws/install/unitree_api/lib/python3.8/site-packages/unitree_api/msg/_request_policy_s.c
-- Installing: /home/alireza/thesis1/navigation_go2/go2_ws/install/unitree_api/lib/python3.8/site-packages/unitree_api/msg/_request_identity.py
-- Installing: /home/alireza/thesis1/navigation_go2/go2_ws/install/unitree_api/lib/python3.8/site-packages/unitree_api/msg/__init__.py
-- Installing: /home/alireza/thesis1/navigation_go2/go2_ws/install/unitree_api/lib/python3.8/site-packages/unitree_api/msg/_request_s.c
-- Installing: /home/alireza/thesis1/navigation_go2/go2_ws/install/unitree_api/lib/python3.8/site-packages/unitree_api/msg/_request_lease_s.c
-- Installing: /home/alireza/thesis1/navigation_go2/go2_ws/install/unitree_api/lib/python3.8/site-packages/unitree_api/msg/_response_header_s.c
-- Installing: /home/alireza/thesis1/navigation_go2/go2_ws/install/unitree_api/lib/python3.8/site-packages/unitree_api/msg/_request_identity_s.c
-- Installing: /home/alireza/thesis1/navigation_go2/go2_ws/install/unitree_api/lib/python3.8/site-packages/unitree_api/msg/_response_s.c
-- Installing: /home/alireza/thesis1/navigation_go2/go2_ws/install/unitree_api/lib/python3.8/site-packages/unitree_api/msg/_request_header_s.c
-- Installing: /home/alireza/thesis1/navigation_go2/go2_ws/install/unitree_api/lib/python3.8/site-packages/unitree_api/msg/_request.py
-- Installing: /home/alireza/thesis1/navigation_go2/go2_ws/install/unitree_api/lib/python3.8/site-packages/unitree_api/msg/_request_policy.py
-- Installing: /home/alireza/thesis1/navigation_go2/go2_ws/install/unitree_api/lib/python3.8/site-packages/unitree_api/msg/_response_status_s.c
-- Installing: /home/alireza/thesis1/navigation_go2/go2_ws/install/unitree_api/lib/python3.8/site-packages/unitree_api/msg/_response_status.py
-- Installing: /home/alireza/thesis1/navigation_go2/go2_ws/install/unitree_api/lib/python3.8/site-packages/unitree_api/msg/_request_lease.py
-- Installing: /home/alireza/thesis1/navigation_go2/go2_ws/install/unitree_api/lib/python3.8/site-packages/unitree_api/msg/_request_header.py
-- Installing: /home/alireza/thesis1/navigation_go2/go2_ws/install/unitree_api/lib/python3.8/site-packages/unitree_api/msg/_response.py
-- Installing: /home/alireza/thesis1/navigation_go2/go2_ws/install/unitree_api/lib/python3.8/site-packages/unitree_api/unitree_api_s__rosidl_typesupport_fastrtps_c.cpython-38-x86_64-linux-gnu.so
-- Set runtime path of "/home/alireza/thesis1/navigation_go2/go2_ws/install/unitree_api/lib/python3.8/site-packages/unitree_api/unitree_api_s__rosidl_typesupport_fastrtps_c.cpython-38-x86_64-linux-gnu.so" to ""
-- Installing: /home/alireza/thesis1/navigation_go2/go2_ws/install/unitree_api/lib/python3.8/site-packages/unitree_api/unitree_api_s__rosidl_typesupport_introspection_c.cpython-38-x86_64-linux-gnu.so
-- Set runtime path of "/home/alireza/thesis1/navigation_go2/go2_ws/install/unitree_api/lib/python3.8/site-packages/unitree_api/unitree_api_s__rosidl_typesupport_introspection_c.cpython-38-x86_64-linux-gnu.so" to ""
-- Installing: /home/alireza/thesis1/navigation_go2/go2_ws/install/unitree_api/lib/python3.8/site-packages/unitree_api/unitree_api_s__rosidl_typesupport_c.cpython-38-x86_64-linux-gnu.so
-- Set runtime path of "/home/alireza/thesis1/navigation_go2/go2_ws/install/unitree_api/lib/python3.8/site-packages/unitree_api/unitree_api_s__rosidl_typesupport_c.cpython-38-x86_64-linux-gnu.so" to ""
-- Installing: /home/alireza/thesis1/navigation_go2/go2_ws/install/unitree_api/lib/libunitree_api__python.so
-- Set runtime path of "/home/alireza/thesis1/navigation_go2/go2_ws/install/unitree_api/lib/libunitree_api__python.so" to ""
-- Installing: /home/alireza/thesis1/navigation_go2/go2_ws/install/unitree_api/share/unitree_api/msg/Request.idl
-- Installing: /home/alireza/thesis1/navigation_go2/go2_ws/install/unitree_api/share/unitree_api/msg/RequestHeader.idl
-- Installing: /home/alireza/thesis1/navigation_go2/go2_ws/install/unitree_api/share/unitree_api/msg/RequestIdentity.idl
-- Installing: /home/alireza/thesis1/navigation_go2/go2_ws/install/unitree_api/share/unitree_api/msg/RequestLease.idl
-- Installing: /home/alireza/thesis1/navigation_go2/go2_ws/install/unitree_api/share/unitree_api/msg/RequestPolicy.idl
-- Installing: /home/alireza/thesis1/navigation_go2/go2_ws/install/unitree_api/share/unitree_api/msg/Response.idl
-- Installing: /home/alireza/thesis1/navigation_go2/go2_ws/install/unitree_api/share/unitree_api/msg/ResponseHeader.idl
-- Installing: /home/alireza/thesis1/navigation_go2/go2_ws/install/unitree_api/share/unitree_api/msg/ResponseStatus.idl
-- Installing: /home/alireza/thesis1/navigation_go2/go2_ws/install/unitree_api/share/unitree_api/msg/Request.msg
-- Installing: /home/alireza/thesis1/navigation_go2/go2_ws/install/unitree_api/share/unitree_api/msg/RequestHeader.msg
-- Installing: /home/alireza/thesis1/navigation_go2/go2_ws/install/unitree_api/share/unitree_api/msg/RequestIdentity.msg
-- Installing: /home/alireza/thesis1/navigation_go2/go2_ws/install/unitree_api/share/unitree_api/msg/RequestLease.msg
-- Installing: /home/alireza/thesis1/navigation_go2/go2_ws/install/unitree_api/share/unitree_api/msg/RequestPolicy.msg
-- Installing: /home/alireza/thesis1/navigation_go2/go2_ws/install/unitree_api/share/unitree_api/msg/Response.msg
-- Installing: /home/alireza/thesis1/navigation_go2/go2_ws/install/unitree_api/share/unitree_api/msg/ResponseHeader.msg
-- Installing: /home/alireza/thesis1/navigation_go2/go2_ws/install/unitree_api/share/unitree_api/msg/ResponseStatus.msg
-- Installing: /home/alireza/thesis1/navigation_go2/go2_ws/install/unitree_api/share/ament_index/resource_index/package_run_dependencies/unitree_api
-- Installing: /home/alireza/thesis1/navigation_go2/go2_ws/install/unitree_api/share/ament_index/resource_index/parent_prefix_path/unitree_api
-- Installing: /home/alireza/thesis1/navigation_go2/go2_ws/install/unitree_api/share/unitree_api/environment/ament_prefix_path.sh
-- Installing: /home/alireza/thesis1/navigation_go2/go2_ws/install/unitree_api/share/unitree_api/environment/ament_prefix_path.dsv
-- Installing: /home/alireza/thesis1/navigation_go2/go2_ws/install/unitree_api/share/unitree_api/environment/path.sh
-- Installing: /home/alireza/thesis1/navigation_go2/go2_ws/install/unitree_api/share/unitree_api/environment/path.dsv
-- Installing: /home/alireza/thesis1/navigation_go2/go2_ws/install/unitree_api/share/unitree_api/local_setup.bash
-- Installing: /home/alireza/thesis1/navigation_go2/go2_ws/install/unitree_api/share/unitree_api/local_setup.sh
-- Installing: /home/alireza/thesis1/navigation_go2/go2_ws/install/unitree_api/share/unitree_api/local_setup.zsh
-- Installing: /home/alireza/thesis1/navigation_go2/go2_ws/install/unitree_api/share/unitree_api/local_setup.dsv
-- Installing: /home/alireza/thesis1/navigation_go2/go2_ws/install/unitree_api/share/unitree_api/package.dsv
-- Installing: /home/alireza/thesis1/navigation_go2/go2_ws/install/unitree_api/share/ament_index/resource_index/packages/unitree_api
-- Installing: /home/alireza/thesis1/navigation_go2/go2_ws/install/unitree_api/share/unitree_api/cmake/unitree_api__rosidl_generator_cExport.cmake
-- Installing: /home/alireza/thesis1/navigation_go2/go2_ws/install/unitree_api/share/unitree_api/cmake/unitree_api__rosidl_generator_cExport-noconfig.cmake
-- Installing: /home/alireza/thesis1/navigation_go2/go2_ws/install/unitree_api/share/unitree_api/cmake/unitree_api__rosidl_typesupport_introspection_cExport.cmake
-- Installing: /home/alireza/thesis1/navigation_go2/go2_ws/install/unitree_api/share/unitree_api/cmake/unitree_api__rosidl_typesupport_introspection_cExport-noconfig.cmake
-- Installing: /home/alireza/thesis1/navigation_go2/go2_ws/install/unitree_api/share/unitree_api/cmake/unitree_api__rosidl_typesupport_cExport.cmake
-- Installing: /home/alireza/thesis1/navigation_go2/go2_ws/install/unitree_api/share/unitree_api/cmake/unitree_api__rosidl_typesupport_cExport-noconfig.cmake
-- Installing: /home/alireza/thesis1/navigation_go2/go2_ws/install/unitree_api/share/unitree_api/cmake/unitree_api__rosidl_generator_cppExport.cmake
-- Installing: /home/alireza/thesis1/navigation_go2/go2_ws/install/unitree_api/share/unitree_api/cmake/unitree_api__rosidl_typesupport_introspection_cppExport.cmake
-- Installing: /home/alireza/thesis1/navigation_go2/go2_ws/install/unitree_api/share/unitree_api/cmake/unitree_api__rosidl_typesupport_introspection_cppExport-noconfig.cmake
-- Installing: /home/alireza/thesis1/navigation_go2/go2_ws/install/unitree_api/share/unitree_api/cmake/unitree_api__rosidl_typesupport_cppExport.cmake
-- Installing: /home/alireza/thesis1/navigation_go2/go2_ws/install/unitree_api/share/unitree_api/cmake/unitree_api__rosidl_typesupport_cppExport-noconfig.cmake
-- Installing: /home/alireza/thesis1/navigation_go2/go2_ws/install/unitree_api/share/unitree_api/cmake/rosidl_cmake-extras.cmake
-- Installing: /home/alireza/thesis1/navigation_go2/go2_ws/install/unitree_api/share/unitree_api/cmake/ament_cmake_export_dependencies-extras.cmake
-- Installing: /home/alireza/thesis1/navigation_go2/go2_ws/install/unitree_api/share/unitree_api/cmake/ament_cmake_export_libraries-extras.cmake
-- Installing: /home/alireza/thesis1/navigation_go2/go2_ws/install/unitree_api/share/unitree_api/cmake/ament_cmake_export_targets-extras.cmake
-- Installing: /home/alireza/thesis1/navigation_go2/go2_ws/install/unitree_api/share/unitree_api/cmake/ament_cmake_export_include_directories-extras.cmake
-- Installing: /home/alireza/thesis1/navigation_go2/go2_ws/install/unitree_api/share/unitree_api/cmake/rosidl_cmake_export_typesupport_libraries-extras.cmake
-- Installing: /home/alireza/thesis1/navigation_go2/go2_ws/install/unitree_api/share/unitree_api/cmake/rosidl_cmake_export_typesupport_targets-extras.cmake
-- Installing: /home/alireza/thesis1/navigation_go2/go2_ws/install/unitree_api/share/unitree_api/cmake/unitree_apiConfig.cmake
-- Installing: /home/alireza/thesis1/navigation_go2/go2_ws/install/unitree_api/share/unitree_api/cmake/unitree_apiConfig-version.cmake
-- Installing: /home/alireza/thesis1/navigation_go2/go2_ws/install/unitree_api/share/unitree_api/package.xml
