[0.025s] Invoking command in '/home/alireza/thesis1/navigation_go2/go2_ws/build/unitree_api': CMAKE_PREFIX_PATH=/opt/ros/foxy /usr/bin/cmake /home/alireza/thesis1/navigation_go2/go2_ws/src/unitree_api -DCMAKE_INSTALL_PREFIX=/home/alireza/thesis1/navigation_go2/go2_ws/install/unitree_api
[0.045s] -- Found ament_cmake: 0.9.12 (/opt/ros/foxy/share/ament_cmake/cmake)
[0.076s] -- Using PYTHON_EXECUTABLE: /usr/bin/python3
[0.295s] -- Found geometry_msgs: 2.0.5 (/opt/ros/foxy/share/geometry_msgs/cmake)
[0.321s] -- Using all available rosidl_typesupport_c: rosidl_typesupport_fastrtps_c;rosidl_typesupport_introspection_c
[0.326s] -- Found rosidl_adapter: 1.3.1 (/opt/ros/foxy/share/rosidl_adapter/cmake)
[0.475s] -- Using all available rosidl_typesupport_cpp: rosidl_typesupport_fastrtps_cpp;rosidl_typesupport_introspection_cpp
[0.581s] -- Found rosidl_default_generators: 1.0.1 (/opt/ros/foxy/share/rosidl_default_generators/cmake)
[0.620s] -- Found PythonInterp: /usr/bin/python3 (found version "3.8.10") 
[0.864s] -- Found ament_cmake_ros: 0.9.2 (/opt/ros/foxy/share/ament_cmake_ros/cmake)
[1.201s] -- Using all available rosidl_typesupport_c: rosidl_typesupport_fastrtps_c;rosidl_typesupport_introspection_c
[1.350s] -- Using all available rosidl_typesupport_cpp: rosidl_typesupport_fastrtps_cpp;rosidl_typesupport_introspection_cpp
[1.389s] -- Found PythonInterp: /usr/bin/python3 (found suitable version "3.8.10", minimum required is "3.5") 
[1.392s] -- Found python_cmake_module: 0.8.1 (/opt/ros/foxy/share/python_cmake_module/cmake)
[1.437s] -- Found PythonLibs: /usr/lib/x86_64-linux-gnu/libpython3.8.so (found suitable version "3.8.10", minimum required is "3.5") 
[1.437s] -- Using PYTHON_EXECUTABLE: /usr/bin/python3
[1.438s] -- Using PYTHON_INCLUDE_DIRS: /usr/include/python3.8
[1.438s] -- Using PYTHON_LIBRARIES: /usr/lib/x86_64-linux-gnu/libpython3.8.so
[1.468s] -- Found PythonExtra: .so  
[1.632s] -- Found ament_lint_auto: 0.9.8 (/opt/ros/foxy/share/ament_lint_auto/cmake)
[1.675s] -- Added test 'copyright' to check source files copyright and LICENSE
[1.678s] -- Added test 'lint_cmake' to check CMake code style
[1.680s] -- Added test 'xmllint' to check XML markup files
[1.689s] -- Configuring done
[1.818s] -- Generating done
[1.852s] -- Build files have been written to: /home/alireza/thesis1/navigation_go2/go2_ws/build/unitree_api
[1.862s] Invoked command in '/home/alireza/thesis1/navigation_go2/go2_ws/build/unitree_api' returned '0': CMAKE_PREFIX_PATH=/opt/ros/foxy /usr/bin/cmake /home/alireza/thesis1/navigation_go2/go2_ws/src/unitree_api -DCMAKE_INSTALL_PREFIX=/home/alireza/thesis1/navigation_go2/go2_ws/install/unitree_api
[1.866s] Invoking command in '/home/alireza/thesis1/navigation_go2/go2_ws/build/unitree_api': CMAKE_PREFIX_PATH=/opt/ros/foxy /usr/bin/cmake --build /home/alireza/thesis1/navigation_go2/go2_ws/build/unitree_api -- -j8 -l8
[1.942s] [  1%] Generating C code for ROS interfaces
[1.943s] Scanning dependencies of target unitree_api__cpp
[1.971s] [  2%] Generating C++ code for ROS interfaces
[3.402s] Scanning dependencies of target unitree_api__rosidl_generator_c
[3.429s] [  3%] Building C object CMakeFiles/unitree_api__rosidl_generator_c.dir/rosidl_generator_c/unitree_api/msg/detail/request__functions.c.o
[3.456s] [  4%] Building C object CMakeFiles/unitree_api__rosidl_generator_c.dir/rosidl_generator_c/unitree_api/msg/detail/request_header__functions.c.o
[3.498s] [  5%] Building C object CMakeFiles/unitree_api__rosidl_generator_c.dir/rosidl_generator_c/unitree_api/msg/detail/request_identity__functions.c.o
[3.554s] [  6%] Building C object CMakeFiles/unitree_api__rosidl_generator_c.dir/rosidl_generator_c/unitree_api/msg/detail/request_policy__functions.c.o
[3.576s] [  8%] Building C object CMakeFiles/unitree_api__rosidl_generator_c.dir/rosidl_generator_c/unitree_api/msg/detail/request_lease__functions.c.o
[3.579s] [  9%] Building C object CMakeFiles/unitree_api__rosidl_generator_c.dir/rosidl_generator_c/unitree_api/msg/detail/response__functions.c.o
[3.603s] [ 10%] Building C object CMakeFiles/unitree_api__rosidl_generator_c.dir/rosidl_generator_c/unitree_api/msg/detail/response_header__functions.c.o
[3.653s] [ 11%] Building C object CMakeFiles/unitree_api__rosidl_generator_c.dir/rosidl_generator_c/unitree_api/msg/detail/response_status__functions.c.o
[3.746s] [ 11%] Built target unitree_api__cpp
[3.779s] [ 12%] Generating C++ introspection for ROS interfaces
[3.805s] [ 13%] Generating C++ type support dispatch for ROS interfaces
[3.840s] [ 14%] Generating C++ type support for eProsima Fast-RTPS
[3.850s] [ 16%] Linking C shared library libunitree_api__rosidl_generator_c.so
[4.035s] [ 16%] Built target unitree_api__rosidl_generator_c
[4.093s] [ 17%] Generating C type support dispatch for ROS interfaces
[4.132s] [ 18%] Generating C introspection for ROS interfaces
[5.149s] Scanning dependencies of target unitree_api__rosidl_typesupport_cpp
[5.229s] [ 19%] Building CXX object CMakeFiles/unitree_api__rosidl_typesupport_cpp.dir/rosidl_typesupport_cpp/unitree_api/msg/request__type_support.cpp.o
[5.238s] [ 20%] Building CXX object CMakeFiles/unitree_api__rosidl_typesupport_cpp.dir/rosidl_typesupport_cpp/unitree_api/msg/request_header__type_support.cpp.o
[5.256s] [ 21%] Building CXX object CMakeFiles/unitree_api__rosidl_typesupport_cpp.dir/rosidl_typesupport_cpp/unitree_api/msg/request_lease__type_support.cpp.o
[5.279s] [ 22%] Building CXX object CMakeFiles/unitree_api__rosidl_typesupport_cpp.dir/rosidl_typesupport_cpp/unitree_api/msg/request_identity__type_support.cpp.o
[6.078s] Scanning dependencies of target unitree_api__rosidl_typesupport_introspection_cpp
[6.110s] [ 24%] Building CXX object CMakeFiles/unitree_api__rosidl_typesupport_introspection_cpp.dir/rosidl_typesupport_introspection_cpp/unitree_api/msg/detail/request__type_support.cpp.o
[6.116s] Scanning dependencies of target unitree_api__rosidl_typesupport_c
[6.172s] [ 25%] Building CXX object CMakeFiles/unitree_api__rosidl_typesupport_c.dir/rosidl_typesupport_c/unitree_api/msg/request__type_support.cpp.o
[6.417s] [ 26%] Building CXX object CMakeFiles/unitree_api__rosidl_typesupport_c.dir/rosidl_typesupport_c/unitree_api/msg/request_header__type_support.cpp.o
[6.436s] Scanning dependencies of target unitree_api__rosidl_typesupport_fastrtps_cpp
[6.476s] Scanning dependencies of target unitree_api__rosidl_typesupport_introspection_c
[6.485s] [ 27%] Building CXX object CMakeFiles/unitree_api__rosidl_typesupport_fastrtps_cpp.dir/rosidl_typesupport_fastrtps_cpp/unitree_api/msg/detail/dds_fastrtps/request__type_support.cpp.o
[6.497s] [ 28%] Building CXX object CMakeFiles/unitree_api__rosidl_typesupport_introspection_cpp.dir/rosidl_typesupport_introspection_cpp/unitree_api/msg/detail/request_header__type_support.cpp.o
[6.599s] [ 29%] Building C object CMakeFiles/unitree_api__rosidl_typesupport_introspection_c.dir/rosidl_typesupport_introspection_c/unitree_api/msg/detail/request__type_support.c.o
[6.652s] [ 31%] Building CXX object CMakeFiles/unitree_api__rosidl_typesupport_c.dir/rosidl_typesupport_c/unitree_api/msg/request_identity__type_support.cpp.o
[6.718s] [ 32%] Building CXX object CMakeFiles/unitree_api__rosidl_typesupport_cpp.dir/rosidl_typesupport_cpp/unitree_api/msg/response__type_support.cpp.o
[6.765s] [ 33%] Building CXX object CMakeFiles/unitree_api__rosidl_typesupport_cpp.dir/rosidl_typesupport_cpp/unitree_api/msg/request_policy__type_support.cpp.o
[6.775s] [ 34%] Building C object CMakeFiles/unitree_api__rosidl_typesupport_introspection_c.dir/rosidl_typesupport_introspection_c/unitree_api/msg/detail/request_header__type_support.c.o
[6.836s] [ 35%] Building CXX object CMakeFiles/unitree_api__rosidl_typesupport_c.dir/rosidl_typesupport_c/unitree_api/msg/request_lease__type_support.cpp.o
[6.953s] [ 36%] Building C object CMakeFiles/unitree_api__rosidl_typesupport_introspection_c.dir/rosidl_typesupport_introspection_c/unitree_api/msg/detail/request_identity__type_support.c.o
[7.057s] [ 37%] Building CXX object CMakeFiles/unitree_api__rosidl_typesupport_c.dir/rosidl_typesupport_c/unitree_api/msg/request_policy__type_support.cpp.o
[7.151s] [ 39%] Building C object CMakeFiles/unitree_api__rosidl_typesupport_introspection_c.dir/rosidl_typesupport_introspection_c/unitree_api/msg/detail/request_lease__type_support.c.o
[7.245s] [ 40%] Building CXX object CMakeFiles/unitree_api__rosidl_typesupport_c.dir/rosidl_typesupport_c/unitree_api/msg/response__type_support.cpp.o
[7.344s] [ 41%] Building C object CMakeFiles/unitree_api__rosidl_typesupport_introspection_c.dir/rosidl_typesupport_introspection_c/unitree_api/msg/detail/request_policy__type_support.c.o
[7.407s] [ 42%] Building CXX object CMakeFiles/unitree_api__rosidl_typesupport_introspection_cpp.dir/rosidl_typesupport_introspection_cpp/unitree_api/msg/detail/request_identity__type_support.cpp.o
[7.434s] [ 43%] Building CXX object CMakeFiles/unitree_api__rosidl_typesupport_c.dir/rosidl_typesupport_c/unitree_api/msg/response_header__type_support.cpp.o
[7.461s] [ 44%] Building C object CMakeFiles/unitree_api__rosidl_typesupport_introspection_c.dir/rosidl_typesupport_introspection_c/unitree_api/msg/detail/response__type_support.c.o
[7.553s] [ 45%] Building CXX object CMakeFiles/unitree_api__rosidl_typesupport_cpp.dir/rosidl_typesupport_cpp/unitree_api/msg/response_header__type_support.cpp.o
[7.622s] [ 48%] Building CXX object CMakeFiles/unitree_api__rosidl_typesupport_c.dir/rosidl_typesupport_c/unitree_api/msg/response_status__type_support.cpp.o
[7.627s] [ 48%] Building CXX object CMakeFiles/unitree_api__rosidl_typesupport_cpp.dir/rosidl_typesupport_cpp/unitree_api/msg/response_status__type_support.cpp.o
[7.649s] [ 49%] Building C object CMakeFiles/unitree_api__rosidl_typesupport_introspection_c.dir/rosidl_typesupport_introspection_c/unitree_api/msg/detail/response_header__type_support.c.o
[7.878s] [ 50%] Building C object CMakeFiles/unitree_api__rosidl_typesupport_introspection_c.dir/rosidl_typesupport_introspection_c/unitree_api/msg/detail/response_status__type_support.c.o
[7.889s] [ 51%] Linking CXX shared library libunitree_api__rosidl_typesupport_c.so
[7.941s] [ 52%] Building CXX object CMakeFiles/unitree_api__rosidl_typesupport_introspection_cpp.dir/rosidl_typesupport_introspection_cpp/unitree_api/msg/detail/request_lease__type_support.cpp.o
[8.122s] [ 54%] Linking C shared library libunitree_api__rosidl_typesupport_introspection_c.so
[8.139s] [ 54%] Built target unitree_api__rosidl_typesupport_c
[8.190s] [ 55%] Building CXX object CMakeFiles/unitree_api__rosidl_typesupport_introspection_cpp.dir/rosidl_typesupport_introspection_cpp/unitree_api/msg/detail/request_policy__type_support.cpp.o
[8.360s] [ 56%] Building CXX object CMakeFiles/unitree_api__rosidl_typesupport_fastrtps_cpp.dir/rosidl_typesupport_fastrtps_cpp/unitree_api/msg/detail/dds_fastrtps/request_header__type_support.cpp.o
[8.432s] [ 57%] Building CXX object CMakeFiles/unitree_api__rosidl_typesupport_introspection_cpp.dir/rosidl_typesupport_introspection_cpp/unitree_api/msg/detail/response__type_support.cpp.o
[8.433s] [ 57%] Built target unitree_api__rosidl_typesupport_introspection_c
[8.537s] [ 58%] Building CXX object CMakeFiles/unitree_api__rosidl_typesupport_fastrtps_cpp.dir/rosidl_typesupport_fastrtps_cpp/unitree_api/msg/detail/dds_fastrtps/request_identity__type_support.cpp.o
[8.594s] [ 59%] Building CXX object CMakeFiles/unitree_api__rosidl_typesupport_introspection_cpp.dir/rosidl_typesupport_introspection_cpp/unitree_api/msg/detail/response_header__type_support.cpp.o
[9.179s] [ 60%] Building CXX object CMakeFiles/unitree_api__rosidl_typesupport_introspection_cpp.dir/rosidl_typesupport_introspection_cpp/unitree_api/msg/detail/response_status__type_support.cpp.o
[9.205s] [ 62%] Building CXX object CMakeFiles/unitree_api__rosidl_typesupport_fastrtps_cpp.dir/rosidl_typesupport_fastrtps_cpp/unitree_api/msg/detail/dds_fastrtps/request_lease__type_support.cpp.o
[9.423s] [ 63%] Linking CXX shared library libunitree_api__rosidl_typesupport_cpp.so
[9.694s] [ 64%] Building CXX object CMakeFiles/unitree_api__rosidl_typesupport_fastrtps_cpp.dir/rosidl_typesupport_fastrtps_cpp/unitree_api/msg/detail/dds_fastrtps/request_policy__type_support.cpp.o
[9.835s] [ 64%] Built target unitree_api__rosidl_typesupport_cpp
[9.908s] [ 65%] Building CXX object CMakeFiles/unitree_api__rosidl_typesupport_fastrtps_cpp.dir/rosidl_typesupport_fastrtps_cpp/unitree_api/msg/detail/dds_fastrtps/response_header__type_support.cpp.o
[9.954s] [ 66%] Building CXX object CMakeFiles/unitree_api__rosidl_typesupport_fastrtps_cpp.dir/rosidl_typesupport_fastrtps_cpp/unitree_api/msg/detail/dds_fastrtps/response__type_support.cpp.o
[10.491s] [ 67%] Building CXX object CMakeFiles/unitree_api__rosidl_typesupport_fastrtps_cpp.dir/rosidl_typesupport_fastrtps_cpp/unitree_api/msg/detail/dds_fastrtps/response_status__type_support.cpp.o
[10.685s] [ 68%] Linking CXX shared library libunitree_api__rosidl_typesupport_introspection_cpp.so
[11.259s] [ 68%] Built target unitree_api__rosidl_typesupport_introspection_cpp
[12.607s] [ 70%] Linking CXX shared library libunitree_api__rosidl_typesupport_fastrtps_cpp.so
[13.014s] [ 70%] Built target unitree_api__rosidl_typesupport_fastrtps_cpp
[13.089s] [ 71%] Generating C type support for eProsima Fast-RTPS
[16.396s] Scanning dependencies of target unitree_api__rosidl_typesupport_fastrtps_c
[16.522s] [ 72%] Building CXX object CMakeFiles/unitree_api__rosidl_typesupport_fastrtps_c.dir/rosidl_typesupport_fastrtps_c/unitree_api/msg/detail/request__type_support_c.cpp.o
[16.529s] [ 73%] Building CXX object CMakeFiles/unitree_api__rosidl_typesupport_fastrtps_c.dir/rosidl_typesupport_fastrtps_c/unitree_api/msg/detail/request_header__type_support_c.cpp.o
[16.554s] [ 74%] Building CXX object CMakeFiles/unitree_api__rosidl_typesupport_fastrtps_c.dir/rosidl_typesupport_fastrtps_c/unitree_api/msg/detail/request_identity__type_support_c.cpp.o
[16.591s] [ 75%] Building CXX object CMakeFiles/unitree_api__rosidl_typesupport_fastrtps_c.dir/rosidl_typesupport_fastrtps_c/unitree_api/msg/detail/request_lease__type_support_c.cpp.o
[16.595s] [ 77%] Building CXX object CMakeFiles/unitree_api__rosidl_typesupport_fastrtps_c.dir/rosidl_typesupport_fastrtps_c/unitree_api/msg/detail/request_policy__type_support_c.cpp.o
[16.671s] [ 78%] Building CXX object CMakeFiles/unitree_api__rosidl_typesupport_fastrtps_c.dir/rosidl_typesupport_fastrtps_c/unitree_api/msg/detail/response_header__type_support_c.cpp.o
[16.685s] [ 79%] Building CXX object CMakeFiles/unitree_api__rosidl_typesupport_fastrtps_c.dir/rosidl_typesupport_fastrtps_c/unitree_api/msg/detail/response__type_support_c.cpp.o
[16.727s] [ 80%] Building CXX object CMakeFiles/unitree_api__rosidl_typesupport_fastrtps_c.dir/rosidl_typesupport_fastrtps_c/unitree_api/msg/detail/response_status__type_support_c.cpp.o
[20.011s] [ 81%] Linking CXX shared library libunitree_api__rosidl_typesupport_fastrtps_c.so
[20.637s] [ 81%] Built target unitree_api__rosidl_typesupport_fastrtps_c
[20.712s] Scanning dependencies of target unitree_api
[20.769s] [ 81%] Built target unitree_api
[20.848s] Scanning dependencies of target unitree_api__py
[20.941s] [ 82%] Generating Python code for ROS interfaces
[24.463s] [ 82%] Built target unitree_api__py
[24.604s] Scanning dependencies of target unitree_api__python
[24.667s] [ 83%] Building C object CMakeFiles/unitree_api__python.dir/rosidl_generator_py/unitree_api/msg/_request_s.c.o
[24.987s] [ 85%] Building C object CMakeFiles/unitree_api__python.dir/rosidl_generator_py/unitree_api/msg/_response_status_s.c.o
[25.250s] [ 86%] Building C object CMakeFiles/unitree_api__python.dir/rosidl_generator_py/unitree_api/msg/_response_header_s.c.o
[25.448s] [ 87%] Building C object CMakeFiles/unitree_api__python.dir/rosidl_generator_py/unitree_api/msg/_response_s.c.o
[25.695s] [ 88%] Building C object CMakeFiles/unitree_api__python.dir/rosidl_generator_py/unitree_api/msg/_request_policy_s.c.o
[25.891s] [ 89%] Building C object CMakeFiles/unitree_api__python.dir/rosidl_generator_py/unitree_api/msg/_request_lease_s.c.o
[26.078s] [ 90%] Building C object CMakeFiles/unitree_api__python.dir/rosidl_generator_py/unitree_api/msg/_request_identity_s.c.o
[26.272s] [ 91%] Building C object CMakeFiles/unitree_api__python.dir/rosidl_generator_py/unitree_api/msg/_request_header_s.c.o
[26.505s] [ 93%] Linking C shared library rosidl_generator_py/unitree_api/libunitree_api__python.so
[26.614s] [ 93%] Built target unitree_api__python
[26.654s] Scanning dependencies of target unitree_api__rosidl_typesupport_introspection_c__pyext
[26.683s] [ 94%] Building C object CMakeFiles/unitree_api__rosidl_typesupport_introspection_c__pyext.dir/rosidl_generator_py/unitree_api/_unitree_api_s.ep.rosidl_typesupport_introspection_c.c.o
[26.917s] [ 95%] Linking C shared library rosidl_generator_py/unitree_api/unitree_api_s__rosidl_typesupport_introspection_c.cpython-38-x86_64-linux-gnu.so
[27.004s] [ 95%] Built target unitree_api__rosidl_typesupport_introspection_c__pyext
[27.041s] Scanning dependencies of target unitree_api__rosidl_typesupport_fastrtps_c__pyext
[27.073s] [ 96%] Building C object CMakeFiles/unitree_api__rosidl_typesupport_fastrtps_c__pyext.dir/rosidl_generator_py/unitree_api/_unitree_api_s.ep.rosidl_typesupport_fastrtps_c.c.o
[27.301s] [ 97%] Linking CXX shared library rosidl_generator_py/unitree_api/unitree_api_s__rosidl_typesupport_fastrtps_c.cpython-38-x86_64-linux-gnu.so
[27.449s] [ 97%] Built target unitree_api__rosidl_typesupport_fastrtps_c__pyext
[27.483s] Scanning dependencies of target unitree_api__rosidl_typesupport_c__pyext
[27.507s] [ 98%] Building C object CMakeFiles/unitree_api__rosidl_typesupport_c__pyext.dir/rosidl_generator_py/unitree_api/_unitree_api_s.ep.rosidl_typesupport_c.c.o
[27.664s] [100%] Linking C shared library rosidl_generator_py/unitree_api/unitree_api_s__rosidl_typesupport_c.cpython-38-x86_64-linux-gnu.so
[27.723s] [100%] Built target unitree_api__rosidl_typesupport_c__pyext
[27.749s] Invoked command in '/home/alireza/thesis1/navigation_go2/go2_ws/build/unitree_api' returned '0': CMAKE_PREFIX_PATH=/opt/ros/foxy /usr/bin/cmake --build /home/alireza/thesis1/navigation_go2/go2_ws/build/unitree_api -- -j8 -l8
[27.771s] Invoking command in '/home/alireza/thesis1/navigation_go2/go2_ws/build/unitree_api': CMAKE_PREFIX_PATH=/opt/ros/foxy /usr/bin/cmake --install /home/alireza/thesis1/navigation_go2/go2_ws/build/unitree_api
[27.791s] -- Install configuration: ""
[27.791s] -- Installing: /home/alireza/thesis1/navigation_go2/go2_ws/install/unitree_api/share/ament_index/resource_index/rosidl_interfaces/unitree_api
[27.792s] -- Installing: /home/alireza/thesis1/navigation_go2/go2_ws/install/unitree_api/include/unitree_api
[27.792s] -- Installing: /home/alireza/thesis1/navigation_go2/go2_ws/install/unitree_api/include/unitree_api/msg
[27.792s] -- Installing: /home/alireza/thesis1/navigation_go2/go2_ws/install/unitree_api/include/unitree_api/msg/response_status.h
[27.792s] -- Installing: /home/alireza/thesis1/navigation_go2/go2_ws/install/unitree_api/include/unitree_api/msg/request_lease.h
[27.793s] -- Installing: /home/alireza/thesis1/navigation_go2/go2_ws/install/unitree_api/include/unitree_api/msg/detail
[27.793s] -- Installing: /home/alireza/thesis1/navigation_go2/go2_ws/install/unitree_api/include/unitree_api/msg/detail/response_status__type_support.h
[27.793s] -- Installing: /home/alireza/thesis1/navigation_go2/go2_ws/install/unitree_api/include/unitree_api/msg/detail/request_lease__type_support.h
[27.793s] -- Installing: /home/alireza/thesis1/navigation_go2/go2_ws/install/unitree_api/include/unitree_api/msg/detail/response_header__struct.h
[27.794s] -- Installing: /home/alireza/thesis1/navigation_go2/go2_ws/install/unitree_api/include/unitree_api/msg/detail/request__functions.h
[27.794s] -- Installing: /home/alireza/thesis1/navigation_go2/go2_ws/install/unitree_api/include/unitree_api/msg/detail/request_header__functions.h
[27.794s] -- Installing: /home/alireza/thesis1/navigation_go2/go2_ws/install/unitree_api/include/unitree_api/msg/detail/request_lease__functions.h
[27.794s] -- Installing: /home/alireza/thesis1/navigation_go2/go2_ws/install/unitree_api/include/unitree_api/msg/detail/response__functions.c
[27.794s] -- Installing: /home/alireza/thesis1/navigation_go2/go2_ws/install/unitree_api/include/unitree_api/msg/detail/request_identity__functions.h
[27.795s] -- Installing: /home/alireza/thesis1/navigation_go2/go2_ws/install/unitree_api/include/unitree_api/msg/detail/request_header__struct.h
[27.795s] -- Installing: /home/alireza/thesis1/navigation_go2/go2_ws/install/unitree_api/include/unitree_api/msg/detail/request__struct.h
[27.795s] -- Installing: /home/alireza/thesis1/navigation_go2/go2_ws/install/unitree_api/include/unitree_api/msg/detail/response_status__struct.h
[27.795s] -- Installing: /home/alireza/thesis1/navigation_go2/go2_ws/install/unitree_api/include/unitree_api/msg/detail/request_policy__struct.h
[27.796s] -- Installing: /home/alireza/thesis1/navigation_go2/go2_ws/install/unitree_api/include/unitree_api/msg/detail/request_lease__functions.c
[27.796s] -- Installing: /home/alireza/thesis1/navigation_go2/go2_ws/install/unitree_api/include/unitree_api/msg/detail/request_identity__struct.h
[27.796s] -- Installing: /home/alireza/thesis1/navigation_go2/go2_ws/install/unitree_api/include/unitree_api/msg/detail/request_lease__struct.h
[27.796s] -- Installing: /home/alireza/thesis1/navigation_go2/go2_ws/install/unitree_api/include/unitree_api/msg/detail/request_header__functions.c
[27.796s] -- Installing: /home/alireza/thesis1/navigation_go2/go2_ws/install/unitree_api/include/unitree_api/msg/detail/request_policy__functions.h
[27.797s] -- Installing: /home/alireza/thesis1/navigation_go2/go2_ws/install/unitree_api/include/unitree_api/msg/detail/request_identity__functions.c
[27.797s] -- Installing: /home/alireza/thesis1/navigation_go2/go2_ws/install/unitree_api/include/unitree_api/msg/detail/request_identity__type_support.h
[27.797s] -- Installing: /home/alireza/thesis1/navigation_go2/go2_ws/install/unitree_api/include/unitree_api/msg/detail/response__struct.h
[27.797s] -- Installing: /home/alireza/thesis1/navigation_go2/go2_ws/install/unitree_api/include/unitree_api/msg/detail/response_status__functions.c
[27.797s] -- Installing: /home/alireza/thesis1/navigation_go2/go2_ws/install/unitree_api/include/unitree_api/msg/detail/request_header__type_support.h
[27.798s] -- Installing: /home/alireza/thesis1/navigation_go2/go2_ws/install/unitree_api/include/unitree_api/msg/detail/request_policy__type_support.h
[27.798s] -- Installing: /home/alireza/thesis1/navigation_go2/go2_ws/install/unitree_api/include/unitree_api/msg/detail/response__functions.h
[27.798s] -- Installing: /home/alireza/thesis1/navigation_go2/go2_ws/install/unitree_api/include/unitree_api/msg/detail/response_header__functions.c
[27.798s] -- Installing: /home/alireza/thesis1/navigation_go2/go2_ws/install/unitree_api/include/unitree_api/msg/detail/response__type_support.h
[27.798s] -- Installing: /home/alireza/thesis1/navigation_go2/go2_ws/install/unitree_api/include/unitree_api/msg/detail/request__type_support.h
[27.798s] -- Installing: /home/alireza/thesis1/navigation_go2/go2_ws/install/unitree_api/include/unitree_api/msg/detail/response_status__functions.h
[27.799s] -- Installing: /home/alireza/thesis1/navigation_go2/go2_ws/install/unitree_api/include/unitree_api/msg/detail/response_header__type_support.h
[27.799s] -- Installing: /home/alireza/thesis1/navigation_go2/go2_ws/install/unitree_api/include/unitree_api/msg/detail/request__functions.c
[27.799s] -- Installing: /home/alireza/thesis1/navigation_go2/go2_ws/install/unitree_api/include/unitree_api/msg/detail/request_policy__functions.c
[27.799s] -- Installing: /home/alireza/thesis1/navigation_go2/go2_ws/install/unitree_api/include/unitree_api/msg/detail/response_header__functions.h
[27.799s] -- Installing: /home/alireza/thesis1/navigation_go2/go2_ws/install/unitree_api/include/unitree_api/msg/response_header.h
[27.800s] -- Installing: /home/alireza/thesis1/navigation_go2/go2_ws/install/unitree_api/include/unitree_api/msg/request_header.h
[27.800s] -- Installing: /home/alireza/thesis1/navigation_go2/go2_ws/install/unitree_api/include/unitree_api/msg/rosidl_generator_c__visibility_control.h
[27.800s] -- Installing: /home/alireza/thesis1/navigation_go2/go2_ws/install/unitree_api/include/unitree_api/msg/request.h
[27.800s] -- Installing: /home/alireza/thesis1/navigation_go2/go2_ws/install/unitree_api/include/unitree_api/msg/request_identity.h
[27.801s] -- Installing: /home/alireza/thesis1/navigation_go2/go2_ws/install/unitree_api/include/unitree_api/msg/request_policy.h
[27.801s] -- Installing: /home/alireza/thesis1/navigation_go2/go2_ws/install/unitree_api/include/unitree_api/msg/response.h
[27.801s] -- Installing: /home/alireza/thesis1/navigation_go2/go2_ws/install/unitree_api/share/unitree_api/environment/library_path.sh
[27.802s] -- Installing: /home/alireza/thesis1/navigation_go2/go2_ws/install/unitree_api/share/unitree_api/environment/library_path.dsv
[27.802s] -- Installing: /home/alireza/thesis1/navigation_go2/go2_ws/install/unitree_api/lib/libunitree_api__rosidl_generator_c.so
[27.802s] -- Set runtime path of "/home/alireza/thesis1/navigation_go2/go2_ws/install/unitree_api/lib/libunitree_api__rosidl_generator_c.so" to ""
[27.803s] -- Up-to-date: /home/alireza/thesis1/navigation_go2/go2_ws/install/unitree_api/include/unitree_api
[27.803s] -- Up-to-date: /home/alireza/thesis1/navigation_go2/go2_ws/install/unitree_api/include/unitree_api/msg
[27.804s] -- Up-to-date: /home/alireza/thesis1/navigation_go2/go2_ws/install/unitree_api/include/unitree_api/msg/detail
[27.804s] -- Installing: /home/alireza/thesis1/navigation_go2/go2_ws/install/unitree_api/include/unitree_api/msg/detail/request__rosidl_typesupport_fastrtps_c.h
[27.804s] -- Installing: /home/alireza/thesis1/navigation_go2/go2_ws/install/unitree_api/include/unitree_api/msg/detail/request_header__rosidl_typesupport_fastrtps_c.h
[27.804s] -- Installing: /home/alireza/thesis1/navigation_go2/go2_ws/install/unitree_api/include/unitree_api/msg/detail/response_header__rosidl_typesupport_fastrtps_c.h
[27.804s] -- Installing: /home/alireza/thesis1/navigation_go2/go2_ws/install/unitree_api/include/unitree_api/msg/detail/request_lease__rosidl_typesupport_fastrtps_c.h
[27.805s] -- Installing: /home/alireza/thesis1/navigation_go2/go2_ws/install/unitree_api/include/unitree_api/msg/detail/request_policy__rosidl_typesupport_fastrtps_c.h
[27.806s] -- Installing: /home/alireza/thesis1/navigation_go2/go2_ws/install/unitree_api/include/unitree_api/msg/detail/response_status__rosidl_typesupport_fastrtps_c.h
[27.806s] -- Installing: /home/alireza/thesis1/navigation_go2/go2_ws/install/unitree_api/include/unitree_api/msg/detail/response__rosidl_typesupport_fastrtps_c.h
[27.806s] -- Installing: /home/alireza/thesis1/navigation_go2/go2_ws/install/unitree_api/include/unitree_api/msg/detail/request_identity__rosidl_typesupport_fastrtps_c.h
[27.807s] -- Installing: /home/alireza/thesis1/navigation_go2/go2_ws/install/unitree_api/include/unitree_api/msg/rosidl_typesupport_fastrtps_c__visibility_control.h
[27.807s] -- Installing: /home/alireza/thesis1/navigation_go2/go2_ws/install/unitree_api/lib/libunitree_api__rosidl_typesupport_fastrtps_c.so
[27.807s] -- Set runtime path of "/home/alireza/thesis1/navigation_go2/go2_ws/install/unitree_api/lib/libunitree_api__rosidl_typesupport_fastrtps_c.so" to ""
[27.808s] -- Up-to-date: /home/alireza/thesis1/navigation_go2/go2_ws/install/unitree_api/include/unitree_api
[27.808s] -- Up-to-date: /home/alireza/thesis1/navigation_go2/go2_ws/install/unitree_api/include/unitree_api/msg
[27.808s] -- Installing: /home/alireza/thesis1/navigation_go2/go2_ws/install/unitree_api/include/unitree_api/msg/rosidl_typesupport_fastrtps_cpp__visibility_control.h
[27.809s] -- Up-to-date: /home/alireza/thesis1/navigation_go2/go2_ws/install/unitree_api/include/unitree_api/msg/detail
[27.809s] -- Installing: /home/alireza/thesis1/navigation_go2/go2_ws/install/unitree_api/include/unitree_api/msg/detail/request_header__rosidl_typesupport_fastrtps_cpp.hpp
[27.809s] -- Installing: /home/alireza/thesis1/navigation_go2/go2_ws/install/unitree_api/include/unitree_api/msg/detail/response__rosidl_typesupport_fastrtps_cpp.hpp
[27.809s] -- Installing: /home/alireza/thesis1/navigation_go2/go2_ws/install/unitree_api/include/unitree_api/msg/detail/response_header__rosidl_typesupport_fastrtps_cpp.hpp
[27.810s] -- Installing: /home/alireza/thesis1/navigation_go2/go2_ws/install/unitree_api/include/unitree_api/msg/detail/request__rosidl_typesupport_fastrtps_cpp.hpp
[27.810s] -- Installing: /home/alireza/thesis1/navigation_go2/go2_ws/install/unitree_api/include/unitree_api/msg/detail/request_policy__rosidl_typesupport_fastrtps_cpp.hpp
[27.810s] -- Installing: /home/alireza/thesis1/navigation_go2/go2_ws/install/unitree_api/include/unitree_api/msg/detail/request_lease__rosidl_typesupport_fastrtps_cpp.hpp
[27.810s] -- Installing: /home/alireza/thesis1/navigation_go2/go2_ws/install/unitree_api/include/unitree_api/msg/detail/response_status__rosidl_typesupport_fastrtps_cpp.hpp
[27.810s] -- Installing: /home/alireza/thesis1/navigation_go2/go2_ws/install/unitree_api/include/unitree_api/msg/detail/request_identity__rosidl_typesupport_fastrtps_cpp.hpp
[27.810s] -- Installing: /home/alireza/thesis1/navigation_go2/go2_ws/install/unitree_api/include/unitree_api/msg/detail/dds_fastrtps
[27.811s] -- Installing: /home/alireza/thesis1/navigation_go2/go2_ws/install/unitree_api/lib/libunitree_api__rosidl_typesupport_fastrtps_cpp.so
[27.811s] -- Set runtime path of "/home/alireza/thesis1/navigation_go2/go2_ws/install/unitree_api/lib/libunitree_api__rosidl_typesupport_fastrtps_cpp.so" to ""
[27.811s] -- Up-to-date: /home/alireza/thesis1/navigation_go2/go2_ws/install/unitree_api/include/unitree_api
[27.811s] -- Up-to-date: /home/alireza/thesis1/navigation_go2/go2_ws/install/unitree_api/include/unitree_api/msg
[27.811s] -- Installing: /home/alireza/thesis1/navigation_go2/go2_ws/install/unitree_api/include/unitree_api/msg/rosidl_typesupport_introspection_c__visibility_control.h
[27.812s] -- Up-to-date: /home/alireza/thesis1/navigation_go2/go2_ws/install/unitree_api/include/unitree_api/msg/detail
[27.812s] -- Installing: /home/alireza/thesis1/navigation_go2/go2_ws/install/unitree_api/include/unitree_api/msg/detail/request__rosidl_typesupport_introspection_c.h
[27.812s] -- Installing: /home/alireza/thesis1/navigation_go2/go2_ws/install/unitree_api/include/unitree_api/msg/detail/request_header__type_support.c
[27.813s] -- Installing: /home/alireza/thesis1/navigation_go2/go2_ws/install/unitree_api/include/unitree_api/msg/detail/request_lease__type_support.c
[27.814s] -- Installing: /home/alireza/thesis1/navigation_go2/go2_ws/install/unitree_api/include/unitree_api/msg/detail/response__type_support.c
[27.814s] -- Installing: /home/alireza/thesis1/navigation_go2/go2_ws/install/unitree_api/include/unitree_api/msg/detail/request__type_support.c
[27.815s] -- Installing: /home/alireza/thesis1/navigation_go2/go2_ws/install/unitree_api/include/unitree_api/msg/detail/response_header__rosidl_typesupport_introspection_c.h
[27.815s] -- Installing: /home/alireza/thesis1/navigation_go2/go2_ws/install/unitree_api/include/unitree_api/msg/detail/request_policy__rosidl_typesupport_introspection_c.h
[27.815s] -- Installing: /home/alireza/thesis1/navigation_go2/go2_ws/install/unitree_api/include/unitree_api/msg/detail/request_policy__type_support.c
[27.815s] -- Installing: /home/alireza/thesis1/navigation_go2/go2_ws/install/unitree_api/include/unitree_api/msg/detail/request_identity__rosidl_typesupport_introspection_c.h
[27.816s] -- Installing: /home/alireza/thesis1/navigation_go2/go2_ws/install/unitree_api/include/unitree_api/msg/detail/response__rosidl_typesupport_introspection_c.h
[27.816s] -- Installing: /home/alireza/thesis1/navigation_go2/go2_ws/install/unitree_api/include/unitree_api/msg/detail/request_header__rosidl_typesupport_introspection_c.h
[27.816s] -- Installing: /home/alireza/thesis1/navigation_go2/go2_ws/install/unitree_api/include/unitree_api/msg/detail/response_status__type_support.c
[27.816s] -- Installing: /home/alireza/thesis1/navigation_go2/go2_ws/install/unitree_api/include/unitree_api/msg/detail/response_status__rosidl_typesupport_introspection_c.h
[27.817s] -- Installing: /home/alireza/thesis1/navigation_go2/go2_ws/install/unitree_api/include/unitree_api/msg/detail/response_header__type_support.c
[27.817s] -- Installing: /home/alireza/thesis1/navigation_go2/go2_ws/install/unitree_api/include/unitree_api/msg/detail/request_lease__rosidl_typesupport_introspection_c.h
[27.817s] -- Installing: /home/alireza/thesis1/navigation_go2/go2_ws/install/unitree_api/include/unitree_api/msg/detail/request_identity__type_support.c
[27.817s] -- Installing: /home/alireza/thesis1/navigation_go2/go2_ws/install/unitree_api/lib/libunitree_api__rosidl_typesupport_introspection_c.so
[27.817s] -- Set runtime path of "/home/alireza/thesis1/navigation_go2/go2_ws/install/unitree_api/lib/libunitree_api__rosidl_typesupport_introspection_c.so" to ""
[27.818s] -- Installing: /home/alireza/thesis1/navigation_go2/go2_ws/install/unitree_api/lib/libunitree_api__rosidl_typesupport_c.so
[27.819s] -- Set runtime path of "/home/alireza/thesis1/navigation_go2/go2_ws/install/unitree_api/lib/libunitree_api__rosidl_typesupport_c.so" to ""
[27.819s] -- Up-to-date: /home/alireza/thesis1/navigation_go2/go2_ws/install/unitree_api/include/unitree_api
[27.820s] -- Up-to-date: /home/alireza/thesis1/navigation_go2/go2_ws/install/unitree_api/include/unitree_api/msg
[27.820s] -- Installing: /home/alireza/thesis1/navigation_go2/go2_ws/install/unitree_api/include/unitree_api/msg/request_policy.hpp
[27.821s] -- Installing: /home/alireza/thesis1/navigation_go2/go2_ws/install/unitree_api/include/unitree_api/msg/request_header.hpp
[27.821s] -- Installing: /home/alireza/thesis1/navigation_go2/go2_ws/install/unitree_api/include/unitree_api/msg/request_identity.hpp
[27.821s] -- Installing: /home/alireza/thesis1/navigation_go2/go2_ws/install/unitree_api/include/unitree_api/msg/rosidl_generator_cpp__visibility_control.hpp
[27.821s] -- Installing: /home/alireza/thesis1/navigation_go2/go2_ws/install/unitree_api/include/unitree_api/msg/response_header.hpp
[27.822s] -- Installing: /home/alireza/thesis1/navigation_go2/go2_ws/install/unitree_api/include/unitree_api/msg/response_status.hpp
[27.822s] -- Installing: /home/alireza/thesis1/navigation_go2/go2_ws/install/unitree_api/include/unitree_api/msg/request_lease.hpp
[27.822s] -- Installing: /home/alireza/thesis1/navigation_go2/go2_ws/install/unitree_api/include/unitree_api/msg/response.hpp
[27.822s] -- Up-to-date: /home/alireza/thesis1/navigation_go2/go2_ws/install/unitree_api/include/unitree_api/msg/detail
[27.822s] -- Installing: /home/alireza/thesis1/navigation_go2/go2_ws/install/unitree_api/include/unitree_api/msg/detail/request_header__builder.hpp
[27.823s] -- Installing: /home/alireza/thesis1/navigation_go2/go2_ws/install/unitree_api/include/unitree_api/msg/detail/request__traits.hpp
[27.823s] -- Installing: /home/alireza/thesis1/navigation_go2/go2_ws/install/unitree_api/include/unitree_api/msg/detail/request_header__struct.hpp
[27.824s] -- Installing: /home/alireza/thesis1/navigation_go2/go2_ws/install/unitree_api/include/unitree_api/msg/detail/request_lease__builder.hpp
[27.824s] -- Installing: /home/alireza/thesis1/navigation_go2/go2_ws/install/unitree_api/include/unitree_api/msg/detail/response_status__traits.hpp
[27.824s] -- Installing: /home/alireza/thesis1/navigation_go2/go2_ws/install/unitree_api/include/unitree_api/msg/detail/response__builder.hpp
[27.824s] -- Installing: /home/alireza/thesis1/navigation_go2/go2_ws/install/unitree_api/include/unitree_api/msg/detail/request__struct.hpp
[27.825s] -- Installing: /home/alireza/thesis1/navigation_go2/go2_ws/install/unitree_api/include/unitree_api/msg/detail/request_identity__traits.hpp
[27.825s] -- Installing: /home/alireza/thesis1/navigation_go2/go2_ws/install/unitree_api/include/unitree_api/msg/detail/response_status__builder.hpp
[27.825s] -- Installing: /home/alireza/thesis1/navigation_go2/go2_ws/install/unitree_api/include/unitree_api/msg/detail/response__struct.hpp
[27.826s] -- Installing: /home/alireza/thesis1/navigation_go2/go2_ws/install/unitree_api/include/unitree_api/msg/detail/request__builder.hpp
[27.826s] -- Installing: /home/alireza/thesis1/navigation_go2/go2_ws/install/unitree_api/include/unitree_api/msg/detail/response_status__type_support.hpp
[27.826s] -- Installing: /home/alireza/thesis1/navigation_go2/go2_ws/install/unitree_api/include/unitree_api/msg/detail/request__type_support.hpp
[27.826s] -- Installing: /home/alireza/thesis1/navigation_go2/go2_ws/install/unitree_api/include/unitree_api/msg/detail/response_header__type_support.hpp
[27.827s] -- Installing: /home/alireza/thesis1/navigation_go2/go2_ws/install/unitree_api/include/unitree_api/msg/detail/request_policy__struct.hpp
[27.827s] -- Installing: /home/alireza/thesis1/navigation_go2/go2_ws/install/unitree_api/include/unitree_api/msg/detail/request_header__type_support.hpp
[27.827s] -- Installing: /home/alireza/thesis1/navigation_go2/go2_ws/install/unitree_api/include/unitree_api/msg/detail/response_header__builder.hpp
[27.828s] -- Installing: /home/alireza/thesis1/navigation_go2/go2_ws/install/unitree_api/include/unitree_api/msg/detail/request_header__traits.hpp
[27.828s] -- Installing: /home/alireza/thesis1/navigation_go2/go2_ws/install/unitree_api/include/unitree_api/msg/detail/request_policy__traits.hpp
[27.828s] -- Installing: /home/alireza/thesis1/navigation_go2/go2_ws/install/unitree_api/include/unitree_api/msg/detail/request_policy__builder.hpp
[27.828s] -- Installing: /home/alireza/thesis1/navigation_go2/go2_ws/install/unitree_api/include/unitree_api/msg/detail/request_identity__struct.hpp
[27.829s] -- Installing: /home/alireza/thesis1/navigation_go2/go2_ws/install/unitree_api/include/unitree_api/msg/detail/response_header__struct.hpp
[27.829s] -- Installing: /home/alireza/thesis1/navigation_go2/go2_ws/install/unitree_api/include/unitree_api/msg/detail/request_lease__traits.hpp
[27.829s] -- Installing: /home/alireza/thesis1/navigation_go2/go2_ws/install/unitree_api/include/unitree_api/msg/detail/request_lease__type_support.hpp
[27.829s] -- Installing: /home/alireza/thesis1/navigation_go2/go2_ws/install/unitree_api/include/unitree_api/msg/detail/request_policy__type_support.hpp
[27.836s] -- Installing: /home/alireza/thesis1/navigation_go2/go2_ws/install/unitree_api/include/unitree_api/msg/detail/response_status__struct.hpp
[27.836s] -- Installing: /home/alireza/thesis1/navigation_go2/go2_ws/install/unitree_api/include/unitree_api/msg/detail/response_header__traits.hpp
[27.837s] -- Installing: /home/alireza/thesis1/navigation_go2/go2_ws/install/unitree_api/include/unitree_api/msg/detail/response__traits.hpp
[27.837s] -- Installing: /home/alireza/thesis1/navigation_go2/go2_ws/install/unitree_api/include/unitree_api/msg/detail/request_identity__builder.hpp
[27.838s] -- Installing: /home/alireza/thesis1/navigation_go2/go2_ws/install/unitree_api/include/unitree_api/msg/detail/request_identity__type_support.hpp
[27.838s] -- Installing: /home/alireza/thesis1/navigation_go2/go2_ws/install/unitree_api/include/unitree_api/msg/detail/response__type_support.hpp
[27.838s] -- Installing: /home/alireza/thesis1/navigation_go2/go2_ws/install/unitree_api/include/unitree_api/msg/detail/request_lease__struct.hpp
[27.838s] -- Installing: /home/alireza/thesis1/navigation_go2/go2_ws/install/unitree_api/include/unitree_api/msg/request.hpp
[27.838s] -- Up-to-date: /home/alireza/thesis1/navigation_go2/go2_ws/install/unitree_api/include/unitree_api
[27.838s] -- Up-to-date: /home/alireza/thesis1/navigation_go2/go2_ws/install/unitree_api/include/unitree_api/msg
[27.839s] -- Up-to-date: /home/alireza/thesis1/navigation_go2/go2_ws/install/unitree_api/include/unitree_api/msg/detail
[27.839s] -- Installing: /home/alireza/thesis1/navigation_go2/go2_ws/install/unitree_api/include/unitree_api/msg/detail/request__type_support.cpp
[27.839s] -- Installing: /home/alireza/thesis1/navigation_go2/go2_ws/install/unitree_api/include/unitree_api/msg/detail/response_status__rosidl_typesupport_introspection_cpp.hpp
[27.839s] -- Installing: /home/alireza/thesis1/navigation_go2/go2_ws/install/unitree_api/include/unitree_api/msg/detail/response_header__type_support.cpp
[27.839s] -- Installing: /home/alireza/thesis1/navigation_go2/go2_ws/install/unitree_api/include/unitree_api/msg/detail/request__rosidl_typesupport_introspection_cpp.hpp
[27.840s] -- Installing: /home/alireza/thesis1/navigation_go2/go2_ws/install/unitree_api/include/unitree_api/msg/detail/request_lease__rosidl_typesupport_introspection_cpp.hpp
[27.840s] -- Installing: /home/alireza/thesis1/navigation_go2/go2_ws/install/unitree_api/include/unitree_api/msg/detail/request_header__type_support.cpp
[27.840s] -- Installing: /home/alireza/thesis1/navigation_go2/go2_ws/install/unitree_api/include/unitree_api/msg/detail/request_policy__rosidl_typesupport_introspection_cpp.hpp
[27.840s] -- Installing: /home/alireza/thesis1/navigation_go2/go2_ws/install/unitree_api/include/unitree_api/msg/detail/response__type_support.cpp
[27.841s] -- Installing: /home/alireza/thesis1/navigation_go2/go2_ws/install/unitree_api/include/unitree_api/msg/detail/request_identity__rosidl_typesupport_introspection_cpp.hpp
[27.841s] -- Installing: /home/alireza/thesis1/navigation_go2/go2_ws/install/unitree_api/include/unitree_api/msg/detail/request_lease__type_support.cpp
[27.841s] -- Installing: /home/alireza/thesis1/navigation_go2/go2_ws/install/unitree_api/include/unitree_api/msg/detail/response_status__type_support.cpp
[27.841s] -- Installing: /home/alireza/thesis1/navigation_go2/go2_ws/install/unitree_api/include/unitree_api/msg/detail/request_header__rosidl_typesupport_introspection_cpp.hpp
[27.842s] -- Installing: /home/alireza/thesis1/navigation_go2/go2_ws/install/unitree_api/include/unitree_api/msg/detail/request_policy__type_support.cpp
[27.842s] -- Installing: /home/alireza/thesis1/navigation_go2/go2_ws/install/unitree_api/include/unitree_api/msg/detail/response_header__rosidl_typesupport_introspection_cpp.hpp
[27.842s] -- Installing: /home/alireza/thesis1/navigation_go2/go2_ws/install/unitree_api/include/unitree_api/msg/detail/response__rosidl_typesupport_introspection_cpp.hpp
[27.842s] -- Installing: /home/alireza/thesis1/navigation_go2/go2_ws/install/unitree_api/include/unitree_api/msg/detail/request_identity__type_support.cpp
[27.842s] -- Installing: /home/alireza/thesis1/navigation_go2/go2_ws/install/unitree_api/lib/libunitree_api__rosidl_typesupport_introspection_cpp.so
[27.842s] -- Set runtime path of "/home/alireza/thesis1/navigation_go2/go2_ws/install/unitree_api/lib/libunitree_api__rosidl_typesupport_introspection_cpp.so" to ""
[27.842s] -- Installing: /home/alireza/thesis1/navigation_go2/go2_ws/install/unitree_api/lib/libunitree_api__rosidl_typesupport_cpp.so
[27.842s] -- Set runtime path of "/home/alireza/thesis1/navigation_go2/go2_ws/install/unitree_api/lib/libunitree_api__rosidl_typesupport_cpp.so" to ""
[27.843s] -- Installing: /home/alireza/thesis1/navigation_go2/go2_ws/install/unitree_api/share/unitree_api/environment/pythonpath.sh
[27.843s] -- Installing: /home/alireza/thesis1/navigation_go2/go2_ws/install/unitree_api/share/unitree_api/environment/pythonpath.dsv
[27.843s] -- Installing: /home/alireza/thesis1/navigation_go2/go2_ws/install/unitree_api/lib/python3.8/site-packages/unitree_api/__init__.py
[27.902s] Compiling '/home/alireza/thesis1/navigation_go2/go2_ws/install/unitree_api/lib/python3.8/site-packages/unitree_api/__init__.py'...
[27.908s] -- Installing: /home/alireza/thesis1/navigation_go2/go2_ws/install/unitree_api/lib/python3.8/site-packages/unitree_api/msg
[27.909s] -- Installing: /home/alireza/thesis1/navigation_go2/go2_ws/install/unitree_api/lib/python3.8/site-packages/unitree_api/msg/_response_header.py
[27.920s] -- Installing: /home/alireza/thesis1/navigation_go2/go2_ws/install/unitree_api/lib/python3.8/site-packages/unitree_api/msg/_request_policy_s.c
[27.920s] -- Installing: /home/alireza/thesis1/navigation_go2/go2_ws/install/unitree_api/lib/python3.8/site-packages/unitree_api/msg/_request_identity.py
[27.921s] -- Installing: /home/alireza/thesis1/navigation_go2/go2_ws/install/unitree_api/lib/python3.8/site-packages/unitree_api/msg/__init__.py
[27.921s] -- Installing: /home/alireza/thesis1/navigation_go2/go2_ws/install/unitree_api/lib/python3.8/site-packages/unitree_api/msg/_request_s.c
[27.921s] -- Installing: /home/alireza/thesis1/navigation_go2/go2_ws/install/unitree_api/lib/python3.8/site-packages/unitree_api/msg/_request_lease_s.c
[27.921s] -- Installing: /home/alireza/thesis1/navigation_go2/go2_ws/install/unitree_api/lib/python3.8/site-packages/unitree_api/msg/_response_header_s.c
[27.922s] -- Installing: /home/alireza/thesis1/navigation_go2/go2_ws/install/unitree_api/lib/python3.8/site-packages/unitree_api/msg/_request_identity_s.c
[27.922s] -- Installing: /home/alireza/thesis1/navigation_go2/go2_ws/install/unitree_api/lib/python3.8/site-packages/unitree_api/msg/_response_s.c
[27.923s] -- Installing: /home/alireza/thesis1/navigation_go2/go2_ws/install/unitree_api/lib/python3.8/site-packages/unitree_api/msg/_request_header_s.c
[27.923s] -- Installing: /home/alireza/thesis1/navigation_go2/go2_ws/install/unitree_api/lib/python3.8/site-packages/unitree_api/msg/_request.py
[27.923s] -- Installing: /home/alireza/thesis1/navigation_go2/go2_ws/install/unitree_api/lib/python3.8/site-packages/unitree_api/msg/_request_policy.py
[27.923s] -- Installing: /home/alireza/thesis1/navigation_go2/go2_ws/install/unitree_api/lib/python3.8/site-packages/unitree_api/msg/_response_status_s.c
[27.924s] -- Installing: /home/alireza/thesis1/navigation_go2/go2_ws/install/unitree_api/lib/python3.8/site-packages/unitree_api/msg/_response_status.py
[27.924s] -- Installing: /home/alireza/thesis1/navigation_go2/go2_ws/install/unitree_api/lib/python3.8/site-packages/unitree_api/msg/_request_lease.py
[27.924s] -- Installing: /home/alireza/thesis1/navigation_go2/go2_ws/install/unitree_api/lib/python3.8/site-packages/unitree_api/msg/_request_header.py
[27.924s] -- Installing: /home/alireza/thesis1/navigation_go2/go2_ws/install/unitree_api/lib/python3.8/site-packages/unitree_api/msg/_response.py
[27.924s] -- Installing: /home/alireza/thesis1/navigation_go2/go2_ws/install/unitree_api/lib/python3.8/site-packages/unitree_api/unitree_api_s__rosidl_typesupport_fastrtps_c.cpython-38-x86_64-linux-gnu.so
[27.924s] -- Set runtime path of "/home/alireza/thesis1/navigation_go2/go2_ws/install/unitree_api/lib/python3.8/site-packages/unitree_api/unitree_api_s__rosidl_typesupport_fastrtps_c.cpython-38-x86_64-linux-gnu.so" to ""
[27.925s] -- Installing: /home/alireza/thesis1/navigation_go2/go2_ws/install/unitree_api/lib/python3.8/site-packages/unitree_api/unitree_api_s__rosidl_typesupport_introspection_c.cpython-38-x86_64-linux-gnu.so
[27.925s] -- Set runtime path of "/home/alireza/thesis1/navigation_go2/go2_ws/install/unitree_api/lib/python3.8/site-packages/unitree_api/unitree_api_s__rosidl_typesupport_introspection_c.cpython-38-x86_64-linux-gnu.so" to ""
[27.925s] -- Installing: /home/alireza/thesis1/navigation_go2/go2_ws/install/unitree_api/lib/python3.8/site-packages/unitree_api/unitree_api_s__rosidl_typesupport_c.cpython-38-x86_64-linux-gnu.so
[27.926s] -- Set runtime path of "/home/alireza/thesis1/navigation_go2/go2_ws/install/unitree_api/lib/python3.8/site-packages/unitree_api/unitree_api_s__rosidl_typesupport_c.cpython-38-x86_64-linux-gnu.so" to ""
[27.926s] -- Installing: /home/alireza/thesis1/navigation_go2/go2_ws/install/unitree_api/lib/libunitree_api__python.so
[27.926s] -- Set runtime path of "/home/alireza/thesis1/navigation_go2/go2_ws/install/unitree_api/lib/libunitree_api__python.so" to ""
[27.926s] -- Installing: /home/alireza/thesis1/navigation_go2/go2_ws/install/unitree_api/share/unitree_api/msg/Request.idl
[27.926s] -- Installing: /home/alireza/thesis1/navigation_go2/go2_ws/install/unitree_api/share/unitree_api/msg/RequestHeader.idl
[27.926s] -- Installing: /home/alireza/thesis1/navigation_go2/go2_ws/install/unitree_api/share/unitree_api/msg/RequestIdentity.idl
[27.927s] -- Installing: /home/alireza/thesis1/navigation_go2/go2_ws/install/unitree_api/share/unitree_api/msg/RequestLease.idl
[27.927s] -- Installing: /home/alireza/thesis1/navigation_go2/go2_ws/install/unitree_api/share/unitree_api/msg/RequestPolicy.idl
[27.927s] -- Installing: /home/alireza/thesis1/navigation_go2/go2_ws/install/unitree_api/share/unitree_api/msg/Response.idl
[27.927s] -- Installing: /home/alireza/thesis1/navigation_go2/go2_ws/install/unitree_api/share/unitree_api/msg/ResponseHeader.idl
[27.928s] -- Installing: /home/alireza/thesis1/navigation_go2/go2_ws/install/unitree_api/share/unitree_api/msg/ResponseStatus.idl
[27.928s] -- Installing: /home/alireza/thesis1/navigation_go2/go2_ws/install/unitree_api/share/unitree_api/msg/Request.msg
[27.928s] -- Installing: /home/alireza/thesis1/navigation_go2/go2_ws/install/unitree_api/share/unitree_api/msg/RequestHeader.msg
[27.928s] -- Installing: /home/alireza/thesis1/navigation_go2/go2_ws/install/unitree_api/share/unitree_api/msg/RequestIdentity.msg
[27.928s] -- Installing: /home/alireza/thesis1/navigation_go2/go2_ws/install/unitree_api/share/unitree_api/msg/RequestLease.msg
[27.928s] -- Installing: /home/alireza/thesis1/navigation_go2/go2_ws/install/unitree_api/share/unitree_api/msg/RequestPolicy.msg
[27.929s] -- Installing: /home/alireza/thesis1/navigation_go2/go2_ws/install/unitree_api/share/unitree_api/msg/Response.msg
[27.930s] -- Installing: /home/alireza/thesis1/navigation_go2/go2_ws/install/unitree_api/share/unitree_api/msg/ResponseHeader.msg
[27.930s] -- Installing: /home/alireza/thesis1/navigation_go2/go2_ws/install/unitree_api/share/unitree_api/msg/ResponseStatus.msg
[27.930s] -- Installing: /home/alireza/thesis1/navigation_go2/go2_ws/install/unitree_api/share/ament_index/resource_index/package_run_dependencies/unitree_api
[27.931s] -- Installing: /home/alireza/thesis1/navigation_go2/go2_ws/install/unitree_api/share/ament_index/resource_index/parent_prefix_path/unitree_api
[27.931s] -- Installing: /home/alireza/thesis1/navigation_go2/go2_ws/install/unitree_api/share/unitree_api/environment/ament_prefix_path.sh
[27.931s] -- Installing: /home/alireza/thesis1/navigation_go2/go2_ws/install/unitree_api/share/unitree_api/environment/ament_prefix_path.dsv
[27.931s] -- Installing: /home/alireza/thesis1/navigation_go2/go2_ws/install/unitree_api/share/unitree_api/environment/path.sh
[27.931s] -- Installing: /home/alireza/thesis1/navigation_go2/go2_ws/install/unitree_api/share/unitree_api/environment/path.dsv
[27.931s] -- Installing: /home/alireza/thesis1/navigation_go2/go2_ws/install/unitree_api/share/unitree_api/local_setup.bash
[27.931s] -- Installing: /home/alireza/thesis1/navigation_go2/go2_ws/install/unitree_api/share/unitree_api/local_setup.sh
[27.932s] -- Installing: /home/alireza/thesis1/navigation_go2/go2_ws/install/unitree_api/share/unitree_api/local_setup.zsh
[27.932s] -- Installing: /home/alireza/thesis1/navigation_go2/go2_ws/install/unitree_api/share/unitree_api/local_setup.dsv
[27.932s] -- Installing: /home/alireza/thesis1/navigation_go2/go2_ws/install/unitree_api/share/unitree_api/package.dsv
[27.932s] -- Installing: /home/alireza/thesis1/navigation_go2/go2_ws/install/unitree_api/share/ament_index/resource_index/packages/unitree_api
[27.932s] -- Installing: /home/alireza/thesis1/navigation_go2/go2_ws/install/unitree_api/share/unitree_api/cmake/unitree_api__rosidl_generator_cExport.cmake
[27.933s] -- Installing: /home/alireza/thesis1/navigation_go2/go2_ws/install/unitree_api/share/unitree_api/cmake/unitree_api__rosidl_generator_cExport-noconfig.cmake
[27.933s] -- Installing: /home/alireza/thesis1/navigation_go2/go2_ws/install/unitree_api/share/unitree_api/cmake/unitree_api__rosidl_typesupport_introspection_cExport.cmake
[27.933s] -- Installing: /home/alireza/thesis1/navigation_go2/go2_ws/install/unitree_api/share/unitree_api/cmake/unitree_api__rosidl_typesupport_introspection_cExport-noconfig.cmake
[27.933s] -- Installing: /home/alireza/thesis1/navigation_go2/go2_ws/install/unitree_api/share/unitree_api/cmake/unitree_api__rosidl_typesupport_cExport.cmake
[27.934s] -- Installing: /home/alireza/thesis1/navigation_go2/go2_ws/install/unitree_api/share/unitree_api/cmake/unitree_api__rosidl_typesupport_cExport-noconfig.cmake
[27.934s] -- Installing: /home/alireza/thesis1/navigation_go2/go2_ws/install/unitree_api/share/unitree_api/cmake/unitree_api__rosidl_generator_cppExport.cmake
[27.934s] -- Installing: /home/alireza/thesis1/navigation_go2/go2_ws/install/unitree_api/share/unitree_api/cmake/unitree_api__rosidl_typesupport_introspection_cppExport.cmake
[27.935s] -- Installing: /home/alireza/thesis1/navigation_go2/go2_ws/install/unitree_api/share/unitree_api/cmake/unitree_api__rosidl_typesupport_introspection_cppExport-noconfig.cmake
[27.936s] -- Installing: /home/alireza/thesis1/navigation_go2/go2_ws/install/unitree_api/share/unitree_api/cmake/unitree_api__rosidl_typesupport_cppExport.cmake
[27.937s] -- Installing: /home/alireza/thesis1/navigation_go2/go2_ws/install/unitree_api/share/unitree_api/cmake/unitree_api__rosidl_typesupport_cppExport-noconfig.cmake
[27.937s] -- Installing: /home/alireza/thesis1/navigation_go2/go2_ws/install/unitree_api/share/unitree_api/cmake/rosidl_cmake-extras.cmake
[27.938s] -- Installing: /home/alireza/thesis1/navigation_go2/go2_ws/install/unitree_api/share/unitree_api/cmake/ament_cmake_export_dependencies-extras.cmake
[27.939s] -- Installing: /home/alireza/thesis1/navigation_go2/go2_ws/install/unitree_api/share/unitree_api/cmake/ament_cmake_export_libraries-extras.cmake
[27.940s] -- Installing: /home/alireza/thesis1/navigation_go2/go2_ws/install/unitree_api/share/unitree_api/cmake/ament_cmake_export_targets-extras.cmake
[27.940s] -- Installing: /home/alireza/thesis1/navigation_go2/go2_ws/install/unitree_api/share/unitree_api/cmake/ament_cmake_export_include_directories-extras.cmake
[27.941s] -- Installing: /home/alireza/thesis1/navigation_go2/go2_ws/install/unitree_api/share/unitree_api/cmake/rosidl_cmake_export_typesupport_libraries-extras.cmake
[27.942s] -- Installing: /home/alireza/thesis1/navigation_go2/go2_ws/install/unitree_api/share/unitree_api/cmake/rosidl_cmake_export_typesupport_targets-extras.cmake
[27.942s] -- Installing: /home/alireza/thesis1/navigation_go2/go2_ws/install/unitree_api/share/unitree_api/cmake/unitree_apiConfig.cmake
[27.943s] -- Installing: /home/alireza/thesis1/navigation_go2/go2_ws/install/unitree_api/share/unitree_api/cmake/unitree_apiConfig-version.cmake
[27.944s] -- Installing: /home/alireza/thesis1/navigation_go2/go2_ws/install/unitree_api/share/unitree_api/package.xml
[27.949s] Invoked command in '/home/alireza/thesis1/navigation_go2/go2_ws/build/unitree_api' returned '0': CMAKE_PREFIX_PATH=/opt/ros/foxy /usr/bin/cmake --install /home/alireza/thesis1/navigation_go2/go2_ws/build/unitree_api
