[0.046s] Invoking command in '/home/alireza/thesis1/navigation_go2/go2_ws/build/pointcloud_to_laserscan': CMAKE_PREFIX_PATH=/opt/ros/foxy /usr/bin/cmake --build /home/alireza/thesis1/navigation_go2/go2_ws/build/pointcloud_to_laserscan -- -j8 -l8
[0.267s] [ 20%] Built target laserscan_to_pointcloud_node
[0.281s] [ 40%] Built target laserscan_to_pointcloud
[0.308s] [ 60%] Built target pointcloud_to_laserscan_node
[0.315s] [ 80%] Built target pointcloud_to_laserscan
[0.320s] [100%] Built target dummy_pointcloud_publisher
[0.402s] Invoked command in '/home/alireza/thesis1/navigation_go2/go2_ws/build/pointcloud_to_laserscan' returned '0': CMAKE_PREFIX_PATH=/opt/ros/foxy /usr/bin/cmake --build /home/alireza/thesis1/navigation_go2/go2_ws/build/pointcloud_to_laserscan -- -j8 -l8
[0.404s] Invoking command in '/home/alireza/thesis1/navigation_go2/go2_ws/build/pointcloud_to_laserscan': CMAKE_PREFIX_PATH=/opt/ros/foxy /usr/bin/cmake --install /home/alireza/thesis1/navigation_go2/go2_ws/build/pointcloud_to_laserscan
[0.441s] -- Install configuration: ""
[0.441s] -- Up-to-date: /home/alireza/thesis1/navigation_go2/go2_ws/install/pointcloud_to_laserscan/lib/pointcloud_to_laserscan/laserscan_to_pointcloud_node
[0.467s] -- Up-to-date: /home/alireza/thesis1/navigation_go2/go2_ws/install/pointcloud_to_laserscan/lib/pointcloud_to_laserscan/pointcloud_to_laserscan_node
[0.468s] -- Up-to-date: /home/alireza/thesis1/navigation_go2/go2_ws/install/pointcloud_to_laserscan/lib/liblaserscan_to_pointcloud.so
[0.468s] -- Up-to-date: /home/alireza/thesis1/navigation_go2/go2_ws/install/pointcloud_to_laserscan/lib/libpointcloud_to_laserscan.so
[0.468s] -- Up-to-date: /home/alireza/thesis1/navigation_go2/go2_ws/install/pointcloud_to_laserscan/lib/pointcloud_to_laserscan/dummy_pointcloud_publisher
[0.469s] -- Up-to-date: /home/alireza/thesis1/navigation_go2/go2_ws/install/pointcloud_to_laserscan/include/include
[0.469s] -- Up-to-date: /home/alireza/thesis1/navigation_go2/go2_ws/install/pointcloud_to_laserscan/include/include/pointcloud_to_laserscan
[0.469s] -- Up-to-date: /home/alireza/thesis1/navigation_go2/go2_ws/install/pointcloud_to_laserscan/include/include/pointcloud_to_laserscan/visibility_control.h
[0.469s] -- Up-to-date: /home/alireza/thesis1/navigation_go2/go2_ws/install/pointcloud_to_laserscan/include/include/pointcloud_to_laserscan/laserscan_to_pointcloud_node.hpp
[0.469s] -- Up-to-date: /home/alireza/thesis1/navigation_go2/go2_ws/install/pointcloud_to_laserscan/include/include/pointcloud_to_laserscan/pointcloud_to_laserscan_node.hpp
[0.470s] -- Up-to-date: /home/alireza/thesis1/navigation_go2/go2_ws/install/pointcloud_to_laserscan/share/pointcloud_to_laserscan/launch
[0.470s] -- Up-to-date: /home/alireza/thesis1/navigation_go2/go2_ws/install/pointcloud_to_laserscan/share/pointcloud_to_laserscan/launch/sample_pointcloud_to_laserscan_launch.py
[0.470s] -- Up-to-date: /home/alireza/thesis1/navigation_go2/go2_ws/install/pointcloud_to_laserscan/share/pointcloud_to_laserscan/launch/sample_laserscan_to_pointcloud_launch.py
[0.470s] -- Up-to-date: /home/alireza/thesis1/navigation_go2/go2_ws/install/pointcloud_to_laserscan/share/ament_index/resource_index/package_run_dependencies/pointcloud_to_laserscan
[0.470s] -- Up-to-date: /home/alireza/thesis1/navigation_go2/go2_ws/install/pointcloud_to_laserscan/share/ament_index/resource_index/parent_prefix_path/pointcloud_to_laserscan
[0.470s] -- Up-to-date: /home/alireza/thesis1/navigation_go2/go2_ws/install/pointcloud_to_laserscan/share/pointcloud_to_laserscan/environment/ament_prefix_path.sh
[0.470s] -- Up-to-date: /home/alireza/thesis1/navigation_go2/go2_ws/install/pointcloud_to_laserscan/share/pointcloud_to_laserscan/environment/ament_prefix_path.dsv
[0.470s] -- Up-to-date: /home/alireza/thesis1/navigation_go2/go2_ws/install/pointcloud_to_laserscan/share/pointcloud_to_laserscan/environment/path.sh
[0.471s] -- Up-to-date: /home/alireza/thesis1/navigation_go2/go2_ws/install/pointcloud_to_laserscan/share/pointcloud_to_laserscan/environment/path.dsv
[0.471s] -- Up-to-date: /home/alireza/thesis1/navigation_go2/go2_ws/install/pointcloud_to_laserscan/share/pointcloud_to_laserscan/local_setup.bash
[0.471s] -- Up-to-date: /home/alireza/thesis1/navigation_go2/go2_ws/install/pointcloud_to_laserscan/share/pointcloud_to_laserscan/local_setup.sh
[0.471s] -- Up-to-date: /home/alireza/thesis1/navigation_go2/go2_ws/install/pointcloud_to_laserscan/share/pointcloud_to_laserscan/local_setup.zsh
[0.471s] -- Up-to-date: /home/alireza/thesis1/navigation_go2/go2_ws/install/pointcloud_to_laserscan/share/pointcloud_to_laserscan/local_setup.dsv
[0.471s] -- Up-to-date: /home/alireza/thesis1/navigation_go2/go2_ws/install/pointcloud_to_laserscan/share/pointcloud_to_laserscan/package.dsv
[0.471s] -- Up-to-date: /home/alireza/thesis1/navigation_go2/go2_ws/install/pointcloud_to_laserscan/share/ament_index/resource_index/packages/pointcloud_to_laserscan
[0.471s] -- Up-to-date: /home/alireza/thesis1/navigation_go2/go2_ws/install/pointcloud_to_laserscan/share/ament_index/resource_index/rclcpp_components/pointcloud_to_laserscan
[0.472s] -- Up-to-date: /home/alireza/thesis1/navigation_go2/go2_ws/install/pointcloud_to_laserscan/share/pointcloud_to_laserscan/cmake/pointcloud_to_laserscanConfig.cmake
[0.472s] -- Up-to-date: /home/alireza/thesis1/navigation_go2/go2_ws/install/pointcloud_to_laserscan/share/pointcloud_to_laserscan/cmake/pointcloud_to_laserscanConfig-version.cmake
[0.472s] -- Up-to-date: /home/alireza/thesis1/navigation_go2/go2_ws/install/pointcloud_to_laserscan/share/pointcloud_to_laserscan/package.xml
[0.475s] Invoked command in '/home/alireza/thesis1/navigation_go2/go2_ws/build/pointcloud_to_laserscan' returned '0': CMAKE_PREFIX_PATH=/opt/ros/foxy /usr/bin/cmake --install /home/alireza/thesis1/navigation_go2/go2_ws/build/pointcloud_to_laserscan
