[0.056s] Invoking command in '/home/alireza/thesis1/navigation_go2/go2_ws/build/pointcloud_to_laserscan': CMAKE_PREFIX_PATH=${CMAKE_PREFIX_PATH}:/opt/ros/foxy /usr/bin/cmake /home/alireza/thesis1/navigation_go2/go2_ws/src/pointcloud_to_laserscan -DCMAKE_INSTALL_PREFIX=/home/alireza/thesis1/navigation_go2/go2_ws/install/pointcloud_to_laserscan
[0.101s] -- Found ament_cmake: 0.9.12 (/opt/ros/foxy/share/ament_cmake/cmake)
[0.129s] -- Using PYTHON_EXECUTABLE: /usr/bin/python3
[0.514s] -- Found laser_geometry: 2.2.0 (/opt/ros/foxy/share/laser_geometry/cmake)
[0.524s] -- Found message_filters: 3.2.7 (/opt/ros/foxy/share/message_filters/cmake)
[0.541s] -- Found rclcpp: 2.4.3 (/opt/ros/foxy/share/rclcpp/cmake)
[0.617s] -- Using all available rosidl_typesupport_c: rosidl_typesupport_fastrtps_c;rosidl_typesupport_introspection_c
[0.620s] -- Found rosidl_adapter: 1.3.1 (/opt/ros/foxy/share/rosidl_adapter/cmake)
[0.887s] -- Using all available rosidl_typesupport_cpp: rosidl_typesupport_fastrtps_cpp;rosidl_typesupport_introspection_cpp
[1.027s] -- Found rmw_implementation_cmake: 1.0.4 (/opt/ros/foxy/share/rmw_implementation_cmake/cmake)
[1.033s] -- Using RMW implementation 'rmw_cyclonedds_cpp' as default
[1.808s] -- Found rclcpp_components: 2.4.3 (/opt/ros/foxy/share/rclcpp_components/cmake)
[2.340s] -- Found sensor_msgs: 2.0.5 (/opt/ros/foxy/share/sensor_msgs/cmake)
[3.000s] -- Found tf2: 0.13.14 (/opt/ros/foxy/share/tf2/cmake)
[3.020s] -- Found tf2_ros: 0.13.14 (/opt/ros/foxy/share/tf2_ros/cmake)
[3.595s] -- Found tf2_sensor_msgs: 0.13.14 (/opt/ros/foxy/share/tf2_sensor_msgs/cmake)
[3.698s] -- Found ament_lint_auto: 0.9.8 (/opt/ros/foxy/share/ament_lint_auto/cmake)
[3.829s] -- Added test 'cppcheck' to perform static code analysis on C / C++ code
[3.831s] -- Configured cppcheck include dirs: /home/alireza/thesis1/navigation_go2/go2_ws/src/pointcloud_to_laserscan/include
[3.831s] -- Configured cppcheck exclude dirs and/or files: 
[3.837s] -- Added test 'cpplint' to check C / C++ code against the Google style
[3.837s] -- Configured cpplint exclude dirs and/or files: 
[3.839s] -- Added test 'flake8' to check Python code syntax and style conventions
[3.841s] -- Added test 'lint_cmake' to check CMake code style
[3.843s] -- Added test 'pep257' to check Python code against some of the style conventions in PEP 257
[3.848s] -- Added test 'uncrustify' to check C / C++ code style
[3.848s] -- Configured uncrustify additional arguments: 
[3.850s] -- Added test 'xmllint' to check XML markup files
[3.856s] -- Configuring done
[3.941s] -- Generating done
[3.990s] -- Build files have been written to: /home/alireza/thesis1/navigation_go2/go2_ws/build/pointcloud_to_laserscan
[4.014s] Invoked command in '/home/alireza/thesis1/navigation_go2/go2_ws/build/pointcloud_to_laserscan' returned '0': CMAKE_PREFIX_PATH=${CMAKE_PREFIX_PATH}:/opt/ros/foxy /usr/bin/cmake /home/alireza/thesis1/navigation_go2/go2_ws/src/pointcloud_to_laserscan -DCMAKE_INSTALL_PREFIX=/home/alireza/thesis1/navigation_go2/go2_ws/install/pointcloud_to_laserscan
[4.015s] Invoking command in '/home/alireza/thesis1/navigation_go2/go2_ws/build/pointcloud_to_laserscan': CMAKE_PREFIX_PATH=${CMAKE_PREFIX_PATH}:/opt/ros/foxy /usr/bin/cmake --build /home/alireza/thesis1/navigation_go2/go2_ws/build/pointcloud_to_laserscan -- -j8 -l8
[4.230s] [ 20%] Built target pointcloud_to_laserscan_node
[4.250s] [ 40%] Built target pointcloud_to_laserscan
[4.257s] [ 60%] Built target laserscan_to_pointcloud
[4.261s] [ 80%] Built target laserscan_to_pointcloud_node
[4.275s] [100%] Built target dummy_pointcloud_publisher
[4.292s] Invoked command in '/home/alireza/thesis1/navigation_go2/go2_ws/build/pointcloud_to_laserscan' returned '0': CMAKE_PREFIX_PATH=${CMAKE_PREFIX_PATH}:/opt/ros/foxy /usr/bin/cmake --build /home/alireza/thesis1/navigation_go2/go2_ws/build/pointcloud_to_laserscan -- -j8 -l8
[4.295s] Invoking command in '/home/alireza/thesis1/navigation_go2/go2_ws/build/pointcloud_to_laserscan': CMAKE_PREFIX_PATH=${CMAKE_PREFIX_PATH}:/opt/ros/foxy /usr/bin/cmake --install /home/alireza/thesis1/navigation_go2/go2_ws/build/pointcloud_to_laserscan
[4.318s] -- Install configuration: ""
[4.320s] -- Up-to-date: /home/alireza/thesis1/navigation_go2/go2_ws/install/pointcloud_to_laserscan/lib/pointcloud_to_laserscan/laserscan_to_pointcloud_node
[4.321s] -- Up-to-date: /home/alireza/thesis1/navigation_go2/go2_ws/install/pointcloud_to_laserscan/lib/pointcloud_to_laserscan/pointcloud_to_laserscan_node
[4.322s] -- Up-to-date: /home/alireza/thesis1/navigation_go2/go2_ws/install/pointcloud_to_laserscan/lib/liblaserscan_to_pointcloud.so
[4.323s] -- Up-to-date: /home/alireza/thesis1/navigation_go2/go2_ws/install/pointcloud_to_laserscan/lib/libpointcloud_to_laserscan.so
[4.323s] -- Up-to-date: /home/alireza/thesis1/navigation_go2/go2_ws/install/pointcloud_to_laserscan/lib/pointcloud_to_laserscan/dummy_pointcloud_publisher
[4.324s] -- Up-to-date: /home/alireza/thesis1/navigation_go2/go2_ws/install/pointcloud_to_laserscan/include/include
[4.324s] -- Up-to-date: /home/alireza/thesis1/navigation_go2/go2_ws/install/pointcloud_to_laserscan/include/include/pointcloud_to_laserscan
[4.325s] -- Up-to-date: /home/alireza/thesis1/navigation_go2/go2_ws/install/pointcloud_to_laserscan/include/include/pointcloud_to_laserscan/visibility_control.h
[4.325s] -- Up-to-date: /home/alireza/thesis1/navigation_go2/go2_ws/install/pointcloud_to_laserscan/include/include/pointcloud_to_laserscan/laserscan_to_pointcloud_node.hpp
[4.325s] -- Up-to-date: /home/alireza/thesis1/navigation_go2/go2_ws/install/pointcloud_to_laserscan/include/include/pointcloud_to_laserscan/pointcloud_to_laserscan_node.hpp
[4.325s] -- Up-to-date: /home/alireza/thesis1/navigation_go2/go2_ws/install/pointcloud_to_laserscan/share/pointcloud_to_laserscan/launch
[4.325s] -- Up-to-date: /home/alireza/thesis1/navigation_go2/go2_ws/install/pointcloud_to_laserscan/share/pointcloud_to_laserscan/launch/sample_pointcloud_to_laserscan_launch.py
[4.325s] -- Up-to-date: /home/alireza/thesis1/navigation_go2/go2_ws/install/pointcloud_to_laserscan/share/pointcloud_to_laserscan/launch/sample_laserscan_to_pointcloud_launch.py
[4.325s] -- Up-to-date: /home/alireza/thesis1/navigation_go2/go2_ws/install/pointcloud_to_laserscan/share/ament_index/resource_index/package_run_dependencies/pointcloud_to_laserscan
[4.326s] -- Installing: /home/alireza/thesis1/navigation_go2/go2_ws/install/pointcloud_to_laserscan/share/ament_index/resource_index/parent_prefix_path/pointcloud_to_laserscan
[4.326s] -- Up-to-date: /home/alireza/thesis1/navigation_go2/go2_ws/install/pointcloud_to_laserscan/share/pointcloud_to_laserscan/environment/ament_prefix_path.sh
[4.326s] -- Installing: /home/alireza/thesis1/navigation_go2/go2_ws/install/pointcloud_to_laserscan/share/pointcloud_to_laserscan/environment/ament_prefix_path.dsv
[4.326s] -- Up-to-date: /home/alireza/thesis1/navigation_go2/go2_ws/install/pointcloud_to_laserscan/share/pointcloud_to_laserscan/environment/path.sh
[4.327s] -- Installing: /home/alireza/thesis1/navigation_go2/go2_ws/install/pointcloud_to_laserscan/share/pointcloud_to_laserscan/environment/path.dsv
[4.327s] -- Up-to-date: /home/alireza/thesis1/navigation_go2/go2_ws/install/pointcloud_to_laserscan/share/pointcloud_to_laserscan/local_setup.bash
[4.327s] -- Up-to-date: /home/alireza/thesis1/navigation_go2/go2_ws/install/pointcloud_to_laserscan/share/pointcloud_to_laserscan/local_setup.sh
[4.327s] -- Up-to-date: /home/alireza/thesis1/navigation_go2/go2_ws/install/pointcloud_to_laserscan/share/pointcloud_to_laserscan/local_setup.zsh
[4.328s] -- Installing: /home/alireza/thesis1/navigation_go2/go2_ws/install/pointcloud_to_laserscan/share/pointcloud_to_laserscan/local_setup.dsv
[4.328s] -- Installing: /home/alireza/thesis1/navigation_go2/go2_ws/install/pointcloud_to_laserscan/share/pointcloud_to_laserscan/package.dsv
[4.328s] -- Up-to-date: /home/alireza/thesis1/navigation_go2/go2_ws/install/pointcloud_to_laserscan/share/ament_index/resource_index/packages/pointcloud_to_laserscan
[4.328s] -- Up-to-date: /home/alireza/thesis1/navigation_go2/go2_ws/install/pointcloud_to_laserscan/share/ament_index/resource_index/rclcpp_components/pointcloud_to_laserscan
[4.328s] -- Up-to-date: /home/alireza/thesis1/navigation_go2/go2_ws/install/pointcloud_to_laserscan/share/pointcloud_to_laserscan/cmake/pointcloud_to_laserscanConfig.cmake
[4.328s] -- Up-to-date: /home/alireza/thesis1/navigation_go2/go2_ws/install/pointcloud_to_laserscan/share/pointcloud_to_laserscan/cmake/pointcloud_to_laserscanConfig-version.cmake
[4.328s] -- Up-to-date: /home/alireza/thesis1/navigation_go2/go2_ws/install/pointcloud_to_laserscan/share/pointcloud_to_laserscan/package.xml
[4.332s] Invoked command in '/home/alireza/thesis1/navigation_go2/go2_ws/build/pointcloud_to_laserscan' returned '0': CMAKE_PREFIX_PATH=${CMAKE_PREFIX_PATH}:/opt/ros/foxy /usr/bin/cmake --install /home/alireza/thesis1/navigation_go2/go2_ws/build/pointcloud_to_laserscan
