[0.001s] Invoking command in '/home/alireza/thesis1/navigation_go2/go2_ws/build/unitree_ros2_example': AMENT_PREFIX_PATH=/home/alireza/thesis1/navigation_go2/go2_ws/install/unitree_hg:/home/alireza/thesis1/navigation_go2/go2_ws/install/unitree_go:/home/alireza/thesis1/navigation_go2/go2_ws/install/unitree_api:${AMENT_PREFIX_PATH} CMAKE_PREFIX_PATH=/home/alireza/thesis1/navigation_go2/go2_ws/install/unitree_hg:/home/alireza/thesis1/navigation_go2/go2_ws/install/unitree_go:/home/alireza/thesis1/navigation_go2/go2_ws/install/unitree_api:/opt/ros/foxy LD_LIBRARY_PATH=/home/alireza/thesis1/navigation_go2/go2_ws/install/unitree_hg/lib:/home/alireza/thesis1/navigation_go2/go2_ws/install/unitree_go/lib:/home/alireza/thesis1/navigation_go2/go2_ws/install/unitree_api/lib:${LD_LIBRARY_PATH} PYTHONPATH=/home/alireza/thesis1/navigation_go2/go2_ws/install/unitree_hg/lib/python3.8/site-packages:/home/alireza/thesis1/navigation_go2/go2_ws/install/unitree_go/lib/python3.8/site-packages:/home/alireza/thesis1/navigation_go2/go2_ws/install/unitree_api/lib/python3.8/site-packages:${PYTHONPATH} /usr/bin/cmake --build /home/alireza/thesis1/navigation_go2/go2_ws/build/unitree_ros2_example -- -j8 -l8
[0.120s] [  3%] Built target read_low_state_hg
[0.120s] [  7%] Built target g1_ankle_swing_example
[0.120s] [ 11%] Built target read_wireless_controller
[0.120s] [ 15%] Built target g1_arm_sdk_dds_example
[0.123s] [ 20%] Built target low_level_ctrl_hg
[0.129s] [ 25%] Built target go2_robot_state_client
[0.136s] [ 30%] Built target b2w_sport_client
[0.137s] [ 34%] Built target h2_ankle_swing_example
[0.199s] [ 38%] Built target read_motion_state
[0.199s] [ 41%] Built target h2_loco_client
[0.204s] [ 46%] Built target low_level_ctrl
[0.211s] [ 49%] Built target read_low_state
[0.218s] [ 53%] Built target b2_stand_example
[0.222s] [ 58%] Built target go2_sport_client
[0.236s] [ 63%] Built target g1_low_level_example
[0.245s] [ 68%] Built target go2_stand_example
[0.284s] [ 73%] Built target g1_loco_client_example
[0.291s] [ 76%] Built target g1_audio_client_example
[0.298s] [ 80%] Built target g1_dex3_example
[0.302s] [ 85%] Built target b2w_stand_example
[0.306s] [ 90%] Built target g1_arm_action_example
[0.308s] [ 95%] Built target g1_dual_arm_example
[0.328s] [100%] Built target b2_sport_client
[0.342s] Invoked command in '/home/alireza/thesis1/navigation_go2/go2_ws/build/unitree_ros2_example' returned '0': AMENT_PREFIX_PATH=/home/alireza/thesis1/navigation_go2/go2_ws/install/unitree_hg:/home/alireza/thesis1/navigation_go2/go2_ws/install/unitree_go:/home/alireza/thesis1/navigation_go2/go2_ws/install/unitree_api:${AMENT_PREFIX_PATH} CMAKE_PREFIX_PATH=/home/alireza/thesis1/navigation_go2/go2_ws/install/unitree_hg:/home/alireza/thesis1/navigation_go2/go2_ws/install/unitree_go:/home/alireza/thesis1/navigation_go2/go2_ws/install/unitree_api:/opt/ros/foxy LD_LIBRARY_PATH=/home/alireza/thesis1/navigation_go2/go2_ws/install/unitree_hg/lib:/home/alireza/thesis1/navigation_go2/go2_ws/install/unitree_go/lib:/home/alireza/thesis1/navigation_go2/go2_ws/install/unitree_api/lib:${LD_LIBRARY_PATH} PYTHONPATH=/home/alireza/thesis1/navigation_go2/go2_ws/install/unitree_hg/lib/python3.8/site-packages:/home/alireza/thesis1/navigation_go2/go2_ws/install/unitree_go/lib/python3.8/site-packages:/home/alireza/thesis1/navigation_go2/go2_ws/install/unitree_api/lib/python3.8/site-packages:${PYTHONPATH} /usr/bin/cmake --build /home/alireza/thesis1/navigation_go2/go2_ws/build/unitree_ros2_example -- -j8 -l8
[0.344s] Invoking command in '/home/alireza/thesis1/navigation_go2/go2_ws/build/unitree_ros2_example': AMENT_PREFIX_PATH=/home/alireza/thesis1/navigation_go2/go2_ws/install/unitree_hg:/home/alireza/thesis1/navigation_go2/go2_ws/install/unitree_go:/home/alireza/thesis1/navigation_go2/go2_ws/install/unitree_api:${AMENT_PREFIX_PATH} CMAKE_PREFIX_PATH=/home/alireza/thesis1/navigation_go2/go2_ws/install/unitree_hg:/home/alireza/thesis1/navigation_go2/go2_ws/install/unitree_go:/home/alireza/thesis1/navigation_go2/go2_ws/install/unitree_api:/opt/ros/foxy LD_LIBRARY_PATH=/home/alireza/thesis1/navigation_go2/go2_ws/install/unitree_hg/lib:/home/alireza/thesis1/navigation_go2/go2_ws/install/unitree_go/lib:/home/alireza/thesis1/navigation_go2/go2_ws/install/unitree_api/lib:${LD_LIBRARY_PATH} PYTHONPATH=/home/alireza/thesis1/navigation_go2/go2_ws/install/unitree_hg/lib/python3.8/site-packages:/home/alireza/thesis1/navigation_go2/go2_ws/install/unitree_go/lib/python3.8/site-packages:/home/alireza/thesis1/navigation_go2/go2_ws/install/unitree_api/lib/python3.8/site-packages:${PYTHONPATH} /usr/bin/cmake --install /home/alireza/thesis1/navigation_go2/go2_ws/build/unitree_ros2_example
[0.357s] -- Install configuration: ""
[0.357s] -- Up-to-date: /home/alireza/thesis1/navigation_go2/go2_ws/install/unitree_ros2_example/bin/low_level_ctrl
[0.358s] -- Up-to-date: /home/alireza/thesis1/navigation_go2/go2_ws/install/unitree_ros2_example/bin/low_level_ctrl_hg
[0.359s] -- Up-to-date: /home/alireza/thesis1/navigation_go2/go2_ws/install/unitree_ros2_example/bin/g1_low_level_example
[0.359s] -- Up-to-date: /home/alireza/thesis1/navigation_go2/go2_ws/install/unitree_ros2_example/bin/read_low_state
[0.360s] -- Up-to-date: /home/alireza/thesis1/navigation_go2/go2_ws/install/unitree_ros2_example/bin/read_low_state_hg
[0.360s] -- Up-to-date: /home/alireza/thesis1/navigation_go2/go2_ws/install/unitree_ros2_example/bin/read_motion_state
[0.361s] -- Up-to-date: /home/alireza/thesis1/navigation_go2/go2_ws/install/unitree_ros2_example/bin/read_wireless_controller
[0.361s] -- Up-to-date: /home/alireza/thesis1/navigation_go2/go2_ws/install/unitree_ros2_example/bin/go2_sport_client
[0.362s] -- Up-to-date: /home/alireza/thesis1/navigation_go2/go2_ws/install/unitree_ros2_example/bin/go2_stand_example
[0.362s] -- Up-to-date: /home/alireza/thesis1/navigation_go2/go2_ws/install/unitree_ros2_example/bin/go2_robot_state_client
[0.363s] -- Up-to-date: /home/alireza/thesis1/navigation_go2/go2_ws/install/unitree_ros2_example/bin/g1_arm_sdk_dds_example
[0.363s] -- Up-to-date: /home/alireza/thesis1/navigation_go2/go2_ws/install/unitree_ros2_example/bin/g1_arm_action_example
[0.364s] -- Up-to-date: /home/alireza/thesis1/navigation_go2/go2_ws/install/unitree_ros2_example/bin/g1_dex3_example
[0.364s] -- Up-to-date: /home/alireza/thesis1/navigation_go2/go2_ws/install/unitree_ros2_example/bin/g1_loco_client_example
[0.364s] -- Up-to-date: /home/alireza/thesis1/navigation_go2/go2_ws/install/unitree_ros2_example/bin/g1_ankle_swing_example
[0.365s] -- Up-to-date: /home/alireza/thesis1/navigation_go2/go2_ws/install/unitree_ros2_example/bin/g1_dual_arm_example
[0.365s] -- Up-to-date: /home/alireza/thesis1/navigation_go2/go2_ws/install/unitree_ros2_example/bin/g1_audio_client_example
[0.365s] -- Up-to-date: /home/alireza/thesis1/navigation_go2/go2_ws/install/unitree_ros2_example/bin/h2_loco_client
[0.366s] -- Up-to-date: /home/alireza/thesis1/navigation_go2/go2_ws/install/unitree_ros2_example/bin/h2_ankle_swing_example
[0.366s] -- Up-to-date: /home/alireza/thesis1/navigation_go2/go2_ws/install/unitree_ros2_example/share/ament_index/resource_index/package_run_dependencies/unitree_ros2_example
[0.367s] -- Up-to-date: /home/alireza/thesis1/navigation_go2/go2_ws/install/unitree_ros2_example/share/ament_index/resource_index/parent_prefix_path/unitree_ros2_example
[0.367s] -- Up-to-date: /home/alireza/thesis1/navigation_go2/go2_ws/install/unitree_ros2_example/share/unitree_ros2_example/environment/ament_prefix_path.sh
[0.367s] -- Up-to-date: /home/alireza/thesis1/navigation_go2/go2_ws/install/unitree_ros2_example/share/unitree_ros2_example/environment/ament_prefix_path.dsv
[0.367s] -- Up-to-date: /home/alireza/thesis1/navigation_go2/go2_ws/install/unitree_ros2_example/share/unitree_ros2_example/environment/path.sh
[0.367s] -- Up-to-date: /home/alireza/thesis1/navigation_go2/go2_ws/install/unitree_ros2_example/share/unitree_ros2_example/environment/path.dsv
[0.367s] -- Up-to-date: /home/alireza/thesis1/navigation_go2/go2_ws/install/unitree_ros2_example/share/unitree_ros2_example/local_setup.bash
[0.368s] -- Up-to-date: /home/alireza/thesis1/navigation_go2/go2_ws/install/unitree_ros2_example/share/unitree_ros2_example/local_setup.sh
[0.368s] -- Up-to-date: /home/alireza/thesis1/navigation_go2/go2_ws/install/unitree_ros2_example/share/unitree_ros2_example/local_setup.zsh
[0.368s] -- Up-to-date: /home/alireza/thesis1/navigation_go2/go2_ws/install/unitree_ros2_example/share/unitree_ros2_example/local_setup.dsv
[0.368s] -- Installing: /home/alireza/thesis1/navigation_go2/go2_ws/install/unitree_ros2_example/share/unitree_ros2_example/package.dsv
[0.368s] -- Up-to-date: /home/alireza/thesis1/navigation_go2/go2_ws/install/unitree_ros2_example/share/ament_index/resource_index/packages/unitree_ros2_example
[0.369s] -- Up-to-date: /home/alireza/thesis1/navigation_go2/go2_ws/install/unitree_ros2_example/share/unitree_ros2_example/cmake/unitree_ros2_exampleConfig.cmake
[0.370s] -- Up-to-date: /home/alireza/thesis1/navigation_go2/go2_ws/install/unitree_ros2_example/share/unitree_ros2_example/cmake/unitree_ros2_exampleConfig-version.cmake
[0.371s] -- Up-to-date: /home/alireza/thesis1/navigation_go2/go2_ws/install/unitree_ros2_example/share/unitree_ros2_example/package.xml
[0.371s] Invoked command in '/home/alireza/thesis1/navigation_go2/go2_ws/build/unitree_ros2_example' returned '0': AMENT_PREFIX_PATH=/home/alireza/thesis1/navigation_go2/go2_ws/install/unitree_hg:/home/alireza/thesis1/navigation_go2/go2_ws/install/unitree_go:/home/alireza/thesis1/navigation_go2/go2_ws/install/unitree_api:${AMENT_PREFIX_PATH} CMAKE_PREFIX_PATH=/home/alireza/thesis1/navigation_go2/go2_ws/install/unitree_hg:/home/alireza/thesis1/navigation_go2/go2_ws/install/unitree_go:/home/alireza/thesis1/navigation_go2/go2_ws/install/unitree_api:/opt/ros/foxy LD_LIBRARY_PATH=/home/alireza/thesis1/navigation_go2/go2_ws/install/unitree_hg/lib:/home/alireza/thesis1/navigation_go2/go2_ws/install/unitree_go/lib:/home/alireza/thesis1/navigation_go2/go2_ws/install/unitree_api/lib:${LD_LIBRARY_PATH} PYTHONPATH=/home/alireza/thesis1/navigation_go2/go2_ws/install/unitree_hg/lib/python3.8/site-packages:/home/alireza/thesis1/navigation_go2/go2_ws/install/unitree_go/lib/python3.8/site-packages:/home/alireza/thesis1/navigation_go2/go2_ws/install/unitree_api/lib/python3.8/site-packages:${PYTHONPATH} /usr/bin/cmake --install /home/alireza/thesis1/navigation_go2/go2_ws/build/unitree_ros2_example
