Determining if the strlcpy exist failed with the following output:
Change Dir: /home/alireza/thesis1/navigation_go2/go2_ws/build/cyclonedds/CMakeFiles/CMakeTmp

Run Build Command(s):/usr/bin/make cmTC_4264c/fast && /usr/bin/make -f CMakeFiles/cmTC_4264c.dir/build.make CMakeFiles/cmTC_4264c.dir/build
make[1]: Entering directory '/home/alireza/thesis1/navigation_go2/go2_ws/build/cyclonedds/CMakeFiles/CMakeTmp'
Building C object CMakeFiles/cmTC_4264c.dir/CheckSymbolExists.c.o
/usr/bin/cc   -std=gnu99 -o CMakeFiles/cmTC_4264c.dir/CheckSymbolExists.c.o   -c /home/alireza/thesis1/navigation_go2/go2_ws/build/cyclonedds/CMakeFiles/CMakeTmp/CheckSymbolExists.c
/home/alireza/thesis1/navigation_go2/go2_ws/build/cyclonedds/CMakeFiles/CMakeTmp/CheckSymbolExists.c: In function ‘main’:
/home/alireza/thesis1/navigation_go2/go2_ws/build/cyclonedds/CMakeFiles/CMakeTmp/CheckSymbolExists.c:8:19: error: ‘strlcpy’ undeclared (first use in this function); did you mean ‘strncpy’?
    8 |   return ((int*)(&strlcpy))[argc];
      |                   ^~~~~~~
      |                   strncpy
/home/alireza/thesis1/navigation_go2/go2_ws/build/cyclonedds/CMakeFiles/CMakeTmp/CheckSymbolExists.c:8:19: note: each undeclared identifier is reported only once for each function it appears in
make[1]: *** [CMakeFiles/cmTC_4264c.dir/build.make:66: CMakeFiles/cmTC_4264c.dir/CheckSymbolExists.c.o] Error 1
make[1]: Leaving directory '/home/alireza/thesis1/navigation_go2/go2_ws/build/cyclonedds/CMakeFiles/CMakeTmp'
make: *** [Makefile:121: cmTC_4264c/fast] Error 2


File /home/alireza/thesis1/navigation_go2/go2_ws/build/cyclonedds/CMakeFiles/CMakeTmp/CheckSymbolExists.c:
/* */
#include <string.h>

int main(int argc, char** argv)
{
  (void)argv;
#ifndef strlcpy
  return ((int*)(&strlcpy))[argc];
#else
  (void)argc;
  return 0;
#endif
}
Determining if the strlcat exist failed with the following output:
Change Dir: /home/alireza/thesis1/navigation_go2/go2_ws/build/cyclonedds/CMakeFiles/CMakeTmp

Run Build Command(s):/usr/bin/make cmTC_a5c6b/fast && /usr/bin/make -f CMakeFiles/cmTC_a5c6b.dir/build.make CMakeFiles/cmTC_a5c6b.dir/build
make[1]: Entering directory '/home/alireza/thesis1/navigation_go2/go2_ws/build/cyclonedds/CMakeFiles/CMakeTmp'
Building C object CMakeFiles/cmTC_a5c6b.dir/CheckSymbolExists.c.o
/usr/bin/cc   -std=gnu99 -o CMakeFiles/cmTC_a5c6b.dir/CheckSymbolExists.c.o   -c /home/alireza/thesis1/navigation_go2/go2_ws/build/cyclonedds/CMakeFiles/CMakeTmp/CheckSymbolExists.c
/home/alireza/thesis1/navigation_go2/go2_ws/build/cyclonedds/CMakeFiles/CMakeTmp/CheckSymbolExists.c: In function ‘main’:
/home/alireza/thesis1/navigation_go2/go2_ws/build/cyclonedds/CMakeFiles/CMakeTmp/CheckSymbolExists.c:8:19: error: ‘strlcat’ undeclared (first use in this function); did you mean ‘strncat’?
    8 |   return ((int*)(&strlcat))[argc];
      |                   ^~~~~~~
      |                   strncat
/home/alireza/thesis1/navigation_go2/go2_ws/build/cyclonedds/CMakeFiles/CMakeTmp/CheckSymbolExists.c:8:19: note: each undeclared identifier is reported only once for each function it appears in
make[1]: *** [CMakeFiles/cmTC_a5c6b.dir/build.make:66: CMakeFiles/cmTC_a5c6b.dir/CheckSymbolExists.c.o] Error 1
make[1]: Leaving directory '/home/alireza/thesis1/navigation_go2/go2_ws/build/cyclonedds/CMakeFiles/CMakeTmp'
make: *** [Makefile:121: cmTC_a5c6b/fast] Error 2


File /home/alireza/thesis1/navigation_go2/go2_ws/build/cyclonedds/CMakeFiles/CMakeTmp/CheckSymbolExists.c:
/* */
#include <string.h>

int main(int argc, char** argv)
{
  (void)argv;
#ifndef strlcat
  return ((int*)(&strlcat))[argc];
#else
  (void)argc;
  return 0;
#endif
}
Performing C SOURCE FILE Test COMPILER_HAS_HIDDEN_INLINE_VISIBILITY failed with the following output:
Change Dir: /home/alireza/thesis1/navigation_go2/go2_ws/build/cyclonedds/CMakeFiles/CMakeTmp

Run Build Command(s):/usr/bin/make cmTC_62e4d/fast && /usr/bin/make -f CMakeFiles/cmTC_62e4d.dir/build.make CMakeFiles/cmTC_62e4d.dir/build
make[1]: Entering directory '/home/alireza/thesis1/navigation_go2/go2_ws/build/cyclonedds/CMakeFiles/CMakeTmp'
Building C object CMakeFiles/cmTC_62e4d.dir/src.c.o
/usr/bin/cc   -DCOMPILER_HAS_HIDDEN_INLINE_VISIBILITY   -fvisibility-inlines-hidden -std=gnu99 -o CMakeFiles/cmTC_62e4d.dir/src.c.o   -c /home/alireza/thesis1/navigation_go2/go2_ws/build/cyclonedds/CMakeFiles/CMakeTmp/src.c
cc1: warning: command line option '-fvisibility-inlines-hidden' is valid for C++/ObjC++ but not for C
Linking C executable cmTC_62e4d
/usr/bin/cmake -E cmake_link_script CMakeFiles/cmTC_62e4d.dir/link.txt --verbose=1
/usr/bin/cc  -DCOMPILER_HAS_HIDDEN_INLINE_VISIBILITY    CMakeFiles/cmTC_62e4d.dir/src.c.o  -o cmTC_62e4d 
make[1]: Leaving directory '/home/alireza/thesis1/navigation_go2/go2_ws/build/cyclonedds/CMakeFiles/CMakeTmp'


Source file was:
int main(void) { return 0; }
Performing C SOURCE FILE Test CMAKE_HAVE_LIBC_PTHREAD failed with the following output:
Change Dir: /home/alireza/thesis1/navigation_go2/go2_ws/build/cyclonedds/CMakeFiles/CMakeTmp

Run Build Command(s):/usr/bin/make cmTC_abe86/fast && /usr/bin/make -f CMakeFiles/cmTC_abe86.dir/build.make CMakeFiles/cmTC_abe86.dir/build
make[1]: Entering directory '/home/alireza/thesis1/navigation_go2/go2_ws/build/cyclonedds/CMakeFiles/CMakeTmp'
Building C object CMakeFiles/cmTC_abe86.dir/src.c.o
/usr/bin/cc   -DCMAKE_HAVE_LIBC_PTHREAD   -std=gnu99 -o CMakeFiles/cmTC_abe86.dir/src.c.o   -c /home/alireza/thesis1/navigation_go2/go2_ws/build/cyclonedds/CMakeFiles/CMakeTmp/src.c
Linking C executable cmTC_abe86
/usr/bin/cmake -E cmake_link_script CMakeFiles/cmTC_abe86.dir/link.txt --verbose=1
/usr/bin/cc  -DCMAKE_HAVE_LIBC_PTHREAD    CMakeFiles/cmTC_abe86.dir/src.c.o  -o cmTC_abe86 
/usr/bin/ld: CMakeFiles/cmTC_abe86.dir/src.c.o: in function `main':
src.c:(.text+0x46): undefined reference to `pthread_create'
/usr/bin/ld: src.c:(.text+0x52): undefined reference to `pthread_detach'
/usr/bin/ld: src.c:(.text+0x63): undefined reference to `pthread_join'
collect2: error: ld returned 1 exit status
make[1]: *** [CMakeFiles/cmTC_abe86.dir/build.make:87: cmTC_abe86] Error 1
make[1]: Leaving directory '/home/alireza/thesis1/navigation_go2/go2_ws/build/cyclonedds/CMakeFiles/CMakeTmp'
make: *** [Makefile:121: cmTC_abe86/fast] Error 2


Source file was:
#include <pthread.h>

void* test_func(void* data)
{
  return data;
}

int main(void)
{
  pthread_t thread;
  pthread_create(&thread, NULL, test_func, NULL);
  pthread_detach(thread);
  pthread_join(thread, NULL);
  pthread_atfork(NULL, NULL, NULL);
  pthread_exit(NULL);

  return 0;
}

Determining if the function pthread_create exists in the pthreads failed with the following output:
Change Dir: /home/alireza/thesis1/navigation_go2/go2_ws/build/cyclonedds/CMakeFiles/CMakeTmp

Run Build Command(s):/usr/bin/make cmTC_13031/fast && /usr/bin/make -f CMakeFiles/cmTC_13031.dir/build.make CMakeFiles/cmTC_13031.dir/build
make[1]: Entering directory '/home/alireza/thesis1/navigation_go2/go2_ws/build/cyclonedds/CMakeFiles/CMakeTmp'
Building C object CMakeFiles/cmTC_13031.dir/CheckFunctionExists.c.o
/usr/bin/cc   -DCHECK_FUNCTION_EXISTS=pthread_create   -std=gnu99 -o CMakeFiles/cmTC_13031.dir/CheckFunctionExists.c.o   -c /usr/share/cmake-3.16/Modules/CheckFunctionExists.c
Linking C executable cmTC_13031
/usr/bin/cmake -E cmake_link_script CMakeFiles/cmTC_13031.dir/link.txt --verbose=1
/usr/bin/cc  -DCHECK_FUNCTION_EXISTS=pthread_create    CMakeFiles/cmTC_13031.dir/CheckFunctionExists.c.o  -o cmTC_13031  -lpthreads 
/usr/bin/ld: cannot find -lpthreads
collect2: error: ld returned 1 exit status
make[1]: *** [CMakeFiles/cmTC_13031.dir/build.make:87: cmTC_13031] Error 1
make[1]: Leaving directory '/home/alireza/thesis1/navigation_go2/go2_ws/build/cyclonedds/CMakeFiles/CMakeTmp'
make: *** [Makefile:121: cmTC_13031/fast] Error 2



