The system is: Linux - 5.15.0-139-generic - x86_64
Compiling the C compiler identification source file "CMakeCCompilerId.c" succeeded.
Compiler: /usr/bin/cc 
Build flags: 
Id flags:  

The output was:
0


Compilation of the C compiler identification source "CMakeCCompilerId.c" produced "a.out"

The C compiler identification is GNU, found in "/home/alireza/thesis1/navigation_go2/go2_ws/build/cyclonedds/CMakeFiles/3.16.3/CompilerIdC/a.out"

Determining if the C compiler works passed with the following output:
Change Dir: /home/alireza/thesis1/navigation_go2/go2_ws/build/cyclonedds/CMakeFiles/CMakeTmp

Run Build Command(s):/usr/bin/make cmTC_a3d8c/fast && /usr/bin/make -f CMakeFiles/cmTC_a3d8c.dir/build.make CMakeFiles/cmTC_a3d8c.dir/build
make[1]: Entering directory '/home/alireza/thesis1/navigation_go2/go2_ws/build/cyclonedds/CMakeFiles/CMakeTmp'
Building C object CMakeFiles/cmTC_a3d8c.dir/testCCompiler.c.o
/usr/bin/cc    -o CMakeFiles/cmTC_a3d8c.dir/testCCompiler.c.o   -c /home/alireza/thesis1/navigation_go2/go2_ws/build/cyclonedds/CMakeFiles/CMakeTmp/testCCompiler.c
Linking C executable cmTC_a3d8c
/usr/bin/cmake -E cmake_link_script CMakeFiles/cmTC_a3d8c.dir/link.txt --verbose=1
/usr/bin/cc      CMakeFiles/cmTC_a3d8c.dir/testCCompiler.c.o  -o cmTC_a3d8c 
make[1]: Leaving directory '/home/alireza/thesis1/navigation_go2/go2_ws/build/cyclonedds/CMakeFiles/CMakeTmp'



Detecting C compiler ABI info compiled with the following output:
Change Dir: /home/alireza/thesis1/navigation_go2/go2_ws/build/cyclonedds/CMakeFiles/CMakeTmp

Run Build Command(s):/usr/bin/make cmTC_4ff86/fast && /usr/bin/make -f CMakeFiles/cmTC_4ff86.dir/build.make CMakeFiles/cmTC_4ff86.dir/build
make[1]: Entering directory '/home/alireza/thesis1/navigation_go2/go2_ws/build/cyclonedds/CMakeFiles/CMakeTmp'
Building C object CMakeFiles/cmTC_4ff86.dir/CMakeCCompilerABI.c.o
/usr/bin/cc   -v -o CMakeFiles/cmTC_4ff86.dir/CMakeCCompilerABI.c.o   -c /usr/share/cmake-3.16/Modules/CMakeCCompilerABI.c
Using built-in specs.
COLLECT_GCC=/usr/bin/cc
OFFLOAD_TARGET_NAMES=nvptx-none:hsa
OFFLOAD_TARGET_DEFAULT=1
Target: x86_64-linux-gnu
Configured with: ../src/configure -v --with-pkgversion='Ubuntu 9.4.0-1ubuntu1~20.04.2' --with-bugurl=file:///usr/share/doc/gcc-9/README.Bugs --enable-languages=c,ada,c++,go,brig,d,fortran,objc,obj-c++,gm2 --prefix=/usr --with-gcc-major-version-only --program-suffix=-9 --program-prefix=x86_64-linux-gnu- --enable-shared --enable-linker-build-id --libexecdir=/usr/lib --without-included-gettext --enable-threads=posix --libdir=/usr/lib --enable-nls --enable-clocale=gnu --enable-libstdcxx-debug --enable-libstdcxx-time=yes --with-default-libstdcxx-abi=new --enable-gnu-unique-object --disable-vtable-verify --enable-plugin --enable-default-pie --with-system-zlib --with-target-system-zlib=auto --enable-objc-gc=auto --enable-multiarch --disable-werror --with-arch-32=i686 --with-abi=m64 --with-multilib-list=m32,m64,mx32 --enable-multilib --with-tune=generic --enable-offload-targets=nvptx-none=/build/gcc-9-9QDOt0/gcc-9-9.4.0/debian/tmp-nvptx/usr,hsa --without-cuda-driver --enable-checking=release --build=x86_64-linux-gnu --host=x86_64-linux-gnu --target=x86_64-linux-gnu
Thread model: posix
gcc version 9.4.0 (Ubuntu 9.4.0-1ubuntu1~20.04.2) 
COLLECT_GCC_OPTIONS='-v' '-o' 'CMakeFiles/cmTC_4ff86.dir/CMakeCCompilerABI.c.o' '-c' '-mtune=generic' '-march=x86-64'
 /usr/lib/gcc/x86_64-linux-gnu/9/cc1 -quiet -v -imultiarch x86_64-linux-gnu /usr/share/cmake-3.16/Modules/CMakeCCompilerABI.c -quiet -dumpbase CMakeCCompilerABI.c -mtune=generic -march=x86-64 -auxbase-strip CMakeFiles/cmTC_4ff86.dir/CMakeCCompilerABI.c.o -version -fasynchronous-unwind-tables -fstack-protector-strong -Wformat -Wformat-security -fstack-clash-protection -fcf-protection -o /tmp/ccevZkoy.s
GNU C17 (Ubuntu 9.4.0-1ubuntu1~20.04.2) version 9.4.0 (x86_64-linux-gnu)
	compiled by GNU C version 9.4.0, GMP version 6.2.0, MPFR version 4.0.2, MPC version 1.1.0, isl version isl-0.22.1-GMP

GGC heuristics: --param ggc-min-expand=100 --param ggc-min-heapsize=131072
ignoring nonexistent directory "/usr/local/include/x86_64-linux-gnu"
ignoring nonexistent directory "/usr/lib/gcc/x86_64-linux-gnu/9/include-fixed"
ignoring nonexistent directory "/usr/lib/gcc/x86_64-linux-gnu/9/../../../../x86_64-linux-gnu/include"
#include "..." search starts here:
#include <...> search starts here:
 /usr/lib/gcc/x86_64-linux-gnu/9/include
 /usr/local/include
 /usr/include/x86_64-linux-gnu
 /usr/include
End of search list.
GNU C17 (Ubuntu 9.4.0-1ubuntu1~20.04.2) version 9.4.0 (x86_64-linux-gnu)
	compiled by GNU C version 9.4.0, GMP version 6.2.0, MPFR version 4.0.2, MPC version 1.1.0, isl version isl-0.22.1-GMP

GGC heuristics: --param ggc-min-expand=100 --param ggc-min-heapsize=131072
Compiler executable checksum: 01da938ff5dc2163489aa33cb3b747a7
COLLECT_GCC_OPTIONS='-v' '-o' 'CMakeFiles/cmTC_4ff86.dir/CMakeCCompilerABI.c.o' '-c' '-mtune=generic' '-march=x86-64'
 as -v --64 -o CMakeFiles/cmTC_4ff86.dir/CMakeCCompilerABI.c.o /tmp/ccevZkoy.s
GNU assembler version 2.34 (x86_64-linux-gnu) using BFD version (GNU Binutils for Ubuntu) 2.34
COMPILER_PATH=/usr/lib/gcc/x86_64-linux-gnu/9/:/usr/lib/gcc/x86_64-linux-gnu/9/:/usr/lib/gcc/x86_64-linux-gnu/:/usr/lib/gcc/x86_64-linux-gnu/9/:/usr/lib/gcc/x86_64-linux-gnu/
LIBRARY_PATH=/usr/lib/gcc/x86_64-linux-gnu/9/:/usr/lib/gcc/x86_64-linux-gnu/9/../../../x86_64-linux-gnu/:/usr/lib/gcc/x86_64-linux-gnu/9/../../../../lib/:/lib/x86_64-linux-gnu/:/lib/../lib/:/usr/lib/x86_64-linux-gnu/:/usr/lib/../lib/:/usr/lib/gcc/x86_64-linux-gnu/9/../../../:/lib/:/usr/lib/
COLLECT_GCC_OPTIONS='-v' '-o' 'CMakeFiles/cmTC_4ff86.dir/CMakeCCompilerABI.c.o' '-c' '-mtune=generic' '-march=x86-64'
Linking C executable cmTC_4ff86
/usr/bin/cmake -E cmake_link_script CMakeFiles/cmTC_4ff86.dir/link.txt --verbose=1
/usr/bin/cc     -v CMakeFiles/cmTC_4ff86.dir/CMakeCCompilerABI.c.o  -o cmTC_4ff86 
Using built-in specs.
COLLECT_GCC=/usr/bin/cc
COLLECT_LTO_WRAPPER=/usr/lib/gcc/x86_64-linux-gnu/9/lto-wrapper
OFFLOAD_TARGET_NAMES=nvptx-none:hsa
OFFLOAD_TARGET_DEFAULT=1
Target: x86_64-linux-gnu
Configured with: ../src/configure -v --with-pkgversion='Ubuntu 9.4.0-1ubuntu1~20.04.2' --with-bugurl=file:///usr/share/doc/gcc-9/README.Bugs --enable-languages=c,ada,c++,go,brig,d,fortran,objc,obj-c++,gm2 --prefix=/usr --with-gcc-major-version-only --program-suffix=-9 --program-prefix=x86_64-linux-gnu- --enable-shared --enable-linker-build-id --libexecdir=/usr/lib --without-included-gettext --enable-threads=posix --libdir=/usr/lib --enable-nls --enable-clocale=gnu --enable-libstdcxx-debug --enable-libstdcxx-time=yes --with-default-libstdcxx-abi=new --enable-gnu-unique-object --disable-vtable-verify --enable-plugin --enable-default-pie --with-system-zlib --with-target-system-zlib=auto --enable-objc-gc=auto --enable-multiarch --disable-werror --with-arch-32=i686 --with-abi=m64 --with-multilib-list=m32,m64,mx32 --enable-multilib --with-tune=generic --enable-offload-targets=nvptx-none=/build/gcc-9-9QDOt0/gcc-9-9.4.0/debian/tmp-nvptx/usr,hsa --without-cuda-driver --enable-checking=release --build=x86_64-linux-gnu --host=x86_64-linux-gnu --target=x86_64-linux-gnu
Thread model: posix
gcc version 9.4.0 (Ubuntu 9.4.0-1ubuntu1~20.04.2) 
COMPILER_PATH=/usr/lib/gcc/x86_64-linux-gnu/9/:/usr/lib/gcc/x86_64-linux-gnu/9/:/usr/lib/gcc/x86_64-linux-gnu/:/usr/lib/gcc/x86_64-linux-gnu/9/:/usr/lib/gcc/x86_64-linux-gnu/
LIBRARY_PATH=/usr/lib/gcc/x86_64-linux-gnu/9/:/usr/lib/gcc/x86_64-linux-gnu/9/../../../x86_64-linux-gnu/:/usr/lib/gcc/x86_64-linux-gnu/9/../../../../lib/:/lib/x86_64-linux-gnu/:/lib/../lib/:/usr/lib/x86_64-linux-gnu/:/usr/lib/../lib/:/usr/lib/gcc/x86_64-linux-gnu/9/../../../:/lib/:/usr/lib/
COLLECT_GCC_OPTIONS='-v' '-o' 'cmTC_4ff86' '-mtune=generic' '-march=x86-64'
 /usr/lib/gcc/x86_64-linux-gnu/9/collect2 -plugin /usr/lib/gcc/x86_64-linux-gnu/9/liblto_plugin.so -plugin-opt=/usr/lib/gcc/x86_64-linux-gnu/9/lto-wrapper -plugin-opt=-fresolution=/tmp/cc4pActr.res -plugin-opt=-pass-through=-lgcc -plugin-opt=-pass-through=-lgcc_s -plugin-opt=-pass-through=-lc -plugin-opt=-pass-through=-lgcc -plugin-opt=-pass-through=-lgcc_s --build-id --eh-frame-hdr -m elf_x86_64 --hash-style=gnu --as-needed -dynamic-linker /lib64/ld-linux-x86-64.so.2 -pie -z now -z relro -o cmTC_4ff86 /usr/lib/gcc/x86_64-linux-gnu/9/../../../x86_64-linux-gnu/Scrt1.o /usr/lib/gcc/x86_64-linux-gnu/9/../../../x86_64-linux-gnu/crti.o /usr/lib/gcc/x86_64-linux-gnu/9/crtbeginS.o -L/usr/lib/gcc/x86_64-linux-gnu/9 -L/usr/lib/gcc/x86_64-linux-gnu/9/../../../x86_64-linux-gnu -L/usr/lib/gcc/x86_64-linux-gnu/9/../../../../lib -L/lib/x86_64-linux-gnu -L/lib/../lib -L/usr/lib/x86_64-linux-gnu -L/usr/lib/../lib -L/usr/lib/gcc/x86_64-linux-gnu/9/../../.. CMakeFiles/cmTC_4ff86.dir/CMakeCCompilerABI.c.o -lgcc --push-state --as-needed -lgcc_s --pop-state -lc -lgcc --push-state --as-needed -lgcc_s --pop-state /usr/lib/gcc/x86_64-linux-gnu/9/crtendS.o /usr/lib/gcc/x86_64-linux-gnu/9/../../../x86_64-linux-gnu/crtn.o
COLLECT_GCC_OPTIONS='-v' '-o' 'cmTC_4ff86' '-mtune=generic' '-march=x86-64'
make[1]: Leaving directory '/home/alireza/thesis1/navigation_go2/go2_ws/build/cyclonedds/CMakeFiles/CMakeTmp'



Parsed C implicit include dir info from above output: rv=done
  found start of include info
  found start of implicit include info
    add: [/usr/lib/gcc/x86_64-linux-gnu/9/include]
    add: [/usr/local/include]
    add: [/usr/include/x86_64-linux-gnu]
    add: [/usr/include]
  end of search list found
  collapse include dir [/usr/lib/gcc/x86_64-linux-gnu/9/include] ==> [/usr/lib/gcc/x86_64-linux-gnu/9/include]
  collapse include dir [/usr/local/include] ==> [/usr/local/include]
  collapse include dir [/usr/include/x86_64-linux-gnu] ==> [/usr/include/x86_64-linux-gnu]
  collapse include dir [/usr/include] ==> [/usr/include]
  implicit include dirs: [/usr/lib/gcc/x86_64-linux-gnu/9/include;/usr/local/include;/usr/include/x86_64-linux-gnu;/usr/include]


Parsed C implicit link information from above output:
  link line regex: [^( *|.*[/\])(ld|CMAKE_LINK_STARTFILE-NOTFOUND|([^/\]+-)?ld|collect2)[^/\]*( |$)]
  ignore line: [Change Dir: /home/alireza/thesis1/navigation_go2/go2_ws/build/cyclonedds/CMakeFiles/CMakeTmp]
  ignore line: []
  ignore line: [Run Build Command(s):/usr/bin/make cmTC_4ff86/fast && /usr/bin/make -f CMakeFiles/cmTC_4ff86.dir/build.make CMakeFiles/cmTC_4ff86.dir/build]
  ignore line: [make[1]: Entering directory '/home/alireza/thesis1/navigation_go2/go2_ws/build/cyclonedds/CMakeFiles/CMakeTmp']
  ignore line: [Building C object CMakeFiles/cmTC_4ff86.dir/CMakeCCompilerABI.c.o]
  ignore line: [/usr/bin/cc   -v -o CMakeFiles/cmTC_4ff86.dir/CMakeCCompilerABI.c.o   -c /usr/share/cmake-3.16/Modules/CMakeCCompilerABI.c]
  ignore line: [Using built-in specs.]
  ignore line: [COLLECT_GCC=/usr/bin/cc]
  ignore line: [OFFLOAD_TARGET_NAMES=nvptx-none:hsa]
  ignore line: [OFFLOAD_TARGET_DEFAULT=1]
  ignore line: [Target: x86_64-linux-gnu]
  ignore line: [Configured with: ../src/configure -v --with-pkgversion='Ubuntu 9.4.0-1ubuntu1~20.04.2' --with-bugurl=file:///usr/share/doc/gcc-9/README.Bugs --enable-languages=c ada c++ go brig d fortran objc obj-c++ gm2 --prefix=/usr --with-gcc-major-version-only --program-suffix=-9 --program-prefix=x86_64-linux-gnu- --enable-shared --enable-linker-build-id --libexecdir=/usr/lib --without-included-gettext --enable-threads=posix --libdir=/usr/lib --enable-nls --enable-clocale=gnu --enable-libstdcxx-debug --enable-libstdcxx-time=yes --with-default-libstdcxx-abi=new --enable-gnu-unique-object --disable-vtable-verify --enable-plugin --enable-default-pie --with-system-zlib --with-target-system-zlib=auto --enable-objc-gc=auto --enable-multiarch --disable-werror --with-arch-32=i686 --with-abi=m64 --with-multilib-list=m32 m64 mx32 --enable-multilib --with-tune=generic --enable-offload-targets=nvptx-none=/build/gcc-9-9QDOt0/gcc-9-9.4.0/debian/tmp-nvptx/usr hsa --without-cuda-driver --enable-checking=release --build=x86_64-linux-gnu --host=x86_64-linux-gnu --target=x86_64-linux-gnu]
  ignore line: [Thread model: posix]
  ignore line: [gcc version 9.4.0 (Ubuntu 9.4.0-1ubuntu1~20.04.2) ]
  ignore line: [COLLECT_GCC_OPTIONS='-v' '-o' 'CMakeFiles/cmTC_4ff86.dir/CMakeCCompilerABI.c.o' '-c' '-mtune=generic' '-march=x86-64']
  ignore line: [ /usr/lib/gcc/x86_64-linux-gnu/9/cc1 -quiet -v -imultiarch x86_64-linux-gnu /usr/share/cmake-3.16/Modules/CMakeCCompilerABI.c -quiet -dumpbase CMakeCCompilerABI.c -mtune=generic -march=x86-64 -auxbase-strip CMakeFiles/cmTC_4ff86.dir/CMakeCCompilerABI.c.o -version -fasynchronous-unwind-tables -fstack-protector-strong -Wformat -Wformat-security -fstack-clash-protection -fcf-protection -o /tmp/ccevZkoy.s]
  ignore line: [GNU C17 (Ubuntu 9.4.0-1ubuntu1~20.04.2) version 9.4.0 (x86_64-linux-gnu)]
  ignore line: [	compiled by GNU C version 9.4.0  GMP version 6.2.0  MPFR version 4.0.2  MPC version 1.1.0  isl version isl-0.22.1-GMP]
  ignore line: []
  ignore line: [GGC heuristics: --param ggc-min-expand=100 --param ggc-min-heapsize=131072]
  ignore line: [ignoring nonexistent directory "/usr/local/include/x86_64-linux-gnu"]
  ignore line: [ignoring nonexistent directory "/usr/lib/gcc/x86_64-linux-gnu/9/include-fixed"]
  ignore line: [ignoring nonexistent directory "/usr/lib/gcc/x86_64-linux-gnu/9/../../../../x86_64-linux-gnu/include"]
  ignore line: [#include "..." search starts here:]
  ignore line: [#include <...> search starts here:]
  ignore line: [ /usr/lib/gcc/x86_64-linux-gnu/9/include]
  ignore line: [ /usr/local/include]
  ignore line: [ /usr/include/x86_64-linux-gnu]
  ignore line: [ /usr/include]
  ignore line: [End of search list.]
  ignore line: [GNU C17 (Ubuntu 9.4.0-1ubuntu1~20.04.2) version 9.4.0 (x86_64-linux-gnu)]
  ignore line: [	compiled by GNU C version 9.4.0  GMP version 6.2.0  MPFR version 4.0.2  MPC version 1.1.0  isl version isl-0.22.1-GMP]
  ignore line: []
  ignore line: [GGC heuristics: --param ggc-min-expand=100 --param ggc-min-heapsize=131072]
  ignore line: [Compiler executable checksum: 01da938ff5dc2163489aa33cb3b747a7]
  ignore line: [COLLECT_GCC_OPTIONS='-v' '-o' 'CMakeFiles/cmTC_4ff86.dir/CMakeCCompilerABI.c.o' '-c' '-mtune=generic' '-march=x86-64']
  ignore line: [ as -v --64 -o CMakeFiles/cmTC_4ff86.dir/CMakeCCompilerABI.c.o /tmp/ccevZkoy.s]
  ignore line: [GNU assembler version 2.34 (x86_64-linux-gnu) using BFD version (GNU Binutils for Ubuntu) 2.34]
  ignore line: [COMPILER_PATH=/usr/lib/gcc/x86_64-linux-gnu/9/:/usr/lib/gcc/x86_64-linux-gnu/9/:/usr/lib/gcc/x86_64-linux-gnu/:/usr/lib/gcc/x86_64-linux-gnu/9/:/usr/lib/gcc/x86_64-linux-gnu/]
  ignore line: [LIBRARY_PATH=/usr/lib/gcc/x86_64-linux-gnu/9/:/usr/lib/gcc/x86_64-linux-gnu/9/../../../x86_64-linux-gnu/:/usr/lib/gcc/x86_64-linux-gnu/9/../../../../lib/:/lib/x86_64-linux-gnu/:/lib/../lib/:/usr/lib/x86_64-linux-gnu/:/usr/lib/../lib/:/usr/lib/gcc/x86_64-linux-gnu/9/../../../:/lib/:/usr/lib/]
  ignore line: [COLLECT_GCC_OPTIONS='-v' '-o' 'CMakeFiles/cmTC_4ff86.dir/CMakeCCompilerABI.c.o' '-c' '-mtune=generic' '-march=x86-64']
  ignore line: [Linking C executable cmTC_4ff86]
  ignore line: [/usr/bin/cmake -E cmake_link_script CMakeFiles/cmTC_4ff86.dir/link.txt --verbose=1]
  ignore line: [/usr/bin/cc     -v CMakeFiles/cmTC_4ff86.dir/CMakeCCompilerABI.c.o  -o cmTC_4ff86 ]
  ignore line: [Using built-in specs.]
  ignore line: [COLLECT_GCC=/usr/bin/cc]
  ignore line: [COLLECT_LTO_WRAPPER=/usr/lib/gcc/x86_64-linux-gnu/9/lto-wrapper]
  ignore line: [OFFLOAD_TARGET_NAMES=nvptx-none:hsa]
  ignore line: [OFFLOAD_TARGET_DEFAULT=1]
  ignore line: [Target: x86_64-linux-gnu]
  ignore line: [Configured with: ../src/configure -v --with-pkgversion='Ubuntu 9.4.0-1ubuntu1~20.04.2' --with-bugurl=file:///usr/share/doc/gcc-9/README.Bugs --enable-languages=c ada c++ go brig d fortran objc obj-c++ gm2 --prefix=/usr --with-gcc-major-version-only --program-suffix=-9 --program-prefix=x86_64-linux-gnu- --enable-shared --enable-linker-build-id --libexecdir=/usr/lib --without-included-gettext --enable-threads=posix --libdir=/usr/lib --enable-nls --enable-clocale=gnu --enable-libstdcxx-debug --enable-libstdcxx-time=yes --with-default-libstdcxx-abi=new --enable-gnu-unique-object --disable-vtable-verify --enable-plugin --enable-default-pie --with-system-zlib --with-target-system-zlib=auto --enable-objc-gc=auto --enable-multiarch --disable-werror --with-arch-32=i686 --with-abi=m64 --with-multilib-list=m32 m64 mx32 --enable-multilib --with-tune=generic --enable-offload-targets=nvptx-none=/build/gcc-9-9QDOt0/gcc-9-9.4.0/debian/tmp-nvptx/usr hsa --without-cuda-driver --enable-checking=release --build=x86_64-linux-gnu --host=x86_64-linux-gnu --target=x86_64-linux-gnu]
  ignore line: [Thread model: posix]
  ignore line: [gcc version 9.4.0 (Ubuntu 9.4.0-1ubuntu1~20.04.2) ]
  ignore line: [COMPILER_PATH=/usr/lib/gcc/x86_64-linux-gnu/9/:/usr/lib/gcc/x86_64-linux-gnu/9/:/usr/lib/gcc/x86_64-linux-gnu/:/usr/lib/gcc/x86_64-linux-gnu/9/:/usr/lib/gcc/x86_64-linux-gnu/]
  ignore line: [LIBRARY_PATH=/usr/lib/gcc/x86_64-linux-gnu/9/:/usr/lib/gcc/x86_64-linux-gnu/9/../../../x86_64-linux-gnu/:/usr/lib/gcc/x86_64-linux-gnu/9/../../../../lib/:/lib/x86_64-linux-gnu/:/lib/../lib/:/usr/lib/x86_64-linux-gnu/:/usr/lib/../lib/:/usr/lib/gcc/x86_64-linux-gnu/9/../../../:/lib/:/usr/lib/]
  ignore line: [COLLECT_GCC_OPTIONS='-v' '-o' 'cmTC_4ff86' '-mtune=generic' '-march=x86-64']
  link line: [ /usr/lib/gcc/x86_64-linux-gnu/9/collect2 -plugin /usr/lib/gcc/x86_64-linux-gnu/9/liblto_plugin.so -plugin-opt=/usr/lib/gcc/x86_64-linux-gnu/9/lto-wrapper -plugin-opt=-fresolution=/tmp/cc4pActr.res -plugin-opt=-pass-through=-lgcc -plugin-opt=-pass-through=-lgcc_s -plugin-opt=-pass-through=-lc -plugin-opt=-pass-through=-lgcc -plugin-opt=-pass-through=-lgcc_s --build-id --eh-frame-hdr -m elf_x86_64 --hash-style=gnu --as-needed -dynamic-linker /lib64/ld-linux-x86-64.so.2 -pie -z now -z relro -o cmTC_4ff86 /usr/lib/gcc/x86_64-linux-gnu/9/../../../x86_64-linux-gnu/Scrt1.o /usr/lib/gcc/x86_64-linux-gnu/9/../../../x86_64-linux-gnu/crti.o /usr/lib/gcc/x86_64-linux-gnu/9/crtbeginS.o -L/usr/lib/gcc/x86_64-linux-gnu/9 -L/usr/lib/gcc/x86_64-linux-gnu/9/../../../x86_64-linux-gnu -L/usr/lib/gcc/x86_64-linux-gnu/9/../../../../lib -L/lib/x86_64-linux-gnu -L/lib/../lib -L/usr/lib/x86_64-linux-gnu -L/usr/lib/../lib -L/usr/lib/gcc/x86_64-linux-gnu/9/../../.. CMakeFiles/cmTC_4ff86.dir/CMakeCCompilerABI.c.o -lgcc --push-state --as-needed -lgcc_s --pop-state -lc -lgcc --push-state --as-needed -lgcc_s --pop-state /usr/lib/gcc/x86_64-linux-gnu/9/crtendS.o /usr/lib/gcc/x86_64-linux-gnu/9/../../../x86_64-linux-gnu/crtn.o]
    arg [/usr/lib/gcc/x86_64-linux-gnu/9/collect2] ==> ignore
    arg [-plugin] ==> ignore
    arg [/usr/lib/gcc/x86_64-linux-gnu/9/liblto_plugin.so] ==> ignore
    arg [-plugin-opt=/usr/lib/gcc/x86_64-linux-gnu/9/lto-wrapper] ==> ignore
    arg [-plugin-opt=-fresolution=/tmp/cc4pActr.res] ==> ignore
    arg [-plugin-opt=-pass-through=-lgcc] ==> ignore
    arg [-plugin-opt=-pass-through=-lgcc_s] ==> ignore
    arg [-plugin-opt=-pass-through=-lc] ==> ignore
    arg [-plugin-opt=-pass-through=-lgcc] ==> ignore
    arg [-plugin-opt=-pass-through=-lgcc_s] ==> ignore
    arg [--build-id] ==> ignore
    arg [--eh-frame-hdr] ==> ignore
    arg [-m] ==> ignore
    arg [elf_x86_64] ==> ignore
    arg [--hash-style=gnu] ==> ignore
    arg [--as-needed] ==> ignore
    arg [-dynamic-linker] ==> ignore
    arg [/lib64/ld-linux-x86-64.so.2] ==> ignore
    arg [-pie] ==> ignore
    arg [-znow] ==> ignore
    arg [-zrelro] ==> ignore
    arg [-o] ==> ignore
    arg [cmTC_4ff86] ==> ignore
    arg [/usr/lib/gcc/x86_64-linux-gnu/9/../../../x86_64-linux-gnu/Scrt1.o] ==> ignore
    arg [/usr/lib/gcc/x86_64-linux-gnu/9/../../../x86_64-linux-gnu/crti.o] ==> ignore
    arg [/usr/lib/gcc/x86_64-linux-gnu/9/crtbeginS.o] ==> ignore
    arg [-L/usr/lib/gcc/x86_64-linux-gnu/9] ==> dir [/usr/lib/gcc/x86_64-linux-gnu/9]
    arg [-L/usr/lib/gcc/x86_64-linux-gnu/9/../../../x86_64-linux-gnu] ==> dir [/usr/lib/gcc/x86_64-linux-gnu/9/../../../x86_64-linux-gnu]
    arg [-L/usr/lib/gcc/x86_64-linux-gnu/9/../../../../lib] ==> dir [/usr/lib/gcc/x86_64-linux-gnu/9/../../../../lib]
    arg [-L/lib/x86_64-linux-gnu] ==> dir [/lib/x86_64-linux-gnu]
    arg [-L/lib/../lib] ==> dir [/lib/../lib]
    arg [-L/usr/lib/x86_64-linux-gnu] ==> dir [/usr/lib/x86_64-linux-gnu]
    arg [-L/usr/lib/../lib] ==> dir [/usr/lib/../lib]
    arg [-L/usr/lib/gcc/x86_64-linux-gnu/9/../../..] ==> dir [/usr/lib/gcc/x86_64-linux-gnu/9/../../..]
    arg [CMakeFiles/cmTC_4ff86.dir/CMakeCCompilerABI.c.o] ==> ignore
    arg [-lgcc] ==> lib [gcc]
    arg [--push-state] ==> ignore
    arg [--as-needed] ==> ignore
    arg [-lgcc_s] ==> lib [gcc_s]
    arg [--pop-state] ==> ignore
    arg [-lc] ==> lib [c]
    arg [-lgcc] ==> lib [gcc]
    arg [--push-state] ==> ignore
    arg [--as-needed] ==> ignore
    arg [-lgcc_s] ==> lib [gcc_s]
    arg [--pop-state] ==> ignore
    arg [/usr/lib/gcc/x86_64-linux-gnu/9/crtendS.o] ==> ignore
    arg [/usr/lib/gcc/x86_64-linux-gnu/9/../../../x86_64-linux-gnu/crtn.o] ==> ignore
  collapse library dir [/usr/lib/gcc/x86_64-linux-gnu/9] ==> [/usr/lib/gcc/x86_64-linux-gnu/9]
  collapse library dir [/usr/lib/gcc/x86_64-linux-gnu/9/../../../x86_64-linux-gnu] ==> [/usr/lib/x86_64-linux-gnu]
  collapse library dir [/usr/lib/gcc/x86_64-linux-gnu/9/../../../../lib] ==> [/usr/lib]
  collapse library dir [/lib/x86_64-linux-gnu] ==> [/lib/x86_64-linux-gnu]
  collapse library dir [/lib/../lib] ==> [/lib]
  collapse library dir [/usr/lib/x86_64-linux-gnu] ==> [/usr/lib/x86_64-linux-gnu]
  collapse library dir [/usr/lib/../lib] ==> [/usr/lib]
  collapse library dir [/usr/lib/gcc/x86_64-linux-gnu/9/../../..] ==> [/usr/lib]
  implicit libs: [gcc;gcc_s;c;gcc;gcc_s]
  implicit dirs: [/usr/lib/gcc/x86_64-linux-gnu/9;/usr/lib/x86_64-linux-gnu;/usr/lib;/lib/x86_64-linux-gnu;/lib]
  implicit fwks: []


Determining if the include file getopt.h exists passed with the following output:
Change Dir: /home/alireza/thesis1/navigation_go2/go2_ws/build/cyclonedds/CMakeFiles/CMakeTmp

Run Build Command(s):/usr/bin/make cmTC_1d7c6/fast && /usr/bin/make -f CMakeFiles/cmTC_1d7c6.dir/build.make CMakeFiles/cmTC_1d7c6.dir/build
make[1]: Entering directory '/home/alireza/thesis1/navigation_go2/go2_ws/build/cyclonedds/CMakeFiles/CMakeTmp'
Building C object CMakeFiles/cmTC_1d7c6.dir/CheckIncludeFile.c.o
/usr/bin/cc   -std=gnu99 -o CMakeFiles/cmTC_1d7c6.dir/CheckIncludeFile.c.o   -c /home/alireza/thesis1/navigation_go2/go2_ws/build/cyclonedds/CMakeFiles/CMakeTmp/CheckIncludeFile.c
Linking C executable cmTC_1d7c6
/usr/bin/cmake -E cmake_link_script CMakeFiles/cmTC_1d7c6.dir/link.txt --verbose=1
/usr/bin/cc      CMakeFiles/cmTC_1d7c6.dir/CheckIncludeFile.c.o  -o cmTC_1d7c6 
make[1]: Leaving directory '/home/alireza/thesis1/navigation_go2/go2_ws/build/cyclonedds/CMakeFiles/CMakeTmp'



Determining if the include file stdint.h exists passed with the following output:
Change Dir: /home/alireza/thesis1/navigation_go2/go2_ws/build/cyclonedds/CMakeFiles/CMakeTmp

Run Build Command(s):/usr/bin/make cmTC_020c8/fast && /usr/bin/make -f CMakeFiles/cmTC_020c8.dir/build.make CMakeFiles/cmTC_020c8.dir/build
make[1]: Entering directory '/home/alireza/thesis1/navigation_go2/go2_ws/build/cyclonedds/CMakeFiles/CMakeTmp'
Building C object CMakeFiles/cmTC_020c8.dir/CheckIncludeFile.c.o
/usr/bin/cc   -std=gnu99 -o CMakeFiles/cmTC_020c8.dir/CheckIncludeFile.c.o   -c /home/alireza/thesis1/navigation_go2/go2_ws/build/cyclonedds/CMakeFiles/CMakeTmp/CheckIncludeFile.c
Linking C executable cmTC_020c8
/usr/bin/cmake -E cmake_link_script CMakeFiles/cmTC_020c8.dir/link.txt --verbose=1
/usr/bin/cc      CMakeFiles/cmTC_020c8.dir/CheckIncludeFile.c.o  -o cmTC_020c8 
make[1]: Leaving directory '/home/alireza/thesis1/navigation_go2/go2_ws/build/cyclonedds/CMakeFiles/CMakeTmp'



Determining if the include file inttypes.h exists passed with the following output:
Change Dir: /home/alireza/thesis1/navigation_go2/go2_ws/build/cyclonedds/CMakeFiles/CMakeTmp

Run Build Command(s):/usr/bin/make cmTC_e340a/fast && /usr/bin/make -f CMakeFiles/cmTC_e340a.dir/build.make CMakeFiles/cmTC_e340a.dir/build
make[1]: Entering directory '/home/alireza/thesis1/navigation_go2/go2_ws/build/cyclonedds/CMakeFiles/CMakeTmp'
Building C object CMakeFiles/cmTC_e340a.dir/CheckIncludeFile.c.o
/usr/bin/cc   -std=gnu99 -o CMakeFiles/cmTC_e340a.dir/CheckIncludeFile.c.o   -c /home/alireza/thesis1/navigation_go2/go2_ws/build/cyclonedds/CMakeFiles/CMakeTmp/CheckIncludeFile.c
Linking C executable cmTC_e340a
/usr/bin/cmake -E cmake_link_script CMakeFiles/cmTC_e340a.dir/link.txt --verbose=1
/usr/bin/cc      CMakeFiles/cmTC_e340a.dir/CheckIncludeFile.c.o  -o cmTC_e340a 
make[1]: Leaving directory '/home/alireza/thesis1/navigation_go2/go2_ws/build/cyclonedds/CMakeFiles/CMakeTmp'



Determining if the include file sys/types.h exists passed with the following output:
Change Dir: /home/alireza/thesis1/navigation_go2/go2_ws/build/cyclonedds/CMakeFiles/CMakeTmp

Run Build Command(s):/usr/bin/make cmTC_ac518/fast && /usr/bin/make -f CMakeFiles/cmTC_ac518.dir/build.make CMakeFiles/cmTC_ac518.dir/build
make[1]: Entering directory '/home/alireza/thesis1/navigation_go2/go2_ws/build/cyclonedds/CMakeFiles/CMakeTmp'
Building C object CMakeFiles/cmTC_ac518.dir/CheckIncludeFile.c.o
/usr/bin/cc   -std=gnu99 -o CMakeFiles/cmTC_ac518.dir/CheckIncludeFile.c.o   -c /home/alireza/thesis1/navigation_go2/go2_ws/build/cyclonedds/CMakeFiles/CMakeTmp/CheckIncludeFile.c
Linking C executable cmTC_ac518
/usr/bin/cmake -E cmake_link_script CMakeFiles/cmTC_ac518.dir/link.txt --verbose=1
/usr/bin/cc      CMakeFiles/cmTC_ac518.dir/CheckIncludeFile.c.o  -o cmTC_ac518 
make[1]: Leaving directory '/home/alireza/thesis1/navigation_go2/go2_ws/build/cyclonedds/CMakeFiles/CMakeTmp'



Determining if the include file stdint.h exists passed with the following output:
Change Dir: /home/alireza/thesis1/navigation_go2/go2_ws/build/cyclonedds/CMakeFiles/CMakeTmp

Run Build Command(s):/usr/bin/make cmTC_8527f/fast && /usr/bin/make -f CMakeFiles/cmTC_8527f.dir/build.make CMakeFiles/cmTC_8527f.dir/build
make[1]: Entering directory '/home/alireza/thesis1/navigation_go2/go2_ws/build/cyclonedds/CMakeFiles/CMakeTmp'
Building C object CMakeFiles/cmTC_8527f.dir/CheckIncludeFile.c.o
/usr/bin/cc   -std=gnu99 -o CMakeFiles/cmTC_8527f.dir/CheckIncludeFile.c.o   -c /home/alireza/thesis1/navigation_go2/go2_ws/build/cyclonedds/CMakeFiles/CMakeTmp/CheckIncludeFile.c
Linking C executable cmTC_8527f
/usr/bin/cmake -E cmake_link_script CMakeFiles/cmTC_8527f.dir/link.txt --verbose=1
/usr/bin/cc      CMakeFiles/cmTC_8527f.dir/CheckIncludeFile.c.o  -o cmTC_8527f 
make[1]: Leaving directory '/home/alireza/thesis1/navigation_go2/go2_ws/build/cyclonedds/CMakeFiles/CMakeTmp'



Determining if the include file stddef.h exists passed with the following output:
Change Dir: /home/alireza/thesis1/navigation_go2/go2_ws/build/cyclonedds/CMakeFiles/CMakeTmp

Run Build Command(s):/usr/bin/make cmTC_7ddb4/fast && /usr/bin/make -f CMakeFiles/cmTC_7ddb4.dir/build.make CMakeFiles/cmTC_7ddb4.dir/build
make[1]: Entering directory '/home/alireza/thesis1/navigation_go2/go2_ws/build/cyclonedds/CMakeFiles/CMakeTmp'
Building C object CMakeFiles/cmTC_7ddb4.dir/CheckIncludeFile.c.o
/usr/bin/cc   -std=gnu99 -o CMakeFiles/cmTC_7ddb4.dir/CheckIncludeFile.c.o   -c /home/alireza/thesis1/navigation_go2/go2_ws/build/cyclonedds/CMakeFiles/CMakeTmp/CheckIncludeFile.c
Linking C executable cmTC_7ddb4
/usr/bin/cmake -E cmake_link_script CMakeFiles/cmTC_7ddb4.dir/link.txt --verbose=1
/usr/bin/cc      CMakeFiles/cmTC_7ddb4.dir/CheckIncludeFile.c.o  -o cmTC_7ddb4 
make[1]: Leaving directory '/home/alireza/thesis1/navigation_go2/go2_ws/build/cyclonedds/CMakeFiles/CMakeTmp'



Determining size of intmax_t passed with the following output:
Change Dir: /home/alireza/thesis1/navigation_go2/go2_ws/build/cyclonedds/CMakeFiles/CMakeTmp

Run Build Command(s):/usr/bin/make cmTC_aff71/fast && /usr/bin/make -f CMakeFiles/cmTC_aff71.dir/build.make CMakeFiles/cmTC_aff71.dir/build
make[1]: Entering directory '/home/alireza/thesis1/navigation_go2/go2_ws/build/cyclonedds/CMakeFiles/CMakeTmp'
Building C object CMakeFiles/cmTC_aff71.dir/_size.c.o
/usr/bin/cc   -std=gnu99 -o CMakeFiles/cmTC_aff71.dir/_size.c.o   -c /home/alireza/thesis1/navigation_go2/go2_ws/build/cyclonedds/CMakeFiles/CheckTypeSize/_size.c
Linking C executable cmTC_aff71
/usr/bin/cmake -E cmake_link_script CMakeFiles/cmTC_aff71.dir/link.txt --verbose=1
/usr/bin/cc      CMakeFiles/cmTC_aff71.dir/_size.c.o  -o cmTC_aff71 
make[1]: Leaving directory '/home/alireza/thesis1/navigation_go2/go2_ws/build/cyclonedds/CMakeFiles/CMakeTmp'



Determining if the stpcpy exist passed with the following output:
Change Dir: /home/alireza/thesis1/navigation_go2/go2_ws/build/cyclonedds/CMakeFiles/CMakeTmp

Run Build Command(s):/usr/bin/make cmTC_b99b2/fast && /usr/bin/make -f CMakeFiles/cmTC_b99b2.dir/build.make CMakeFiles/cmTC_b99b2.dir/build
make[1]: Entering directory '/home/alireza/thesis1/navigation_go2/go2_ws/build/cyclonedds/CMakeFiles/CMakeTmp'
Building C object CMakeFiles/cmTC_b99b2.dir/CheckSymbolExists.c.o
/usr/bin/cc   -std=gnu99 -o CMakeFiles/cmTC_b99b2.dir/CheckSymbolExists.c.o   -c /home/alireza/thesis1/navigation_go2/go2_ws/build/cyclonedds/CMakeFiles/CMakeTmp/CheckSymbolExists.c
Linking C executable cmTC_b99b2
/usr/bin/cmake -E cmake_link_script CMakeFiles/cmTC_b99b2.dir/link.txt --verbose=1
/usr/bin/cc      CMakeFiles/cmTC_b99b2.dir/CheckSymbolExists.c.o  -o cmTC_b99b2 
make[1]: Leaving directory '/home/alireza/thesis1/navigation_go2/go2_ws/build/cyclonedds/CMakeFiles/CMakeTmp'


File /home/alireza/thesis1/navigation_go2/go2_ws/build/cyclonedds/CMakeFiles/CMakeTmp/CheckSymbolExists.c:
/* */
#include <string.h>

int main(int argc, char** argv)
{
  (void)argv;
#ifndef stpcpy
  return ((int*)(&stpcpy))[argc];
#else
  (void)argc;
  return 0;
#endif
}
Performing C SOURCE FILE Test COMPILER_HAS_HIDDEN_VISIBILITY succeeded with the following output:
Change Dir: /home/alireza/thesis1/navigation_go2/go2_ws/build/cyclonedds/CMakeFiles/CMakeTmp

Run Build Command(s):/usr/bin/make cmTC_d52fe/fast && /usr/bin/make -f CMakeFiles/cmTC_d52fe.dir/build.make CMakeFiles/cmTC_d52fe.dir/build
make[1]: Entering directory '/home/alireza/thesis1/navigation_go2/go2_ws/build/cyclonedds/CMakeFiles/CMakeTmp'
Building C object CMakeFiles/cmTC_d52fe.dir/src.c.o
/usr/bin/cc   -DCOMPILER_HAS_HIDDEN_VISIBILITY   -fvisibility=hidden -std=gnu99 -o CMakeFiles/cmTC_d52fe.dir/src.c.o   -c /home/alireza/thesis1/navigation_go2/go2_ws/build/cyclonedds/CMakeFiles/CMakeTmp/src.c
Linking C executable cmTC_d52fe
/usr/bin/cmake -E cmake_link_script CMakeFiles/cmTC_d52fe.dir/link.txt --verbose=1
/usr/bin/cc  -DCOMPILER_HAS_HIDDEN_VISIBILITY    CMakeFiles/cmTC_d52fe.dir/src.c.o  -o cmTC_d52fe 
make[1]: Leaving directory '/home/alireza/thesis1/navigation_go2/go2_ws/build/cyclonedds/CMakeFiles/CMakeTmp'


Source file was:
int main(void) { return 0; }
Performing C SOURCE FILE Test COMPILER_HAS_DEPRECATED_ATTR succeeded with the following output:
Change Dir: /home/alireza/thesis1/navigation_go2/go2_ws/build/cyclonedds/CMakeFiles/CMakeTmp

Run Build Command(s):/usr/bin/make cmTC_9d987/fast && /usr/bin/make -f CMakeFiles/cmTC_9d987.dir/build.make CMakeFiles/cmTC_9d987.dir/build
make[1]: Entering directory '/home/alireza/thesis1/navigation_go2/go2_ws/build/cyclonedds/CMakeFiles/CMakeTmp'
Building C object CMakeFiles/cmTC_9d987.dir/src.c.o
/usr/bin/cc   -DCOMPILER_HAS_DEPRECATED_ATTR   -std=gnu99 -o CMakeFiles/cmTC_9d987.dir/src.c.o   -c /home/alireza/thesis1/navigation_go2/go2_ws/build/cyclonedds/CMakeFiles/CMakeTmp/src.c
/home/alireza/thesis1/navigation_go2/go2_ws/build/cyclonedds/CMakeFiles/CMakeTmp/src.c: In function ‘main’:
/home/alireza/thesis1/navigation_go2/go2_ws/build/cyclonedds/CMakeFiles/CMakeTmp/src.c:2:5: warning: ‘somefunc’ is deprecated [-Wdeprecated-declarations]
    2 |     int main() { return somefunc();}
      |     ^~~
/home/alireza/thesis1/navigation_go2/go2_ws/build/cyclonedds/CMakeFiles/CMakeTmp/src.c:1:37: note: declared here
    1 | __attribute__((__deprecated__)) int somefunc() { return 0; }
      |                                     ^~~~~~~~
Linking C executable cmTC_9d987
/usr/bin/cmake -E cmake_link_script CMakeFiles/cmTC_9d987.dir/link.txt --verbose=1
/usr/bin/cc  -DCOMPILER_HAS_DEPRECATED_ATTR    CMakeFiles/cmTC_9d987.dir/src.c.o  -o cmTC_9d987 
make[1]: Leaving directory '/home/alireza/thesis1/navigation_go2/go2_ws/build/cyclonedds/CMakeFiles/CMakeTmp'


Source file was:
__attribute__((__deprecated__)) int somefunc() { return 0; }
    int main() { return somefunc();}
Determining if the gethostname exist passed with the following output:
Change Dir: /home/alireza/thesis1/navigation_go2/go2_ws/build/cyclonedds/CMakeFiles/CMakeTmp

Run Build Command(s):/usr/bin/make cmTC_026ec/fast && /usr/bin/make -f CMakeFiles/cmTC_026ec.dir/build.make CMakeFiles/cmTC_026ec.dir/build
make[1]: Entering directory '/home/alireza/thesis1/navigation_go2/go2_ws/build/cyclonedds/CMakeFiles/CMakeTmp'
Building C object CMakeFiles/cmTC_026ec.dir/CheckSymbolExists.c.o
/usr/bin/cc   -std=gnu99 -o CMakeFiles/cmTC_026ec.dir/CheckSymbolExists.c.o   -c /home/alireza/thesis1/navigation_go2/go2_ws/build/cyclonedds/CMakeFiles/CMakeTmp/CheckSymbolExists.c
Linking C executable cmTC_026ec
/usr/bin/cmake -E cmake_link_script CMakeFiles/cmTC_026ec.dir/link.txt --verbose=1
/usr/bin/cc      CMakeFiles/cmTC_026ec.dir/CheckSymbolExists.c.o  -o cmTC_026ec 
make[1]: Leaving directory '/home/alireza/thesis1/navigation_go2/go2_ws/build/cyclonedds/CMakeFiles/CMakeTmp'


File /home/alireza/thesis1/navigation_go2/go2_ws/build/cyclonedds/CMakeFiles/CMakeTmp/CheckSymbolExists.c:
/* */
#include <unistd.h>

int main(int argc, char** argv)
{
  (void)argv;
#ifndef gethostname
  return ((int*)(&gethostname))[argc];
#else
  (void)argc;
  return 0;
#endif
}
Determining if the inet_ntop exist passed with the following output:
Change Dir: /home/alireza/thesis1/navigation_go2/go2_ws/build/cyclonedds/CMakeFiles/CMakeTmp

Run Build Command(s):/usr/bin/make cmTC_ff44e/fast && /usr/bin/make -f CMakeFiles/cmTC_ff44e.dir/build.make CMakeFiles/cmTC_ff44e.dir/build
make[1]: Entering directory '/home/alireza/thesis1/navigation_go2/go2_ws/build/cyclonedds/CMakeFiles/CMakeTmp'
Building C object CMakeFiles/cmTC_ff44e.dir/CheckSymbolExists.c.o
/usr/bin/cc   -std=gnu99 -o CMakeFiles/cmTC_ff44e.dir/CheckSymbolExists.c.o   -c /home/alireza/thesis1/navigation_go2/go2_ws/build/cyclonedds/CMakeFiles/CMakeTmp/CheckSymbolExists.c
Linking C executable cmTC_ff44e
/usr/bin/cmake -E cmake_link_script CMakeFiles/cmTC_ff44e.dir/link.txt --verbose=1
/usr/bin/cc      CMakeFiles/cmTC_ff44e.dir/CheckSymbolExists.c.o  -o cmTC_ff44e 
make[1]: Leaving directory '/home/alireza/thesis1/navigation_go2/go2_ws/build/cyclonedds/CMakeFiles/CMakeTmp'


File /home/alireza/thesis1/navigation_go2/go2_ws/build/cyclonedds/CMakeFiles/CMakeTmp/CheckSymbolExists.c:
/* */
#include <arpa/inet.h>

int main(int argc, char** argv)
{
  (void)argv;
#ifndef inet_ntop
  return ((int*)(&inet_ntop))[argc];
#else
  (void)argc;
  return 0;
#endif
}
Determining if the inet_pton exist passed with the following output:
Change Dir: /home/alireza/thesis1/navigation_go2/go2_ws/build/cyclonedds/CMakeFiles/CMakeTmp

Run Build Command(s):/usr/bin/make cmTC_f6b47/fast && /usr/bin/make -f CMakeFiles/cmTC_f6b47.dir/build.make CMakeFiles/cmTC_f6b47.dir/build
make[1]: Entering directory '/home/alireza/thesis1/navigation_go2/go2_ws/build/cyclonedds/CMakeFiles/CMakeTmp'
Building C object CMakeFiles/cmTC_f6b47.dir/CheckSymbolExists.c.o
/usr/bin/cc   -std=gnu99 -o CMakeFiles/cmTC_f6b47.dir/CheckSymbolExists.c.o   -c /home/alireza/thesis1/navigation_go2/go2_ws/build/cyclonedds/CMakeFiles/CMakeTmp/CheckSymbolExists.c
Linking C executable cmTC_f6b47
/usr/bin/cmake -E cmake_link_script CMakeFiles/cmTC_f6b47.dir/link.txt --verbose=1
/usr/bin/cc      CMakeFiles/cmTC_f6b47.dir/CheckSymbolExists.c.o  -o cmTC_f6b47 
make[1]: Leaving directory '/home/alireza/thesis1/navigation_go2/go2_ws/build/cyclonedds/CMakeFiles/CMakeTmp'


File /home/alireza/thesis1/navigation_go2/go2_ws/build/cyclonedds/CMakeFiles/CMakeTmp/CheckSymbolExists.c:
/* */
#include <arpa/inet.h>

int main(int argc, char** argv)
{
  (void)argv;
#ifndef inet_pton
  return ((int*)(&inet_pton))[argc];
#else
  (void)argc;
  return 0;
#endif
}
Determining if the getaddrinfo exist passed with the following output:
Change Dir: /home/alireza/thesis1/navigation_go2/go2_ws/build/cyclonedds/CMakeFiles/CMakeTmp

Run Build Command(s):/usr/bin/make cmTC_91d29/fast && /usr/bin/make -f CMakeFiles/cmTC_91d29.dir/build.make CMakeFiles/cmTC_91d29.dir/build
make[1]: Entering directory '/home/alireza/thesis1/navigation_go2/go2_ws/build/cyclonedds/CMakeFiles/CMakeTmp'
Building C object CMakeFiles/cmTC_91d29.dir/CheckSymbolExists.c.o
/usr/bin/cc   -std=gnu99 -o CMakeFiles/cmTC_91d29.dir/CheckSymbolExists.c.o   -c /home/alireza/thesis1/navigation_go2/go2_ws/build/cyclonedds/CMakeFiles/CMakeTmp/CheckSymbolExists.c
Linking C executable cmTC_91d29
/usr/bin/cmake -E cmake_link_script CMakeFiles/cmTC_91d29.dir/link.txt --verbose=1
/usr/bin/cc      CMakeFiles/cmTC_91d29.dir/CheckSymbolExists.c.o  -o cmTC_91d29 
make[1]: Leaving directory '/home/alireza/thesis1/navigation_go2/go2_ws/build/cyclonedds/CMakeFiles/CMakeTmp'


File /home/alireza/thesis1/navigation_go2/go2_ws/build/cyclonedds/CMakeFiles/CMakeTmp/CheckSymbolExists.c:
/* */
#include <netdb.h>

int main(int argc, char** argv)
{
  (void)argv;
#ifndef getaddrinfo
  return ((int*)(&getaddrinfo))[argc];
#else
  (void)argc;
  return 0;
#endif
}
Determining if the gethostbyname_r exist passed with the following output:
Change Dir: /home/alireza/thesis1/navigation_go2/go2_ws/build/cyclonedds/CMakeFiles/CMakeTmp

Run Build Command(s):/usr/bin/make cmTC_ac493/fast && /usr/bin/make -f CMakeFiles/cmTC_ac493.dir/build.make CMakeFiles/cmTC_ac493.dir/build
make[1]: Entering directory '/home/alireza/thesis1/navigation_go2/go2_ws/build/cyclonedds/CMakeFiles/CMakeTmp'
Building C object CMakeFiles/cmTC_ac493.dir/CheckSymbolExists.c.o
/usr/bin/cc   -std=gnu99 -o CMakeFiles/cmTC_ac493.dir/CheckSymbolExists.c.o   -c /home/alireza/thesis1/navigation_go2/go2_ws/build/cyclonedds/CMakeFiles/CMakeTmp/CheckSymbolExists.c
Linking C executable cmTC_ac493
/usr/bin/cmake -E cmake_link_script CMakeFiles/cmTC_ac493.dir/link.txt --verbose=1
/usr/bin/cc      CMakeFiles/cmTC_ac493.dir/CheckSymbolExists.c.o  -o cmTC_ac493 
make[1]: Leaving directory '/home/alireza/thesis1/navigation_go2/go2_ws/build/cyclonedds/CMakeFiles/CMakeTmp'


File /home/alireza/thesis1/navigation_go2/go2_ws/build/cyclonedds/CMakeFiles/CMakeTmp/CheckSymbolExists.c:
/* */
#include <netdb.h>

int main(int argc, char** argv)
{
  (void)argv;
#ifndef gethostbyname_r
  return ((int*)(&gethostbyname_r))[argc];
#else
  (void)argc;
  return 0;
#endif
}
Determining size of struct sockaddr_in6 passed with the following output:
Change Dir: /home/alireza/thesis1/navigation_go2/go2_ws/build/cyclonedds/CMakeFiles/CMakeTmp

Run Build Command(s):/usr/bin/make cmTC_820fb/fast && /usr/bin/make -f CMakeFiles/cmTC_820fb.dir/build.make CMakeFiles/cmTC_820fb.dir/build
make[1]: Entering directory '/home/alireza/thesis1/navigation_go2/go2_ws/build/cyclonedds/CMakeFiles/CMakeTmp'
Building C object CMakeFiles/cmTC_820fb.dir/SIZEOF_SOCKADDR_IN6.c.o
/usr/bin/cc   -std=gnu99 -o CMakeFiles/cmTC_820fb.dir/SIZEOF_SOCKADDR_IN6.c.o   -c /home/alireza/thesis1/navigation_go2/go2_ws/build/cyclonedds/CMakeFiles/CheckTypeSize/SIZEOF_SOCKADDR_IN6.c
Linking C executable cmTC_820fb
/usr/bin/cmake -E cmake_link_script CMakeFiles/cmTC_820fb.dir/link.txt --verbose=1
/usr/bin/cc      CMakeFiles/cmTC_820fb.dir/SIZEOF_SOCKADDR_IN6.c.o  -o cmTC_820fb 
make[1]: Leaving directory '/home/alireza/thesis1/navigation_go2/go2_ws/build/cyclonedds/CMakeFiles/CMakeTmp'



Determining if the include file pthread.h exists passed with the following output:
Change Dir: /home/alireza/thesis1/navigation_go2/go2_ws/build/cyclonedds/CMakeFiles/CMakeTmp

Run Build Command(s):/usr/bin/make cmTC_6f6e0/fast && /usr/bin/make -f CMakeFiles/cmTC_6f6e0.dir/build.make CMakeFiles/cmTC_6f6e0.dir/build
make[1]: Entering directory '/home/alireza/thesis1/navigation_go2/go2_ws/build/cyclonedds/CMakeFiles/CMakeTmp'
Building C object CMakeFiles/cmTC_6f6e0.dir/CheckIncludeFile.c.o
/usr/bin/cc   -std=gnu99 -o CMakeFiles/cmTC_6f6e0.dir/CheckIncludeFile.c.o   -c /home/alireza/thesis1/navigation_go2/go2_ws/build/cyclonedds/CMakeFiles/CMakeTmp/CheckIncludeFile.c
Linking C executable cmTC_6f6e0
/usr/bin/cmake -E cmake_link_script CMakeFiles/cmTC_6f6e0.dir/link.txt --verbose=1
/usr/bin/cc      CMakeFiles/cmTC_6f6e0.dir/CheckIncludeFile.c.o  -o cmTC_6f6e0 
make[1]: Leaving directory '/home/alireza/thesis1/navigation_go2/go2_ws/build/cyclonedds/CMakeFiles/CMakeTmp'



Determining if the function pthread_create exists in the pthread passed with the following output:
Change Dir: /home/alireza/thesis1/navigation_go2/go2_ws/build/cyclonedds/CMakeFiles/CMakeTmp

Run Build Command(s):/usr/bin/make cmTC_a9f32/fast && /usr/bin/make -f CMakeFiles/cmTC_a9f32.dir/build.make CMakeFiles/cmTC_a9f32.dir/build
make[1]: Entering directory '/home/alireza/thesis1/navigation_go2/go2_ws/build/cyclonedds/CMakeFiles/CMakeTmp'
Building C object CMakeFiles/cmTC_a9f32.dir/CheckFunctionExists.c.o
/usr/bin/cc   -DCHECK_FUNCTION_EXISTS=pthread_create   -std=gnu99 -o CMakeFiles/cmTC_a9f32.dir/CheckFunctionExists.c.o   -c /usr/share/cmake-3.16/Modules/CheckFunctionExists.c
Linking C executable cmTC_a9f32
/usr/bin/cmake -E cmake_link_script CMakeFiles/cmTC_a9f32.dir/link.txt --verbose=1
/usr/bin/cc  -DCHECK_FUNCTION_EXISTS=pthread_create    CMakeFiles/cmTC_a9f32.dir/CheckFunctionExists.c.o  -o cmTC_a9f32  -lpthread 
make[1]: Leaving directory '/home/alireza/thesis1/navigation_go2/go2_ws/build/cyclonedds/CMakeFiles/CMakeTmp'



Determining if the function clock_gettime exists in the c passed with the following output:
Change Dir: /home/alireza/thesis1/navigation_go2/go2_ws/build/cyclonedds/CMakeFiles/CMakeTmp

Run Build Command(s):/usr/bin/make cmTC_359a2/fast && /usr/bin/make -f CMakeFiles/cmTC_359a2.dir/build.make CMakeFiles/cmTC_359a2.dir/build
make[1]: Entering directory '/home/alireza/thesis1/navigation_go2/go2_ws/build/cyclonedds/CMakeFiles/CMakeTmp'
Building C object CMakeFiles/cmTC_359a2.dir/CheckFunctionExists.c.o
/usr/bin/cc   -DCHECK_FUNCTION_EXISTS=clock_gettime   -std=gnu99 -o CMakeFiles/cmTC_359a2.dir/CheckFunctionExists.c.o   -c /usr/share/cmake-3.16/Modules/CheckFunctionExists.c
Linking C executable cmTC_359a2
/usr/bin/cmake -E cmake_link_script CMakeFiles/cmTC_359a2.dir/link.txt --verbose=1
/usr/bin/cc  -DCHECK_FUNCTION_EXISTS=clock_gettime    CMakeFiles/cmTC_359a2.dir/CheckFunctionExists.c.o  -o cmTC_359a2  -lc 
make[1]: Leaving directory '/home/alireza/thesis1/navigation_go2/go2_ws/build/cyclonedds/CMakeFiles/CMakeTmp'



