[0.042s] Invoking command in '/home/alireza/thesis1/navigation_go2/go2_ws/build/go2_gazebo': CMAKE_PREFIX_PATH=/home/alireza/thesis1/navigation_go2/go2_ws/install/go2_description:/home/alireza/thesis1/navigation_go2/go2_ws/install/unitree_ros2_example:/home/alireza/thesis1/navigation_go2/go2_ws/install/unitree_hg:/home/alireza/thesis1/navigation_go2/go2_ws/install/go2_real:/home/alireza/thesis1/navigation_go2/go2_ws/install/unitree_go:/home/alireza/thesis1/navigation_go2/go2_ws/install/unitree_api:/home/alireza/thesis1/navigation_go2/go2_ws/install/pointcloud_to_laserscan:/home/alireza/thesis1/navigation_go2/go2_ws/install/livox_ros_driver2:/home/alireza/thesis1/navigation_go2/go2_ws/install/go2_gazebo:/opt/ros/foxy /usr/bin/cmake /home/alireza/thesis1/navigation_go2/go2_ws/src/go2_gazebo -DCMAKE_INSTALL_PREFIX=/home/alireza/thesis1/navigation_go2/go2_ws/install/go2_gazebo
[0.068s] -- Found ament_cmake: 0.9.12 (/opt/ros/foxy/share/ament_cmake/cmake)
[0.108s] -- Using PYTHON_EXECUTABLE: /usr/bin/python3
[1.404s] -- Configuring done
[1.422s] -- Generating done
[1.445s] -- Build files have been written to: /home/alireza/thesis1/navigation_go2/go2_ws/build/go2_gazebo
[1.517s] Invoked command in '/home/alireza/thesis1/navigation_go2/go2_ws/build/go2_gazebo' returned '0': CMAKE_PREFIX_PATH=/home/alireza/thesis1/navigation_go2/go2_ws/install/go2_description:/home/alireza/thesis1/navigation_go2/go2_ws/install/unitree_ros2_example:/home/alireza/thesis1/navigation_go2/go2_ws/install/unitree_hg:/home/alireza/thesis1/navigation_go2/go2_ws/install/go2_real:/home/alireza/thesis1/navigation_go2/go2_ws/install/unitree_go:/home/alireza/thesis1/navigation_go2/go2_ws/install/unitree_api:/home/alireza/thesis1/navigation_go2/go2_ws/install/pointcloud_to_laserscan:/home/alireza/thesis1/navigation_go2/go2_ws/install/livox_ros_driver2:/home/alireza/thesis1/navigation_go2/go2_ws/install/go2_gazebo:/opt/ros/foxy /usr/bin/cmake /home/alireza/thesis1/navigation_go2/go2_ws/src/go2_gazebo -DCMAKE_INSTALL_PREFIX=/home/alireza/thesis1/navigation_go2/go2_ws/install/go2_gazebo
[1.527s] Invoking command in '/home/alireza/thesis1/navigation_go2/go2_ws/build/go2_gazebo': CMAKE_PREFIX_PATH=/home/alireza/thesis1/navigation_go2/go2_ws/install/go2_description:/home/alireza/thesis1/navigation_go2/go2_ws/install/unitree_ros2_example:/home/alireza/thesis1/navigation_go2/go2_ws/install/unitree_hg:/home/alireza/thesis1/navigation_go2/go2_ws/install/go2_real:/home/alireza/thesis1/navigation_go2/go2_ws/install/unitree_go:/home/alireza/thesis1/navigation_go2/go2_ws/install/unitree_api:/home/alireza/thesis1/navigation_go2/go2_ws/install/pointcloud_to_laserscan:/home/alireza/thesis1/navigation_go2/go2_ws/install/livox_ros_driver2:/home/alireza/thesis1/navigation_go2/go2_ws/install/go2_gazebo:/opt/ros/foxy /usr/bin/cmake --build /home/alireza/thesis1/navigation_go2/go2_ws/build/go2_gazebo -- -j8 -l8
[1.899s] Invoked command in '/home/alireza/thesis1/navigation_go2/go2_ws/build/go2_gazebo' returned '0': CMAKE_PREFIX_PATH=/home/alireza/thesis1/navigation_go2/go2_ws/install/go2_description:/home/alireza/thesis1/navigation_go2/go2_ws/install/unitree_ros2_example:/home/alireza/thesis1/navigation_go2/go2_ws/install/unitree_hg:/home/alireza/thesis1/navigation_go2/go2_ws/install/go2_real:/home/alireza/thesis1/navigation_go2/go2_ws/install/unitree_go:/home/alireza/thesis1/navigation_go2/go2_ws/install/unitree_api:/home/alireza/thesis1/navigation_go2/go2_ws/install/pointcloud_to_laserscan:/home/alireza/thesis1/navigation_go2/go2_ws/install/livox_ros_driver2:/home/alireza/thesis1/navigation_go2/go2_ws/install/go2_gazebo:/opt/ros/foxy /usr/bin/cmake --build /home/alireza/thesis1/navigation_go2/go2_ws/build/go2_gazebo -- -j8 -l8
[1.928s] Invoking command in '/home/alireza/thesis1/navigation_go2/go2_ws/build/go2_gazebo': CMAKE_PREFIX_PATH=/home/alireza/thesis1/navigation_go2/go2_ws/install/go2_description:/home/alireza/thesis1/navigation_go2/go2_ws/install/unitree_ros2_example:/home/alireza/thesis1/navigation_go2/go2_ws/install/unitree_hg:/home/alireza/thesis1/navigation_go2/go2_ws/install/go2_real:/home/alireza/thesis1/navigation_go2/go2_ws/install/unitree_go:/home/alireza/thesis1/navigation_go2/go2_ws/install/unitree_api:/home/alireza/thesis1/navigation_go2/go2_ws/install/pointcloud_to_laserscan:/home/alireza/thesis1/navigation_go2/go2_ws/install/livox_ros_driver2:/home/alireza/thesis1/navigation_go2/go2_ws/install/go2_gazebo:/opt/ros/foxy /usr/bin/cmake --install /home/alireza/thesis1/navigation_go2/go2_ws/build/go2_gazebo
[1.993s] -- Install configuration: ""
[1.995s] -- Up-to-date: /home/alireza/thesis1/navigation_go2/go2_ws/install/go2_gazebo/share/go2_gazebo/launch
[1.996s] -- Up-to-date: /home/alireza/thesis1/navigation_go2/go2_ws/install/go2_gazebo/share/go2_gazebo/launch/go2_sim.launch.py
[1.998s] -- Up-to-date: /home/alireza/thesis1/navigation_go2/go2_ws/install/go2_gazebo/share/go2_gazebo/launch/set_initial_pose.py
[2.014s] -- Up-to-date: /home/alireza/thesis1/navigation_go2/go2_ws/install/go2_gazebo/share/go2_gazebo/params
[2.019s] -- Up-to-date: /home/alireza/thesis1/navigation_go2/go2_ws/install/go2_gazebo/share/go2_gazebo/params/slam_toolbox_params.yaml
[2.020s] -- Up-to-date: /home/alireza/thesis1/navigation_go2/go2_ws/install/go2_gazebo/share/go2_gazebo/params/go2_nav2_params.yaml
[2.020s] -- Up-to-date: /home/alireza/thesis1/navigation_go2/go2_ws/install/go2_gazebo/share/go2_gazebo/maps
[2.021s] -- Up-to-date: /home/alireza/thesis1/navigation_go2/go2_ws/install/go2_gazebo/share/go2_gazebo/maps/turtlebot3_world.yaml
[2.021s] -- Up-to-date: /home/alireza/thesis1/navigation_go2/go2_ws/install/go2_gazebo/share/go2_gazebo/maps/turtlebot3_world.pgm
[2.022s] -- Up-to-date: /home/alireza/thesis1/navigation_go2/go2_ws/install/go2_gazebo/share/go2_gazebo/rviz
[2.022s] -- Up-to-date: /home/alireza/thesis1/navigation_go2/go2_ws/install/go2_gazebo/share/go2_gazebo/rviz/go2_nav2.rviz
[2.023s] -- Up-to-date: /home/alireza/thesis1/navigation_go2/go2_ws/install/go2_gazebo/share/go2_gazebo/worlds
[2.024s] -- Up-to-date: /home/alireza/thesis1/navigation_go2/go2_ws/install/go2_gazebo/share/go2_gazebo/worlds/go2_world.world
[2.025s] -- Up-to-date: /home/alireza/thesis1/navigation_go2/go2_ws/install/go2_gazebo/share/go2_gazebo/worlds/go2_arena.world
[2.026s] -- Up-to-date: /home/alireza/thesis1/navigation_go2/go2_ws/install/go2_gazebo/lib/go2_gazebo/go2_viz.py
[2.027s] -- Up-to-date: /home/alireza/thesis1/navigation_go2/go2_ws/install/go2_gazebo/lib/go2_gazebo/scan_filter.py
[2.027s] -- Up-to-date: /home/alireza/thesis1/navigation_go2/go2_ws/install/go2_gazebo/share/ament_index/resource_index/package_run_dependencies/go2_gazebo
[2.028s] -- Installing: /home/alireza/thesis1/navigation_go2/go2_ws/install/go2_gazebo/share/ament_index/resource_index/parent_prefix_path/go2_gazebo
[2.028s] -- Up-to-date: /home/alireza/thesis1/navigation_go2/go2_ws/install/go2_gazebo/share/go2_gazebo/environment/ament_prefix_path.sh
[2.029s] -- Installing: /home/alireza/thesis1/navigation_go2/go2_ws/install/go2_gazebo/share/go2_gazebo/environment/ament_prefix_path.dsv
[2.029s] -- Up-to-date: /home/alireza/thesis1/navigation_go2/go2_ws/install/go2_gazebo/share/go2_gazebo/environment/path.sh
[2.030s] -- Installing: /home/alireza/thesis1/navigation_go2/go2_ws/install/go2_gazebo/share/go2_gazebo/environment/path.dsv
[2.030s] -- Up-to-date: /home/alireza/thesis1/navigation_go2/go2_ws/install/go2_gazebo/share/go2_gazebo/local_setup.bash
[2.031s] -- Up-to-date: /home/alireza/thesis1/navigation_go2/go2_ws/install/go2_gazebo/share/go2_gazebo/local_setup.sh
[2.031s] -- Up-to-date: /home/alireza/thesis1/navigation_go2/go2_ws/install/go2_gazebo/share/go2_gazebo/local_setup.zsh
[2.032s] -- Installing: /home/alireza/thesis1/navigation_go2/go2_ws/install/go2_gazebo/share/go2_gazebo/local_setup.dsv
[2.033s] -- Installing: /home/alireza/thesis1/navigation_go2/go2_ws/install/go2_gazebo/share/go2_gazebo/package.dsv
[2.033s] -- Up-to-date: /home/alireza/thesis1/navigation_go2/go2_ws/install/go2_gazebo/share/ament_index/resource_index/packages/go2_gazebo
[2.034s] -- Up-to-date: /home/alireza/thesis1/navigation_go2/go2_ws/install/go2_gazebo/share/go2_gazebo/cmake/go2_gazeboConfig.cmake
[2.048s] -- Up-to-date: /home/alireza/thesis1/navigation_go2/go2_ws/install/go2_gazebo/share/go2_gazebo/cmake/go2_gazeboConfig-version.cmake
[2.049s] -- Up-to-date: /home/alireza/thesis1/navigation_go2/go2_ws/install/go2_gazebo/share/go2_gazebo/package.xml
[2.050s] Invoked command in '/home/alireza/thesis1/navigation_go2/go2_ws/build/go2_gazebo' returned '0': CMAKE_PREFIX_PATH=/home/alireza/thesis1/navigation_go2/go2_ws/install/go2_description:/home/alireza/thesis1/navigation_go2/go2_ws/install/unitree_ros2_example:/home/alireza/thesis1/navigation_go2/go2_ws/install/unitree_hg:/home/alireza/thesis1/navigation_go2/go2_ws/install/go2_real:/home/alireza/thesis1/navigation_go2/go2_ws/install/unitree_go:/home/alireza/thesis1/navigation_go2/go2_ws/install/unitree_api:/home/alireza/thesis1/navigation_go2/go2_ws/install/pointcloud_to_laserscan:/home/alireza/thesis1/navigation_go2/go2_ws/install/livox_ros_driver2:/home/alireza/thesis1/navigation_go2/go2_ws/install/go2_gazebo:/opt/ros/foxy /usr/bin/cmake --install /home/alireza/thesis1/navigation_go2/go2_ws/build/go2_gazebo
