[0.028s] Invoking command in '/home/alireza/thesis1/navigation_go2/go2_ws/build/go2_real': AMENT_PREFIX_PATH=/home/alireza/thesis1/navigation_go2/go2_ws/install/go2_gazebo:/home/alireza/thesis1/navigation_go2/go2_ws/install/unitree_go:/home/alireza/thesis1/navigation_go2/go2_ws/install/unitree_api:/home/alireza/thesis1/navigation_go2/go2_ws/install/pointcloud_to_laserscan:/home/alireza/thesis1/navigation_go2/go2_ws/install/livox_ros_driver2:/home/alireza/thesis1/navigation_go2/go2_ws/install/go2_description:${AMENT_PREFIX_PATH} CMAKE_PREFIX_PATH=/home/alireza/thesis1/navigation_go2/go2_ws/install/go2_gazebo:/home/alireza/thesis1/navigation_go2/go2_ws/install/unitree_go:/home/alireza/thesis1/navigation_go2/go2_ws/install/unitree_api:/home/alireza/thesis1/navigation_go2/go2_ws/install/pointcloud_to_laserscan:/home/alireza/thesis1/navigation_go2/go2_ws/install/livox_ros_driver2:/home/alireza/thesis1/navigation_go2/go2_ws/install/go2_description:/home/alireza/thesis1/navigation_go2/go2_ws/src/unitree_ros2/cyclonedds_ws/install/rmw_cyclonedds_cpp:/home/alireza/thesis1/navigation_go2/go2_ws/src/unitree_ros2/cyclonedds_ws/install/cyclonedds:/opt/ros/foxy LD_LIBRARY_PATH=/home/alireza/thesis1/navigation_go2/go2_ws/install/unitree_go/lib:/home/alireza/thesis1/navigation_go2/go2_ws/install/unitree_api/lib:/home/alireza/thesis1/navigation_go2/go2_ws/install/pointcloud_to_laserscan/lib:/home/alireza/thesis1/navigation_go2/go2_ws/install/livox_ros_driver2/lib:${LD_LIBRARY_PATH} PYTHONPATH=/home/alireza/thesis1/navigation_go2/go2_ws/install/unitree_go/lib/python3.8/site-packages:/home/alireza/thesis1/navigation_go2/go2_ws/install/unitree_api/lib/python3.8/site-packages:/home/alireza/thesis1/navigation_go2/go2_ws/install/livox_ros_driver2/lib/python3.8/site-packages:${PYTHONPATH} /usr/bin/cmake --build /home/alireza/thesis1/navigation_go2/go2_ws/build/go2_real -- -j8 -l8
[0.073s] -- Found ament_cmake: 0.9.12 (/opt/ros/foxy/share/ament_cmake/cmake)
[0.106s] -- Using PYTHON_EXECUTABLE: /usr/bin/python3
[0.410s] -- Configuring done
[0.421s] -- Generating done
[0.426s] -- Build files have been written to: /home/alireza/thesis1/navigation_go2/go2_ws/build/go2_real
[0.452s] Invoked command in '/home/alireza/thesis1/navigation_go2/go2_ws/build/go2_real' returned '0': AMENT_PREFIX_PATH=/home/alireza/thesis1/navigation_go2/go2_ws/install/go2_gazebo:/home/alireza/thesis1/navigation_go2/go2_ws/install/unitree_go:/home/alireza/thesis1/navigation_go2/go2_ws/install/unitree_api:/home/alireza/thesis1/navigation_go2/go2_ws/install/pointcloud_to_laserscan:/home/alireza/thesis1/navigation_go2/go2_ws/install/livox_ros_driver2:/home/alireza/thesis1/navigation_go2/go2_ws/install/go2_description:${AMENT_PREFIX_PATH} CMAKE_PREFIX_PATH=/home/alireza/thesis1/navigation_go2/go2_ws/install/go2_gazebo:/home/alireza/thesis1/navigation_go2/go2_ws/install/unitree_go:/home/alireza/thesis1/navigation_go2/go2_ws/install/unitree_api:/home/alireza/thesis1/navigation_go2/go2_ws/install/pointcloud_to_laserscan:/home/alireza/thesis1/navigation_go2/go2_ws/install/livox_ros_driver2:/home/alireza/thesis1/navigation_go2/go2_ws/install/go2_description:/home/alireza/thesis1/navigation_go2/go2_ws/src/unitree_ros2/cyclonedds_ws/install/rmw_cyclonedds_cpp:/home/alireza/thesis1/navigation_go2/go2_ws/src/unitree_ros2/cyclonedds_ws/install/cyclonedds:/opt/ros/foxy LD_LIBRARY_PATH=/home/alireza/thesis1/navigation_go2/go2_ws/install/unitree_go/lib:/home/alireza/thesis1/navigation_go2/go2_ws/install/unitree_api/lib:/home/alireza/thesis1/navigation_go2/go2_ws/install/pointcloud_to_laserscan/lib:/home/alireza/thesis1/navigation_go2/go2_ws/install/livox_ros_driver2/lib:${LD_LIBRARY_PATH} PYTHONPATH=/home/alireza/thesis1/navigation_go2/go2_ws/install/unitree_go/lib/python3.8/site-packages:/home/alireza/thesis1/navigation_go2/go2_ws/install/unitree_api/lib/python3.8/site-packages:/home/alireza/thesis1/navigation_go2/go2_ws/install/livox_ros_driver2/lib/python3.8/site-packages:${PYTHONPATH} /usr/bin/cmake --build /home/alireza/thesis1/navigation_go2/go2_ws/build/go2_real -- -j8 -l8
[0.467s] Invoking command in '/home/alireza/thesis1/navigation_go2/go2_ws/build/go2_real': AMENT_PREFIX_PATH=/home/alireza/thesis1/navigation_go2/go2_ws/install/go2_gazebo:/home/alireza/thesis1/navigation_go2/go2_ws/install/unitree_go:/home/alireza/thesis1/navigation_go2/go2_ws/install/unitree_api:/home/alireza/thesis1/navigation_go2/go2_ws/install/pointcloud_to_laserscan:/home/alireza/thesis1/navigation_go2/go2_ws/install/livox_ros_driver2:/home/alireza/thesis1/navigation_go2/go2_ws/install/go2_description:${AMENT_PREFIX_PATH} CMAKE_PREFIX_PATH=/home/alireza/thesis1/navigation_go2/go2_ws/install/go2_gazebo:/home/alireza/thesis1/navigation_go2/go2_ws/install/unitree_go:/home/alireza/thesis1/navigation_go2/go2_ws/install/unitree_api:/home/alireza/thesis1/navigation_go2/go2_ws/install/pointcloud_to_laserscan:/home/alireza/thesis1/navigation_go2/go2_ws/install/livox_ros_driver2:/home/alireza/thesis1/navigation_go2/go2_ws/install/go2_description:/home/alireza/thesis1/navigation_go2/go2_ws/src/unitree_ros2/cyclonedds_ws/install/rmw_cyclonedds_cpp:/home/alireza/thesis1/navigation_go2/go2_ws/src/unitree_ros2/cyclonedds_ws/install/cyclonedds:/opt/ros/foxy LD_LIBRARY_PATH=/home/alireza/thesis1/navigation_go2/go2_ws/install/unitree_go/lib:/home/alireza/thesis1/navigation_go2/go2_ws/install/unitree_api/lib:/home/alireza/thesis1/navigation_go2/go2_ws/install/pointcloud_to_laserscan/lib:/home/alireza/thesis1/navigation_go2/go2_ws/install/livox_ros_driver2/lib:${LD_LIBRARY_PATH} PYTHONPATH=/home/alireza/thesis1/navigation_go2/go2_ws/install/unitree_go/lib/python3.8/site-packages:/home/alireza/thesis1/navigation_go2/go2_ws/install/unitree_api/lib/python3.8/site-packages:/home/alireza/thesis1/navigation_go2/go2_ws/install/livox_ros_driver2/lib/python3.8/site-packages:${PYTHONPATH} /usr/bin/cmake --install /home/alireza/thesis1/navigation_go2/go2_ws/build/go2_real
[0.483s] -- Install configuration: ""
[0.484s] -- Up-to-date: /home/alireza/thesis1/navigation_go2/go2_ws/install/go2_real/share/go2_real/launch
[0.484s] -- Up-to-date: /home/alireza/thesis1/navigation_go2/go2_ws/install/go2_real/share/go2_real/launch/go2_real.launch.py
[0.484s] -- Up-to-date: /home/alireza/thesis1/navigation_go2/go2_ws/install/go2_real/share/go2_real/launch/__pycache__
[0.485s] -- Installing: /home/alireza/thesis1/navigation_go2/go2_ws/install/go2_real/share/go2_real/launch/__pycache__/go2_real.launch.cpython-38.pyc
[0.485s] -- Up-to-date: /home/alireza/thesis1/navigation_go2/go2_ws/install/go2_real/share/go2_real/params
[0.485s] -- Installing: /home/alireza/thesis1/navigation_go2/go2_ws/install/go2_real/share/go2_real/params/go2_nav2_real_params.yaml
[0.485s] -- Up-to-date: /home/alireza/thesis1/navigation_go2/go2_ws/install/go2_real/share/go2_real/rviz
[0.485s] -- Up-to-date: /home/alireza/thesis1/navigation_go2/go2_ws/install/go2_real/share/go2_real/rviz/go2_nav2_real.rviz
[0.485s] -- Up-to-date: /home/alireza/thesis1/navigation_go2/go2_ws/install/go2_real/share/go2_real/scripts
[0.485s] -- Installing: /home/alireza/thesis1/navigation_go2/go2_ws/install/go2_real/share/go2_real/scripts/go2_goal.sh
[0.485s] -- Up-to-date: /home/alireza/thesis1/navigation_go2/go2_ws/install/go2_real/share/go2_real/scripts/go2_bridge.py
[0.485s] -- Up-to-date: /home/alireza/thesis1/navigation_go2/go2_ws/install/go2_real/share/go2_real/scripts/start_go2_repulsion.sh
[0.485s] -- Up-to-date: /home/alireza/thesis1/navigation_go2/go2_ws/install/go2_real/share/go2_real/scripts/obstacle_repulsion.py
[0.486s] -- Up-to-date: /home/alireza/thesis1/navigation_go2/go2_ws/install/go2_real/share/go2_real/scripts/start_go2_real.sh
[0.486s] -- Installing: /home/alireza/thesis1/navigation_go2/go2_ws/install/go2_real/share/go2_real/scripts/go2_goal.py
[0.486s] -- Up-to-date: /home/alireza/thesis1/navigation_go2/go2_ws/install/go2_real/share/go2_real/scripts/setup_sdk.sh
[0.486s] -- Up-to-date: /home/alireza/thesis1/navigation_go2/go2_ws/install/go2_real/lib/go2_real/go2_bridge.py
[0.486s] -- Up-to-date: /home/alireza/thesis1/navigation_go2/go2_ws/install/go2_real/lib/go2_real/obstacle_repulsion.py
[0.486s] -- Installing: /home/alireza/thesis1/navigation_go2/go2_ws/install/go2_real/lib/go2_real/go2_goal.py
[0.487s] -- Installing: /home/alireza/thesis1/navigation_go2/go2_ws/install/go2_real/lib/go2_real/go2_goal.sh
[0.487s] -- Up-to-date: /home/alireza/thesis1/navigation_go2/go2_ws/install/go2_real/lib/go2_real/start_go2_real.sh
[0.488s] -- Up-to-date: /home/alireza/thesis1/navigation_go2/go2_ws/install/go2_real/lib/go2_real/start_go2_repulsion.sh
[0.488s] -- Up-to-date: /home/alireza/thesis1/navigation_go2/go2_ws/install/go2_real/lib/go2_real/setup_sdk.sh
[0.488s] -- Up-to-date: /home/alireza/thesis1/navigation_go2/go2_ws/install/go2_real/share/ament_index/resource_index/package_run_dependencies/go2_real
[0.488s] -- Installing: /home/alireza/thesis1/navigation_go2/go2_ws/install/go2_real/share/ament_index/resource_index/parent_prefix_path/go2_real
[0.488s] -- Up-to-date: /home/alireza/thesis1/navigation_go2/go2_ws/install/go2_real/share/go2_real/environment/ament_prefix_path.sh
[0.489s] -- Installing: /home/alireza/thesis1/navigation_go2/go2_ws/install/go2_real/share/go2_real/environment/ament_prefix_path.dsv
[0.489s] -- Up-to-date: /home/alireza/thesis1/navigation_go2/go2_ws/install/go2_real/share/go2_real/environment/path.sh
[0.489s] -- Installing: /home/alireza/thesis1/navigation_go2/go2_ws/install/go2_real/share/go2_real/environment/path.dsv
[0.489s] -- Up-to-date: /home/alireza/thesis1/navigation_go2/go2_ws/install/go2_real/share/go2_real/local_setup.bash
[0.490s] -- Up-to-date: /home/alireza/thesis1/navigation_go2/go2_ws/install/go2_real/share/go2_real/local_setup.sh
[0.490s] -- Up-to-date: /home/alireza/thesis1/navigation_go2/go2_ws/install/go2_real/share/go2_real/local_setup.zsh
[0.490s] -- Installing: /home/alireza/thesis1/navigation_go2/go2_ws/install/go2_real/share/go2_real/local_setup.dsv
[0.490s] -- Installing: /home/alireza/thesis1/navigation_go2/go2_ws/install/go2_real/share/go2_real/package.dsv
[0.491s] -- Up-to-date: /home/alireza/thesis1/navigation_go2/go2_ws/install/go2_real/share/ament_index/resource_index/packages/go2_real
[0.491s] -- Up-to-date: /home/alireza/thesis1/navigation_go2/go2_ws/install/go2_real/share/go2_real/cmake/go2_realConfig.cmake
[0.491s] -- Up-to-date: /home/alireza/thesis1/navigation_go2/go2_ws/install/go2_real/share/go2_real/cmake/go2_realConfig-version.cmake
[0.491s] -- Up-to-date: /home/alireza/thesis1/navigation_go2/go2_ws/install/go2_real/share/go2_real/package.xml
[0.492s] Invoked command in '/home/alireza/thesis1/navigation_go2/go2_ws/build/go2_real' returned '0': AMENT_PREFIX_PATH=/home/alireza/thesis1/navigation_go2/go2_ws/install/go2_gazebo:/home/alireza/thesis1/navigation_go2/go2_ws/install/unitree_go:/home/alireza/thesis1/navigation_go2/go2_ws/install/unitree_api:/home/alireza/thesis1/navigation_go2/go2_ws/install/pointcloud_to_laserscan:/home/alireza/thesis1/navigation_go2/go2_ws/install/livox_ros_driver2:/home/alireza/thesis1/navigation_go2/go2_ws/install/go2_description:${AMENT_PREFIX_PATH} CMAKE_PREFIX_PATH=/home/alireza/thesis1/navigation_go2/go2_ws/install/go2_gazebo:/home/alireza/thesis1/navigation_go2/go2_ws/install/unitree_go:/home/alireza/thesis1/navigation_go2/go2_ws/install/unitree_api:/home/alireza/thesis1/navigation_go2/go2_ws/install/pointcloud_to_laserscan:/home/alireza/thesis1/navigation_go2/go2_ws/install/livox_ros_driver2:/home/alireza/thesis1/navigation_go2/go2_ws/install/go2_description:/home/alireza/thesis1/navigation_go2/go2_ws/src/unitree_ros2/cyclonedds_ws/install/rmw_cyclonedds_cpp:/home/alireza/thesis1/navigation_go2/go2_ws/src/unitree_ros2/cyclonedds_ws/install/cyclonedds:/opt/ros/foxy LD_LIBRARY_PATH=/home/alireza/thesis1/navigation_go2/go2_ws/install/unitree_go/lib:/home/alireza/thesis1/navigation_go2/go2_ws/install/unitree_api/lib:/home/alireza/thesis1/navigation_go2/go2_ws/install/pointcloud_to_laserscan/lib:/home/alireza/thesis1/navigation_go2/go2_ws/install/livox_ros_driver2/lib:${LD_LIBRARY_PATH} PYTHONPATH=/home/alireza/thesis1/navigation_go2/go2_ws/install/unitree_go/lib/python3.8/site-packages:/home/alireza/thesis1/navigation_go2/go2_ws/install/unitree_api/lib/python3.8/site-packages:/home/alireza/thesis1/navigation_go2/go2_ws/install/livox_ros_driver2/lib/python3.8/site-packages:${PYTHONPATH} /usr/bin/cmake --install /home/alireza/thesis1/navigation_go2/go2_ws/build/go2_real
