[0.044s] Invoking command in '/home/alireza/thesis1/navigation_go2/go2_ws/build/unitree_go': CMAKE_PREFIX_PATH=/opt/ros/foxy /usr/bin/cmake --build /home/alireza/thesis1/navigation_go2/go2_ws/build/unitree_go -- -j8 -l8
[0.207s] [ 12%] Built target unitree_go__rosidl_generator_c
[0.238s] [ 12%] Built target unitree_go__cpp
[0.371s] [ 24%] Built target unitree_go__rosidl_typesupport_c
[0.380s] [ 36%] Built target unitree_go__rosidl_typesupport_introspection_c
[0.382s] [ 48%] Built target unitree_go__rosidl_typesupport_fastrtps_cpp
[0.444s] [ 61%] Built target unitree_go__rosidl_typesupport_introspection_cpp
[0.444s] [ 73%] Built target unitree_go__rosidl_typesupport_cpp
[0.486s] [ 85%] Built target unitree_go__rosidl_typesupport_fastrtps_c
[0.525s] [ 85%] Built target unitree_go
[0.558s] [ 85%] Built target unitree_go__py
[0.666s] [ 97%] Built target unitree_go__python
[0.737s] [ 98%] Built target unitree_go__rosidl_typesupport_c__pyext
[0.747s] [ 99%] Built target unitree_go__rosidl_typesupport_introspection_c__pyext
[0.747s] [100%] Built target unitree_go__rosidl_typesupport_fastrtps_c__pyext
[0.802s] Invoked command in '/home/alireza/thesis1/navigation_go2/go2_ws/build/unitree_go' returned '0': CMAKE_PREFIX_PATH=/opt/ros/foxy /usr/bin/cmake --build /home/alireza/thesis1/navigation_go2/go2_ws/build/unitree_go -- -j8 -l8
[0.803s] Invoking command in '/home/alireza/thesis1/navigation_go2/go2_ws/build/unitree_go': CMAKE_PREFIX_PATH=/opt/ros/foxy /usr/bin/cmake --install /home/alireza/thesis1/navigation_go2/go2_ws/build/unitree_go
[0.862s] -- Install configuration: ""
[0.863s] -- Up-to-date: /home/alireza/thesis1/navigation_go2/go2_ws/install/unitree_go/share/ament_index/resource_index/rosidl_interfaces/unitree_go
[0.863s] -- Up-to-date: /home/alireza/thesis1/navigation_go2/go2_ws/install/unitree_go/include/unitree_go
[0.863s] -- Up-to-date: /home/alireza/thesis1/navigation_go2/go2_ws/install/unitree_go/include/unitree_go/msg
[0.863s] -- Up-to-date: /home/alireza/thesis1/navigation_go2/go2_ws/install/unitree_go/include/unitree_go/msg/motor_state.h
[0.864s] -- Up-to-date: /home/alireza/thesis1/navigation_go2/go2_ws/install/unitree_go/include/unitree_go/msg/motor_states.h
[0.864s] -- Up-to-date: /home/alireza/thesis1/navigation_go2/go2_ws/install/unitree_go/include/unitree_go/msg/sport_mode_cmd.h
[0.864s] -- Up-to-date: /home/alireza/thesis1/navigation_go2/go2_ws/install/unitree_go/include/unitree_go/msg/wireless_controller.h
[0.865s] -- Up-to-date: /home/alireza/thesis1/navigation_go2/go2_ws/install/unitree_go/include/unitree_go/msg/audio_data.h
[0.865s] -- Up-to-date: /home/alireza/thesis1/navigation_go2/go2_ws/install/unitree_go/include/unitree_go/msg/bms_state.h
[0.865s] -- Up-to-date: /home/alireza/thesis1/navigation_go2/go2_ws/install/unitree_go/include/unitree_go/msg/go2_front_video_data.h
[0.865s] -- Up-to-date: /home/alireza/thesis1/navigation_go2/go2_ws/install/unitree_go/include/unitree_go/msg/path_point.h
[0.865s] -- Up-to-date: /home/alireza/thesis1/navigation_go2/go2_ws/install/unitree_go/include/unitree_go/msg/motor_cmd.h
[0.865s] -- Up-to-date: /home/alireza/thesis1/navigation_go2/go2_ws/install/unitree_go/include/unitree_go/msg/height_map.h
[0.866s] -- Up-to-date: /home/alireza/thesis1/navigation_go2/go2_ws/install/unitree_go/include/unitree_go/msg/res.h
[0.866s] -- Up-to-date: /home/alireza/thesis1/navigation_go2/go2_ws/install/unitree_go/include/unitree_go/msg/imu_state.h
[0.866s] -- Up-to-date: /home/alireza/thesis1/navigation_go2/go2_ws/install/unitree_go/include/unitree_go/msg/low_state.h
[0.866s] -- Up-to-date: /home/alireza/thesis1/navigation_go2/go2_ws/install/unitree_go/include/unitree_go/msg/detail
[0.867s] -- Up-to-date: /home/alireza/thesis1/navigation_go2/go2_ws/install/unitree_go/include/unitree_go/msg/detail/imu_state__struct.h
[0.867s] -- Up-to-date: /home/alireza/thesis1/navigation_go2/go2_ws/install/unitree_go/include/unitree_go/msg/detail/audio_data__type_support.h
[0.867s] -- Up-to-date: /home/alireza/thesis1/navigation_go2/go2_ws/install/unitree_go/include/unitree_go/msg/detail/wireless_controller__struct.h
[0.868s] -- Up-to-date: /home/alireza/thesis1/navigation_go2/go2_ws/install/unitree_go/include/unitree_go/msg/detail/sport_mode_cmd__functions.c
[0.868s] -- Up-to-date: /home/alireza/thesis1/navigation_go2/go2_ws/install/unitree_go/include/unitree_go/msg/detail/motor_state__functions.h
[0.869s] -- Up-to-date: /home/alireza/thesis1/navigation_go2/go2_ws/install/unitree_go/include/unitree_go/msg/detail/audio_data__functions.c
[0.869s] -- Up-to-date: /home/alireza/thesis1/navigation_go2/go2_ws/install/unitree_go/include/unitree_go/msg/detail/height_map__functions.c
[0.869s] -- Up-to-date: /home/alireza/thesis1/navigation_go2/go2_ws/install/unitree_go/include/unitree_go/msg/detail/res__functions.c
[0.869s] -- Up-to-date: /home/alireza/thesis1/navigation_go2/go2_ws/install/unitree_go/include/unitree_go/msg/detail/bms_state__functions.h
[0.870s] -- Up-to-date: /home/alireza/thesis1/navigation_go2/go2_ws/install/unitree_go/include/unitree_go/msg/detail/time_spec__functions.h
[0.870s] -- Up-to-date: /home/alireza/thesis1/navigation_go2/go2_ws/install/unitree_go/include/unitree_go/msg/detail/path_point__functions.h
[0.870s] -- Up-to-date: /home/alireza/thesis1/navigation_go2/go2_ws/install/unitree_go/include/unitree_go/msg/detail/bms_state__functions.c
[0.870s] -- Up-to-date: /home/alireza/thesis1/navigation_go2/go2_ws/install/unitree_go/include/unitree_go/msg/detail/sport_mode_state__functions.c
[0.870s] -- Up-to-date: /home/alireza/thesis1/navigation_go2/go2_ws/install/unitree_go/include/unitree_go/msg/detail/interface_config__struct.h
[0.871s] -- Up-to-date: /home/alireza/thesis1/navigation_go2/go2_ws/install/unitree_go/include/unitree_go/msg/detail/res__struct.h
[0.871s] -- Up-to-date: /home/alireza/thesis1/navigation_go2/go2_ws/install/unitree_go/include/unitree_go/msg/detail/error__struct.h
[0.872s] -- Up-to-date: /home/alireza/thesis1/navigation_go2/go2_ws/install/unitree_go/include/unitree_go/msg/detail/bms_cmd__struct.h
[0.872s] -- Up-to-date: /home/alireza/thesis1/navigation_go2/go2_ws/install/unitree_go/include/unitree_go/msg/detail/motor_state__struct.h
[0.872s] -- Up-to-date: /home/alireza/thesis1/navigation_go2/go2_ws/install/unitree_go/include/unitree_go/msg/detail/motor_cmd__functions.c
[0.872s] -- Up-to-date: /home/alireza/thesis1/navigation_go2/go2_ws/install/unitree_go/include/unitree_go/msg/detail/audio_data__functions.h
[0.873s] -- Up-to-date: /home/alireza/thesis1/navigation_go2/go2_ws/install/unitree_go/include/unitree_go/msg/detail/motor_cmds__type_support.h
[0.873s] -- Up-to-date: /home/alireza/thesis1/navigation_go2/go2_ws/install/unitree_go/include/unitree_go/msg/detail/motor_state__type_support.h
[0.874s] -- Up-to-date: /home/alireza/thesis1/navigation_go2/go2_ws/install/unitree_go/include/unitree_go/msg/detail/low_cmd__functions.c
[0.874s] -- Up-to-date: /home/alireza/thesis1/navigation_go2/go2_ws/install/unitree_go/include/unitree_go/msg/detail/uwb_state__functions.h
[0.874s] -- Up-to-date: /home/alireza/thesis1/navigation_go2/go2_ws/install/unitree_go/include/unitree_go/msg/detail/req__functions.c
[0.874s] -- Up-to-date: /home/alireza/thesis1/navigation_go2/go2_ws/install/unitree_go/include/unitree_go/msg/detail/uwb_switch__type_support.h
[0.874s] -- Up-to-date: /home/alireza/thesis1/navigation_go2/go2_ws/install/unitree_go/include/unitree_go/msg/detail/height_map__functions.h
[0.875s] -- Up-to-date: /home/alireza/thesis1/navigation_go2/go2_ws/install/unitree_go/include/unitree_go/msg/detail/motor_cmd__struct.h
[0.875s] -- Up-to-date: /home/alireza/thesis1/navigation_go2/go2_ws/install/unitree_go/include/unitree_go/msg/detail/time_spec__struct.h
[0.875s] -- Up-to-date: /home/alireza/thesis1/navigation_go2/go2_ws/install/unitree_go/include/unitree_go/msg/detail/low_state__functions.c
[0.875s] -- Up-to-date: /home/alireza/thesis1/navigation_go2/go2_ws/install/unitree_go/include/unitree_go/msg/detail/wireless_controller__functions.h
[0.875s] -- Up-to-date: /home/alireza/thesis1/navigation_go2/go2_ws/install/unitree_go/include/unitree_go/msg/detail/wireless_controller__functions.c
[0.875s] -- Up-to-date: /home/alireza/thesis1/navigation_go2/go2_ws/install/unitree_go/include/unitree_go/msg/detail/sport_mode_state__functions.h
[0.875s] -- Up-to-date: /home/alireza/thesis1/navigation_go2/go2_ws/install/unitree_go/include/unitree_go/msg/detail/motor_cmds__functions.c
[0.875s] -- Up-to-date: /home/alireza/thesis1/navigation_go2/go2_ws/install/unitree_go/include/unitree_go/msg/detail/sport_mode_state__struct.h
[0.875s] -- Up-to-date: /home/alireza/thesis1/navigation_go2/go2_ws/install/unitree_go/include/unitree_go/msg/detail/lidar_state__type_support.h
[0.875s] -- Up-to-date: /home/alireza/thesis1/navigation_go2/go2_ws/install/unitree_go/include/unitree_go/msg/detail/go2_front_video_data__functions.h
[0.875s] -- Up-to-date: /home/alireza/thesis1/navigation_go2/go2_ws/install/unitree_go/include/unitree_go/msg/detail/error__type_support.h
[0.875s] -- Up-to-date: /home/alireza/thesis1/navigation_go2/go2_ws/install/unitree_go/include/unitree_go/msg/detail/motor_cmds__struct.h
[0.875s] -- Up-to-date: /home/alireza/thesis1/navigation_go2/go2_ws/install/unitree_go/include/unitree_go/msg/detail/motor_cmd__functions.h
[0.876s] -- Up-to-date: /home/alireza/thesis1/navigation_go2/go2_ws/install/unitree_go/include/unitree_go/msg/detail/uwb_switch__functions.h
[0.876s] -- Up-to-date: /home/alireza/thesis1/navigation_go2/go2_ws/install/unitree_go/include/unitree_go/msg/detail/path_point__struct.h
[0.876s] -- Up-to-date: /home/alireza/thesis1/navigation_go2/go2_ws/install/unitree_go/include/unitree_go/msg/detail/res__functions.h
[0.876s] -- Up-to-date: /home/alireza/thesis1/navigation_go2/go2_ws/install/unitree_go/include/unitree_go/msg/detail/low_state__functions.h
[0.876s] -- Up-to-date: /home/alireza/thesis1/navigation_go2/go2_ws/install/unitree_go/include/unitree_go/msg/detail/imu_state__functions.h
[0.876s] -- Up-to-date: /home/alireza/thesis1/navigation_go2/go2_ws/install/unitree_go/include/unitree_go/msg/detail/sport_mode_cmd__functions.h
[0.876s] -- Up-to-date: /home/alireza/thesis1/navigation_go2/go2_ws/install/unitree_go/include/unitree_go/msg/detail/bms_state__type_support.h
[0.876s] -- Up-to-date: /home/alireza/thesis1/navigation_go2/go2_ws/install/unitree_go/include/unitree_go/msg/detail/path_point__type_support.h
[0.876s] -- Up-to-date: /home/alireza/thesis1/navigation_go2/go2_ws/install/unitree_go/include/unitree_go/msg/detail/time_spec__functions.c
[0.876s] -- Up-to-date: /home/alireza/thesis1/navigation_go2/go2_ws/install/unitree_go/include/unitree_go/msg/detail/lidar_state__struct.h
[0.876s] -- Up-to-date: /home/alireza/thesis1/navigation_go2/go2_ws/install/unitree_go/include/unitree_go/msg/detail/go2_front_video_data__struct.h
[0.876s] -- Up-to-date: /home/alireza/thesis1/navigation_go2/go2_ws/install/unitree_go/include/unitree_go/msg/detail/motor_states__functions.c
[0.876s] -- Up-to-date: /home/alireza/thesis1/navigation_go2/go2_ws/install/unitree_go/include/unitree_go/msg/detail/uwb_switch__struct.h
[0.877s] -- Up-to-date: /home/alireza/thesis1/navigation_go2/go2_ws/install/unitree_go/include/unitree_go/msg/detail/req__struct.h
[0.877s] -- Up-to-date: /home/alireza/thesis1/navigation_go2/go2_ws/install/unitree_go/include/unitree_go/msg/detail/imu_state__functions.c
[0.877s] -- Up-to-date: /home/alireza/thesis1/navigation_go2/go2_ws/install/unitree_go/include/unitree_go/msg/detail/lidar_state__functions.h
[0.877s] -- Up-to-date: /home/alireza/thesis1/navigation_go2/go2_ws/install/unitree_go/include/unitree_go/msg/detail/lidar_state__functions.c
[0.877s] -- Up-to-date: /home/alireza/thesis1/navigation_go2/go2_ws/install/unitree_go/include/unitree_go/msg/detail/req__type_support.h
[0.877s] -- Up-to-date: /home/alireza/thesis1/navigation_go2/go2_ws/install/unitree_go/include/unitree_go/msg/detail/sport_mode_cmd__type_support.h
[0.877s] -- Up-to-date: /home/alireza/thesis1/navigation_go2/go2_ws/install/unitree_go/include/unitree_go/msg/detail/sport_mode_cmd__struct.h
[0.877s] -- Up-to-date: /home/alireza/thesis1/navigation_go2/go2_ws/install/unitree_go/include/unitree_go/msg/detail/height_map__type_support.h
[0.878s] -- Up-to-date: /home/alireza/thesis1/navigation_go2/go2_ws/install/unitree_go/include/unitree_go/msg/detail/error__functions.c
[0.878s] -- Up-to-date: /home/alireza/thesis1/navigation_go2/go2_ws/install/unitree_go/include/unitree_go/msg/detail/audio_data__struct.h
[0.878s] -- Up-to-date: /home/alireza/thesis1/navigation_go2/go2_ws/install/unitree_go/include/unitree_go/msg/detail/uwb_state__struct.h
[0.878s] -- Up-to-date: /home/alireza/thesis1/navigation_go2/go2_ws/install/unitree_go/include/unitree_go/msg/detail/uwb_state__type_support.h
[0.878s] -- Up-to-date: /home/alireza/thesis1/navigation_go2/go2_ws/install/unitree_go/include/unitree_go/msg/detail/imu_state__type_support.h
[0.878s] -- Up-to-date: /home/alireza/thesis1/navigation_go2/go2_ws/install/unitree_go/include/unitree_go/msg/detail/motor_states__type_support.h
[0.878s] -- Up-to-date: /home/alireza/thesis1/navigation_go2/go2_ws/install/unitree_go/include/unitree_go/msg/detail/interface_config__type_support.h
[0.878s] -- Up-to-date: /home/alireza/thesis1/navigation_go2/go2_ws/install/unitree_go/include/unitree_go/msg/detail/time_spec__type_support.h
[0.879s] -- Up-to-date: /home/alireza/thesis1/navigation_go2/go2_ws/install/unitree_go/include/unitree_go/msg/detail/uwb_switch__functions.c
[0.879s] -- Up-to-date: /home/alireza/thesis1/navigation_go2/go2_ws/install/unitree_go/include/unitree_go/msg/detail/req__functions.h
[0.879s] -- Up-to-date: /home/alireza/thesis1/navigation_go2/go2_ws/install/unitree_go/include/unitree_go/msg/detail/motor_cmd__type_support.h
[0.879s] -- Up-to-date: /home/alireza/thesis1/navigation_go2/go2_ws/install/unitree_go/include/unitree_go/msg/detail/low_cmd__type_support.h
[0.880s] -- Up-to-date: /home/alireza/thesis1/navigation_go2/go2_ws/install/unitree_go/include/unitree_go/msg/detail/go2_front_video_data__type_support.h
[0.880s] -- Up-to-date: /home/alireza/thesis1/navigation_go2/go2_ws/install/unitree_go/include/unitree_go/msg/detail/motor_cmds__functions.h
[0.880s] -- Up-to-date: /home/alireza/thesis1/navigation_go2/go2_ws/install/unitree_go/include/unitree_go/msg/detail/bms_state__struct.h
[0.881s] -- Up-to-date: /home/alireza/thesis1/navigation_go2/go2_ws/install/unitree_go/include/unitree_go/msg/detail/height_map__struct.h
[0.881s] -- Up-to-date: /home/alireza/thesis1/navigation_go2/go2_ws/install/unitree_go/include/unitree_go/msg/detail/low_cmd__struct.h
[0.881s] -- Up-to-date: /home/alireza/thesis1/navigation_go2/go2_ws/install/unitree_go/include/unitree_go/msg/detail/low_state__struct.h
[0.881s] -- Up-to-date: /home/alireza/thesis1/navigation_go2/go2_ws/install/unitree_go/include/unitree_go/msg/detail/bms_cmd__functions.c
[0.881s] -- Up-to-date: /home/alireza/thesis1/navigation_go2/go2_ws/install/unitree_go/include/unitree_go/msg/detail/go2_front_video_data__functions.c
[0.882s] -- Up-to-date: /home/alireza/thesis1/navigation_go2/go2_ws/install/unitree_go/include/unitree_go/msg/detail/motor_states__functions.h
[0.882s] -- Up-to-date: /home/alireza/thesis1/navigation_go2/go2_ws/install/unitree_go/include/unitree_go/msg/detail/path_point__functions.c
[0.883s] -- Up-to-date: /home/alireza/thesis1/navigation_go2/go2_ws/install/unitree_go/include/unitree_go/msg/detail/error__functions.h
[0.883s] -- Up-to-date: /home/alireza/thesis1/navigation_go2/go2_ws/install/unitree_go/include/unitree_go/msg/detail/low_cmd__functions.h
[0.884s] -- Up-to-date: /home/alireza/thesis1/navigation_go2/go2_ws/install/unitree_go/include/unitree_go/msg/detail/wireless_controller__type_support.h
[0.884s] -- Up-to-date: /home/alireza/thesis1/navigation_go2/go2_ws/install/unitree_go/include/unitree_go/msg/detail/bms_cmd__functions.h
[0.885s] -- Up-to-date: /home/alireza/thesis1/navigation_go2/go2_ws/install/unitree_go/include/unitree_go/msg/detail/bms_cmd__type_support.h
[0.885s] -- Up-to-date: /home/alireza/thesis1/navigation_go2/go2_ws/install/unitree_go/include/unitree_go/msg/detail/uwb_state__functions.c
[0.885s] -- Up-to-date: /home/alireza/thesis1/navigation_go2/go2_ws/install/unitree_go/include/unitree_go/msg/detail/interface_config__functions.h
[0.885s] -- Up-to-date: /home/alireza/thesis1/navigation_go2/go2_ws/install/unitree_go/include/unitree_go/msg/detail/res__type_support.h
[0.885s] -- Up-to-date: /home/alireza/thesis1/navigation_go2/go2_ws/install/unitree_go/include/unitree_go/msg/detail/motor_states__struct.h
[0.885s] -- Up-to-date: /home/alireza/thesis1/navigation_go2/go2_ws/install/unitree_go/include/unitree_go/msg/detail/motor_state__functions.c
[0.886s] -- Up-to-date: /home/alireza/thesis1/navigation_go2/go2_ws/install/unitree_go/include/unitree_go/msg/detail/sport_mode_state__type_support.h
[0.886s] -- Up-to-date: /home/alireza/thesis1/navigation_go2/go2_ws/install/unitree_go/include/unitree_go/msg/detail/low_state__type_support.h
[0.886s] -- Up-to-date: /home/alireza/thesis1/navigation_go2/go2_ws/install/unitree_go/include/unitree_go/msg/detail/interface_config__functions.c
[0.886s] -- Up-to-date: /home/alireza/thesis1/navigation_go2/go2_ws/install/unitree_go/include/unitree_go/msg/time_spec.h
[0.886s] -- Up-to-date: /home/alireza/thesis1/navigation_go2/go2_ws/install/unitree_go/include/unitree_go/msg/bms_cmd.h
[0.886s] -- Up-to-date: /home/alireza/thesis1/navigation_go2/go2_ws/install/unitree_go/include/unitree_go/msg/error.h
[0.886s] -- Up-to-date: /home/alireza/thesis1/navigation_go2/go2_ws/install/unitree_go/include/unitree_go/msg/req.h
[0.886s] -- Up-to-date: /home/alireza/thesis1/navigation_go2/go2_ws/install/unitree_go/include/unitree_go/msg/low_cmd.h
[0.887s] -- Up-to-date: /home/alireza/thesis1/navigation_go2/go2_ws/install/unitree_go/include/unitree_go/msg/motor_cmds.h
[0.887s] -- Up-to-date: /home/alireza/thesis1/navigation_go2/go2_ws/install/unitree_go/include/unitree_go/msg/rosidl_generator_c__visibility_control.h
[0.887s] -- Up-to-date: /home/alireza/thesis1/navigation_go2/go2_ws/install/unitree_go/include/unitree_go/msg/uwb_switch.h
[0.887s] -- Up-to-date: /home/alireza/thesis1/navigation_go2/go2_ws/install/unitree_go/include/unitree_go/msg/interface_config.h
[0.888s] -- Up-to-date: /home/alireza/thesis1/navigation_go2/go2_ws/install/unitree_go/include/unitree_go/msg/sport_mode_state.h
[0.888s] -- Up-to-date: /home/alireza/thesis1/navigation_go2/go2_ws/install/unitree_go/include/unitree_go/msg/lidar_state.h
[0.888s] -- Up-to-date: /home/alireza/thesis1/navigation_go2/go2_ws/install/unitree_go/include/unitree_go/msg/uwb_state.h
[0.889s] -- Up-to-date: /home/alireza/thesis1/navigation_go2/go2_ws/install/unitree_go/share/unitree_go/environment/library_path.sh
[0.889s] -- Up-to-date: /home/alireza/thesis1/navigation_go2/go2_ws/install/unitree_go/share/unitree_go/environment/library_path.dsv
[0.889s] -- Up-to-date: /home/alireza/thesis1/navigation_go2/go2_ws/install/unitree_go/lib/libunitree_go__rosidl_generator_c.so
[0.889s] -- Up-to-date: /home/alireza/thesis1/navigation_go2/go2_ws/install/unitree_go/include/unitree_go
[0.890s] -- Up-to-date: /home/alireza/thesis1/navigation_go2/go2_ws/install/unitree_go/include/unitree_go/msg
[0.890s] -- Up-to-date: /home/alireza/thesis1/navigation_go2/go2_ws/install/unitree_go/include/unitree_go/msg/detail
[0.890s] -- Up-to-date: /home/alireza/thesis1/navigation_go2/go2_ws/install/unitree_go/include/unitree_go/msg/detail/error__rosidl_typesupport_fastrtps_c.h
[0.890s] -- Up-to-date: /home/alireza/thesis1/navigation_go2/go2_ws/install/unitree_go/include/unitree_go/msg/detail/uwb_state__rosidl_typesupport_fastrtps_c.h
[0.890s] -- Up-to-date: /home/alireza/thesis1/navigation_go2/go2_ws/install/unitree_go/include/unitree_go/msg/detail/sport_mode_state__rosidl_typesupport_fastrtps_c.h
[0.891s] -- Up-to-date: /home/alireza/thesis1/navigation_go2/go2_ws/install/unitree_go/include/unitree_go/msg/detail/height_map__rosidl_typesupport_fastrtps_c.h
[0.892s] -- Up-to-date: /home/alireza/thesis1/navigation_go2/go2_ws/install/unitree_go/include/unitree_go/msg/detail/imu_state__rosidl_typesupport_fastrtps_c.h
[0.892s] -- Up-to-date: /home/alireza/thesis1/navigation_go2/go2_ws/install/unitree_go/include/unitree_go/msg/detail/motor_states__rosidl_typesupport_fastrtps_c.h
[0.892s] -- Up-to-date: /home/alireza/thesis1/navigation_go2/go2_ws/install/unitree_go/include/unitree_go/msg/detail/lidar_state__rosidl_typesupport_fastrtps_c.h
[0.892s] -- Up-to-date: /home/alireza/thesis1/navigation_go2/go2_ws/install/unitree_go/include/unitree_go/msg/detail/res__rosidl_typesupport_fastrtps_c.h
[0.893s] -- Up-to-date: /home/alireza/thesis1/navigation_go2/go2_ws/install/unitree_go/include/unitree_go/msg/detail/motor_cmds__rosidl_typesupport_fastrtps_c.h
[0.893s] -- Up-to-date: /home/alireza/thesis1/navigation_go2/go2_ws/install/unitree_go/include/unitree_go/msg/detail/wireless_controller__rosidl_typesupport_fastrtps_c.h
[0.893s] -- Up-to-date: /home/alireza/thesis1/navigation_go2/go2_ws/install/unitree_go/include/unitree_go/msg/detail/motor_cmd__rosidl_typesupport_fastrtps_c.h
[0.893s] -- Up-to-date: /home/alireza/thesis1/navigation_go2/go2_ws/install/unitree_go/include/unitree_go/msg/detail/go2_front_video_data__rosidl_typesupport_fastrtps_c.h
[0.893s] -- Up-to-date: /home/alireza/thesis1/navigation_go2/go2_ws/install/unitree_go/include/unitree_go/msg/detail/uwb_switch__rosidl_typesupport_fastrtps_c.h
[0.894s] -- Up-to-date: /home/alireza/thesis1/navigation_go2/go2_ws/install/unitree_go/include/unitree_go/msg/detail/audio_data__rosidl_typesupport_fastrtps_c.h
[0.894s] -- Up-to-date: /home/alireza/thesis1/navigation_go2/go2_ws/install/unitree_go/include/unitree_go/msg/detail/sport_mode_cmd__rosidl_typesupport_fastrtps_c.h
[0.894s] -- Up-to-date: /home/alireza/thesis1/navigation_go2/go2_ws/install/unitree_go/include/unitree_go/msg/detail/low_cmd__rosidl_typesupport_fastrtps_c.h
[0.894s] -- Up-to-date: /home/alireza/thesis1/navigation_go2/go2_ws/install/unitree_go/include/unitree_go/msg/detail/low_state__rosidl_typesupport_fastrtps_c.h
[0.894s] -- Up-to-date: /home/alireza/thesis1/navigation_go2/go2_ws/install/unitree_go/include/unitree_go/msg/detail/time_spec__rosidl_typesupport_fastrtps_c.h
[0.895s] -- Up-to-date: /home/alireza/thesis1/navigation_go2/go2_ws/install/unitree_go/include/unitree_go/msg/detail/motor_state__rosidl_typesupport_fastrtps_c.h
[0.895s] -- Up-to-date: /home/alireza/thesis1/navigation_go2/go2_ws/install/unitree_go/include/unitree_go/msg/detail/bms_state__rosidl_typesupport_fastrtps_c.h
[0.895s] -- Up-to-date: /home/alireza/thesis1/navigation_go2/go2_ws/install/unitree_go/include/unitree_go/msg/detail/path_point__rosidl_typesupport_fastrtps_c.h
[0.897s] -- Up-to-date: /home/alireza/thesis1/navigation_go2/go2_ws/install/unitree_go/include/unitree_go/msg/detail/bms_cmd__rosidl_typesupport_fastrtps_c.h
[0.897s] -- Up-to-date: /home/alireza/thesis1/navigation_go2/go2_ws/install/unitree_go/include/unitree_go/msg/detail/req__rosidl_typesupport_fastrtps_c.h
[0.898s] -- Up-to-date: /home/alireza/thesis1/navigation_go2/go2_ws/install/unitree_go/include/unitree_go/msg/detail/interface_config__rosidl_typesupport_fastrtps_c.h
[0.898s] -- Up-to-date: /home/alireza/thesis1/navigation_go2/go2_ws/install/unitree_go/include/unitree_go/msg/rosidl_typesupport_fastrtps_c__visibility_control.h
[0.898s] -- Up-to-date: /home/alireza/thesis1/navigation_go2/go2_ws/install/unitree_go/lib/libunitree_go__rosidl_typesupport_fastrtps_c.so
[0.899s] -- Up-to-date: /home/alireza/thesis1/navigation_go2/go2_ws/install/unitree_go/include/unitree_go
[0.899s] -- Up-to-date: /home/alireza/thesis1/navigation_go2/go2_ws/install/unitree_go/include/unitree_go/msg
[0.900s] -- Up-to-date: /home/alireza/thesis1/navigation_go2/go2_ws/install/unitree_go/include/unitree_go/msg/rosidl_typesupport_fastrtps_cpp__visibility_control.h
[0.900s] -- Up-to-date: /home/alireza/thesis1/navigation_go2/go2_ws/install/unitree_go/include/unitree_go/msg/detail
[0.900s] -- Up-to-date: /home/alireza/thesis1/navigation_go2/go2_ws/install/unitree_go/include/unitree_go/msg/detail/req__rosidl_typesupport_fastrtps_cpp.hpp
[0.901s] -- Up-to-date: /home/alireza/thesis1/navigation_go2/go2_ws/install/unitree_go/include/unitree_go/msg/detail/imu_state__rosidl_typesupport_fastrtps_cpp.hpp
[0.901s] -- Up-to-date: /home/alireza/thesis1/navigation_go2/go2_ws/install/unitree_go/include/unitree_go/msg/detail/motor_states__rosidl_typesupport_fastrtps_cpp.hpp
[0.902s] -- Up-to-date: /home/alireza/thesis1/navigation_go2/go2_ws/install/unitree_go/include/unitree_go/msg/detail/bms_cmd__rosidl_typesupport_fastrtps_cpp.hpp
[0.902s] -- Up-to-date: /home/alireza/thesis1/navigation_go2/go2_ws/install/unitree_go/include/unitree_go/msg/detail/interface_config__rosidl_typesupport_fastrtps_cpp.hpp
[0.902s] -- Up-to-date: /home/alireza/thesis1/navigation_go2/go2_ws/install/unitree_go/include/unitree_go/msg/detail/go2_front_video_data__rosidl_typesupport_fastrtps_cpp.hpp
[0.903s] -- Up-to-date: /home/alireza/thesis1/navigation_go2/go2_ws/install/unitree_go/include/unitree_go/msg/detail/lidar_state__rosidl_typesupport_fastrtps_cpp.hpp
[0.903s] -- Up-to-date: /home/alireza/thesis1/navigation_go2/go2_ws/install/unitree_go/include/unitree_go/msg/detail/error__rosidl_typesupport_fastrtps_cpp.hpp
[0.903s] -- Up-to-date: /home/alireza/thesis1/navigation_go2/go2_ws/install/unitree_go/include/unitree_go/msg/detail/motor_state__rosidl_typesupport_fastrtps_cpp.hpp
[0.904s] -- Up-to-date: /home/alireza/thesis1/navigation_go2/go2_ws/install/unitree_go/include/unitree_go/msg/detail/sport_mode_cmd__rosidl_typesupport_fastrtps_cpp.hpp
[0.904s] -- Up-to-date: /home/alireza/thesis1/navigation_go2/go2_ws/install/unitree_go/include/unitree_go/msg/detail/uwb_switch__rosidl_typesupport_fastrtps_cpp.hpp
[0.904s] -- Up-to-date: /home/alireza/thesis1/navigation_go2/go2_ws/install/unitree_go/include/unitree_go/msg/detail/bms_state__rosidl_typesupport_fastrtps_cpp.hpp
[0.904s] -- Up-to-date: /home/alireza/thesis1/navigation_go2/go2_ws/install/unitree_go/include/unitree_go/msg/detail/path_point__rosidl_typesupport_fastrtps_cpp.hpp
[0.906s] -- Up-to-date: /home/alireza/thesis1/navigation_go2/go2_ws/install/unitree_go/include/unitree_go/msg/detail/motor_cmds__rosidl_typesupport_fastrtps_cpp.hpp
[0.906s] -- Up-to-date: /home/alireza/thesis1/navigation_go2/go2_ws/install/unitree_go/include/unitree_go/msg/detail/motor_cmd__rosidl_typesupport_fastrtps_cpp.hpp
[0.907s] -- Up-to-date: /home/alireza/thesis1/navigation_go2/go2_ws/install/unitree_go/include/unitree_go/msg/detail/uwb_state__rosidl_typesupport_fastrtps_cpp.hpp
[0.907s] -- Up-to-date: /home/alireza/thesis1/navigation_go2/go2_ws/install/unitree_go/include/unitree_go/msg/detail/sport_mode_state__rosidl_typesupport_fastrtps_cpp.hpp
[0.907s] -- Up-to-date: /home/alireza/thesis1/navigation_go2/go2_ws/install/unitree_go/include/unitree_go/msg/detail/dds_fastrtps
[0.908s] -- Up-to-date: /home/alireza/thesis1/navigation_go2/go2_ws/install/unitree_go/include/unitree_go/msg/detail/res__rosidl_typesupport_fastrtps_cpp.hpp
[0.908s] -- Up-to-date: /home/alireza/thesis1/navigation_go2/go2_ws/install/unitree_go/include/unitree_go/msg/detail/height_map__rosidl_typesupport_fastrtps_cpp.hpp
[0.909s] -- Up-to-date: /home/alireza/thesis1/navigation_go2/go2_ws/install/unitree_go/include/unitree_go/msg/detail/low_cmd__rosidl_typesupport_fastrtps_cpp.hpp
[0.909s] -- Up-to-date: /home/alireza/thesis1/navigation_go2/go2_ws/install/unitree_go/include/unitree_go/msg/detail/wireless_controller__rosidl_typesupport_fastrtps_cpp.hpp
[0.909s] -- Up-to-date: /home/alireza/thesis1/navigation_go2/go2_ws/install/unitree_go/include/unitree_go/msg/detail/low_state__rosidl_typesupport_fastrtps_cpp.hpp
[0.910s] -- Up-to-date: /home/alireza/thesis1/navigation_go2/go2_ws/install/unitree_go/include/unitree_go/msg/detail/time_spec__rosidl_typesupport_fastrtps_cpp.hpp
[0.910s] -- Up-to-date: /home/alireza/thesis1/navigation_go2/go2_ws/install/unitree_go/include/unitree_go/msg/detail/audio_data__rosidl_typesupport_fastrtps_cpp.hpp
[0.910s] -- Up-to-date: /home/alireza/thesis1/navigation_go2/go2_ws/install/unitree_go/lib/libunitree_go__rosidl_typesupport_fastrtps_cpp.so
[0.911s] -- Up-to-date: /home/alireza/thesis1/navigation_go2/go2_ws/install/unitree_go/include/unitree_go
[0.911s] -- Up-to-date: /home/alireza/thesis1/navigation_go2/go2_ws/install/unitree_go/include/unitree_go/msg
[0.911s] -- Up-to-date: /home/alireza/thesis1/navigation_go2/go2_ws/install/unitree_go/include/unitree_go/msg/rosidl_typesupport_introspection_c__visibility_control.h
[0.914s] -- Up-to-date: /home/alireza/thesis1/navigation_go2/go2_ws/install/unitree_go/include/unitree_go/msg/detail
[0.914s] -- Up-to-date: /home/alireza/thesis1/navigation_go2/go2_ws/install/unitree_go/include/unitree_go/msg/detail/bms_cmd__type_support.c
[0.914s] -- Up-to-date: /home/alireza/thesis1/navigation_go2/go2_ws/install/unitree_go/include/unitree_go/msg/detail/low_cmd__rosidl_typesupport_introspection_c.h
[0.914s] -- Up-to-date: /home/alireza/thesis1/navigation_go2/go2_ws/install/unitree_go/include/unitree_go/msg/detail/uwb_state__type_support.c
[0.915s] -- Up-to-date: /home/alireza/thesis1/navigation_go2/go2_ws/install/unitree_go/include/unitree_go/msg/detail/motor_cmds__type_support.c
[0.915s] -- Up-to-date: /home/alireza/thesis1/navigation_go2/go2_ws/install/unitree_go/include/unitree_go/msg/detail/imu_state__rosidl_typesupport_introspection_c.h
[0.915s] -- Up-to-date: /home/alireza/thesis1/navigation_go2/go2_ws/install/unitree_go/include/unitree_go/msg/detail/uwb_state__rosidl_typesupport_introspection_c.h
[0.915s] -- Up-to-date: /home/alireza/thesis1/navigation_go2/go2_ws/install/unitree_go/include/unitree_go/msg/detail/motor_state__type_support.c
[0.915s] -- Up-to-date: /home/alireza/thesis1/navigation_go2/go2_ws/install/unitree_go/include/unitree_go/msg/detail/lidar_state__type_support.c
[0.915s] -- Up-to-date: /home/alireza/thesis1/navigation_go2/go2_ws/install/unitree_go/include/unitree_go/msg/detail/bms_state__rosidl_typesupport_introspection_c.h
[0.916s] -- Up-to-date: /home/alireza/thesis1/navigation_go2/go2_ws/install/unitree_go/include/unitree_go/msg/detail/height_map__rosidl_typesupport_introspection_c.h
[0.916s] -- Up-to-date: /home/alireza/thesis1/navigation_go2/go2_ws/install/unitree_go/include/unitree_go/msg/detail/path_point__type_support.c
[0.916s] -- Up-to-date: /home/alireza/thesis1/navigation_go2/go2_ws/install/unitree_go/include/unitree_go/msg/detail/bms_state__type_support.c
[0.916s] -- Up-to-date: /home/alireza/thesis1/navigation_go2/go2_ws/install/unitree_go/include/unitree_go/msg/detail/wireless_controller__rosidl_typesupport_introspection_c.h
[0.916s] -- Up-to-date: /home/alireza/thesis1/navigation_go2/go2_ws/install/unitree_go/include/unitree_go/msg/detail/low_cmd__type_support.c
[0.916s] -- Up-to-date: /home/alireza/thesis1/navigation_go2/go2_ws/install/unitree_go/include/unitree_go/msg/detail/height_map__type_support.c
[0.917s] -- Up-to-date: /home/alireza/thesis1/navigation_go2/go2_ws/install/unitree_go/include/unitree_go/msg/detail/wireless_controller__type_support.c
[0.917s] -- Up-to-date: /home/alireza/thesis1/navigation_go2/go2_ws/install/unitree_go/include/unitree_go/msg/detail/sport_mode_state__rosidl_typesupport_introspection_c.h
[0.918s] -- Up-to-date: /home/alireza/thesis1/navigation_go2/go2_ws/install/unitree_go/include/unitree_go/msg/detail/motor_state__rosidl_typesupport_introspection_c.h
[0.918s] -- Up-to-date: /home/alireza/thesis1/navigation_go2/go2_ws/install/unitree_go/include/unitree_go/msg/detail/go2_front_video_data__rosidl_typesupport_introspection_c.h
[0.918s] -- Up-to-date: /home/alireza/thesis1/navigation_go2/go2_ws/install/unitree_go/include/unitree_go/msg/detail/bms_cmd__rosidl_typesupport_introspection_c.h
[0.919s] -- Up-to-date: /home/alireza/thesis1/navigation_go2/go2_ws/install/unitree_go/include/unitree_go/msg/detail/motor_cmd__rosidl_typesupport_introspection_c.h
[0.919s] -- Up-to-date: /home/alireza/thesis1/navigation_go2/go2_ws/install/unitree_go/include/unitree_go/msg/detail/sport_mode_cmd__rosidl_typesupport_introspection_c.h
[0.919s] -- Up-to-date: /home/alireza/thesis1/navigation_go2/go2_ws/install/unitree_go/include/unitree_go/msg/detail/low_state__rosidl_typesupport_introspection_c.h
[0.919s] -- Up-to-date: /home/alireza/thesis1/navigation_go2/go2_ws/install/unitree_go/include/unitree_go/msg/detail/motor_cmd__type_support.c
[0.920s] -- Up-to-date: /home/alireza/thesis1/navigation_go2/go2_ws/install/unitree_go/include/unitree_go/msg/detail/imu_state__type_support.c
[0.920s] -- Up-to-date: /home/alireza/thesis1/navigation_go2/go2_ws/install/unitree_go/include/unitree_go/msg/detail/interface_config__rosidl_typesupport_introspection_c.h
[0.920s] -- Up-to-date: /home/alireza/thesis1/navigation_go2/go2_ws/install/unitree_go/include/unitree_go/msg/detail/interface_config__type_support.c
[0.921s] -- Up-to-date: /home/alireza/thesis1/navigation_go2/go2_ws/install/unitree_go/include/unitree_go/msg/detail/go2_front_video_data__type_support.c
[0.921s] -- Up-to-date: /home/alireza/thesis1/navigation_go2/go2_ws/install/unitree_go/include/unitree_go/msg/detail/uwb_switch__rosidl_typesupport_introspection_c.h
[0.921s] -- Up-to-date: /home/alireza/thesis1/navigation_go2/go2_ws/install/unitree_go/include/unitree_go/msg/detail/res__type_support.c
[0.921s] -- Up-to-date: /home/alireza/thesis1/navigation_go2/go2_ws/install/unitree_go/include/unitree_go/msg/detail/audio_data__type_support.c
[0.921s] -- Up-to-date: /home/alireza/thesis1/navigation_go2/go2_ws/install/unitree_go/include/unitree_go/msg/detail/time_spec__type_support.c
[0.922s] -- Up-to-date: /home/alireza/thesis1/navigation_go2/go2_ws/install/unitree_go/include/unitree_go/msg/detail/low_state__type_support.c
[0.922s] -- Up-to-date: /home/alireza/thesis1/navigation_go2/go2_ws/install/unitree_go/include/unitree_go/msg/detail/motor_cmds__rosidl_typesupport_introspection_c.h
[0.923s] -- Up-to-date: /home/alireza/thesis1/navigation_go2/go2_ws/install/unitree_go/include/unitree_go/msg/detail/time_spec__rosidl_typesupport_introspection_c.h
[0.923s] -- Up-to-date: /home/alireza/thesis1/navigation_go2/go2_ws/install/unitree_go/include/unitree_go/msg/detail/error__rosidl_typesupport_introspection_c.h
[0.923s] -- Up-to-date: /home/alireza/thesis1/navigation_go2/go2_ws/install/unitree_go/include/unitree_go/msg/detail/uwb_switch__type_support.c
[0.924s] -- Up-to-date: /home/alireza/thesis1/navigation_go2/go2_ws/install/unitree_go/include/unitree_go/msg/detail/req__type_support.c
[0.924s] -- Up-to-date: /home/alireza/thesis1/navigation_go2/go2_ws/install/unitree_go/include/unitree_go/msg/detail/motor_states__rosidl_typesupport_introspection_c.h
[0.924s] -- Up-to-date: /home/alireza/thesis1/navigation_go2/go2_ws/install/unitree_go/include/unitree_go/msg/detail/req__rosidl_typesupport_introspection_c.h
[0.925s] -- Up-to-date: /home/alireza/thesis1/navigation_go2/go2_ws/install/unitree_go/include/unitree_go/msg/detail/motor_states__type_support.c
[0.926s] -- Up-to-date: /home/alireza/thesis1/navigation_go2/go2_ws/install/unitree_go/include/unitree_go/msg/detail/error__type_support.c
[0.926s] -- Up-to-date: /home/alireza/thesis1/navigation_go2/go2_ws/install/unitree_go/include/unitree_go/msg/detail/sport_mode_cmd__type_support.c
[0.926s] -- Up-to-date: /home/alireza/thesis1/navigation_go2/go2_ws/install/unitree_go/include/unitree_go/msg/detail/lidar_state__rosidl_typesupport_introspection_c.h
[0.927s] -- Up-to-date: /home/alireza/thesis1/navigation_go2/go2_ws/install/unitree_go/include/unitree_go/msg/detail/audio_data__rosidl_typesupport_introspection_c.h
[0.927s] -- Up-to-date: /home/alireza/thesis1/navigation_go2/go2_ws/install/unitree_go/include/unitree_go/msg/detail/sport_mode_state__type_support.c
[0.927s] -- Up-to-date: /home/alireza/thesis1/navigation_go2/go2_ws/install/unitree_go/include/unitree_go/msg/detail/res__rosidl_typesupport_introspection_c.h
[0.927s] -- Up-to-date: /home/alireza/thesis1/navigation_go2/go2_ws/install/unitree_go/include/unitree_go/msg/detail/path_point__rosidl_typesupport_introspection_c.h
[0.928s] -- Up-to-date: /home/alireza/thesis1/navigation_go2/go2_ws/install/unitree_go/lib/libunitree_go__rosidl_typesupport_introspection_c.so
[0.928s] -- Up-to-date: /home/alireza/thesis1/navigation_go2/go2_ws/install/unitree_go/lib/libunitree_go__rosidl_typesupport_c.so
[0.928s] -- Up-to-date: /home/alireza/thesis1/navigation_go2/go2_ws/install/unitree_go/include/unitree_go
[0.928s] -- Up-to-date: /home/alireza/thesis1/navigation_go2/go2_ws/install/unitree_go/include/unitree_go/msg
[0.929s] -- Up-to-date: /home/alireza/thesis1/navigation_go2/go2_ws/install/unitree_go/include/unitree_go/msg/uwb_switch.hpp
[0.930s] -- Up-to-date: /home/alireza/thesis1/navigation_go2/go2_ws/install/unitree_go/include/unitree_go/msg/res.hpp
[0.930s] -- Up-to-date: /home/alireza/thesis1/navigation_go2/go2_ws/install/unitree_go/include/unitree_go/msg/motor_states.hpp
[0.931s] -- Up-to-date: /home/alireza/thesis1/navigation_go2/go2_ws/install/unitree_go/include/unitree_go/msg/path_point.hpp
[0.931s] -- Up-to-date: /home/alireza/thesis1/navigation_go2/go2_ws/install/unitree_go/include/unitree_go/msg/wireless_controller.hpp
[0.931s] -- Up-to-date: /home/alireza/thesis1/navigation_go2/go2_ws/install/unitree_go/include/unitree_go/msg/motor_cmd.hpp
[0.932s] -- Up-to-date: /home/alireza/thesis1/navigation_go2/go2_ws/install/unitree_go/include/unitree_go/msg/sport_mode_cmd.hpp
[0.932s] -- Up-to-date: /home/alireza/thesis1/navigation_go2/go2_ws/install/unitree_go/include/unitree_go/msg/uwb_state.hpp
[0.932s] -- Up-to-date: /home/alireza/thesis1/navigation_go2/go2_ws/install/unitree_go/include/unitree_go/msg/rosidl_generator_cpp__visibility_control.hpp
[0.933s] -- Up-to-date: /home/alireza/thesis1/navigation_go2/go2_ws/install/unitree_go/include/unitree_go/msg/motor_cmds.hpp
[0.933s] -- Up-to-date: /home/alireza/thesis1/navigation_go2/go2_ws/install/unitree_go/include/unitree_go/msg/height_map.hpp
[0.933s] -- Up-to-date: /home/alireza/thesis1/navigation_go2/go2_ws/install/unitree_go/include/unitree_go/msg/req.hpp
[0.933s] -- Up-to-date: /home/alireza/thesis1/navigation_go2/go2_ws/install/unitree_go/include/unitree_go/msg/audio_data.hpp
[0.933s] -- Up-to-date: /home/alireza/thesis1/navigation_go2/go2_ws/install/unitree_go/include/unitree_go/msg/lidar_state.hpp
[0.934s] -- Up-to-date: /home/alireza/thesis1/navigation_go2/go2_ws/install/unitree_go/include/unitree_go/msg/detail
[0.934s] -- Up-to-date: /home/alireza/thesis1/navigation_go2/go2_ws/install/unitree_go/include/unitree_go/msg/detail/wireless_controller__type_support.hpp
[0.934s] -- Up-to-date: /home/alireza/thesis1/navigation_go2/go2_ws/install/unitree_go/include/unitree_go/msg/detail/res__traits.hpp
[0.934s] -- Up-to-date: /home/alireza/thesis1/navigation_go2/go2_ws/install/unitree_go/include/unitree_go/msg/detail/req__type_support.hpp
[0.934s] -- Up-to-date: /home/alireza/thesis1/navigation_go2/go2_ws/install/unitree_go/include/unitree_go/msg/detail/error__type_support.hpp
[0.934s] -- Up-to-date: /home/alireza/thesis1/navigation_go2/go2_ws/install/unitree_go/include/unitree_go/msg/detail/lidar_state__builder.hpp
[0.934s] -- Up-to-date: /home/alireza/thesis1/navigation_go2/go2_ws/install/unitree_go/include/unitree_go/msg/detail/sport_mode_cmd__type_support.hpp
[0.934s] -- Up-to-date: /home/alireza/thesis1/navigation_go2/go2_ws/install/unitree_go/include/unitree_go/msg/detail/res__builder.hpp
[0.934s] -- Up-to-date: /home/alireza/thesis1/navigation_go2/go2_ws/install/unitree_go/include/unitree_go/msg/detail/wireless_controller__traits.hpp
[0.935s] -- Up-to-date: /home/alireza/thesis1/navigation_go2/go2_ws/install/unitree_go/include/unitree_go/msg/detail/motor_state__struct.hpp
[0.935s] -- Up-to-date: /home/alireza/thesis1/navigation_go2/go2_ws/install/unitree_go/include/unitree_go/msg/detail/height_map__builder.hpp
[0.935s] -- Up-to-date: /home/alireza/thesis1/navigation_go2/go2_ws/install/unitree_go/include/unitree_go/msg/detail/time_spec__traits.hpp
[0.935s] -- Up-to-date: /home/alireza/thesis1/navigation_go2/go2_ws/install/unitree_go/include/unitree_go/msg/detail/bms_state__struct.hpp
[0.936s] -- Up-to-date: /home/alireza/thesis1/navigation_go2/go2_ws/install/unitree_go/include/unitree_go/msg/detail/sport_mode_state__struct.hpp
[0.936s] -- Up-to-date: /home/alireza/thesis1/navigation_go2/go2_ws/install/unitree_go/include/unitree_go/msg/detail/motor_cmds__traits.hpp
[0.936s] -- Up-to-date: /home/alireza/thesis1/navigation_go2/go2_ws/install/unitree_go/include/unitree_go/msg/detail/go2_front_video_data__type_support.hpp
[0.936s] -- Up-to-date: /home/alireza/thesis1/navigation_go2/go2_ws/install/unitree_go/include/unitree_go/msg/detail/uwb_switch__traits.hpp
[0.936s] -- Up-to-date: /home/alireza/thesis1/navigation_go2/go2_ws/install/unitree_go/include/unitree_go/msg/detail/bms_cmd__traits.hpp
[0.936s] -- Up-to-date: /home/alireza/thesis1/navigation_go2/go2_ws/install/unitree_go/include/unitree_go/msg/detail/interface_config__struct.hpp
[0.937s] -- Up-to-date: /home/alireza/thesis1/navigation_go2/go2_ws/install/unitree_go/include/unitree_go/msg/detail/lidar_state__struct.hpp
[0.937s] -- Up-to-date: /home/alireza/thesis1/navigation_go2/go2_ws/install/unitree_go/include/unitree_go/msg/detail/low_cmd__type_support.hpp
[0.937s] -- Up-to-date: /home/alireza/thesis1/navigation_go2/go2_ws/install/unitree_go/include/unitree_go/msg/detail/go2_front_video_data__builder.hpp
[0.938s] -- Up-to-date: /home/alireza/thesis1/navigation_go2/go2_ws/install/unitree_go/include/unitree_go/msg/detail/bms_cmd__builder.hpp
[0.938s] -- Up-to-date: /home/alireza/thesis1/navigation_go2/go2_ws/install/unitree_go/include/unitree_go/msg/detail/audio_data__struct.hpp
[0.939s] -- Up-to-date: /home/alireza/thesis1/navigation_go2/go2_ws/install/unitree_go/include/unitree_go/msg/detail/interface_config__type_support.hpp
[0.939s] -- Up-to-date: /home/alireza/thesis1/navigation_go2/go2_ws/install/unitree_go/include/unitree_go/msg/detail/req__struct.hpp
[0.939s] -- Up-to-date: /home/alireza/thesis1/navigation_go2/go2_ws/install/unitree_go/include/unitree_go/msg/detail/go2_front_video_data__traits.hpp
[0.939s] -- Up-to-date: /home/alireza/thesis1/navigation_go2/go2_ws/install/unitree_go/include/unitree_go/msg/detail/motor_states__type_support.hpp
[0.939s] -- Up-to-date: /home/alireza/thesis1/navigation_go2/go2_ws/install/unitree_go/include/unitree_go/msg/detail/low_cmd__builder.hpp
[0.940s] -- Up-to-date: /home/alireza/thesis1/navigation_go2/go2_ws/install/unitree_go/include/unitree_go/msg/detail/req__builder.hpp
[0.940s] -- Up-to-date: /home/alireza/thesis1/navigation_go2/go2_ws/install/unitree_go/include/unitree_go/msg/detail/height_map__struct.hpp
[0.940s] -- Up-to-date: /home/alireza/thesis1/navigation_go2/go2_ws/install/unitree_go/include/unitree_go/msg/detail/lidar_state__traits.hpp
[0.940s] -- Up-to-date: /home/alireza/thesis1/navigation_go2/go2_ws/install/unitree_go/include/unitree_go/msg/detail/error__traits.hpp
[0.940s] -- Up-to-date: /home/alireza/thesis1/navigation_go2/go2_ws/install/unitree_go/include/unitree_go/msg/detail/time_spec__struct.hpp
[0.940s] -- Up-to-date: /home/alireza/thesis1/navigation_go2/go2_ws/install/unitree_go/include/unitree_go/msg/detail/height_map__traits.hpp
[0.941s] -- Up-to-date: /home/alireza/thesis1/navigation_go2/go2_ws/install/unitree_go/include/unitree_go/msg/detail/motor_cmds__type_support.hpp
[0.941s] -- Up-to-date: /home/alireza/thesis1/navigation_go2/go2_ws/install/unitree_go/include/unitree_go/msg/detail/motor_states__struct.hpp
[0.941s] -- Up-to-date: /home/alireza/thesis1/navigation_go2/go2_ws/install/unitree_go/include/unitree_go/msg/detail/uwb_switch__struct.hpp
[0.941s] -- Up-to-date: /home/alireza/thesis1/navigation_go2/go2_ws/install/unitree_go/include/unitree_go/msg/detail/motor_state__type_support.hpp
[0.941s] -- Up-to-date: /home/alireza/thesis1/navigation_go2/go2_ws/install/unitree_go/include/unitree_go/msg/detail/interface_config__traits.hpp
[0.942s] -- Up-to-date: /home/alireza/thesis1/navigation_go2/go2_ws/install/unitree_go/include/unitree_go/msg/detail/error__struct.hpp
[0.942s] -- Up-to-date: /home/alireza/thesis1/navigation_go2/go2_ws/install/unitree_go/include/unitree_go/msg/detail/motor_states__builder.hpp
[0.942s] -- Up-to-date: /home/alireza/thesis1/navigation_go2/go2_ws/install/unitree_go/include/unitree_go/msg/detail/sport_mode_cmd__traits.hpp
[0.942s] -- Up-to-date: /home/alireza/thesis1/navigation_go2/go2_ws/install/unitree_go/include/unitree_go/msg/detail/bms_cmd__type_support.hpp
[0.942s] -- Up-to-date: /home/alireza/thesis1/navigation_go2/go2_ws/install/unitree_go/include/unitree_go/msg/detail/lidar_state__type_support.hpp
[0.943s] -- Up-to-date: /home/alireza/thesis1/navigation_go2/go2_ws/install/unitree_go/include/unitree_go/msg/detail/motor_cmd__builder.hpp
[0.943s] -- Up-to-date: /home/alireza/thesis1/navigation_go2/go2_ws/install/unitree_go/include/unitree_go/msg/detail/low_cmd__traits.hpp
[0.943s] -- Up-to-date: /home/alireza/thesis1/navigation_go2/go2_ws/install/unitree_go/include/unitree_go/msg/detail/sport_mode_state__type_support.hpp
[0.944s] -- Up-to-date: /home/alireza/thesis1/navigation_go2/go2_ws/install/unitree_go/include/unitree_go/msg/detail/low_state__type_support.hpp
[0.944s] -- Up-to-date: /home/alireza/thesis1/navigation_go2/go2_ws/install/unitree_go/include/unitree_go/msg/detail/uwb_state__type_support.hpp
[0.944s] -- Up-to-date: /home/alireza/thesis1/navigation_go2/go2_ws/install/unitree_go/include/unitree_go/msg/detail/path_point__builder.hpp
[0.945s] -- Up-to-date: /home/alireza/thesis1/navigation_go2/go2_ws/install/unitree_go/include/unitree_go/msg/detail/uwb_state__struct.hpp
[0.945s] -- Up-to-date: /home/alireza/thesis1/navigation_go2/go2_ws/install/unitree_go/include/unitree_go/msg/detail/audio_data__builder.hpp
[0.945s] -- Up-to-date: /home/alireza/thesis1/navigation_go2/go2_ws/install/unitree_go/include/unitree_go/msg/detail/bms_state__type_support.hpp
[0.946s] -- Up-to-date: /home/alireza/thesis1/navigation_go2/go2_ws/install/unitree_go/include/unitree_go/msg/detail/req__traits.hpp
[0.946s] -- Up-to-date: /home/alireza/thesis1/navigation_go2/go2_ws/install/unitree_go/include/unitree_go/msg/detail/motor_cmd__traits.hpp
[0.946s] -- Up-to-date: /home/alireza/thesis1/navigation_go2/go2_ws/install/unitree_go/include/unitree_go/msg/detail/imu_state__traits.hpp
[0.946s] -- Up-to-date: /home/alireza/thesis1/navigation_go2/go2_ws/install/unitree_go/include/unitree_go/msg/detail/error__builder.hpp
[0.947s] -- Up-to-date: /home/alireza/thesis1/navigation_go2/go2_ws/install/unitree_go/include/unitree_go/msg/detail/motor_state__builder.hpp
[0.947s] -- Up-to-date: /home/alireza/thesis1/navigation_go2/go2_ws/install/unitree_go/include/unitree_go/msg/detail/path_point__struct.hpp
[0.948s] -- Up-to-date: /home/alireza/thesis1/navigation_go2/go2_ws/install/unitree_go/include/unitree_go/msg/detail/bms_state__traits.hpp
[0.948s] -- Up-to-date: /home/alireza/thesis1/navigation_go2/go2_ws/install/unitree_go/include/unitree_go/msg/detail/audio_data__traits.hpp
[0.948s] -- Up-to-date: /home/alireza/thesis1/navigation_go2/go2_ws/install/unitree_go/include/unitree_go/msg/detail/motor_states__traits.hpp
[0.948s] -- Up-to-date: /home/alireza/thesis1/navigation_go2/go2_ws/install/unitree_go/include/unitree_go/msg/detail/low_cmd__struct.hpp
[0.949s] -- Up-to-date: /home/alireza/thesis1/navigation_go2/go2_ws/install/unitree_go/include/unitree_go/msg/detail/audio_data__type_support.hpp
[0.949s] -- Up-to-date: /home/alireza/thesis1/navigation_go2/go2_ws/install/unitree_go/include/unitree_go/msg/detail/motor_state__traits.hpp
[0.949s] -- Up-to-date: /home/alireza/thesis1/navigation_go2/go2_ws/install/unitree_go/include/unitree_go/msg/detail/uwb_switch__builder.hpp
[0.950s] -- Up-to-date: /home/alireza/thesis1/navigation_go2/go2_ws/install/unitree_go/include/unitree_go/msg/detail/sport_mode_cmd__struct.hpp
[0.950s] -- Up-to-date: /home/alireza/thesis1/navigation_go2/go2_ws/install/unitree_go/include/unitree_go/msg/detail/bms_state__builder.hpp
[0.951s] -- Up-to-date: /home/alireza/thesis1/navigation_go2/go2_ws/install/unitree_go/include/unitree_go/msg/detail/motor_cmd__struct.hpp
[0.952s] -- Up-to-date: /home/alireza/thesis1/navigation_go2/go2_ws/install/unitree_go/include/unitree_go/msg/detail/low_state__traits.hpp
[0.952s] -- Up-to-date: /home/alireza/thesis1/navigation_go2/go2_ws/install/unitree_go/include/unitree_go/msg/detail/height_map__type_support.hpp
[0.952s] -- Up-to-date: /home/alireza/thesis1/navigation_go2/go2_ws/install/unitree_go/include/unitree_go/msg/detail/low_state__builder.hpp
[0.953s] -- Up-to-date: /home/alireza/thesis1/navigation_go2/go2_ws/install/unitree_go/include/unitree_go/msg/detail/interface_config__builder.hpp
[0.953s] -- Up-to-date: /home/alireza/thesis1/navigation_go2/go2_ws/install/unitree_go/include/unitree_go/msg/detail/motor_cmd__type_support.hpp
[0.953s] -- Up-to-date: /home/alireza/thesis1/navigation_go2/go2_ws/install/unitree_go/include/unitree_go/msg/detail/imu_state__builder.hpp
[0.954s] -- Up-to-date: /home/alireza/thesis1/navigation_go2/go2_ws/install/unitree_go/include/unitree_go/msg/detail/res__type_support.hpp
[0.954s] -- Up-to-date: /home/alireza/thesis1/navigation_go2/go2_ws/install/unitree_go/include/unitree_go/msg/detail/imu_state__type_support.hpp
[0.954s] -- Up-to-date: /home/alireza/thesis1/navigation_go2/go2_ws/install/unitree_go/include/unitree_go/msg/detail/res__struct.hpp
[0.955s] -- Up-to-date: /home/alireza/thesis1/navigation_go2/go2_ws/install/unitree_go/include/unitree_go/msg/detail/path_point__traits.hpp
[0.955s] -- Up-to-date: /home/alireza/thesis1/navigation_go2/go2_ws/install/unitree_go/include/unitree_go/msg/detail/motor_cmds__builder.hpp
[0.956s] -- Up-to-date: /home/alireza/thesis1/navigation_go2/go2_ws/install/unitree_go/include/unitree_go/msg/detail/wireless_controller__builder.hpp
[0.957s] -- Up-to-date: /home/alireza/thesis1/navigation_go2/go2_ws/install/unitree_go/include/unitree_go/msg/detail/sport_mode_state__traits.hpp
[0.957s] -- Up-to-date: /home/alireza/thesis1/navigation_go2/go2_ws/install/unitree_go/include/unitree_go/msg/detail/low_state__struct.hpp
[0.957s] -- Up-to-date: /home/alireza/thesis1/navigation_go2/go2_ws/install/unitree_go/include/unitree_go/msg/detail/uwb_state__builder.hpp
[0.958s] -- Up-to-date: /home/alireza/thesis1/navigation_go2/go2_ws/install/unitree_go/include/unitree_go/msg/detail/go2_front_video_data__struct.hpp
[0.958s] -- Up-to-date: /home/alireza/thesis1/navigation_go2/go2_ws/install/unitree_go/include/unitree_go/msg/detail/motor_cmds__struct.hpp
[0.958s] -- Up-to-date: /home/alireza/thesis1/navigation_go2/go2_ws/install/unitree_go/include/unitree_go/msg/detail/imu_state__struct.hpp
[0.958s] -- Up-to-date: /home/alireza/thesis1/navigation_go2/go2_ws/install/unitree_go/include/unitree_go/msg/detail/sport_mode_cmd__builder.hpp
[0.958s] -- Up-to-date: /home/alireza/thesis1/navigation_go2/go2_ws/install/unitree_go/include/unitree_go/msg/detail/path_point__type_support.hpp
[0.958s] -- Up-to-date: /home/alireza/thesis1/navigation_go2/go2_ws/install/unitree_go/include/unitree_go/msg/detail/wireless_controller__struct.hpp
[0.959s] -- Up-to-date: /home/alireza/thesis1/navigation_go2/go2_ws/install/unitree_go/include/unitree_go/msg/detail/uwb_switch__type_support.hpp
[0.959s] -- Up-to-date: /home/alireza/thesis1/navigation_go2/go2_ws/install/unitree_go/include/unitree_go/msg/detail/sport_mode_state__builder.hpp
[0.959s] -- Up-to-date: /home/alireza/thesis1/navigation_go2/go2_ws/install/unitree_go/include/unitree_go/msg/detail/time_spec__type_support.hpp
[0.959s] -- Up-to-date: /home/alireza/thesis1/navigation_go2/go2_ws/install/unitree_go/include/unitree_go/msg/detail/time_spec__builder.hpp
[0.959s] -- Up-to-date: /home/alireza/thesis1/navigation_go2/go2_ws/install/unitree_go/include/unitree_go/msg/detail/uwb_state__traits.hpp
[0.959s] -- Up-to-date: /home/alireza/thesis1/navigation_go2/go2_ws/install/unitree_go/include/unitree_go/msg/detail/bms_cmd__struct.hpp
[0.959s] -- Up-to-date: /home/alireza/thesis1/navigation_go2/go2_ws/install/unitree_go/include/unitree_go/msg/low_cmd.hpp
[0.959s] -- Up-to-date: /home/alireza/thesis1/navigation_go2/go2_ws/install/unitree_go/include/unitree_go/msg/time_spec.hpp
[0.959s] -- Up-to-date: /home/alireza/thesis1/navigation_go2/go2_ws/install/unitree_go/include/unitree_go/msg/sport_mode_state.hpp
[0.959s] -- Up-to-date: /home/alireza/thesis1/navigation_go2/go2_ws/install/unitree_go/include/unitree_go/msg/bms_state.hpp
[0.959s] -- Up-to-date: /home/alireza/thesis1/navigation_go2/go2_ws/install/unitree_go/include/unitree_go/msg/low_state.hpp
[0.959s] -- Up-to-date: /home/alireza/thesis1/navigation_go2/go2_ws/install/unitree_go/include/unitree_go/msg/bms_cmd.hpp
[0.960s] -- Up-to-date: /home/alireza/thesis1/navigation_go2/go2_ws/install/unitree_go/include/unitree_go/msg/motor_state.hpp
[0.960s] -- Up-to-date: /home/alireza/thesis1/navigation_go2/go2_ws/install/unitree_go/include/unitree_go/msg/go2_front_video_data.hpp
[0.961s] -- Up-to-date: /home/alireza/thesis1/navigation_go2/go2_ws/install/unitree_go/include/unitree_go/msg/imu_state.hpp
[0.961s] -- Up-to-date: /home/alireza/thesis1/navigation_go2/go2_ws/install/unitree_go/include/unitree_go/msg/interface_config.hpp
[0.961s] -- Up-to-date: /home/alireza/thesis1/navigation_go2/go2_ws/install/unitree_go/include/unitree_go/msg/error.hpp
[0.961s] -- Up-to-date: /home/alireza/thesis1/navigation_go2/go2_ws/install/unitree_go/include/unitree_go
[0.962s] -- Up-to-date: /home/alireza/thesis1/navigation_go2/go2_ws/install/unitree_go/include/unitree_go/msg
[0.962s] -- Up-to-date: /home/alireza/thesis1/navigation_go2/go2_ws/install/unitree_go/include/unitree_go/msg/detail
[0.962s] -- Up-to-date: /home/alireza/thesis1/navigation_go2/go2_ws/install/unitree_go/include/unitree_go/msg/detail/sport_mode_state__type_support.cpp
[0.962s] -- Up-to-date: /home/alireza/thesis1/navigation_go2/go2_ws/install/unitree_go/include/unitree_go/msg/detail/motor_state__type_support.cpp
[0.962s] -- Up-to-date: /home/alireza/thesis1/navigation_go2/go2_ws/install/unitree_go/include/unitree_go/msg/detail/sport_mode_cmd__type_support.cpp
[0.962s] -- Up-to-date: /home/alireza/thesis1/navigation_go2/go2_ws/install/unitree_go/include/unitree_go/msg/detail/time_spec__rosidl_typesupport_introspection_cpp.hpp
[0.962s] -- Up-to-date: /home/alireza/thesis1/navigation_go2/go2_ws/install/unitree_go/include/unitree_go/msg/detail/motor_states__rosidl_typesupport_introspection_cpp.hpp
[0.962s] -- Up-to-date: /home/alireza/thesis1/navigation_go2/go2_ws/install/unitree_go/include/unitree_go/msg/detail/low_state__type_support.cpp
[0.962s] -- Up-to-date: /home/alireza/thesis1/navigation_go2/go2_ws/install/unitree_go/include/unitree_go/msg/detail/height_map__type_support.cpp
[0.962s] -- Up-to-date: /home/alireza/thesis1/navigation_go2/go2_ws/install/unitree_go/include/unitree_go/msg/detail/sport_mode_cmd__rosidl_typesupport_introspection_cpp.hpp
[0.962s] -- Up-to-date: /home/alireza/thesis1/navigation_go2/go2_ws/install/unitree_go/include/unitree_go/msg/detail/res__rosidl_typesupport_introspection_cpp.hpp
[0.962s] -- Up-to-date: /home/alireza/thesis1/navigation_go2/go2_ws/install/unitree_go/include/unitree_go/msg/detail/wireless_controller__rosidl_typesupport_introspection_cpp.hpp
[0.962s] -- Up-to-date: /home/alireza/thesis1/navigation_go2/go2_ws/install/unitree_go/include/unitree_go/msg/detail/res__type_support.cpp
[0.962s] -- Up-to-date: /home/alireza/thesis1/navigation_go2/go2_ws/install/unitree_go/include/unitree_go/msg/detail/low_cmd__type_support.cpp
[0.963s] -- Up-to-date: /home/alireza/thesis1/navigation_go2/go2_ws/install/unitree_go/include/unitree_go/msg/detail/motor_state__rosidl_typesupport_introspection_cpp.hpp
[0.963s] -- Up-to-date: /home/alireza/thesis1/navigation_go2/go2_ws/install/unitree_go/include/unitree_go/msg/detail/error__rosidl_typesupport_introspection_cpp.hpp
[0.963s] -- Up-to-date: /home/alireza/thesis1/navigation_go2/go2_ws/install/unitree_go/include/unitree_go/msg/detail/req__type_support.cpp
[0.963s] -- Up-to-date: /home/alireza/thesis1/navigation_go2/go2_ws/install/unitree_go/include/unitree_go/msg/detail/motor_cmd__type_support.cpp
[0.963s] -- Up-to-date: /home/alireza/thesis1/navigation_go2/go2_ws/install/unitree_go/include/unitree_go/msg/detail/audio_data__type_support.cpp
[0.963s] -- Up-to-date: /home/alireza/thesis1/navigation_go2/go2_ws/install/unitree_go/include/unitree_go/msg/detail/uwb_state__type_support.cpp
[0.963s] -- Up-to-date: /home/alireza/thesis1/navigation_go2/go2_ws/install/unitree_go/include/unitree_go/msg/detail/bms_state__rosidl_typesupport_introspection_cpp.hpp
[0.963s] -- Up-to-date: /home/alireza/thesis1/navigation_go2/go2_ws/install/unitree_go/include/unitree_go/msg/detail/sport_mode_state__rosidl_typesupport_introspection_cpp.hpp
[0.963s] -- Up-to-date: /home/alireza/thesis1/navigation_go2/go2_ws/install/unitree_go/include/unitree_go/msg/detail/height_map__rosidl_typesupport_introspection_cpp.hpp
[0.963s] -- Up-to-date: /home/alireza/thesis1/navigation_go2/go2_ws/install/unitree_go/include/unitree_go/msg/detail/uwb_state__rosidl_typesupport_introspection_cpp.hpp
[0.963s] -- Up-to-date: /home/alireza/thesis1/navigation_go2/go2_ws/install/unitree_go/include/unitree_go/msg/detail/interface_config__rosidl_typesupport_introspection_cpp.hpp
[0.963s] -- Up-to-date: /home/alireza/thesis1/navigation_go2/go2_ws/install/unitree_go/include/unitree_go/msg/detail/motor_cmds__type_support.cpp
[0.963s] -- Up-to-date: /home/alireza/thesis1/navigation_go2/go2_ws/install/unitree_go/include/unitree_go/msg/detail/go2_front_video_data__rosidl_typesupport_introspection_cpp.hpp
[0.963s] -- Up-to-date: /home/alireza/thesis1/navigation_go2/go2_ws/install/unitree_go/include/unitree_go/msg/detail/time_spec__type_support.cpp
[0.963s] -- Up-to-date: /home/alireza/thesis1/navigation_go2/go2_ws/install/unitree_go/include/unitree_go/msg/detail/go2_front_video_data__type_support.cpp
[0.964s] -- Up-to-date: /home/alireza/thesis1/navigation_go2/go2_ws/install/unitree_go/include/unitree_go/msg/detail/bms_cmd__rosidl_typesupport_introspection_cpp.hpp
[0.964s] -- Up-to-date: /home/alireza/thesis1/navigation_go2/go2_ws/install/unitree_go/include/unitree_go/msg/detail/bms_state__type_support.cpp
[0.964s] -- Up-to-date: /home/alireza/thesis1/navigation_go2/go2_ws/install/unitree_go/include/unitree_go/msg/detail/motor_states__type_support.cpp
[0.964s] -- Up-to-date: /home/alireza/thesis1/navigation_go2/go2_ws/install/unitree_go/include/unitree_go/msg/detail/imu_state__rosidl_typesupport_introspection_cpp.hpp
[0.964s] -- Up-to-date: /home/alireza/thesis1/navigation_go2/go2_ws/install/unitree_go/include/unitree_go/msg/detail/path_point__rosidl_typesupport_introspection_cpp.hpp
[0.964s] -- Up-to-date: /home/alireza/thesis1/navigation_go2/go2_ws/install/unitree_go/include/unitree_go/msg/detail/lidar_state__type_support.cpp
[0.964s] -- Up-to-date: /home/alireza/thesis1/navigation_go2/go2_ws/install/unitree_go/include/unitree_go/msg/detail/uwb_switch__rosidl_typesupport_introspection_cpp.hpp
[0.964s] -- Up-to-date: /home/alireza/thesis1/navigation_go2/go2_ws/install/unitree_go/include/unitree_go/msg/detail/bms_cmd__type_support.cpp
[0.964s] -- Up-to-date: /home/alireza/thesis1/navigation_go2/go2_ws/install/unitree_go/include/unitree_go/msg/detail/motor_cmds__rosidl_typesupport_introspection_cpp.hpp
[0.964s] -- Up-to-date: /home/alireza/thesis1/navigation_go2/go2_ws/install/unitree_go/include/unitree_go/msg/detail/lidar_state__rosidl_typesupport_introspection_cpp.hpp
[0.964s] -- Up-to-date: /home/alireza/thesis1/navigation_go2/go2_ws/install/unitree_go/include/unitree_go/msg/detail/uwb_switch__type_support.cpp
[0.965s] -- Up-to-date: /home/alireza/thesis1/navigation_go2/go2_ws/install/unitree_go/include/unitree_go/msg/detail/error__type_support.cpp
[0.965s] -- Up-to-date: /home/alireza/thesis1/navigation_go2/go2_ws/install/unitree_go/include/unitree_go/msg/detail/imu_state__type_support.cpp
[0.965s] -- Up-to-date: /home/alireza/thesis1/navigation_go2/go2_ws/install/unitree_go/include/unitree_go/msg/detail/low_cmd__rosidl_typesupport_introspection_cpp.hpp
[0.966s] -- Up-to-date: /home/alireza/thesis1/navigation_go2/go2_ws/install/unitree_go/include/unitree_go/msg/detail/low_state__rosidl_typesupport_introspection_cpp.hpp
[0.966s] -- Up-to-date: /home/alireza/thesis1/navigation_go2/go2_ws/install/unitree_go/include/unitree_go/msg/detail/interface_config__type_support.cpp
[0.966s] -- Up-to-date: /home/alireza/thesis1/navigation_go2/go2_ws/install/unitree_go/include/unitree_go/msg/detail/audio_data__rosidl_typesupport_introspection_cpp.hpp
[0.967s] -- Up-to-date: /home/alireza/thesis1/navigation_go2/go2_ws/install/unitree_go/include/unitree_go/msg/detail/req__rosidl_typesupport_introspection_cpp.hpp
[0.967s] -- Up-to-date: /home/alireza/thesis1/navigation_go2/go2_ws/install/unitree_go/include/unitree_go/msg/detail/wireless_controller__type_support.cpp
[0.968s] -- Up-to-date: /home/alireza/thesis1/navigation_go2/go2_ws/install/unitree_go/include/unitree_go/msg/detail/path_point__type_support.cpp
[0.968s] -- Up-to-date: /home/alireza/thesis1/navigation_go2/go2_ws/install/unitree_go/include/unitree_go/msg/detail/motor_cmd__rosidl_typesupport_introspection_cpp.hpp
[0.968s] -- Up-to-date: /home/alireza/thesis1/navigation_go2/go2_ws/install/unitree_go/lib/libunitree_go__rosidl_typesupport_introspection_cpp.so
[0.968s] -- Up-to-date: /home/alireza/thesis1/navigation_go2/go2_ws/install/unitree_go/lib/libunitree_go__rosidl_typesupport_cpp.so
[0.968s] -- Up-to-date: /home/alireza/thesis1/navigation_go2/go2_ws/install/unitree_go/share/unitree_go/environment/pythonpath.sh
[0.968s] -- Up-to-date: /home/alireza/thesis1/navigation_go2/go2_ws/install/unitree_go/share/unitree_go/environment/pythonpath.dsv
[0.968s] -- Up-to-date: /home/alireza/thesis1/navigation_go2/go2_ws/install/unitree_go/lib/python3.8/site-packages/unitree_go/__init__.py
[1.066s] -- Up-to-date: /home/alireza/thesis1/navigation_go2/go2_ws/install/unitree_go/lib/python3.8/site-packages/unitree_go/msg
[1.067s] -- Up-to-date: /home/alireza/thesis1/navigation_go2/go2_ws/install/unitree_go/lib/python3.8/site-packages/unitree_go/msg/_height_map.py
[1.067s] -- Up-to-date: /home/alireza/thesis1/navigation_go2/go2_ws/install/unitree_go/lib/python3.8/site-packages/unitree_go/msg/_audio_data.py
[1.067s] -- Up-to-date: /home/alireza/thesis1/navigation_go2/go2_ws/install/unitree_go/lib/python3.8/site-packages/unitree_go/msg/_uwb_state_s.c
[1.067s] -- Up-to-date: /home/alireza/thesis1/navigation_go2/go2_ws/install/unitree_go/lib/python3.8/site-packages/unitree_go/msg/_go2_front_video_data_s.c
[1.067s] -- Up-to-date: /home/alireza/thesis1/navigation_go2/go2_ws/install/unitree_go/lib/python3.8/site-packages/unitree_go/msg/_error_s.c
[1.067s] -- Up-to-date: /home/alireza/thesis1/navigation_go2/go2_ws/install/unitree_go/lib/python3.8/site-packages/unitree_go/msg/_low_cmd_s.c
[1.067s] -- Up-to-date: /home/alireza/thesis1/navigation_go2/go2_ws/install/unitree_go/lib/python3.8/site-packages/unitree_go/msg/_wireless_controller_s.c
[1.067s] -- Up-to-date: /home/alireza/thesis1/navigation_go2/go2_ws/install/unitree_go/lib/python3.8/site-packages/unitree_go/msg/_sport_mode_state_s.c
[1.068s] -- Up-to-date: /home/alireza/thesis1/navigation_go2/go2_ws/install/unitree_go/lib/python3.8/site-packages/unitree_go/msg/_motor_cmd.py
[1.068s] -- Up-to-date: /home/alireza/thesis1/navigation_go2/go2_ws/install/unitree_go/lib/python3.8/site-packages/unitree_go/msg/_go2_front_video_data.py
[1.068s] -- Up-to-date: /home/alireza/thesis1/navigation_go2/go2_ws/install/unitree_go/lib/python3.8/site-packages/unitree_go/msg/_imu_state.py
[1.068s] -- Up-to-date: /home/alireza/thesis1/navigation_go2/go2_ws/install/unitree_go/lib/python3.8/site-packages/unitree_go/msg/_uwb_state.py
[1.068s] -- Up-to-date: /home/alireza/thesis1/navigation_go2/go2_ws/install/unitree_go/lib/python3.8/site-packages/unitree_go/msg/_sport_mode_cmd_s.c
[1.068s] -- Up-to-date: /home/alireza/thesis1/navigation_go2/go2_ws/install/unitree_go/lib/python3.8/site-packages/unitree_go/msg/_motor_state.py
[1.068s] -- Up-to-date: /home/alireza/thesis1/navigation_go2/go2_ws/install/unitree_go/lib/python3.8/site-packages/unitree_go/msg/_imu_state_s.c
[1.068s] -- Up-to-date: /home/alireza/thesis1/navigation_go2/go2_ws/install/unitree_go/lib/python3.8/site-packages/unitree_go/msg/__init__.py
[1.069s] -- Up-to-date: /home/alireza/thesis1/navigation_go2/go2_ws/install/unitree_go/lib/python3.8/site-packages/unitree_go/msg/_motor_cmds.py
[1.069s] -- Up-to-date: /home/alireza/thesis1/navigation_go2/go2_ws/install/unitree_go/lib/python3.8/site-packages/unitree_go/msg/_bms_cmd_s.c
[1.069s] -- Up-to-date: /home/alireza/thesis1/navigation_go2/go2_ws/install/unitree_go/lib/python3.8/site-packages/unitree_go/msg/_req_s.c
[1.069s] -- Up-to-date: /home/alireza/thesis1/navigation_go2/go2_ws/install/unitree_go/lib/python3.8/site-packages/unitree_go/msg/_sport_mode_state.py
[1.069s] -- Up-to-date: /home/alireza/thesis1/navigation_go2/go2_ws/install/unitree_go/lib/python3.8/site-packages/unitree_go/msg/_res.py
[1.069s] -- Up-to-date: /home/alireza/thesis1/navigation_go2/go2_ws/install/unitree_go/lib/python3.8/site-packages/unitree_go/msg/_req.py
[1.069s] -- Up-to-date: /home/alireza/thesis1/navigation_go2/go2_ws/install/unitree_go/lib/python3.8/site-packages/unitree_go/msg/_motor_cmd_s.c
[1.069s] -- Up-to-date: /home/alireza/thesis1/navigation_go2/go2_ws/install/unitree_go/lib/python3.8/site-packages/unitree_go/msg/_low_state.py
[1.069s] -- Up-to-date: /home/alireza/thesis1/navigation_go2/go2_ws/install/unitree_go/lib/python3.8/site-packages/unitree_go/msg/_sport_mode_cmd.py
[1.070s] -- Up-to-date: /home/alireza/thesis1/navigation_go2/go2_ws/install/unitree_go/lib/python3.8/site-packages/unitree_go/msg/_uwb_switch.py
[1.070s] -- Up-to-date: /home/alireza/thesis1/navigation_go2/go2_ws/install/unitree_go/lib/python3.8/site-packages/unitree_go/msg/_low_cmd.py
[1.070s] -- Up-to-date: /home/alireza/thesis1/navigation_go2/go2_ws/install/unitree_go/lib/python3.8/site-packages/unitree_go/msg/_interface_config.py
[1.070s] -- Up-to-date: /home/alireza/thesis1/navigation_go2/go2_ws/install/unitree_go/lib/python3.8/site-packages/unitree_go/msg/_motor_states_s.c
[1.070s] -- Up-to-date: /home/alireza/thesis1/navigation_go2/go2_ws/install/unitree_go/lib/python3.8/site-packages/unitree_go/msg/_height_map_s.c
[1.070s] -- Up-to-date: /home/alireza/thesis1/navigation_go2/go2_ws/install/unitree_go/lib/python3.8/site-packages/unitree_go/msg/_bms_state_s.c
[1.070s] -- Up-to-date: /home/alireza/thesis1/navigation_go2/go2_ws/install/unitree_go/lib/python3.8/site-packages/unitree_go/msg/_error.py
[1.070s] -- Up-to-date: /home/alireza/thesis1/navigation_go2/go2_ws/install/unitree_go/lib/python3.8/site-packages/unitree_go/msg/_motor_state_s.c
[1.070s] -- Up-to-date: /home/alireza/thesis1/navigation_go2/go2_ws/install/unitree_go/lib/python3.8/site-packages/unitree_go/msg/_lidar_state.py
[1.071s] -- Up-to-date: /home/alireza/thesis1/navigation_go2/go2_ws/install/unitree_go/lib/python3.8/site-packages/unitree_go/msg/_motor_cmds_s.c
[1.071s] -- Up-to-date: /home/alireza/thesis1/navigation_go2/go2_ws/install/unitree_go/lib/python3.8/site-packages/unitree_go/msg/_wireless_controller.py
[1.071s] -- Up-to-date: /home/alireza/thesis1/navigation_go2/go2_ws/install/unitree_go/lib/python3.8/site-packages/unitree_go/msg/_lidar_state_s.c
[1.071s] -- Up-to-date: /home/alireza/thesis1/navigation_go2/go2_ws/install/unitree_go/lib/python3.8/site-packages/unitree_go/msg/_time_spec_s.c
[1.071s] -- Up-to-date: /home/alireza/thesis1/navigation_go2/go2_ws/install/unitree_go/lib/python3.8/site-packages/unitree_go/msg/_uwb_switch_s.c
[1.071s] -- Up-to-date: /home/alireza/thesis1/navigation_go2/go2_ws/install/unitree_go/lib/python3.8/site-packages/unitree_go/msg/_time_spec.py
[1.071s] -- Up-to-date: /home/alireza/thesis1/navigation_go2/go2_ws/install/unitree_go/lib/python3.8/site-packages/unitree_go/msg/_res_s.c
[1.071s] -- Up-to-date: /home/alireza/thesis1/navigation_go2/go2_ws/install/unitree_go/lib/python3.8/site-packages/unitree_go/msg/_bms_state.py
[1.072s] -- Up-to-date: /home/alireza/thesis1/navigation_go2/go2_ws/install/unitree_go/lib/python3.8/site-packages/unitree_go/msg/_path_point.py
[1.072s] -- Up-to-date: /home/alireza/thesis1/navigation_go2/go2_ws/install/unitree_go/lib/python3.8/site-packages/unitree_go/msg/_audio_data_s.c
[1.072s] -- Up-to-date: /home/alireza/thesis1/navigation_go2/go2_ws/install/unitree_go/lib/python3.8/site-packages/unitree_go/msg/_motor_states.py
[1.072s] -- Up-to-date: /home/alireza/thesis1/navigation_go2/go2_ws/install/unitree_go/lib/python3.8/site-packages/unitree_go/msg/_path_point_s.c
[1.072s] -- Up-to-date: /home/alireza/thesis1/navigation_go2/go2_ws/install/unitree_go/lib/python3.8/site-packages/unitree_go/msg/_bms_cmd.py
[1.072s] -- Up-to-date: /home/alireza/thesis1/navigation_go2/go2_ws/install/unitree_go/lib/python3.8/site-packages/unitree_go/msg/_interface_config_s.c
[1.072s] -- Up-to-date: /home/alireza/thesis1/navigation_go2/go2_ws/install/unitree_go/lib/python3.8/site-packages/unitree_go/msg/_low_state_s.c
[1.072s] -- Up-to-date: /home/alireza/thesis1/navigation_go2/go2_ws/install/unitree_go/lib/python3.8/site-packages/unitree_go/unitree_go_s__rosidl_typesupport_fastrtps_c.cpython-38-x86_64-linux-gnu.so
[1.072s] -- Up-to-date: /home/alireza/thesis1/navigation_go2/go2_ws/install/unitree_go/lib/python3.8/site-packages/unitree_go/unitree_go_s__rosidl_typesupport_introspection_c.cpython-38-x86_64-linux-gnu.so
[1.073s] -- Up-to-date: /home/alireza/thesis1/navigation_go2/go2_ws/install/unitree_go/lib/python3.8/site-packages/unitree_go/unitree_go_s__rosidl_typesupport_c.cpython-38-x86_64-linux-gnu.so
[1.073s] -- Up-to-date: /home/alireza/thesis1/navigation_go2/go2_ws/install/unitree_go/lib/libunitree_go__python.so
[1.073s] -- Up-to-date: /home/alireza/thesis1/navigation_go2/go2_ws/install/unitree_go/share/unitree_go/msg/AudioData.idl
[1.073s] -- Up-to-date: /home/alireza/thesis1/navigation_go2/go2_ws/install/unitree_go/share/unitree_go/msg/BmsCmd.idl
[1.073s] -- Up-to-date: /home/alireza/thesis1/navigation_go2/go2_ws/install/unitree_go/share/unitree_go/msg/BmsState.idl
[1.073s] -- Up-to-date: /home/alireza/thesis1/navigation_go2/go2_ws/install/unitree_go/share/unitree_go/msg/Error.idl
[1.073s] -- Up-to-date: /home/alireza/thesis1/navigation_go2/go2_ws/install/unitree_go/share/unitree_go/msg/Go2FrontVideoData.idl
[1.073s] -- Up-to-date: /home/alireza/thesis1/navigation_go2/go2_ws/install/unitree_go/share/unitree_go/msg/HeightMap.idl
[1.074s] -- Up-to-date: /home/alireza/thesis1/navigation_go2/go2_ws/install/unitree_go/share/unitree_go/msg/IMUState.idl
[1.074s] -- Up-to-date: /home/alireza/thesis1/navigation_go2/go2_ws/install/unitree_go/share/unitree_go/msg/InterfaceConfig.idl
[1.074s] -- Up-to-date: /home/alireza/thesis1/navigation_go2/go2_ws/install/unitree_go/share/unitree_go/msg/LidarState.idl
[1.074s] -- Up-to-date: /home/alireza/thesis1/navigation_go2/go2_ws/install/unitree_go/share/unitree_go/msg/LowCmd.idl
[1.074s] -- Up-to-date: /home/alireza/thesis1/navigation_go2/go2_ws/install/unitree_go/share/unitree_go/msg/LowState.idl
[1.074s] -- Up-to-date: /home/alireza/thesis1/navigation_go2/go2_ws/install/unitree_go/share/unitree_go/msg/MotorCmd.idl
[1.074s] -- Up-to-date: /home/alireza/thesis1/navigation_go2/go2_ws/install/unitree_go/share/unitree_go/msg/MotorCmds.idl
[1.074s] -- Up-to-date: /home/alireza/thesis1/navigation_go2/go2_ws/install/unitree_go/share/unitree_go/msg/MotorState.idl
[1.075s] -- Up-to-date: /home/alireza/thesis1/navigation_go2/go2_ws/install/unitree_go/share/unitree_go/msg/MotorStates.idl
[1.075s] -- Up-to-date: /home/alireza/thesis1/navigation_go2/go2_ws/install/unitree_go/share/unitree_go/msg/PathPoint.idl
[1.075s] -- Up-to-date: /home/alireza/thesis1/navigation_go2/go2_ws/install/unitree_go/share/unitree_go/msg/Req.idl
[1.075s] -- Up-to-date: /home/alireza/thesis1/navigation_go2/go2_ws/install/unitree_go/share/unitree_go/msg/Res.idl
[1.075s] -- Up-to-date: /home/alireza/thesis1/navigation_go2/go2_ws/install/unitree_go/share/unitree_go/msg/SportModeCmd.idl
[1.075s] -- Up-to-date: /home/alireza/thesis1/navigation_go2/go2_ws/install/unitree_go/share/unitree_go/msg/SportModeState.idl
[1.075s] -- Up-to-date: /home/alireza/thesis1/navigation_go2/go2_ws/install/unitree_go/share/unitree_go/msg/TimeSpec.idl
[1.075s] -- Up-to-date: /home/alireza/thesis1/navigation_go2/go2_ws/install/unitree_go/share/unitree_go/msg/UwbState.idl
[1.075s] -- Up-to-date: /home/alireza/thesis1/navigation_go2/go2_ws/install/unitree_go/share/unitree_go/msg/UwbSwitch.idl
[1.076s] -- Up-to-date: /home/alireza/thesis1/navigation_go2/go2_ws/install/unitree_go/share/unitree_go/msg/WirelessController.idl
[1.076s] -- Up-to-date: /home/alireza/thesis1/navigation_go2/go2_ws/install/unitree_go/share/unitree_go/msg/AudioData.msg
[1.076s] -- Up-to-date: /home/alireza/thesis1/navigation_go2/go2_ws/install/unitree_go/share/unitree_go/msg/BmsCmd.msg
[1.076s] -- Up-to-date: /home/alireza/thesis1/navigation_go2/go2_ws/install/unitree_go/share/unitree_go/msg/BmsState.msg
[1.076s] -- Up-to-date: /home/alireza/thesis1/navigation_go2/go2_ws/install/unitree_go/share/unitree_go/msg/Error.msg
[1.076s] -- Up-to-date: /home/alireza/thesis1/navigation_go2/go2_ws/install/unitree_go/share/unitree_go/msg/Go2FrontVideoData.msg
[1.076s] -- Up-to-date: /home/alireza/thesis1/navigation_go2/go2_ws/install/unitree_go/share/unitree_go/msg/HeightMap.msg
[1.076s] -- Up-to-date: /home/alireza/thesis1/navigation_go2/go2_ws/install/unitree_go/share/unitree_go/msg/IMUState.msg
[1.076s] -- Up-to-date: /home/alireza/thesis1/navigation_go2/go2_ws/install/unitree_go/share/unitree_go/msg/InterfaceConfig.msg
[1.076s] -- Up-to-date: /home/alireza/thesis1/navigation_go2/go2_ws/install/unitree_go/share/unitree_go/msg/LidarState.msg
[1.076s] -- Up-to-date: /home/alireza/thesis1/navigation_go2/go2_ws/install/unitree_go/share/unitree_go/msg/LowCmd.msg
[1.076s] -- Up-to-date: /home/alireza/thesis1/navigation_go2/go2_ws/install/unitree_go/share/unitree_go/msg/LowState.msg
[1.077s] -- Up-to-date: /home/alireza/thesis1/navigation_go2/go2_ws/install/unitree_go/share/unitree_go/msg/MotorCmd.msg
[1.077s] -- Up-to-date: /home/alireza/thesis1/navigation_go2/go2_ws/install/unitree_go/share/unitree_go/msg/MotorCmds.msg
[1.077s] -- Up-to-date: /home/alireza/thesis1/navigation_go2/go2_ws/install/unitree_go/share/unitree_go/msg/MotorState.msg
[1.077s] -- Up-to-date: /home/alireza/thesis1/navigation_go2/go2_ws/install/unitree_go/share/unitree_go/msg/MotorStates.msg
[1.077s] -- Up-to-date: /home/alireza/thesis1/navigation_go2/go2_ws/install/unitree_go/share/unitree_go/msg/PathPoint.msg
[1.077s] -- Up-to-date: /home/alireza/thesis1/navigation_go2/go2_ws/install/unitree_go/share/unitree_go/msg/Req.msg
[1.077s] -- Up-to-date: /home/alireza/thesis1/navigation_go2/go2_ws/install/unitree_go/share/unitree_go/msg/Res.msg
[1.077s] -- Up-to-date: /home/alireza/thesis1/navigation_go2/go2_ws/install/unitree_go/share/unitree_go/msg/SportModeCmd.msg
[1.077s] -- Up-to-date: /home/alireza/thesis1/navigation_go2/go2_ws/install/unitree_go/share/unitree_go/msg/SportModeState.msg
[1.077s] -- Up-to-date: /home/alireza/thesis1/navigation_go2/go2_ws/install/unitree_go/share/unitree_go/msg/TimeSpec.msg
[1.077s] -- Up-to-date: /home/alireza/thesis1/navigation_go2/go2_ws/install/unitree_go/share/unitree_go/msg/UwbState.msg
[1.077s] -- Up-to-date: /home/alireza/thesis1/navigation_go2/go2_ws/install/unitree_go/share/unitree_go/msg/UwbSwitch.msg
[1.077s] -- Up-to-date: /home/alireza/thesis1/navigation_go2/go2_ws/install/unitree_go/share/unitree_go/msg/WirelessController.msg
[1.077s] -- Up-to-date: /home/alireza/thesis1/navigation_go2/go2_ws/install/unitree_go/share/ament_index/resource_index/package_run_dependencies/unitree_go
[1.078s] -- Up-to-date: /home/alireza/thesis1/navigation_go2/go2_ws/install/unitree_go/share/ament_index/resource_index/parent_prefix_path/unitree_go
[1.078s] -- Up-to-date: /home/alireza/thesis1/navigation_go2/go2_ws/install/unitree_go/share/unitree_go/environment/ament_prefix_path.sh
[1.078s] -- Up-to-date: /home/alireza/thesis1/navigation_go2/go2_ws/install/unitree_go/share/unitree_go/environment/ament_prefix_path.dsv
[1.078s] -- Up-to-date: /home/alireza/thesis1/navigation_go2/go2_ws/install/unitree_go/share/unitree_go/environment/path.sh
[1.078s] -- Up-to-date: /home/alireza/thesis1/navigation_go2/go2_ws/install/unitree_go/share/unitree_go/environment/path.dsv
[1.078s] -- Up-to-date: /home/alireza/thesis1/navigation_go2/go2_ws/install/unitree_go/share/unitree_go/local_setup.bash
[1.078s] -- Up-to-date: /home/alireza/thesis1/navigation_go2/go2_ws/install/unitree_go/share/unitree_go/local_setup.sh
[1.078s] -- Up-to-date: /home/alireza/thesis1/navigation_go2/go2_ws/install/unitree_go/share/unitree_go/local_setup.zsh
[1.078s] -- Up-to-date: /home/alireza/thesis1/navigation_go2/go2_ws/install/unitree_go/share/unitree_go/local_setup.dsv
[1.078s] -- Installing: /home/alireza/thesis1/navigation_go2/go2_ws/install/unitree_go/share/unitree_go/package.dsv
[1.078s] -- Up-to-date: /home/alireza/thesis1/navigation_go2/go2_ws/install/unitree_go/share/ament_index/resource_index/packages/unitree_go
[1.078s] -- Up-to-date: /home/alireza/thesis1/navigation_go2/go2_ws/install/unitree_go/share/unitree_go/cmake/unitree_go__rosidl_generator_cExport.cmake
[1.078s] -- Up-to-date: /home/alireza/thesis1/navigation_go2/go2_ws/install/unitree_go/share/unitree_go/cmake/unitree_go__rosidl_generator_cExport-noconfig.cmake
[1.078s] -- Up-to-date: /home/alireza/thesis1/navigation_go2/go2_ws/install/unitree_go/share/unitree_go/cmake/unitree_go__rosidl_typesupport_introspection_cExport.cmake
[1.078s] -- Up-to-date: /home/alireza/thesis1/navigation_go2/go2_ws/install/unitree_go/share/unitree_go/cmake/unitree_go__rosidl_typesupport_introspection_cExport-noconfig.cmake
[1.079s] -- Up-to-date: /home/alireza/thesis1/navigation_go2/go2_ws/install/unitree_go/share/unitree_go/cmake/unitree_go__rosidl_typesupport_cExport.cmake
[1.079s] -- Up-to-date: /home/alireza/thesis1/navigation_go2/go2_ws/install/unitree_go/share/unitree_go/cmake/unitree_go__rosidl_typesupport_cExport-noconfig.cmake
[1.079s] -- Up-to-date: /home/alireza/thesis1/navigation_go2/go2_ws/install/unitree_go/share/unitree_go/cmake/unitree_go__rosidl_generator_cppExport.cmake
[1.079s] -- Up-to-date: /home/alireza/thesis1/navigation_go2/go2_ws/install/unitree_go/share/unitree_go/cmake/unitree_go__rosidl_typesupport_introspection_cppExport.cmake
[1.079s] -- Up-to-date: /home/alireza/thesis1/navigation_go2/go2_ws/install/unitree_go/share/unitree_go/cmake/unitree_go__rosidl_typesupport_introspection_cppExport-noconfig.cmake
[1.079s] -- Up-to-date: /home/alireza/thesis1/navigation_go2/go2_ws/install/unitree_go/share/unitree_go/cmake/unitree_go__rosidl_typesupport_cppExport.cmake
[1.079s] -- Up-to-date: /home/alireza/thesis1/navigation_go2/go2_ws/install/unitree_go/share/unitree_go/cmake/unitree_go__rosidl_typesupport_cppExport-noconfig.cmake
[1.079s] -- Up-to-date: /home/alireza/thesis1/navigation_go2/go2_ws/install/unitree_go/share/unitree_go/cmake/rosidl_cmake-extras.cmake
[1.079s] -- Up-to-date: /home/alireza/thesis1/navigation_go2/go2_ws/install/unitree_go/share/unitree_go/cmake/ament_cmake_export_dependencies-extras.cmake
[1.079s] -- Up-to-date: /home/alireza/thesis1/navigation_go2/go2_ws/install/unitree_go/share/unitree_go/cmake/ament_cmake_export_libraries-extras.cmake
[1.079s] -- Up-to-date: /home/alireza/thesis1/navigation_go2/go2_ws/install/unitree_go/share/unitree_go/cmake/ament_cmake_export_targets-extras.cmake
[1.079s] -- Up-to-date: /home/alireza/thesis1/navigation_go2/go2_ws/install/unitree_go/share/unitree_go/cmake/ament_cmake_export_include_directories-extras.cmake
[1.080s] -- Up-to-date: /home/alireza/thesis1/navigation_go2/go2_ws/install/unitree_go/share/unitree_go/cmake/rosidl_cmake_export_typesupport_libraries-extras.cmake
[1.080s] -- Up-to-date: /home/alireza/thesis1/navigation_go2/go2_ws/install/unitree_go/share/unitree_go/cmake/rosidl_cmake_export_typesupport_targets-extras.cmake
[1.080s] -- Up-to-date: /home/alireza/thesis1/navigation_go2/go2_ws/install/unitree_go/share/unitree_go/cmake/unitree_goConfig.cmake
[1.080s] -- Up-to-date: /home/alireza/thesis1/navigation_go2/go2_ws/install/unitree_go/share/unitree_go/cmake/unitree_goConfig-version.cmake
[1.080s] -- Up-to-date: /home/alireza/thesis1/navigation_go2/go2_ws/install/unitree_go/share/unitree_go/package.xml
[1.082s] Invoked command in '/home/alireza/thesis1/navigation_go2/go2_ws/build/unitree_go' returned '0': CMAKE_PREFIX_PATH=/opt/ros/foxy /usr/bin/cmake --install /home/alireza/thesis1/navigation_go2/go2_ws/build/unitree_go
