[0.058s] Invoking command in '/home/alireza/thesis1/navigation_go2/go2_ws/build/unitree_hg': CMAKE_PREFIX_PATH=${CMAKE_PREFIX_PATH}:/opt/ros/foxy /usr/bin/cmake /home/alireza/thesis1/navigation_go2/go2_ws/src/unitree_hg -DROS_EDITION=ROS2 -DCMAKE_INSTALL_PREFIX=/home/alireza/thesis1/navigation_go2/go2_ws/install/unitree_hg
[0.094s] -- Found ament_cmake: 0.9.12 (/opt/ros/foxy/share/ament_cmake/cmake)
[0.156s] -- Found PythonInterp: /usr/bin/python3 (found suitable version "3.8.10", minimum required is "3") 
[0.157s] -- Using PYTHON_EXECUTABLE: /usr/bin/python3
[0.568s] -- Found geometry_msgs: 2.0.5 (/opt/ros/foxy/share/geometry_msgs/cmake)
[0.626s] -- Using all available rosidl_typesupport_c: rosidl_typesupport_fastrtps_c;rosidl_typesupport_introspection_c
[0.630s] -- Found rosidl_adapter: 1.3.1 (/opt/ros/foxy/share/rosidl_adapter/cmake)
[0.921s] -- Using all available rosidl_typesupport_cpp: rosidl_typesupport_fastrtps_cpp;rosidl_typesupport_introspection_cpp
[1.051s] -- Found rosidl_default_generators: 1.0.1 (/opt/ros/foxy/share/rosidl_default_generators/cmake)
[1.100s] -- Found PythonInterp: /usr/bin/python3 (found version "3.8.10") 
[1.642s] -- Found ament_cmake_ros: 0.9.2 (/opt/ros/foxy/share/ament_cmake_ros/cmake)
[3.027s] -- Using all available rosidl_typesupport_c: rosidl_typesupport_fastrtps_c;rosidl_typesupport_introspection_c
[3.492s] -- Using all available rosidl_typesupport_cpp: rosidl_typesupport_fastrtps_cpp;rosidl_typesupport_introspection_cpp
[3.534s] -- Found PythonInterp: /usr/bin/python3 (found suitable version "3.8.10", minimum required is "3.5") 
[3.535s] -- Found python_cmake_module: 0.8.1 (/opt/ros/foxy/share/python_cmake_module/cmake)
[3.565s] -- Using PYTHON_EXECUTABLE: /usr/bin/python3
[3.565s] -- Using PYTHON_INCLUDE_DIRS: /usr/include/python3.8
[3.566s] -- Using PYTHON_LIBRARIES: /usr/lib/x86_64-linux-gnu/libpython3.8.so
[3.641s] -- Found ament_lint_auto: 0.9.8 (/opt/ros/foxy/share/ament_lint_auto/cmake)
[3.656s] -- Added test 'copyright' to check source files copyright and LICENSE
[3.658s] -- Added test 'lint_cmake' to check CMake code style
[3.659s] -- Added test 'xmllint' to check XML markup files
[3.665s] -- Configuring done
[3.830s] -- Generating done
[3.842s] CMake Warning:
[3.842s]   Manually-specified variables were not used by the project:
[3.842s] 
[3.842s]     ROS_EDITION
[3.842s] 
[3.843s] 
[3.877s] -- Build files have been written to: /home/alireza/thesis1/navigation_go2/go2_ws/build/unitree_hg
[3.897s] Invoked command in '/home/alireza/thesis1/navigation_go2/go2_ws/build/unitree_hg' returned '0': CMAKE_PREFIX_PATH=${CMAKE_PREFIX_PATH}:/opt/ros/foxy /usr/bin/cmake /home/alireza/thesis1/navigation_go2/go2_ws/src/unitree_hg -DROS_EDITION=ROS2 -DCMAKE_INSTALL_PREFIX=/home/alireza/thesis1/navigation_go2/go2_ws/install/unitree_hg
[3.898s] Invoking command in '/home/alireza/thesis1/navigation_go2/go2_ws/build/unitree_hg': CMAKE_PREFIX_PATH=${CMAKE_PREFIX_PATH}:/opt/ros/foxy /usr/bin/cmake --build /home/alireza/thesis1/navigation_go2/go2_ws/build/unitree_hg -- -j8 -l8
[4.024s] [  0%] Built target unitree_hg__cpp
[4.031s] [ 12%] Built target unitree_hg__rosidl_generator_c
[4.095s] [ 35%] Built target unitree_hg__rosidl_typesupport_introspection_cpp
[4.096s] [ 35%] Built target unitree_hg__rosidl_typesupport_fastrtps_cpp
[4.097s] [ 47%] Built target unitree_hg__rosidl_typesupport_c
[4.100s] [ 59%] Built target unitree_hg__rosidl_typesupport_introspection_c
[4.113s] [ 71%] Built target unitree_hg__rosidl_typesupport_cpp
[4.142s] [ 83%] Built target unitree_hg__rosidl_typesupport_fastrtps_c
[4.172s] [ 83%] Built target unitree_hg
[4.220s] [ 84%] Built target unitree_hg__py
[4.306s] [ 95%] Built target unitree_hg__python
[4.320s] [ 97%] Built target unitree_hg__rosidl_typesupport_introspection_c__pyext
[4.326s] [ 98%] Built target unitree_hg__rosidl_typesupport_c__pyext
[4.345s] [100%] Built target unitree_hg__rosidl_typesupport_fastrtps_c__pyext
[4.388s] Invoked command in '/home/alireza/thesis1/navigation_go2/go2_ws/build/unitree_hg' returned '0': CMAKE_PREFIX_PATH=${CMAKE_PREFIX_PATH}:/opt/ros/foxy /usr/bin/cmake --build /home/alireza/thesis1/navigation_go2/go2_ws/build/unitree_hg -- -j8 -l8
[4.389s] Invoking command in '/home/alireza/thesis1/navigation_go2/go2_ws/build/unitree_hg': CMAKE_PREFIX_PATH=${CMAKE_PREFIX_PATH}:/opt/ros/foxy /usr/bin/cmake --install /home/alireza/thesis1/navigation_go2/go2_ws/build/unitree_hg
[4.401s] -- Install configuration: ""
[4.402s] -- Up-to-date: /home/alireza/thesis1/navigation_go2/go2_ws/install/unitree_hg/share/ament_index/resource_index/rosidl_interfaces/unitree_hg
[4.402s] -- Up-to-date: /home/alireza/thesis1/navigation_go2/go2_ws/install/unitree_hg/include/unitree_hg
[4.402s] -- Up-to-date: /home/alireza/thesis1/navigation_go2/go2_ws/install/unitree_hg/include/unitree_hg/msg
[4.403s] -- Up-to-date: /home/alireza/thesis1/navigation_go2/go2_ws/install/unitree_hg/include/unitree_hg/msg/press_sensor_state.h
[4.403s] -- Up-to-date: /home/alireza/thesis1/navigation_go2/go2_ws/install/unitree_hg/include/unitree_hg/msg/motor_state.h
[4.404s] -- Up-to-date: /home/alireza/thesis1/navigation_go2/go2_ws/install/unitree_hg/include/unitree_hg/msg/hand_state.h
[4.404s] -- Up-to-date: /home/alireza/thesis1/navigation_go2/go2_ws/install/unitree_hg/include/unitree_hg/msg/bms_state.h
[4.404s] -- Up-to-date: /home/alireza/thesis1/navigation_go2/go2_ws/install/unitree_hg/include/unitree_hg/msg/motor_cmd.h
[4.404s] -- Up-to-date: /home/alireza/thesis1/navigation_go2/go2_ws/install/unitree_hg/include/unitree_hg/msg/imu_state.h
[4.405s] -- Up-to-date: /home/alireza/thesis1/navigation_go2/go2_ws/install/unitree_hg/include/unitree_hg/msg/low_state.h
[4.405s] -- Up-to-date: /home/alireza/thesis1/navigation_go2/go2_ws/install/unitree_hg/include/unitree_hg/msg/detail
[4.405s] -- Up-to-date: /home/alireza/thesis1/navigation_go2/go2_ws/install/unitree_hg/include/unitree_hg/msg/detail/imu_state__struct.h
[4.405s] -- Up-to-date: /home/alireza/thesis1/navigation_go2/go2_ws/install/unitree_hg/include/unitree_hg/msg/detail/main_board_state__functions.c
[4.405s] -- Up-to-date: /home/alireza/thesis1/navigation_go2/go2_ws/install/unitree_hg/include/unitree_hg/msg/detail/motor_state__functions.h
[4.405s] -- Up-to-date: /home/alireza/thesis1/navigation_go2/go2_ws/install/unitree_hg/include/unitree_hg/msg/detail/bms_state__functions.h
[4.405s] -- Up-to-date: /home/alireza/thesis1/navigation_go2/go2_ws/install/unitree_hg/include/unitree_hg/msg/detail/hand_cmd__functions.c
[4.405s] -- Up-to-date: /home/alireza/thesis1/navigation_go2/go2_ws/install/unitree_hg/include/unitree_hg/msg/detail/bms_state__functions.c
[4.406s] -- Up-to-date: /home/alireza/thesis1/navigation_go2/go2_ws/install/unitree_hg/include/unitree_hg/msg/detail/bms_cmd__struct.h
[4.406s] -- Up-to-date: /home/alireza/thesis1/navigation_go2/go2_ws/install/unitree_hg/include/unitree_hg/msg/detail/motor_state__struct.h
[4.406s] -- Up-to-date: /home/alireza/thesis1/navigation_go2/go2_ws/install/unitree_hg/include/unitree_hg/msg/detail/motor_cmd__functions.c
[4.406s] -- Up-to-date: /home/alireza/thesis1/navigation_go2/go2_ws/install/unitree_hg/include/unitree_hg/msg/detail/press_sensor_state__type_support.h
[4.406s] -- Up-to-date: /home/alireza/thesis1/navigation_go2/go2_ws/install/unitree_hg/include/unitree_hg/msg/detail/main_board_state__type_support.h
[4.406s] -- Up-to-date: /home/alireza/thesis1/navigation_go2/go2_ws/install/unitree_hg/include/unitree_hg/msg/detail/motor_state__type_support.h
[4.407s] -- Up-to-date: /home/alireza/thesis1/navigation_go2/go2_ws/install/unitree_hg/include/unitree_hg/msg/detail/press_sensor_state__functions.h
[4.408s] -- Up-to-date: /home/alireza/thesis1/navigation_go2/go2_ws/install/unitree_hg/include/unitree_hg/msg/detail/low_cmd__functions.c
[4.408s] -- Up-to-date: /home/alireza/thesis1/navigation_go2/go2_ws/install/unitree_hg/include/unitree_hg/msg/detail/hand_cmd__struct.h
[4.408s] -- Up-to-date: /home/alireza/thesis1/navigation_go2/go2_ws/install/unitree_hg/include/unitree_hg/msg/detail/hand_state__type_support.h
[4.408s] -- Up-to-date: /home/alireza/thesis1/navigation_go2/go2_ws/install/unitree_hg/include/unitree_hg/msg/detail/motor_cmd__struct.h
[4.408s] -- Up-to-date: /home/alireza/thesis1/navigation_go2/go2_ws/install/unitree_hg/include/unitree_hg/msg/detail/low_state__functions.c
[4.409s] -- Up-to-date: /home/alireza/thesis1/navigation_go2/go2_ws/install/unitree_hg/include/unitree_hg/msg/detail/motor_cmd__functions.h
[4.409s] -- Up-to-date: /home/alireza/thesis1/navigation_go2/go2_ws/install/unitree_hg/include/unitree_hg/msg/detail/low_state__functions.h
[4.409s] -- Up-to-date: /home/alireza/thesis1/navigation_go2/go2_ws/install/unitree_hg/include/unitree_hg/msg/detail/imu_state__functions.h
[4.409s] -- Up-to-date: /home/alireza/thesis1/navigation_go2/go2_ws/install/unitree_hg/include/unitree_hg/msg/detail/press_sensor_state__struct.h
[4.409s] -- Up-to-date: /home/alireza/thesis1/navigation_go2/go2_ws/install/unitree_hg/include/unitree_hg/msg/detail/bms_state__type_support.h
[4.409s] -- Up-to-date: /home/alireza/thesis1/navigation_go2/go2_ws/install/unitree_hg/include/unitree_hg/msg/detail/hand_cmd__type_support.h
[4.410s] -- Up-to-date: /home/alireza/thesis1/navigation_go2/go2_ws/install/unitree_hg/include/unitree_hg/msg/detail/hand_state__struct.h
[4.410s] -- Up-to-date: /home/alireza/thesis1/navigation_go2/go2_ws/install/unitree_hg/include/unitree_hg/msg/detail/imu_state__functions.c
[4.410s] -- Up-to-date: /home/alireza/thesis1/navigation_go2/go2_ws/install/unitree_hg/include/unitree_hg/msg/detail/main_board_state__functions.h
[4.411s] -- Up-to-date: /home/alireza/thesis1/navigation_go2/go2_ws/install/unitree_hg/include/unitree_hg/msg/detail/hand_state__functions.c
[4.411s] -- Up-to-date: /home/alireza/thesis1/navigation_go2/go2_ws/install/unitree_hg/include/unitree_hg/msg/detail/hand_state__functions.h
[4.411s] -- Up-to-date: /home/alireza/thesis1/navigation_go2/go2_ws/install/unitree_hg/include/unitree_hg/msg/detail/imu_state__type_support.h
[4.411s] -- Up-to-date: /home/alireza/thesis1/navigation_go2/go2_ws/install/unitree_hg/include/unitree_hg/msg/detail/press_sensor_state__functions.c
[4.414s] -- Up-to-date: /home/alireza/thesis1/navigation_go2/go2_ws/install/unitree_hg/include/unitree_hg/msg/detail/motor_cmd__type_support.h
[4.414s] -- Up-to-date: /home/alireza/thesis1/navigation_go2/go2_ws/install/unitree_hg/include/unitree_hg/msg/detail/low_cmd__type_support.h
[4.414s] -- Up-to-date: /home/alireza/thesis1/navigation_go2/go2_ws/install/unitree_hg/include/unitree_hg/msg/detail/bms_state__struct.h
[4.415s] -- Up-to-date: /home/alireza/thesis1/navigation_go2/go2_ws/install/unitree_hg/include/unitree_hg/msg/detail/low_cmd__struct.h
[4.415s] -- Up-to-date: /home/alireza/thesis1/navigation_go2/go2_ws/install/unitree_hg/include/unitree_hg/msg/detail/hand_cmd__functions.h
[4.415s] -- Up-to-date: /home/alireza/thesis1/navigation_go2/go2_ws/install/unitree_hg/include/unitree_hg/msg/detail/low_state__struct.h
[4.415s] -- Up-to-date: /home/alireza/thesis1/navigation_go2/go2_ws/install/unitree_hg/include/unitree_hg/msg/detail/bms_cmd__functions.c
[4.415s] -- Up-to-date: /home/alireza/thesis1/navigation_go2/go2_ws/install/unitree_hg/include/unitree_hg/msg/detail/low_cmd__functions.h
[4.415s] -- Up-to-date: /home/alireza/thesis1/navigation_go2/go2_ws/install/unitree_hg/include/unitree_hg/msg/detail/bms_cmd__functions.h
[4.415s] -- Up-to-date: /home/alireza/thesis1/navigation_go2/go2_ws/install/unitree_hg/include/unitree_hg/msg/detail/bms_cmd__type_support.h
[4.416s] -- Up-to-date: /home/alireza/thesis1/navigation_go2/go2_ws/install/unitree_hg/include/unitree_hg/msg/detail/motor_state__functions.c
[4.416s] -- Up-to-date: /home/alireza/thesis1/navigation_go2/go2_ws/install/unitree_hg/include/unitree_hg/msg/detail/low_state__type_support.h
[4.416s] -- Up-to-date: /home/alireza/thesis1/navigation_go2/go2_ws/install/unitree_hg/include/unitree_hg/msg/detail/main_board_state__struct.h
[4.418s] -- Up-to-date: /home/alireza/thesis1/navigation_go2/go2_ws/install/unitree_hg/include/unitree_hg/msg/main_board_state.h
[4.418s] -- Up-to-date: /home/alireza/thesis1/navigation_go2/go2_ws/install/unitree_hg/include/unitree_hg/msg/bms_cmd.h
[4.418s] -- Up-to-date: /home/alireza/thesis1/navigation_go2/go2_ws/install/unitree_hg/include/unitree_hg/msg/low_cmd.h
[4.418s] -- Up-to-date: /home/alireza/thesis1/navigation_go2/go2_ws/install/unitree_hg/include/unitree_hg/msg/rosidl_generator_c__visibility_control.h
[4.418s] -- Up-to-date: /home/alireza/thesis1/navigation_go2/go2_ws/install/unitree_hg/include/unitree_hg/msg/hand_cmd.h
[4.418s] -- Up-to-date: /home/alireza/thesis1/navigation_go2/go2_ws/install/unitree_hg/share/unitree_hg/environment/library_path.sh
[4.419s] -- Installing: /home/alireza/thesis1/navigation_go2/go2_ws/install/unitree_hg/share/unitree_hg/environment/library_path.dsv
[4.419s] -- Up-to-date: /home/alireza/thesis1/navigation_go2/go2_ws/install/unitree_hg/lib/libunitree_hg__rosidl_generator_c.so
[4.419s] -- Up-to-date: /home/alireza/thesis1/navigation_go2/go2_ws/install/unitree_hg/include/unitree_hg
[4.419s] -- Up-to-date: /home/alireza/thesis1/navigation_go2/go2_ws/install/unitree_hg/include/unitree_hg/msg
[4.419s] -- Up-to-date: /home/alireza/thesis1/navigation_go2/go2_ws/install/unitree_hg/include/unitree_hg/msg/detail
[4.419s] -- Up-to-date: /home/alireza/thesis1/navigation_go2/go2_ws/install/unitree_hg/include/unitree_hg/msg/detail/imu_state__rosidl_typesupport_fastrtps_c.h
[4.419s] -- Up-to-date: /home/alireza/thesis1/navigation_go2/go2_ws/install/unitree_hg/include/unitree_hg/msg/detail/hand_state__rosidl_typesupport_fastrtps_c.h
[4.419s] -- Up-to-date: /home/alireza/thesis1/navigation_go2/go2_ws/install/unitree_hg/include/unitree_hg/msg/detail/motor_cmd__rosidl_typesupport_fastrtps_c.h
[4.420s] -- Up-to-date: /home/alireza/thesis1/navigation_go2/go2_ws/install/unitree_hg/include/unitree_hg/msg/detail/press_sensor_state__rosidl_typesupport_fastrtps_c.h
[4.420s] -- Up-to-date: /home/alireza/thesis1/navigation_go2/go2_ws/install/unitree_hg/include/unitree_hg/msg/detail/hand_cmd__rosidl_typesupport_fastrtps_c.h
[4.420s] -- Up-to-date: /home/alireza/thesis1/navigation_go2/go2_ws/install/unitree_hg/include/unitree_hg/msg/detail/low_cmd__rosidl_typesupport_fastrtps_c.h
[4.420s] -- Up-to-date: /home/alireza/thesis1/navigation_go2/go2_ws/install/unitree_hg/include/unitree_hg/msg/detail/low_state__rosidl_typesupport_fastrtps_c.h
[4.421s] -- Up-to-date: /home/alireza/thesis1/navigation_go2/go2_ws/install/unitree_hg/include/unitree_hg/msg/detail/motor_state__rosidl_typesupport_fastrtps_c.h
[4.421s] -- Up-to-date: /home/alireza/thesis1/navigation_go2/go2_ws/install/unitree_hg/include/unitree_hg/msg/detail/bms_state__rosidl_typesupport_fastrtps_c.h
[4.421s] -- Up-to-date: /home/alireza/thesis1/navigation_go2/go2_ws/install/unitree_hg/include/unitree_hg/msg/detail/main_board_state__rosidl_typesupport_fastrtps_c.h
[4.421s] -- Up-to-date: /home/alireza/thesis1/navigation_go2/go2_ws/install/unitree_hg/include/unitree_hg/msg/detail/bms_cmd__rosidl_typesupport_fastrtps_c.h
[4.422s] -- Up-to-date: /home/alireza/thesis1/navigation_go2/go2_ws/install/unitree_hg/include/unitree_hg/msg/rosidl_typesupport_fastrtps_c__visibility_control.h
[4.422s] -- Up-to-date: /home/alireza/thesis1/navigation_go2/go2_ws/install/unitree_hg/lib/libunitree_hg__rosidl_typesupport_fastrtps_c.so
[4.423s] -- Up-to-date: /home/alireza/thesis1/navigation_go2/go2_ws/install/unitree_hg/include/unitree_hg
[4.423s] -- Up-to-date: /home/alireza/thesis1/navigation_go2/go2_ws/install/unitree_hg/include/unitree_hg/msg
[4.423s] -- Up-to-date: /home/alireza/thesis1/navigation_go2/go2_ws/install/unitree_hg/include/unitree_hg/msg/rosidl_typesupport_fastrtps_cpp__visibility_control.h
[4.424s] -- Up-to-date: /home/alireza/thesis1/navigation_go2/go2_ws/install/unitree_hg/include/unitree_hg/msg/detail
[4.424s] -- Up-to-date: /home/alireza/thesis1/navigation_go2/go2_ws/install/unitree_hg/include/unitree_hg/msg/detail/imu_state__rosidl_typesupport_fastrtps_cpp.hpp
[4.424s] -- Up-to-date: /home/alireza/thesis1/navigation_go2/go2_ws/install/unitree_hg/include/unitree_hg/msg/detail/press_sensor_state__rosidl_typesupport_fastrtps_cpp.hpp
[4.424s] -- Up-to-date: /home/alireza/thesis1/navigation_go2/go2_ws/install/unitree_hg/include/unitree_hg/msg/detail/main_board_state__rosidl_typesupport_fastrtps_cpp.hpp
[4.426s] -- Up-to-date: /home/alireza/thesis1/navigation_go2/go2_ws/install/unitree_hg/include/unitree_hg/msg/detail/hand_cmd__rosidl_typesupport_fastrtps_cpp.hpp
[4.426s] -- Up-to-date: /home/alireza/thesis1/navigation_go2/go2_ws/install/unitree_hg/include/unitree_hg/msg/detail/bms_cmd__rosidl_typesupport_fastrtps_cpp.hpp
[4.426s] -- Up-to-date: /home/alireza/thesis1/navigation_go2/go2_ws/install/unitree_hg/include/unitree_hg/msg/detail/motor_state__rosidl_typesupport_fastrtps_cpp.hpp
[4.426s] -- Up-to-date: /home/alireza/thesis1/navigation_go2/go2_ws/install/unitree_hg/include/unitree_hg/msg/detail/bms_state__rosidl_typesupport_fastrtps_cpp.hpp
[4.426s] -- Up-to-date: /home/alireza/thesis1/navigation_go2/go2_ws/install/unitree_hg/include/unitree_hg/msg/detail/motor_cmd__rosidl_typesupport_fastrtps_cpp.hpp
[4.427s] -- Up-to-date: /home/alireza/thesis1/navigation_go2/go2_ws/install/unitree_hg/include/unitree_hg/msg/detail/dds_fastrtps
[4.427s] -- Up-to-date: /home/alireza/thesis1/navigation_go2/go2_ws/install/unitree_hg/include/unitree_hg/msg/detail/low_cmd__rosidl_typesupport_fastrtps_cpp.hpp
[4.427s] -- Up-to-date: /home/alireza/thesis1/navigation_go2/go2_ws/install/unitree_hg/include/unitree_hg/msg/detail/low_state__rosidl_typesupport_fastrtps_cpp.hpp
[4.427s] -- Up-to-date: /home/alireza/thesis1/navigation_go2/go2_ws/install/unitree_hg/include/unitree_hg/msg/detail/hand_state__rosidl_typesupport_fastrtps_cpp.hpp
[4.427s] -- Up-to-date: /home/alireza/thesis1/navigation_go2/go2_ws/install/unitree_hg/lib/libunitree_hg__rosidl_typesupport_fastrtps_cpp.so
[4.427s] -- Up-to-date: /home/alireza/thesis1/navigation_go2/go2_ws/install/unitree_hg/include/unitree_hg
[4.427s] -- Up-to-date: /home/alireza/thesis1/navigation_go2/go2_ws/install/unitree_hg/include/unitree_hg/msg
[4.428s] -- Up-to-date: /home/alireza/thesis1/navigation_go2/go2_ws/install/unitree_hg/include/unitree_hg/msg/rosidl_typesupport_introspection_c__visibility_control.h
[4.428s] -- Up-to-date: /home/alireza/thesis1/navigation_go2/go2_ws/install/unitree_hg/include/unitree_hg/msg/detail
[4.428s] -- Up-to-date: /home/alireza/thesis1/navigation_go2/go2_ws/install/unitree_hg/include/unitree_hg/msg/detail/press_sensor_state__rosidl_typesupport_introspection_c.h
[4.428s] -- Up-to-date: /home/alireza/thesis1/navigation_go2/go2_ws/install/unitree_hg/include/unitree_hg/msg/detail/hand_cmd__rosidl_typesupport_introspection_c.h
[4.428s] -- Up-to-date: /home/alireza/thesis1/navigation_go2/go2_ws/install/unitree_hg/include/unitree_hg/msg/detail/bms_cmd__type_support.c
[4.428s] -- Up-to-date: /home/alireza/thesis1/navigation_go2/go2_ws/install/unitree_hg/include/unitree_hg/msg/detail/low_cmd__rosidl_typesupport_introspection_c.h
[4.428s] -- Up-to-date: /home/alireza/thesis1/navigation_go2/go2_ws/install/unitree_hg/include/unitree_hg/msg/detail/imu_state__rosidl_typesupport_introspection_c.h
[4.428s] -- Up-to-date: /home/alireza/thesis1/navigation_go2/go2_ws/install/unitree_hg/include/unitree_hg/msg/detail/motor_state__type_support.c
[4.429s] -- Up-to-date: /home/alireza/thesis1/navigation_go2/go2_ws/install/unitree_hg/include/unitree_hg/msg/detail/bms_state__rosidl_typesupport_introspection_c.h
[4.429s] -- Up-to-date: /home/alireza/thesis1/navigation_go2/go2_ws/install/unitree_hg/include/unitree_hg/msg/detail/bms_state__type_support.c
[4.429s] -- Up-to-date: /home/alireza/thesis1/navigation_go2/go2_ws/install/unitree_hg/include/unitree_hg/msg/detail/low_cmd__type_support.c
[4.432s] -- Up-to-date: /home/alireza/thesis1/navigation_go2/go2_ws/install/unitree_hg/include/unitree_hg/msg/detail/motor_state__rosidl_typesupport_introspection_c.h
[4.432s] -- Up-to-date: /home/alireza/thesis1/navigation_go2/go2_ws/install/unitree_hg/include/unitree_hg/msg/detail/bms_cmd__rosidl_typesupport_introspection_c.h
[4.433s] -- Up-to-date: /home/alireza/thesis1/navigation_go2/go2_ws/install/unitree_hg/include/unitree_hg/msg/detail/motor_cmd__rosidl_typesupport_introspection_c.h
[4.433s] -- Up-to-date: /home/alireza/thesis1/navigation_go2/go2_ws/install/unitree_hg/include/unitree_hg/msg/detail/low_state__rosidl_typesupport_introspection_c.h
[4.433s] -- Up-to-date: /home/alireza/thesis1/navigation_go2/go2_ws/install/unitree_hg/include/unitree_hg/msg/detail/main_board_state__rosidl_typesupport_introspection_c.h
[4.433s] -- Up-to-date: /home/alireza/thesis1/navigation_go2/go2_ws/install/unitree_hg/include/unitree_hg/msg/detail/motor_cmd__type_support.c
[4.433s] -- Up-to-date: /home/alireza/thesis1/navigation_go2/go2_ws/install/unitree_hg/include/unitree_hg/msg/detail/hand_state__rosidl_typesupport_introspection_c.h
[4.433s] -- Up-to-date: /home/alireza/thesis1/navigation_go2/go2_ws/install/unitree_hg/include/unitree_hg/msg/detail/imu_state__type_support.c
[4.433s] -- Up-to-date: /home/alireza/thesis1/navigation_go2/go2_ws/install/unitree_hg/include/unitree_hg/msg/detail/press_sensor_state__type_support.c
[4.433s] -- Up-to-date: /home/alireza/thesis1/navigation_go2/go2_ws/install/unitree_hg/include/unitree_hg/msg/detail/low_state__type_support.c
[4.433s] -- Up-to-date: /home/alireza/thesis1/navigation_go2/go2_ws/install/unitree_hg/include/unitree_hg/msg/detail/hand_state__type_support.c
[4.433s] -- Up-to-date: /home/alireza/thesis1/navigation_go2/go2_ws/install/unitree_hg/include/unitree_hg/msg/detail/hand_cmd__type_support.c
[4.433s] -- Up-to-date: /home/alireza/thesis1/navigation_go2/go2_ws/install/unitree_hg/include/unitree_hg/msg/detail/main_board_state__type_support.c
[4.436s] -- Up-to-date: /home/alireza/thesis1/navigation_go2/go2_ws/install/unitree_hg/lib/libunitree_hg__rosidl_typesupport_introspection_c.so
[4.436s] -- Up-to-date: /home/alireza/thesis1/navigation_go2/go2_ws/install/unitree_hg/lib/libunitree_hg__rosidl_typesupport_c.so
[4.436s] -- Up-to-date: /home/alireza/thesis1/navigation_go2/go2_ws/install/unitree_hg/include/unitree_hg
[4.437s] -- Up-to-date: /home/alireza/thesis1/navigation_go2/go2_ws/install/unitree_hg/include/unitree_hg/msg
[4.437s] -- Up-to-date: /home/alireza/thesis1/navigation_go2/go2_ws/install/unitree_hg/include/unitree_hg/msg/motor_cmd.hpp
[4.437s] -- Up-to-date: /home/alireza/thesis1/navigation_go2/go2_ws/install/unitree_hg/include/unitree_hg/msg/rosidl_generator_cpp__visibility_control.hpp
[4.437s] -- Up-to-date: /home/alireza/thesis1/navigation_go2/go2_ws/install/unitree_hg/include/unitree_hg/msg/main_board_state.hpp
[4.437s] -- Up-to-date: /home/alireza/thesis1/navigation_go2/go2_ws/install/unitree_hg/include/unitree_hg/msg/hand_state.hpp
[4.437s] -- Up-to-date: /home/alireza/thesis1/navigation_go2/go2_ws/install/unitree_hg/include/unitree_hg/msg/detail
[4.437s] -- Up-to-date: /home/alireza/thesis1/navigation_go2/go2_ws/install/unitree_hg/include/unitree_hg/msg/detail/main_board_state__traits.hpp
[4.438s] -- Up-to-date: /home/alireza/thesis1/navigation_go2/go2_ws/install/unitree_hg/include/unitree_hg/msg/detail/main_board_state__builder.hpp
[4.438s] -- Up-to-date: /home/alireza/thesis1/navigation_go2/go2_ws/install/unitree_hg/include/unitree_hg/msg/detail/press_sensor_state__traits.hpp
[4.438s] -- Up-to-date: /home/alireza/thesis1/navigation_go2/go2_ws/install/unitree_hg/include/unitree_hg/msg/detail/hand_cmd__type_support.hpp
[4.438s] -- Up-to-date: /home/alireza/thesis1/navigation_go2/go2_ws/install/unitree_hg/include/unitree_hg/msg/detail/motor_state__struct.hpp
[4.438s] -- Up-to-date: /home/alireza/thesis1/navigation_go2/go2_ws/install/unitree_hg/include/unitree_hg/msg/detail/hand_cmd__builder.hpp
[4.438s] -- Up-to-date: /home/alireza/thesis1/navigation_go2/go2_ws/install/unitree_hg/include/unitree_hg/msg/detail/bms_state__struct.hpp
[4.438s] -- Up-to-date: /home/alireza/thesis1/navigation_go2/go2_ws/install/unitree_hg/include/unitree_hg/msg/detail/press_sensor_state__type_support.hpp
[4.440s] -- Up-to-date: /home/alireza/thesis1/navigation_go2/go2_ws/install/unitree_hg/include/unitree_hg/msg/detail/bms_cmd__traits.hpp
[4.441s] -- Up-to-date: /home/alireza/thesis1/navigation_go2/go2_ws/install/unitree_hg/include/unitree_hg/msg/detail/low_cmd__type_support.hpp
[4.441s] -- Up-to-date: /home/alireza/thesis1/navigation_go2/go2_ws/install/unitree_hg/include/unitree_hg/msg/detail/bms_cmd__builder.hpp
[4.441s] -- Up-to-date: /home/alireza/thesis1/navigation_go2/go2_ws/install/unitree_hg/include/unitree_hg/msg/detail/hand_cmd__struct.hpp
[4.441s] -- Up-to-date: /home/alireza/thesis1/navigation_go2/go2_ws/install/unitree_hg/include/unitree_hg/msg/detail/low_cmd__builder.hpp
[4.441s] -- Up-to-date: /home/alireza/thesis1/navigation_go2/go2_ws/install/unitree_hg/include/unitree_hg/msg/detail/main_board_state__struct.hpp
[4.441s] -- Up-to-date: /home/alireza/thesis1/navigation_go2/go2_ws/install/unitree_hg/include/unitree_hg/msg/detail/hand_state__type_support.hpp
[4.441s] -- Up-to-date: /home/alireza/thesis1/navigation_go2/go2_ws/install/unitree_hg/include/unitree_hg/msg/detail/motor_state__type_support.hpp
[4.442s] -- Up-to-date: /home/alireza/thesis1/navigation_go2/go2_ws/install/unitree_hg/include/unitree_hg/msg/detail/bms_cmd__type_support.hpp
[4.442s] -- Up-to-date: /home/alireza/thesis1/navigation_go2/go2_ws/install/unitree_hg/include/unitree_hg/msg/detail/motor_cmd__builder.hpp
[4.442s] -- Up-to-date: /home/alireza/thesis1/navigation_go2/go2_ws/install/unitree_hg/include/unitree_hg/msg/detail/low_cmd__traits.hpp
[4.442s] -- Up-to-date: /home/alireza/thesis1/navigation_go2/go2_ws/install/unitree_hg/include/unitree_hg/msg/detail/low_state__type_support.hpp
[4.442s] -- Up-to-date: /home/alireza/thesis1/navigation_go2/go2_ws/install/unitree_hg/include/unitree_hg/msg/detail/hand_state__struct.hpp
[4.442s] -- Up-to-date: /home/alireza/thesis1/navigation_go2/go2_ws/install/unitree_hg/include/unitree_hg/msg/detail/bms_state__type_support.hpp
[4.442s] -- Up-to-date: /home/alireza/thesis1/navigation_go2/go2_ws/install/unitree_hg/include/unitree_hg/msg/detail/motor_cmd__traits.hpp
[4.442s] -- Up-to-date: /home/alireza/thesis1/navigation_go2/go2_ws/install/unitree_hg/include/unitree_hg/msg/detail/imu_state__traits.hpp
[4.443s] -- Up-to-date: /home/alireza/thesis1/navigation_go2/go2_ws/install/unitree_hg/include/unitree_hg/msg/detail/press_sensor_state__struct.hpp
[4.443s] -- Up-to-date: /home/alireza/thesis1/navigation_go2/go2_ws/install/unitree_hg/include/unitree_hg/msg/detail/motor_state__builder.hpp
[4.443s] -- Up-to-date: /home/alireza/thesis1/navigation_go2/go2_ws/install/unitree_hg/include/unitree_hg/msg/detail/hand_state__builder.hpp
[4.443s] -- Up-to-date: /home/alireza/thesis1/navigation_go2/go2_ws/install/unitree_hg/include/unitree_hg/msg/detail/bms_state__traits.hpp
[4.443s] -- Up-to-date: /home/alireza/thesis1/navigation_go2/go2_ws/install/unitree_hg/include/unitree_hg/msg/detail/low_cmd__struct.hpp
[4.443s] -- Up-to-date: /home/alireza/thesis1/navigation_go2/go2_ws/install/unitree_hg/include/unitree_hg/msg/detail/press_sensor_state__builder.hpp
[4.443s] -- Up-to-date: /home/alireza/thesis1/navigation_go2/go2_ws/install/unitree_hg/include/unitree_hg/msg/detail/motor_state__traits.hpp
[4.444s] -- Up-to-date: /home/alireza/thesis1/navigation_go2/go2_ws/install/unitree_hg/include/unitree_hg/msg/detail/main_board_state__type_support.hpp
[4.444s] -- Up-to-date: /home/alireza/thesis1/navigation_go2/go2_ws/install/unitree_hg/include/unitree_hg/msg/detail/bms_state__builder.hpp
[4.444s] -- Up-to-date: /home/alireza/thesis1/navigation_go2/go2_ws/install/unitree_hg/include/unitree_hg/msg/detail/motor_cmd__struct.hpp
[4.444s] -- Up-to-date: /home/alireza/thesis1/navigation_go2/go2_ws/install/unitree_hg/include/unitree_hg/msg/detail/hand_state__traits.hpp
[4.444s] -- Up-to-date: /home/alireza/thesis1/navigation_go2/go2_ws/install/unitree_hg/include/unitree_hg/msg/detail/low_state__traits.hpp
[4.444s] -- Up-to-date: /home/alireza/thesis1/navigation_go2/go2_ws/install/unitree_hg/include/unitree_hg/msg/detail/low_state__builder.hpp
[4.445s] -- Up-to-date: /home/alireza/thesis1/navigation_go2/go2_ws/install/unitree_hg/include/unitree_hg/msg/detail/motor_cmd__type_support.hpp
[4.445s] -- Up-to-date: /home/alireza/thesis1/navigation_go2/go2_ws/install/unitree_hg/include/unitree_hg/msg/detail/imu_state__builder.hpp
[4.445s] -- Up-to-date: /home/alireza/thesis1/navigation_go2/go2_ws/install/unitree_hg/include/unitree_hg/msg/detail/hand_cmd__traits.hpp
[4.445s] -- Up-to-date: /home/alireza/thesis1/navigation_go2/go2_ws/install/unitree_hg/include/unitree_hg/msg/detail/imu_state__type_support.hpp
[4.445s] -- Up-to-date: /home/alireza/thesis1/navigation_go2/go2_ws/install/unitree_hg/include/unitree_hg/msg/detail/low_state__struct.hpp
[4.445s] -- Up-to-date: /home/alireza/thesis1/navigation_go2/go2_ws/install/unitree_hg/include/unitree_hg/msg/detail/imu_state__struct.hpp
[4.445s] -- Up-to-date: /home/alireza/thesis1/navigation_go2/go2_ws/install/unitree_hg/include/unitree_hg/msg/detail/bms_cmd__struct.hpp
[4.445s] -- Up-to-date: /home/alireza/thesis1/navigation_go2/go2_ws/install/unitree_hg/include/unitree_hg/msg/low_cmd.hpp
[4.446s] -- Up-to-date: /home/alireza/thesis1/navigation_go2/go2_ws/install/unitree_hg/include/unitree_hg/msg/press_sensor_state.hpp
[4.446s] -- Up-to-date: /home/alireza/thesis1/navigation_go2/go2_ws/install/unitree_hg/include/unitree_hg/msg/bms_state.hpp
[4.446s] -- Up-to-date: /home/alireza/thesis1/navigation_go2/go2_ws/install/unitree_hg/include/unitree_hg/msg/low_state.hpp
[4.446s] -- Up-to-date: /home/alireza/thesis1/navigation_go2/go2_ws/install/unitree_hg/include/unitree_hg/msg/bms_cmd.hpp
[4.446s] -- Up-to-date: /home/alireza/thesis1/navigation_go2/go2_ws/install/unitree_hg/include/unitree_hg/msg/motor_state.hpp
[4.446s] -- Up-to-date: /home/alireza/thesis1/navigation_go2/go2_ws/install/unitree_hg/include/unitree_hg/msg/hand_cmd.hpp
[4.446s] -- Up-to-date: /home/alireza/thesis1/navigation_go2/go2_ws/install/unitree_hg/include/unitree_hg/msg/imu_state.hpp
[4.447s] -- Up-to-date: /home/alireza/thesis1/navigation_go2/go2_ws/install/unitree_hg/include/unitree_hg
[4.447s] -- Up-to-date: /home/alireza/thesis1/navigation_go2/go2_ws/install/unitree_hg/include/unitree_hg/msg
[4.447s] -- Up-to-date: /home/alireza/thesis1/navigation_go2/go2_ws/install/unitree_hg/include/unitree_hg/msg/detail
[4.447s] -- Up-to-date: /home/alireza/thesis1/navigation_go2/go2_ws/install/unitree_hg/include/unitree_hg/msg/detail/hand_cmd__rosidl_typesupport_introspection_cpp.hpp
[4.447s] -- Up-to-date: /home/alireza/thesis1/navigation_go2/go2_ws/install/unitree_hg/include/unitree_hg/msg/detail/motor_state__type_support.cpp
[4.447s] -- Up-to-date: /home/alireza/thesis1/navigation_go2/go2_ws/install/unitree_hg/include/unitree_hg/msg/detail/low_state__type_support.cpp
[4.447s] -- Up-to-date: /home/alireza/thesis1/navigation_go2/go2_ws/install/unitree_hg/include/unitree_hg/msg/detail/hand_cmd__type_support.cpp
[4.447s] -- Up-to-date: /home/alireza/thesis1/navigation_go2/go2_ws/install/unitree_hg/include/unitree_hg/msg/detail/low_cmd__type_support.cpp
[4.448s] -- Up-to-date: /home/alireza/thesis1/navigation_go2/go2_ws/install/unitree_hg/include/unitree_hg/msg/detail/motor_state__rosidl_typesupport_introspection_cpp.hpp
[4.448s] -- Up-to-date: /home/alireza/thesis1/navigation_go2/go2_ws/install/unitree_hg/include/unitree_hg/msg/detail/main_board_state__type_support.cpp
[4.448s] -- Up-to-date: /home/alireza/thesis1/navigation_go2/go2_ws/install/unitree_hg/include/unitree_hg/msg/detail/press_sensor_state__rosidl_typesupport_introspection_cpp.hpp
[4.448s] -- Up-to-date: /home/alireza/thesis1/navigation_go2/go2_ws/install/unitree_hg/include/unitree_hg/msg/detail/motor_cmd__type_support.cpp
[4.448s] -- Up-to-date: /home/alireza/thesis1/navigation_go2/go2_ws/install/unitree_hg/include/unitree_hg/msg/detail/bms_state__rosidl_typesupport_introspection_cpp.hpp
[4.448s] -- Up-to-date: /home/alireza/thesis1/navigation_go2/go2_ws/install/unitree_hg/include/unitree_hg/msg/detail/hand_state__type_support.cpp
[4.448s] -- Up-to-date: /home/alireza/thesis1/navigation_go2/go2_ws/install/unitree_hg/include/unitree_hg/msg/detail/bms_cmd__rosidl_typesupport_introspection_cpp.hpp
[4.449s] -- Up-to-date: /home/alireza/thesis1/navigation_go2/go2_ws/install/unitree_hg/include/unitree_hg/msg/detail/bms_state__type_support.cpp
[4.449s] -- Up-to-date: /home/alireza/thesis1/navigation_go2/go2_ws/install/unitree_hg/include/unitree_hg/msg/detail/imu_state__rosidl_typesupport_introspection_cpp.hpp
[4.449s] -- Up-to-date: /home/alireza/thesis1/navigation_go2/go2_ws/install/unitree_hg/include/unitree_hg/msg/detail/press_sensor_state__type_support.cpp
[4.449s] -- Up-to-date: /home/alireza/thesis1/navigation_go2/go2_ws/install/unitree_hg/include/unitree_hg/msg/detail/hand_state__rosidl_typesupport_introspection_cpp.hpp
[4.449s] -- Up-to-date: /home/alireza/thesis1/navigation_go2/go2_ws/install/unitree_hg/include/unitree_hg/msg/detail/bms_cmd__type_support.cpp
[4.449s] -- Up-to-date: /home/alireza/thesis1/navigation_go2/go2_ws/install/unitree_hg/include/unitree_hg/msg/detail/imu_state__type_support.cpp
[4.450s] -- Up-to-date: /home/alireza/thesis1/navigation_go2/go2_ws/install/unitree_hg/include/unitree_hg/msg/detail/low_cmd__rosidl_typesupport_introspection_cpp.hpp
[4.450s] -- Up-to-date: /home/alireza/thesis1/navigation_go2/go2_ws/install/unitree_hg/include/unitree_hg/msg/detail/low_state__rosidl_typesupport_introspection_cpp.hpp
[4.450s] -- Up-to-date: /home/alireza/thesis1/navigation_go2/go2_ws/install/unitree_hg/include/unitree_hg/msg/detail/main_board_state__rosidl_typesupport_introspection_cpp.hpp
[4.450s] -- Up-to-date: /home/alireza/thesis1/navigation_go2/go2_ws/install/unitree_hg/include/unitree_hg/msg/detail/motor_cmd__rosidl_typesupport_introspection_cpp.hpp
[4.450s] -- Up-to-date: /home/alireza/thesis1/navigation_go2/go2_ws/install/unitree_hg/lib/libunitree_hg__rosidl_typesupport_introspection_cpp.so
[4.451s] -- Up-to-date: /home/alireza/thesis1/navigation_go2/go2_ws/install/unitree_hg/lib/libunitree_hg__rosidl_typesupport_cpp.so
[4.451s] -- Up-to-date: /home/alireza/thesis1/navigation_go2/go2_ws/install/unitree_hg/share/unitree_hg/environment/pythonpath.sh
[4.451s] -- Installing: /home/alireza/thesis1/navigation_go2/go2_ws/install/unitree_hg/share/unitree_hg/environment/pythonpath.dsv
[4.451s] -- Installing: /home/alireza/thesis1/navigation_go2/go2_ws/install/unitree_hg/lib/python3.8/site-packages/unitree_hg/__init__.py
[4.483s] Compiling '/home/alireza/thesis1/navigation_go2/go2_ws/install/unitree_hg/lib/python3.8/site-packages/unitree_hg/__init__.py'...
[4.492s] -- Up-to-date: /home/alireza/thesis1/navigation_go2/go2_ws/install/unitree_hg/lib/python3.8/site-packages/unitree_hg/msg
[4.492s] -- Up-to-date: /home/alireza/thesis1/navigation_go2/go2_ws/install/unitree_hg/lib/python3.8/site-packages/unitree_hg/msg/_low_cmd_s.c
[4.492s] -- Up-to-date: /home/alireza/thesis1/navigation_go2/go2_ws/install/unitree_hg/lib/python3.8/site-packages/unitree_hg/msg/_motor_cmd.py
[4.492s] -- Up-to-date: /home/alireza/thesis1/navigation_go2/go2_ws/install/unitree_hg/lib/python3.8/site-packages/unitree_hg/msg/_imu_state.py
[4.492s] -- Up-to-date: /home/alireza/thesis1/navigation_go2/go2_ws/install/unitree_hg/lib/python3.8/site-packages/unitree_hg/msg/_hand_state_s.c
[4.493s] -- Up-to-date: /home/alireza/thesis1/navigation_go2/go2_ws/install/unitree_hg/lib/python3.8/site-packages/unitree_hg/msg/_motor_state.py
[4.493s] -- Up-to-date: /home/alireza/thesis1/navigation_go2/go2_ws/install/unitree_hg/lib/python3.8/site-packages/unitree_hg/msg/_imu_state_s.c
[4.493s] -- Up-to-date: /home/alireza/thesis1/navigation_go2/go2_ws/install/unitree_hg/lib/python3.8/site-packages/unitree_hg/msg/__init__.py
[4.493s] -- Up-to-date: /home/alireza/thesis1/navigation_go2/go2_ws/install/unitree_hg/lib/python3.8/site-packages/unitree_hg/msg/_bms_cmd_s.c
[4.493s] -- Up-to-date: /home/alireza/thesis1/navigation_go2/go2_ws/install/unitree_hg/lib/python3.8/site-packages/unitree_hg/msg/_hand_cmd_s.c
[4.493s] -- Up-to-date: /home/alireza/thesis1/navigation_go2/go2_ws/install/unitree_hg/lib/python3.8/site-packages/unitree_hg/msg/_main_board_state_s.c
[4.493s] -- Up-to-date: /home/alireza/thesis1/navigation_go2/go2_ws/install/unitree_hg/lib/python3.8/site-packages/unitree_hg/msg/_motor_cmd_s.c
[4.494s] -- Up-to-date: /home/alireza/thesis1/navigation_go2/go2_ws/install/unitree_hg/lib/python3.8/site-packages/unitree_hg/msg/_low_state.py
[4.494s] -- Up-to-date: /home/alireza/thesis1/navigation_go2/go2_ws/install/unitree_hg/lib/python3.8/site-packages/unitree_hg/msg/_low_cmd.py
[4.494s] -- Up-to-date: /home/alireza/thesis1/navigation_go2/go2_ws/install/unitree_hg/lib/python3.8/site-packages/unitree_hg/msg/_bms_state_s.c
[4.494s] -- Up-to-date: /home/alireza/thesis1/navigation_go2/go2_ws/install/unitree_hg/lib/python3.8/site-packages/unitree_hg/msg/_motor_state_s.c
[4.494s] -- Up-to-date: /home/alireza/thesis1/navigation_go2/go2_ws/install/unitree_hg/lib/python3.8/site-packages/unitree_hg/msg/_press_sensor_state.py
[4.494s] -- Up-to-date: /home/alireza/thesis1/navigation_go2/go2_ws/install/unitree_hg/lib/python3.8/site-packages/unitree_hg/msg/_main_board_state.py
[4.494s] -- Up-to-date: /home/alireza/thesis1/navigation_go2/go2_ws/install/unitree_hg/lib/python3.8/site-packages/unitree_hg/msg/_press_sensor_state_s.c
[4.494s] -- Up-to-date: /home/alireza/thesis1/navigation_go2/go2_ws/install/unitree_hg/lib/python3.8/site-packages/unitree_hg/msg/_hand_cmd.py
[4.495s] -- Up-to-date: /home/alireza/thesis1/navigation_go2/go2_ws/install/unitree_hg/lib/python3.8/site-packages/unitree_hg/msg/_bms_state.py
[4.495s] -- Up-to-date: /home/alireza/thesis1/navigation_go2/go2_ws/install/unitree_hg/lib/python3.8/site-packages/unitree_hg/msg/_bms_cmd.py
[4.495s] -- Up-to-date: /home/alireza/thesis1/navigation_go2/go2_ws/install/unitree_hg/lib/python3.8/site-packages/unitree_hg/msg/_hand_state.py
[4.495s] -- Up-to-date: /home/alireza/thesis1/navigation_go2/go2_ws/install/unitree_hg/lib/python3.8/site-packages/unitree_hg/msg/_low_state_s.c
[4.495s] -- Up-to-date: /home/alireza/thesis1/navigation_go2/go2_ws/install/unitree_hg/lib/python3.8/site-packages/unitree_hg/unitree_hg_s__rosidl_typesupport_fastrtps_c.cpython-38-x86_64-linux-gnu.so
[4.496s] -- Up-to-date: /home/alireza/thesis1/navigation_go2/go2_ws/install/unitree_hg/lib/python3.8/site-packages/unitree_hg/unitree_hg_s__rosidl_typesupport_introspection_c.cpython-38-x86_64-linux-gnu.so
[4.497s] -- Up-to-date: /home/alireza/thesis1/navigation_go2/go2_ws/install/unitree_hg/lib/python3.8/site-packages/unitree_hg/unitree_hg_s__rosidl_typesupport_c.cpython-38-x86_64-linux-gnu.so
[4.497s] -- Up-to-date: /home/alireza/thesis1/navigation_go2/go2_ws/install/unitree_hg/lib/libunitree_hg__python.so
[4.497s] -- Up-to-date: /home/alireza/thesis1/navigation_go2/go2_ws/install/unitree_hg/share/unitree_hg/msg/BmsCmd.idl
[4.497s] -- Up-to-date: /home/alireza/thesis1/navigation_go2/go2_ws/install/unitree_hg/share/unitree_hg/msg/BmsState.idl
[4.498s] -- Up-to-date: /home/alireza/thesis1/navigation_go2/go2_ws/install/unitree_hg/share/unitree_hg/msg/HandCmd.idl
[4.498s] -- Up-to-date: /home/alireza/thesis1/navigation_go2/go2_ws/install/unitree_hg/share/unitree_hg/msg/HandState.idl
[4.498s] -- Up-to-date: /home/alireza/thesis1/navigation_go2/go2_ws/install/unitree_hg/share/unitree_hg/msg/IMUState.idl
[4.498s] -- Up-to-date: /home/alireza/thesis1/navigation_go2/go2_ws/install/unitree_hg/share/unitree_hg/msg/LowCmd.idl
[4.498s] -- Up-to-date: /home/alireza/thesis1/navigation_go2/go2_ws/install/unitree_hg/share/unitree_hg/msg/LowState.idl
[4.499s] -- Up-to-date: /home/alireza/thesis1/navigation_go2/go2_ws/install/unitree_hg/share/unitree_hg/msg/MainBoardState.idl
[4.499s] -- Up-to-date: /home/alireza/thesis1/navigation_go2/go2_ws/install/unitree_hg/share/unitree_hg/msg/MotorCmd.idl
[4.499s] -- Up-to-date: /home/alireza/thesis1/navigation_go2/go2_ws/install/unitree_hg/share/unitree_hg/msg/MotorState.idl
[4.499s] -- Up-to-date: /home/alireza/thesis1/navigation_go2/go2_ws/install/unitree_hg/share/unitree_hg/msg/PressSensorState.idl
[4.499s] -- Up-to-date: /home/alireza/thesis1/navigation_go2/go2_ws/install/unitree_hg/share/unitree_hg/msg/BmsCmd.msg
[4.500s] -- Up-to-date: /home/alireza/thesis1/navigation_go2/go2_ws/install/unitree_hg/share/unitree_hg/msg/BmsState.msg
[4.500s] -- Up-to-date: /home/alireza/thesis1/navigation_go2/go2_ws/install/unitree_hg/share/unitree_hg/msg/HandCmd.msg
[4.500s] -- Up-to-date: /home/alireza/thesis1/navigation_go2/go2_ws/install/unitree_hg/share/unitree_hg/msg/HandState.msg
[4.500s] -- Up-to-date: /home/alireza/thesis1/navigation_go2/go2_ws/install/unitree_hg/share/unitree_hg/msg/IMUState.msg
[4.500s] -- Up-to-date: /home/alireza/thesis1/navigation_go2/go2_ws/install/unitree_hg/share/unitree_hg/msg/LowCmd.msg
[4.501s] -- Up-to-date: /home/alireza/thesis1/navigation_go2/go2_ws/install/unitree_hg/share/unitree_hg/msg/LowState.msg
[4.501s] -- Up-to-date: /home/alireza/thesis1/navigation_go2/go2_ws/install/unitree_hg/share/unitree_hg/msg/MainBoardState.msg
[4.502s] -- Up-to-date: /home/alireza/thesis1/navigation_go2/go2_ws/install/unitree_hg/share/unitree_hg/msg/MotorCmd.msg
[4.502s] -- Up-to-date: /home/alireza/thesis1/navigation_go2/go2_ws/install/unitree_hg/share/unitree_hg/msg/MotorState.msg
[4.502s] -- Up-to-date: /home/alireza/thesis1/navigation_go2/go2_ws/install/unitree_hg/share/unitree_hg/msg/PressSensorState.msg
[4.502s] -- Up-to-date: /home/alireza/thesis1/navigation_go2/go2_ws/install/unitree_hg/share/ament_index/resource_index/package_run_dependencies/unitree_hg
[4.502s] -- Installing: /home/alireza/thesis1/navigation_go2/go2_ws/install/unitree_hg/share/ament_index/resource_index/parent_prefix_path/unitree_hg
[4.502s] -- Up-to-date: /home/alireza/thesis1/navigation_go2/go2_ws/install/unitree_hg/share/unitree_hg/environment/ament_prefix_path.sh
[4.502s] -- Installing: /home/alireza/thesis1/navigation_go2/go2_ws/install/unitree_hg/share/unitree_hg/environment/ament_prefix_path.dsv
[4.502s] -- Up-to-date: /home/alireza/thesis1/navigation_go2/go2_ws/install/unitree_hg/share/unitree_hg/environment/path.sh
[4.503s] -- Installing: /home/alireza/thesis1/navigation_go2/go2_ws/install/unitree_hg/share/unitree_hg/environment/path.dsv
[4.503s] -- Up-to-date: /home/alireza/thesis1/navigation_go2/go2_ws/install/unitree_hg/share/unitree_hg/local_setup.bash
[4.503s] -- Up-to-date: /home/alireza/thesis1/navigation_go2/go2_ws/install/unitree_hg/share/unitree_hg/local_setup.sh
[4.503s] -- Up-to-date: /home/alireza/thesis1/navigation_go2/go2_ws/install/unitree_hg/share/unitree_hg/local_setup.zsh
[4.503s] -- Installing: /home/alireza/thesis1/navigation_go2/go2_ws/install/unitree_hg/share/unitree_hg/local_setup.dsv
[4.503s] -- Installing: /home/alireza/thesis1/navigation_go2/go2_ws/install/unitree_hg/share/unitree_hg/package.dsv
[4.505s] -- Up-to-date: /home/alireza/thesis1/navigation_go2/go2_ws/install/unitree_hg/share/ament_index/resource_index/packages/unitree_hg
[4.505s] -- Up-to-date: /home/alireza/thesis1/navigation_go2/go2_ws/install/unitree_hg/share/unitree_hg/cmake/unitree_hg__rosidl_generator_cExport.cmake
[4.505s] -- Installing: /home/alireza/thesis1/navigation_go2/go2_ws/install/unitree_hg/share/unitree_hg/cmake/unitree_hg__rosidl_generator_cExport-noconfig.cmake
[4.505s] -- Up-to-date: /home/alireza/thesis1/navigation_go2/go2_ws/install/unitree_hg/share/unitree_hg/cmake/unitree_hg__rosidl_typesupport_introspection_cExport.cmake
[4.506s] -- Installing: /home/alireza/thesis1/navigation_go2/go2_ws/install/unitree_hg/share/unitree_hg/cmake/unitree_hg__rosidl_typesupport_introspection_cExport-noconfig.cmake
[4.506s] -- Up-to-date: /home/alireza/thesis1/navigation_go2/go2_ws/install/unitree_hg/share/unitree_hg/cmake/unitree_hg__rosidl_typesupport_cExport.cmake
[4.506s] -- Installing: /home/alireza/thesis1/navigation_go2/go2_ws/install/unitree_hg/share/unitree_hg/cmake/unitree_hg__rosidl_typesupport_cExport-noconfig.cmake
[4.506s] -- Up-to-date: /home/alireza/thesis1/navigation_go2/go2_ws/install/unitree_hg/share/unitree_hg/cmake/unitree_hg__rosidl_generator_cppExport.cmake
[4.506s] -- Up-to-date: /home/alireza/thesis1/navigation_go2/go2_ws/install/unitree_hg/share/unitree_hg/cmake/unitree_hg__rosidl_typesupport_introspection_cppExport.cmake
[4.506s] -- Installing: /home/alireza/thesis1/navigation_go2/go2_ws/install/unitree_hg/share/unitree_hg/cmake/unitree_hg__rosidl_typesupport_introspection_cppExport-noconfig.cmake
[4.507s] -- Up-to-date: /home/alireza/thesis1/navigation_go2/go2_ws/install/unitree_hg/share/unitree_hg/cmake/unitree_hg__rosidl_typesupport_cppExport.cmake
[4.507s] -- Installing: /home/alireza/thesis1/navigation_go2/go2_ws/install/unitree_hg/share/unitree_hg/cmake/unitree_hg__rosidl_typesupport_cppExport-noconfig.cmake
[4.507s] -- Up-to-date: /home/alireza/thesis1/navigation_go2/go2_ws/install/unitree_hg/share/unitree_hg/cmake/rosidl_cmake-extras.cmake
[4.507s] -- Up-to-date: /home/alireza/thesis1/navigation_go2/go2_ws/install/unitree_hg/share/unitree_hg/cmake/ament_cmake_export_dependencies-extras.cmake
[4.507s] -- Up-to-date: /home/alireza/thesis1/navigation_go2/go2_ws/install/unitree_hg/share/unitree_hg/cmake/ament_cmake_export_libraries-extras.cmake
[4.507s] -- Up-to-date: /home/alireza/thesis1/navigation_go2/go2_ws/install/unitree_hg/share/unitree_hg/cmake/ament_cmake_export_targets-extras.cmake
[4.508s] -- Up-to-date: /home/alireza/thesis1/navigation_go2/go2_ws/install/unitree_hg/share/unitree_hg/cmake/ament_cmake_export_include_directories-extras.cmake
[4.508s] -- Up-to-date: /home/alireza/thesis1/navigation_go2/go2_ws/install/unitree_hg/share/unitree_hg/cmake/rosidl_cmake_export_typesupport_libraries-extras.cmake
[4.508s] -- Up-to-date: /home/alireza/thesis1/navigation_go2/go2_ws/install/unitree_hg/share/unitree_hg/cmake/rosidl_cmake_export_typesupport_targets-extras.cmake
[4.509s] -- Up-to-date: /home/alireza/thesis1/navigation_go2/go2_ws/install/unitree_hg/share/unitree_hg/cmake/unitree_hgConfig.cmake
[4.509s] -- Up-to-date: /home/alireza/thesis1/navigation_go2/go2_ws/install/unitree_hg/share/unitree_hg/cmake/unitree_hgConfig-version.cmake
[4.509s] -- Up-to-date: /home/alireza/thesis1/navigation_go2/go2_ws/install/unitree_hg/share/unitree_hg/package.xml
[4.510s] Invoked command in '/home/alireza/thesis1/navigation_go2/go2_ws/build/unitree_hg' returned '0': CMAKE_PREFIX_PATH=${CMAKE_PREFIX_PATH}:/opt/ros/foxy /usr/bin/cmake --install /home/alireza/thesis1/navigation_go2/go2_ws/build/unitree_hg
