[0.053s] Invoking command in '/home/alireza/thesis1/navigation_go2/go2_ws/build/unitree_hg': CMAKE_PREFIX_PATH=/opt/ros/foxy /usr/bin/cmake --build /home/alireza/thesis1/navigation_go2/go2_ws/build/unitree_hg -- -j8 -l8
[0.303s] [ 12%] Built target unitree_hg__rosidl_generator_c
[0.316s] [ 12%] Built target unitree_hg__cpp
[0.466s] [ 24%] Built target unitree_hg__rosidl_typesupport_introspection_c
[0.466s] [ 36%] Built target unitree_hg__rosidl_typesupport_introspection_cpp
[0.466s] [ 48%] Built target unitree_hg__rosidl_typesupport_c
[0.466s] [ 59%] Built target unitree_hg__rosidl_typesupport_fastrtps_cpp
[0.505s] [ 71%] Built target unitree_hg__rosidl_typesupport_cpp
[0.513s] [ 83%] Built target unitree_hg__rosidl_typesupport_fastrtps_c
[0.550s] [ 83%] Built target unitree_hg
[0.586s] [ 84%] Built target unitree_hg__py
[0.665s] [ 95%] Built target unitree_hg__python
[0.727s] [ 96%] Built target unitree_hg__rosidl_typesupport_c__pyext
[0.734s] [ 98%] Built target unitree_hg__rosidl_typesupport_introspection_c__pyext
[0.744s] [100%] Built target unitree_hg__rosidl_typesupport_fastrtps_c__pyext
[0.806s] Invoked command in '/home/alireza/thesis1/navigation_go2/go2_ws/build/unitree_hg' returned '0': CMAKE_PREFIX_PATH=/opt/ros/foxy /usr/bin/cmake --build /home/alireza/thesis1/navigation_go2/go2_ws/build/unitree_hg -- -j8 -l8
[0.814s] Invoking command in '/home/alireza/thesis1/navigation_go2/go2_ws/build/unitree_hg': CMAKE_PREFIX_PATH=/opt/ros/foxy /usr/bin/cmake --install /home/alireza/thesis1/navigation_go2/go2_ws/build/unitree_hg
[0.966s] -- Install configuration: ""
[0.966s] -- Up-to-date: /home/alireza/thesis1/navigation_go2/go2_ws/install/unitree_hg/share/ament_index/resource_index/rosidl_interfaces/unitree_hg
[0.967s] -- Up-to-date: /home/alireza/thesis1/navigation_go2/go2_ws/install/unitree_hg/include/unitree_hg
[0.967s] -- Up-to-date: /home/alireza/thesis1/navigation_go2/go2_ws/install/unitree_hg/include/unitree_hg/msg
[0.967s] -- Up-to-date: /home/alireza/thesis1/navigation_go2/go2_ws/install/unitree_hg/include/unitree_hg/msg/press_sensor_state.h
[0.968s] -- Up-to-date: /home/alireza/thesis1/navigation_go2/go2_ws/install/unitree_hg/include/unitree_hg/msg/motor_state.h
[0.968s] -- Up-to-date: /home/alireza/thesis1/navigation_go2/go2_ws/install/unitree_hg/include/unitree_hg/msg/hand_state.h
[0.968s] -- Up-to-date: /home/alireza/thesis1/navigation_go2/go2_ws/install/unitree_hg/include/unitree_hg/msg/bms_state.h
[0.968s] -- Up-to-date: /home/alireza/thesis1/navigation_go2/go2_ws/install/unitree_hg/include/unitree_hg/msg/motor_cmd.h
[0.969s] -- Up-to-date: /home/alireza/thesis1/navigation_go2/go2_ws/install/unitree_hg/include/unitree_hg/msg/imu_state.h
[0.969s] -- Up-to-date: /home/alireza/thesis1/navigation_go2/go2_ws/install/unitree_hg/include/unitree_hg/msg/low_state.h
[0.969s] -- Up-to-date: /home/alireza/thesis1/navigation_go2/go2_ws/install/unitree_hg/include/unitree_hg/msg/detail
[0.969s] -- Up-to-date: /home/alireza/thesis1/navigation_go2/go2_ws/install/unitree_hg/include/unitree_hg/msg/detail/imu_state__struct.h
[0.970s] -- Up-to-date: /home/alireza/thesis1/navigation_go2/go2_ws/install/unitree_hg/include/unitree_hg/msg/detail/main_board_state__functions.c
[0.970s] -- Up-to-date: /home/alireza/thesis1/navigation_go2/go2_ws/install/unitree_hg/include/unitree_hg/msg/detail/motor_state__functions.h
[0.970s] -- Up-to-date: /home/alireza/thesis1/navigation_go2/go2_ws/install/unitree_hg/include/unitree_hg/msg/detail/bms_state__functions.h
[0.971s] -- Up-to-date: /home/alireza/thesis1/navigation_go2/go2_ws/install/unitree_hg/include/unitree_hg/msg/detail/hand_cmd__functions.c
[0.971s] -- Up-to-date: /home/alireza/thesis1/navigation_go2/go2_ws/install/unitree_hg/include/unitree_hg/msg/detail/bms_state__functions.c
[0.971s] -- Up-to-date: /home/alireza/thesis1/navigation_go2/go2_ws/install/unitree_hg/include/unitree_hg/msg/detail/bms_cmd__struct.h
[0.972s] -- Up-to-date: /home/alireza/thesis1/navigation_go2/go2_ws/install/unitree_hg/include/unitree_hg/msg/detail/motor_state__struct.h
[0.972s] -- Up-to-date: /home/alireza/thesis1/navigation_go2/go2_ws/install/unitree_hg/include/unitree_hg/msg/detail/motor_cmd__functions.c
[0.972s] -- Up-to-date: /home/alireza/thesis1/navigation_go2/go2_ws/install/unitree_hg/include/unitree_hg/msg/detail/press_sensor_state__type_support.h
[0.972s] -- Up-to-date: /home/alireza/thesis1/navigation_go2/go2_ws/install/unitree_hg/include/unitree_hg/msg/detail/main_board_state__type_support.h
[0.972s] -- Up-to-date: /home/alireza/thesis1/navigation_go2/go2_ws/install/unitree_hg/include/unitree_hg/msg/detail/motor_state__type_support.h
[0.972s] -- Up-to-date: /home/alireza/thesis1/navigation_go2/go2_ws/install/unitree_hg/include/unitree_hg/msg/detail/press_sensor_state__functions.h
[0.972s] -- Up-to-date: /home/alireza/thesis1/navigation_go2/go2_ws/install/unitree_hg/include/unitree_hg/msg/detail/low_cmd__functions.c
[0.973s] -- Up-to-date: /home/alireza/thesis1/navigation_go2/go2_ws/install/unitree_hg/include/unitree_hg/msg/detail/hand_cmd__struct.h
[0.973s] -- Up-to-date: /home/alireza/thesis1/navigation_go2/go2_ws/install/unitree_hg/include/unitree_hg/msg/detail/hand_state__type_support.h
[0.973s] -- Up-to-date: /home/alireza/thesis1/navigation_go2/go2_ws/install/unitree_hg/include/unitree_hg/msg/detail/motor_cmd__struct.h
[0.973s] -- Up-to-date: /home/alireza/thesis1/navigation_go2/go2_ws/install/unitree_hg/include/unitree_hg/msg/detail/low_state__functions.c
[0.973s] -- Up-to-date: /home/alireza/thesis1/navigation_go2/go2_ws/install/unitree_hg/include/unitree_hg/msg/detail/motor_cmd__functions.h
[0.973s] -- Up-to-date: /home/alireza/thesis1/navigation_go2/go2_ws/install/unitree_hg/include/unitree_hg/msg/detail/low_state__functions.h
[0.974s] -- Up-to-date: /home/alireza/thesis1/navigation_go2/go2_ws/install/unitree_hg/include/unitree_hg/msg/detail/imu_state__functions.h
[0.974s] -- Up-to-date: /home/alireza/thesis1/navigation_go2/go2_ws/install/unitree_hg/include/unitree_hg/msg/detail/press_sensor_state__struct.h
[0.974s] -- Up-to-date: /home/alireza/thesis1/navigation_go2/go2_ws/install/unitree_hg/include/unitree_hg/msg/detail/bms_state__type_support.h
[0.974s] -- Up-to-date: /home/alireza/thesis1/navigation_go2/go2_ws/install/unitree_hg/include/unitree_hg/msg/detail/hand_cmd__type_support.h
[0.974s] -- Up-to-date: /home/alireza/thesis1/navigation_go2/go2_ws/install/unitree_hg/include/unitree_hg/msg/detail/hand_state__struct.h
[0.974s] -- Up-to-date: /home/alireza/thesis1/navigation_go2/go2_ws/install/unitree_hg/include/unitree_hg/msg/detail/imu_state__functions.c
[0.974s] -- Up-to-date: /home/alireza/thesis1/navigation_go2/go2_ws/install/unitree_hg/include/unitree_hg/msg/detail/main_board_state__functions.h
[0.975s] -- Up-to-date: /home/alireza/thesis1/navigation_go2/go2_ws/install/unitree_hg/include/unitree_hg/msg/detail/hand_state__functions.c
[0.975s] -- Up-to-date: /home/alireza/thesis1/navigation_go2/go2_ws/install/unitree_hg/include/unitree_hg/msg/detail/hand_state__functions.h
[0.975s] -- Up-to-date: /home/alireza/thesis1/navigation_go2/go2_ws/install/unitree_hg/include/unitree_hg/msg/detail/imu_state__type_support.h
[0.975s] -- Up-to-date: /home/alireza/thesis1/navigation_go2/go2_ws/install/unitree_hg/include/unitree_hg/msg/detail/press_sensor_state__functions.c
[0.975s] -- Up-to-date: /home/alireza/thesis1/navigation_go2/go2_ws/install/unitree_hg/include/unitree_hg/msg/detail/motor_cmd__type_support.h
[0.975s] -- Up-to-date: /home/alireza/thesis1/navigation_go2/go2_ws/install/unitree_hg/include/unitree_hg/msg/detail/low_cmd__type_support.h
[0.975s] -- Up-to-date: /home/alireza/thesis1/navigation_go2/go2_ws/install/unitree_hg/include/unitree_hg/msg/detail/bms_state__struct.h
[0.976s] -- Up-to-date: /home/alireza/thesis1/navigation_go2/go2_ws/install/unitree_hg/include/unitree_hg/msg/detail/low_cmd__struct.h
[0.976s] -- Up-to-date: /home/alireza/thesis1/navigation_go2/go2_ws/install/unitree_hg/include/unitree_hg/msg/detail/hand_cmd__functions.h
[0.977s] -- Up-to-date: /home/alireza/thesis1/navigation_go2/go2_ws/install/unitree_hg/include/unitree_hg/msg/detail/low_state__struct.h
[0.977s] -- Up-to-date: /home/alireza/thesis1/navigation_go2/go2_ws/install/unitree_hg/include/unitree_hg/msg/detail/bms_cmd__functions.c
[0.977s] -- Up-to-date: /home/alireza/thesis1/navigation_go2/go2_ws/install/unitree_hg/include/unitree_hg/msg/detail/low_cmd__functions.h
[0.977s] -- Up-to-date: /home/alireza/thesis1/navigation_go2/go2_ws/install/unitree_hg/include/unitree_hg/msg/detail/bms_cmd__functions.h
[0.978s] -- Up-to-date: /home/alireza/thesis1/navigation_go2/go2_ws/install/unitree_hg/include/unitree_hg/msg/detail/bms_cmd__type_support.h
[0.978s] -- Up-to-date: /home/alireza/thesis1/navigation_go2/go2_ws/install/unitree_hg/include/unitree_hg/msg/detail/motor_state__functions.c
[0.978s] -- Up-to-date: /home/alireza/thesis1/navigation_go2/go2_ws/install/unitree_hg/include/unitree_hg/msg/detail/low_state__type_support.h
[0.978s] -- Up-to-date: /home/alireza/thesis1/navigation_go2/go2_ws/install/unitree_hg/include/unitree_hg/msg/detail/main_board_state__struct.h
[0.979s] -- Up-to-date: /home/alireza/thesis1/navigation_go2/go2_ws/install/unitree_hg/include/unitree_hg/msg/main_board_state.h
[0.979s] -- Up-to-date: /home/alireza/thesis1/navigation_go2/go2_ws/install/unitree_hg/include/unitree_hg/msg/bms_cmd.h
[0.980s] -- Up-to-date: /home/alireza/thesis1/navigation_go2/go2_ws/install/unitree_hg/include/unitree_hg/msg/low_cmd.h
[0.980s] -- Up-to-date: /home/alireza/thesis1/navigation_go2/go2_ws/install/unitree_hg/include/unitree_hg/msg/rosidl_generator_c__visibility_control.h
[0.980s] -- Up-to-date: /home/alireza/thesis1/navigation_go2/go2_ws/install/unitree_hg/include/unitree_hg/msg/hand_cmd.h
[0.980s] -- Up-to-date: /home/alireza/thesis1/navigation_go2/go2_ws/install/unitree_hg/share/unitree_hg/environment/library_path.sh
[0.980s] -- Up-to-date: /home/alireza/thesis1/navigation_go2/go2_ws/install/unitree_hg/share/unitree_hg/environment/library_path.dsv
[0.981s] -- Up-to-date: /home/alireza/thesis1/navigation_go2/go2_ws/install/unitree_hg/lib/libunitree_hg__rosidl_generator_c.so
[0.981s] -- Up-to-date: /home/alireza/thesis1/navigation_go2/go2_ws/install/unitree_hg/include/unitree_hg
[0.981s] -- Up-to-date: /home/alireza/thesis1/navigation_go2/go2_ws/install/unitree_hg/include/unitree_hg/msg
[0.982s] -- Up-to-date: /home/alireza/thesis1/navigation_go2/go2_ws/install/unitree_hg/include/unitree_hg/msg/detail
[0.982s] -- Up-to-date: /home/alireza/thesis1/navigation_go2/go2_ws/install/unitree_hg/include/unitree_hg/msg/detail/imu_state__rosidl_typesupport_fastrtps_c.h
[0.982s] -- Up-to-date: /home/alireza/thesis1/navigation_go2/go2_ws/install/unitree_hg/include/unitree_hg/msg/detail/hand_state__rosidl_typesupport_fastrtps_c.h
[0.982s] -- Up-to-date: /home/alireza/thesis1/navigation_go2/go2_ws/install/unitree_hg/include/unitree_hg/msg/detail/motor_cmd__rosidl_typesupport_fastrtps_c.h
[0.983s] -- Up-to-date: /home/alireza/thesis1/navigation_go2/go2_ws/install/unitree_hg/include/unitree_hg/msg/detail/press_sensor_state__rosidl_typesupport_fastrtps_c.h
[0.984s] -- Up-to-date: /home/alireza/thesis1/navigation_go2/go2_ws/install/unitree_hg/include/unitree_hg/msg/detail/hand_cmd__rosidl_typesupport_fastrtps_c.h
[0.984s] -- Up-to-date: /home/alireza/thesis1/navigation_go2/go2_ws/install/unitree_hg/include/unitree_hg/msg/detail/low_cmd__rosidl_typesupport_fastrtps_c.h
[0.984s] -- Up-to-date: /home/alireza/thesis1/navigation_go2/go2_ws/install/unitree_hg/include/unitree_hg/msg/detail/low_state__rosidl_typesupport_fastrtps_c.h
[0.984s] -- Up-to-date: /home/alireza/thesis1/navigation_go2/go2_ws/install/unitree_hg/include/unitree_hg/msg/detail/motor_state__rosidl_typesupport_fastrtps_c.h
[0.985s] -- Up-to-date: /home/alireza/thesis1/navigation_go2/go2_ws/install/unitree_hg/include/unitree_hg/msg/detail/bms_state__rosidl_typesupport_fastrtps_c.h
[0.985s] -- Up-to-date: /home/alireza/thesis1/navigation_go2/go2_ws/install/unitree_hg/include/unitree_hg/msg/detail/main_board_state__rosidl_typesupport_fastrtps_c.h
[0.985s] -- Up-to-date: /home/alireza/thesis1/navigation_go2/go2_ws/install/unitree_hg/include/unitree_hg/msg/detail/bms_cmd__rosidl_typesupport_fastrtps_c.h
[0.985s] -- Up-to-date: /home/alireza/thesis1/navigation_go2/go2_ws/install/unitree_hg/include/unitree_hg/msg/rosidl_typesupport_fastrtps_c__visibility_control.h
[0.986s] -- Up-to-date: /home/alireza/thesis1/navigation_go2/go2_ws/install/unitree_hg/lib/libunitree_hg__rosidl_typesupport_fastrtps_c.so
[0.986s] -- Up-to-date: /home/alireza/thesis1/navigation_go2/go2_ws/install/unitree_hg/include/unitree_hg
[0.986s] -- Up-to-date: /home/alireza/thesis1/navigation_go2/go2_ws/install/unitree_hg/include/unitree_hg/msg
[0.988s] -- Up-to-date: /home/alireza/thesis1/navigation_go2/go2_ws/install/unitree_hg/include/unitree_hg/msg/rosidl_typesupport_fastrtps_cpp__visibility_control.h
[0.988s] -- Up-to-date: /home/alireza/thesis1/navigation_go2/go2_ws/install/unitree_hg/include/unitree_hg/msg/detail
[0.988s] -- Up-to-date: /home/alireza/thesis1/navigation_go2/go2_ws/install/unitree_hg/include/unitree_hg/msg/detail/imu_state__rosidl_typesupport_fastrtps_cpp.hpp
[0.989s] -- Up-to-date: /home/alireza/thesis1/navigation_go2/go2_ws/install/unitree_hg/include/unitree_hg/msg/detail/press_sensor_state__rosidl_typesupport_fastrtps_cpp.hpp
[0.989s] -- Up-to-date: /home/alireza/thesis1/navigation_go2/go2_ws/install/unitree_hg/include/unitree_hg/msg/detail/main_board_state__rosidl_typesupport_fastrtps_cpp.hpp
[0.989s] -- Up-to-date: /home/alireza/thesis1/navigation_go2/go2_ws/install/unitree_hg/include/unitree_hg/msg/detail/hand_cmd__rosidl_typesupport_fastrtps_cpp.hpp
[0.990s] -- Up-to-date: /home/alireza/thesis1/navigation_go2/go2_ws/install/unitree_hg/include/unitree_hg/msg/detail/bms_cmd__rosidl_typesupport_fastrtps_cpp.hpp
[0.990s] -- Up-to-date: /home/alireza/thesis1/navigation_go2/go2_ws/install/unitree_hg/include/unitree_hg/msg/detail/motor_state__rosidl_typesupport_fastrtps_cpp.hpp
[0.990s] -- Up-to-date: /home/alireza/thesis1/navigation_go2/go2_ws/install/unitree_hg/include/unitree_hg/msg/detail/bms_state__rosidl_typesupport_fastrtps_cpp.hpp
[0.991s] -- Up-to-date: /home/alireza/thesis1/navigation_go2/go2_ws/install/unitree_hg/include/unitree_hg/msg/detail/motor_cmd__rosidl_typesupport_fastrtps_cpp.hpp
[0.991s] -- Up-to-date: /home/alireza/thesis1/navigation_go2/go2_ws/install/unitree_hg/include/unitree_hg/msg/detail/dds_fastrtps
[0.991s] -- Up-to-date: /home/alireza/thesis1/navigation_go2/go2_ws/install/unitree_hg/include/unitree_hg/msg/detail/low_cmd__rosidl_typesupport_fastrtps_cpp.hpp
[0.991s] -- Up-to-date: /home/alireza/thesis1/navigation_go2/go2_ws/install/unitree_hg/include/unitree_hg/msg/detail/low_state__rosidl_typesupport_fastrtps_cpp.hpp
[0.992s] -- Up-to-date: /home/alireza/thesis1/navigation_go2/go2_ws/install/unitree_hg/include/unitree_hg/msg/detail/hand_state__rosidl_typesupport_fastrtps_cpp.hpp
[0.992s] -- Up-to-date: /home/alireza/thesis1/navigation_go2/go2_ws/install/unitree_hg/lib/libunitree_hg__rosidl_typesupport_fastrtps_cpp.so
[0.992s] -- Up-to-date: /home/alireza/thesis1/navigation_go2/go2_ws/install/unitree_hg/include/unitree_hg
[0.993s] -- Up-to-date: /home/alireza/thesis1/navigation_go2/go2_ws/install/unitree_hg/include/unitree_hg/msg
[0.993s] -- Up-to-date: /home/alireza/thesis1/navigation_go2/go2_ws/install/unitree_hg/include/unitree_hg/msg/rosidl_typesupport_introspection_c__visibility_control.h
[0.993s] -- Up-to-date: /home/alireza/thesis1/navigation_go2/go2_ws/install/unitree_hg/include/unitree_hg/msg/detail
[0.994s] -- Up-to-date: /home/alireza/thesis1/navigation_go2/go2_ws/install/unitree_hg/include/unitree_hg/msg/detail/press_sensor_state__rosidl_typesupport_introspection_c.h
[0.994s] -- Up-to-date: /home/alireza/thesis1/navigation_go2/go2_ws/install/unitree_hg/include/unitree_hg/msg/detail/hand_cmd__rosidl_typesupport_introspection_c.h
[0.994s] -- Up-to-date: /home/alireza/thesis1/navigation_go2/go2_ws/install/unitree_hg/include/unitree_hg/msg/detail/bms_cmd__type_support.c
[0.995s] -- Up-to-date: /home/alireza/thesis1/navigation_go2/go2_ws/install/unitree_hg/include/unitree_hg/msg/detail/low_cmd__rosidl_typesupport_introspection_c.h
[0.995s] -- Up-to-date: /home/alireza/thesis1/navigation_go2/go2_ws/install/unitree_hg/include/unitree_hg/msg/detail/imu_state__rosidl_typesupport_introspection_c.h
[0.995s] -- Up-to-date: /home/alireza/thesis1/navigation_go2/go2_ws/install/unitree_hg/include/unitree_hg/msg/detail/motor_state__type_support.c
[0.995s] -- Up-to-date: /home/alireza/thesis1/navigation_go2/go2_ws/install/unitree_hg/include/unitree_hg/msg/detail/bms_state__rosidl_typesupport_introspection_c.h
[0.995s] -- Up-to-date: /home/alireza/thesis1/navigation_go2/go2_ws/install/unitree_hg/include/unitree_hg/msg/detail/bms_state__type_support.c
[0.995s] -- Up-to-date: /home/alireza/thesis1/navigation_go2/go2_ws/install/unitree_hg/include/unitree_hg/msg/detail/low_cmd__type_support.c
[0.995s] -- Up-to-date: /home/alireza/thesis1/navigation_go2/go2_ws/install/unitree_hg/include/unitree_hg/msg/detail/motor_state__rosidl_typesupport_introspection_c.h
[0.995s] -- Up-to-date: /home/alireza/thesis1/navigation_go2/go2_ws/install/unitree_hg/include/unitree_hg/msg/detail/bms_cmd__rosidl_typesupport_introspection_c.h
[0.996s] -- Up-to-date: /home/alireza/thesis1/navigation_go2/go2_ws/install/unitree_hg/include/unitree_hg/msg/detail/motor_cmd__rosidl_typesupport_introspection_c.h
[0.996s] -- Up-to-date: /home/alireza/thesis1/navigation_go2/go2_ws/install/unitree_hg/include/unitree_hg/msg/detail/low_state__rosidl_typesupport_introspection_c.h
[0.996s] -- Up-to-date: /home/alireza/thesis1/navigation_go2/go2_ws/install/unitree_hg/include/unitree_hg/msg/detail/main_board_state__rosidl_typesupport_introspection_c.h
[0.996s] -- Up-to-date: /home/alireza/thesis1/navigation_go2/go2_ws/install/unitree_hg/include/unitree_hg/msg/detail/motor_cmd__type_support.c
[0.996s] -- Up-to-date: /home/alireza/thesis1/navigation_go2/go2_ws/install/unitree_hg/include/unitree_hg/msg/detail/hand_state__rosidl_typesupport_introspection_c.h
[0.996s] -- Up-to-date: /home/alireza/thesis1/navigation_go2/go2_ws/install/unitree_hg/include/unitree_hg/msg/detail/imu_state__type_support.c
[0.996s] -- Up-to-date: /home/alireza/thesis1/navigation_go2/go2_ws/install/unitree_hg/include/unitree_hg/msg/detail/press_sensor_state__type_support.c
[0.996s] -- Up-to-date: /home/alireza/thesis1/navigation_go2/go2_ws/install/unitree_hg/include/unitree_hg/msg/detail/low_state__type_support.c
[0.996s] -- Up-to-date: /home/alireza/thesis1/navigation_go2/go2_ws/install/unitree_hg/include/unitree_hg/msg/detail/hand_state__type_support.c
[0.997s] -- Up-to-date: /home/alireza/thesis1/navigation_go2/go2_ws/install/unitree_hg/include/unitree_hg/msg/detail/hand_cmd__type_support.c
[0.997s] -- Up-to-date: /home/alireza/thesis1/navigation_go2/go2_ws/install/unitree_hg/include/unitree_hg/msg/detail/main_board_state__type_support.c
[0.997s] -- Up-to-date: /home/alireza/thesis1/navigation_go2/go2_ws/install/unitree_hg/lib/libunitree_hg__rosidl_typesupport_introspection_c.so
[0.997s] -- Up-to-date: /home/alireza/thesis1/navigation_go2/go2_ws/install/unitree_hg/lib/libunitree_hg__rosidl_typesupport_c.so
[0.997s] -- Up-to-date: /home/alireza/thesis1/navigation_go2/go2_ws/install/unitree_hg/include/unitree_hg
[0.997s] -- Up-to-date: /home/alireza/thesis1/navigation_go2/go2_ws/install/unitree_hg/include/unitree_hg/msg
[0.997s] -- Up-to-date: /home/alireza/thesis1/navigation_go2/go2_ws/install/unitree_hg/include/unitree_hg/msg/motor_cmd.hpp
[0.997s] -- Up-to-date: /home/alireza/thesis1/navigation_go2/go2_ws/install/unitree_hg/include/unitree_hg/msg/rosidl_generator_cpp__visibility_control.hpp
[0.997s] -- Up-to-date: /home/alireza/thesis1/navigation_go2/go2_ws/install/unitree_hg/include/unitree_hg/msg/main_board_state.hpp
[0.998s] -- Up-to-date: /home/alireza/thesis1/navigation_go2/go2_ws/install/unitree_hg/include/unitree_hg/msg/hand_state.hpp
[0.998s] -- Up-to-date: /home/alireza/thesis1/navigation_go2/go2_ws/install/unitree_hg/include/unitree_hg/msg/detail
[0.998s] -- Up-to-date: /home/alireza/thesis1/navigation_go2/go2_ws/install/unitree_hg/include/unitree_hg/msg/detail/main_board_state__traits.hpp
[0.998s] -- Up-to-date: /home/alireza/thesis1/navigation_go2/go2_ws/install/unitree_hg/include/unitree_hg/msg/detail/main_board_state__builder.hpp
[0.998s] -- Up-to-date: /home/alireza/thesis1/navigation_go2/go2_ws/install/unitree_hg/include/unitree_hg/msg/detail/press_sensor_state__traits.hpp
[0.998s] -- Up-to-date: /home/alireza/thesis1/navigation_go2/go2_ws/install/unitree_hg/include/unitree_hg/msg/detail/hand_cmd__type_support.hpp
[0.999s] -- Up-to-date: /home/alireza/thesis1/navigation_go2/go2_ws/install/unitree_hg/include/unitree_hg/msg/detail/motor_state__struct.hpp
[1.000s] -- Up-to-date: /home/alireza/thesis1/navigation_go2/go2_ws/install/unitree_hg/include/unitree_hg/msg/detail/hand_cmd__builder.hpp
[1.001s] -- Up-to-date: /home/alireza/thesis1/navigation_go2/go2_ws/install/unitree_hg/include/unitree_hg/msg/detail/bms_state__struct.hpp
[1.002s] -- Up-to-date: /home/alireza/thesis1/navigation_go2/go2_ws/install/unitree_hg/include/unitree_hg/msg/detail/press_sensor_state__type_support.hpp
[1.002s] -- Up-to-date: /home/alireza/thesis1/navigation_go2/go2_ws/install/unitree_hg/include/unitree_hg/msg/detail/bms_cmd__traits.hpp
[1.004s] -- Up-to-date: /home/alireza/thesis1/navigation_go2/go2_ws/install/unitree_hg/include/unitree_hg/msg/detail/low_cmd__type_support.hpp
[1.004s] -- Up-to-date: /home/alireza/thesis1/navigation_go2/go2_ws/install/unitree_hg/include/unitree_hg/msg/detail/bms_cmd__builder.hpp
[1.005s] -- Up-to-date: /home/alireza/thesis1/navigation_go2/go2_ws/install/unitree_hg/include/unitree_hg/msg/detail/hand_cmd__struct.hpp
[1.006s] -- Up-to-date: /home/alireza/thesis1/navigation_go2/go2_ws/install/unitree_hg/include/unitree_hg/msg/detail/low_cmd__builder.hpp
[1.007s] -- Up-to-date: /home/alireza/thesis1/navigation_go2/go2_ws/install/unitree_hg/include/unitree_hg/msg/detail/main_board_state__struct.hpp
[1.007s] -- Up-to-date: /home/alireza/thesis1/navigation_go2/go2_ws/install/unitree_hg/include/unitree_hg/msg/detail/hand_state__type_support.hpp
[1.008s] -- Up-to-date: /home/alireza/thesis1/navigation_go2/go2_ws/install/unitree_hg/include/unitree_hg/msg/detail/motor_state__type_support.hpp
[1.008s] -- Up-to-date: /home/alireza/thesis1/navigation_go2/go2_ws/install/unitree_hg/include/unitree_hg/msg/detail/bms_cmd__type_support.hpp
[1.008s] -- Up-to-date: /home/alireza/thesis1/navigation_go2/go2_ws/install/unitree_hg/include/unitree_hg/msg/detail/motor_cmd__builder.hpp
[1.008s] -- Up-to-date: /home/alireza/thesis1/navigation_go2/go2_ws/install/unitree_hg/include/unitree_hg/msg/detail/low_cmd__traits.hpp
[1.009s] -- Up-to-date: /home/alireza/thesis1/navigation_go2/go2_ws/install/unitree_hg/include/unitree_hg/msg/detail/low_state__type_support.hpp
[1.009s] -- Up-to-date: /home/alireza/thesis1/navigation_go2/go2_ws/install/unitree_hg/include/unitree_hg/msg/detail/hand_state__struct.hpp
[1.009s] -- Up-to-date: /home/alireza/thesis1/navigation_go2/go2_ws/install/unitree_hg/include/unitree_hg/msg/detail/bms_state__type_support.hpp
[1.010s] -- Up-to-date: /home/alireza/thesis1/navigation_go2/go2_ws/install/unitree_hg/include/unitree_hg/msg/detail/motor_cmd__traits.hpp
[1.010s] -- Up-to-date: /home/alireza/thesis1/navigation_go2/go2_ws/install/unitree_hg/include/unitree_hg/msg/detail/imu_state__traits.hpp
[1.010s] -- Up-to-date: /home/alireza/thesis1/navigation_go2/go2_ws/install/unitree_hg/include/unitree_hg/msg/detail/press_sensor_state__struct.hpp
[1.010s] -- Up-to-date: /home/alireza/thesis1/navigation_go2/go2_ws/install/unitree_hg/include/unitree_hg/msg/detail/motor_state__builder.hpp
[1.010s] -- Up-to-date: /home/alireza/thesis1/navigation_go2/go2_ws/install/unitree_hg/include/unitree_hg/msg/detail/hand_state__builder.hpp
[1.010s] -- Up-to-date: /home/alireza/thesis1/navigation_go2/go2_ws/install/unitree_hg/include/unitree_hg/msg/detail/bms_state__traits.hpp
[1.011s] -- Up-to-date: /home/alireza/thesis1/navigation_go2/go2_ws/install/unitree_hg/include/unitree_hg/msg/detail/low_cmd__struct.hpp
[1.011s] -- Up-to-date: /home/alireza/thesis1/navigation_go2/go2_ws/install/unitree_hg/include/unitree_hg/msg/detail/press_sensor_state__builder.hpp
[1.011s] -- Up-to-date: /home/alireza/thesis1/navigation_go2/go2_ws/install/unitree_hg/include/unitree_hg/msg/detail/motor_state__traits.hpp
[1.012s] -- Up-to-date: /home/alireza/thesis1/navigation_go2/go2_ws/install/unitree_hg/include/unitree_hg/msg/detail/main_board_state__type_support.hpp
[1.012s] -- Up-to-date: /home/alireza/thesis1/navigation_go2/go2_ws/install/unitree_hg/include/unitree_hg/msg/detail/bms_state__builder.hpp
[1.012s] -- Up-to-date: /home/alireza/thesis1/navigation_go2/go2_ws/install/unitree_hg/include/unitree_hg/msg/detail/motor_cmd__struct.hpp
[1.012s] -- Up-to-date: /home/alireza/thesis1/navigation_go2/go2_ws/install/unitree_hg/include/unitree_hg/msg/detail/hand_state__traits.hpp
[1.012s] -- Up-to-date: /home/alireza/thesis1/navigation_go2/go2_ws/install/unitree_hg/include/unitree_hg/msg/detail/low_state__traits.hpp
[1.012s] -- Up-to-date: /home/alireza/thesis1/navigation_go2/go2_ws/install/unitree_hg/include/unitree_hg/msg/detail/low_state__builder.hpp
[1.012s] -- Up-to-date: /home/alireza/thesis1/navigation_go2/go2_ws/install/unitree_hg/include/unitree_hg/msg/detail/motor_cmd__type_support.hpp
[1.012s] -- Up-to-date: /home/alireza/thesis1/navigation_go2/go2_ws/install/unitree_hg/include/unitree_hg/msg/detail/imu_state__builder.hpp
[1.013s] -- Up-to-date: /home/alireza/thesis1/navigation_go2/go2_ws/install/unitree_hg/include/unitree_hg/msg/detail/hand_cmd__traits.hpp
[1.014s] -- Up-to-date: /home/alireza/thesis1/navigation_go2/go2_ws/install/unitree_hg/include/unitree_hg/msg/detail/imu_state__type_support.hpp
[1.014s] -- Up-to-date: /home/alireza/thesis1/navigation_go2/go2_ws/install/unitree_hg/include/unitree_hg/msg/detail/low_state__struct.hpp
[1.015s] -- Up-to-date: /home/alireza/thesis1/navigation_go2/go2_ws/install/unitree_hg/include/unitree_hg/msg/detail/imu_state__struct.hpp
[1.016s] -- Up-to-date: /home/alireza/thesis1/navigation_go2/go2_ws/install/unitree_hg/include/unitree_hg/msg/detail/bms_cmd__struct.hpp
[1.016s] -- Up-to-date: /home/alireza/thesis1/navigation_go2/go2_ws/install/unitree_hg/include/unitree_hg/msg/low_cmd.hpp
[1.017s] -- Up-to-date: /home/alireza/thesis1/navigation_go2/go2_ws/install/unitree_hg/include/unitree_hg/msg/press_sensor_state.hpp
[1.018s] -- Up-to-date: /home/alireza/thesis1/navigation_go2/go2_ws/install/unitree_hg/include/unitree_hg/msg/bms_state.hpp
[1.018s] -- Up-to-date: /home/alireza/thesis1/navigation_go2/go2_ws/install/unitree_hg/include/unitree_hg/msg/low_state.hpp
[1.018s] -- Up-to-date: /home/alireza/thesis1/navigation_go2/go2_ws/install/unitree_hg/include/unitree_hg/msg/bms_cmd.hpp
[1.019s] -- Up-to-date: /home/alireza/thesis1/navigation_go2/go2_ws/install/unitree_hg/include/unitree_hg/msg/motor_state.hpp
[1.019s] -- Up-to-date: /home/alireza/thesis1/navigation_go2/go2_ws/install/unitree_hg/include/unitree_hg/msg/hand_cmd.hpp
[1.019s] -- Up-to-date: /home/alireza/thesis1/navigation_go2/go2_ws/install/unitree_hg/include/unitree_hg/msg/imu_state.hpp
[1.020s] -- Up-to-date: /home/alireza/thesis1/navigation_go2/go2_ws/install/unitree_hg/include/unitree_hg
[1.020s] -- Up-to-date: /home/alireza/thesis1/navigation_go2/go2_ws/install/unitree_hg/include/unitree_hg/msg
[1.021s] -- Up-to-date: /home/alireza/thesis1/navigation_go2/go2_ws/install/unitree_hg/include/unitree_hg/msg/detail
[1.021s] -- Up-to-date: /home/alireza/thesis1/navigation_go2/go2_ws/install/unitree_hg/include/unitree_hg/msg/detail/hand_cmd__rosidl_typesupport_introspection_cpp.hpp
[1.022s] -- Up-to-date: /home/alireza/thesis1/navigation_go2/go2_ws/install/unitree_hg/include/unitree_hg/msg/detail/motor_state__type_support.cpp
[1.022s] -- Up-to-date: /home/alireza/thesis1/navigation_go2/go2_ws/install/unitree_hg/include/unitree_hg/msg/detail/low_state__type_support.cpp
[1.022s] -- Up-to-date: /home/alireza/thesis1/navigation_go2/go2_ws/install/unitree_hg/include/unitree_hg/msg/detail/hand_cmd__type_support.cpp
[1.022s] -- Up-to-date: /home/alireza/thesis1/navigation_go2/go2_ws/install/unitree_hg/include/unitree_hg/msg/detail/low_cmd__type_support.cpp
[1.023s] -- Up-to-date: /home/alireza/thesis1/navigation_go2/go2_ws/install/unitree_hg/include/unitree_hg/msg/detail/motor_state__rosidl_typesupport_introspection_cpp.hpp
[1.023s] -- Up-to-date: /home/alireza/thesis1/navigation_go2/go2_ws/install/unitree_hg/include/unitree_hg/msg/detail/main_board_state__type_support.cpp
[1.023s] -- Up-to-date: /home/alireza/thesis1/navigation_go2/go2_ws/install/unitree_hg/include/unitree_hg/msg/detail/press_sensor_state__rosidl_typesupport_introspection_cpp.hpp
[1.023s] -- Up-to-date: /home/alireza/thesis1/navigation_go2/go2_ws/install/unitree_hg/include/unitree_hg/msg/detail/motor_cmd__type_support.cpp
[1.023s] -- Up-to-date: /home/alireza/thesis1/navigation_go2/go2_ws/install/unitree_hg/include/unitree_hg/msg/detail/bms_state__rosidl_typesupport_introspection_cpp.hpp
[1.023s] -- Up-to-date: /home/alireza/thesis1/navigation_go2/go2_ws/install/unitree_hg/include/unitree_hg/msg/detail/hand_state__type_support.cpp
[1.023s] -- Up-to-date: /home/alireza/thesis1/navigation_go2/go2_ws/install/unitree_hg/include/unitree_hg/msg/detail/bms_cmd__rosidl_typesupport_introspection_cpp.hpp
[1.023s] -- Up-to-date: /home/alireza/thesis1/navigation_go2/go2_ws/install/unitree_hg/include/unitree_hg/msg/detail/bms_state__type_support.cpp
[1.023s] -- Up-to-date: /home/alireza/thesis1/navigation_go2/go2_ws/install/unitree_hg/include/unitree_hg/msg/detail/imu_state__rosidl_typesupport_introspection_cpp.hpp
[1.023s] -- Up-to-date: /home/alireza/thesis1/navigation_go2/go2_ws/install/unitree_hg/include/unitree_hg/msg/detail/press_sensor_state__type_support.cpp
[1.024s] -- Up-to-date: /home/alireza/thesis1/navigation_go2/go2_ws/install/unitree_hg/include/unitree_hg/msg/detail/hand_state__rosidl_typesupport_introspection_cpp.hpp
[1.024s] -- Up-to-date: /home/alireza/thesis1/navigation_go2/go2_ws/install/unitree_hg/include/unitree_hg/msg/detail/bms_cmd__type_support.cpp
[1.025s] -- Up-to-date: /home/alireza/thesis1/navigation_go2/go2_ws/install/unitree_hg/include/unitree_hg/msg/detail/imu_state__type_support.cpp
[1.025s] -- Up-to-date: /home/alireza/thesis1/navigation_go2/go2_ws/install/unitree_hg/include/unitree_hg/msg/detail/low_cmd__rosidl_typesupport_introspection_cpp.hpp
[1.025s] -- Up-to-date: /home/alireza/thesis1/navigation_go2/go2_ws/install/unitree_hg/include/unitree_hg/msg/detail/low_state__rosidl_typesupport_introspection_cpp.hpp
[1.025s] -- Up-to-date: /home/alireza/thesis1/navigation_go2/go2_ws/install/unitree_hg/include/unitree_hg/msg/detail/main_board_state__rosidl_typesupport_introspection_cpp.hpp
[1.025s] -- Up-to-date: /home/alireza/thesis1/navigation_go2/go2_ws/install/unitree_hg/include/unitree_hg/msg/detail/motor_cmd__rosidl_typesupport_introspection_cpp.hpp
[1.025s] -- Up-to-date: /home/alireza/thesis1/navigation_go2/go2_ws/install/unitree_hg/lib/libunitree_hg__rosidl_typesupport_introspection_cpp.so
[1.025s] -- Up-to-date: /home/alireza/thesis1/navigation_go2/go2_ws/install/unitree_hg/lib/libunitree_hg__rosidl_typesupport_cpp.so
[1.026s] -- Up-to-date: /home/alireza/thesis1/navigation_go2/go2_ws/install/unitree_hg/share/unitree_hg/environment/pythonpath.sh
[1.026s] -- Up-to-date: /home/alireza/thesis1/navigation_go2/go2_ws/install/unitree_hg/share/unitree_hg/environment/pythonpath.dsv
[1.026s] -- Up-to-date: /home/alireza/thesis1/navigation_go2/go2_ws/install/unitree_hg/lib/python3.8/site-packages/unitree_hg/__init__.py
[1.032s] -- Up-to-date: /home/alireza/thesis1/navigation_go2/go2_ws/install/unitree_hg/lib/python3.8/site-packages/unitree_hg/msg
[1.033s] -- Up-to-date: /home/alireza/thesis1/navigation_go2/go2_ws/install/unitree_hg/lib/python3.8/site-packages/unitree_hg/msg/_low_cmd_s.c
[1.033s] -- Up-to-date: /home/alireza/thesis1/navigation_go2/go2_ws/install/unitree_hg/lib/python3.8/site-packages/unitree_hg/msg/_motor_cmd.py
[1.033s] -- Up-to-date: /home/alireza/thesis1/navigation_go2/go2_ws/install/unitree_hg/lib/python3.8/site-packages/unitree_hg/msg/_imu_state.py
[1.033s] -- Up-to-date: /home/alireza/thesis1/navigation_go2/go2_ws/install/unitree_hg/lib/python3.8/site-packages/unitree_hg/msg/_hand_state_s.c
[1.033s] -- Up-to-date: /home/alireza/thesis1/navigation_go2/go2_ws/install/unitree_hg/lib/python3.8/site-packages/unitree_hg/msg/_motor_state.py
[1.033s] -- Up-to-date: /home/alireza/thesis1/navigation_go2/go2_ws/install/unitree_hg/lib/python3.8/site-packages/unitree_hg/msg/_imu_state_s.c
[1.033s] -- Up-to-date: /home/alireza/thesis1/navigation_go2/go2_ws/install/unitree_hg/lib/python3.8/site-packages/unitree_hg/msg/__init__.py
[1.034s] -- Up-to-date: /home/alireza/thesis1/navigation_go2/go2_ws/install/unitree_hg/lib/python3.8/site-packages/unitree_hg/msg/_bms_cmd_s.c
[1.034s] -- Up-to-date: /home/alireza/thesis1/navigation_go2/go2_ws/install/unitree_hg/lib/python3.8/site-packages/unitree_hg/msg/_hand_cmd_s.c
[1.034s] -- Up-to-date: /home/alireza/thesis1/navigation_go2/go2_ws/install/unitree_hg/lib/python3.8/site-packages/unitree_hg/msg/_main_board_state_s.c
[1.034s] -- Up-to-date: /home/alireza/thesis1/navigation_go2/go2_ws/install/unitree_hg/lib/python3.8/site-packages/unitree_hg/msg/_motor_cmd_s.c
[1.034s] -- Up-to-date: /home/alireza/thesis1/navigation_go2/go2_ws/install/unitree_hg/lib/python3.8/site-packages/unitree_hg/msg/_low_state.py
[1.034s] -- Up-to-date: /home/alireza/thesis1/navigation_go2/go2_ws/install/unitree_hg/lib/python3.8/site-packages/unitree_hg/msg/_low_cmd.py
[1.034s] -- Up-to-date: /home/alireza/thesis1/navigation_go2/go2_ws/install/unitree_hg/lib/python3.8/site-packages/unitree_hg/msg/_bms_state_s.c
[1.035s] -- Up-to-date: /home/alireza/thesis1/navigation_go2/go2_ws/install/unitree_hg/lib/python3.8/site-packages/unitree_hg/msg/_motor_state_s.c
[1.035s] -- Up-to-date: /home/alireza/thesis1/navigation_go2/go2_ws/install/unitree_hg/lib/python3.8/site-packages/unitree_hg/msg/_press_sensor_state.py
[1.035s] -- Up-to-date: /home/alireza/thesis1/navigation_go2/go2_ws/install/unitree_hg/lib/python3.8/site-packages/unitree_hg/msg/_main_board_state.py
[1.035s] -- Up-to-date: /home/alireza/thesis1/navigation_go2/go2_ws/install/unitree_hg/lib/python3.8/site-packages/unitree_hg/msg/_press_sensor_state_s.c
[1.035s] -- Up-to-date: /home/alireza/thesis1/navigation_go2/go2_ws/install/unitree_hg/lib/python3.8/site-packages/unitree_hg/msg/_hand_cmd.py
[1.035s] -- Up-to-date: /home/alireza/thesis1/navigation_go2/go2_ws/install/unitree_hg/lib/python3.8/site-packages/unitree_hg/msg/_bms_state.py
[1.035s] -- Up-to-date: /home/alireza/thesis1/navigation_go2/go2_ws/install/unitree_hg/lib/python3.8/site-packages/unitree_hg/msg/_bms_cmd.py
[1.035s] -- Up-to-date: /home/alireza/thesis1/navigation_go2/go2_ws/install/unitree_hg/lib/python3.8/site-packages/unitree_hg/msg/_hand_state.py
[1.035s] -- Up-to-date: /home/alireza/thesis1/navigation_go2/go2_ws/install/unitree_hg/lib/python3.8/site-packages/unitree_hg/msg/_low_state_s.c
[1.035s] -- Up-to-date: /home/alireza/thesis1/navigation_go2/go2_ws/install/unitree_hg/lib/python3.8/site-packages/unitree_hg/unitree_hg_s__rosidl_typesupport_fastrtps_c.cpython-38-x86_64-linux-gnu.so
[1.036s] -- Up-to-date: /home/alireza/thesis1/navigation_go2/go2_ws/install/unitree_hg/lib/python3.8/site-packages/unitree_hg/unitree_hg_s__rosidl_typesupport_introspection_c.cpython-38-x86_64-linux-gnu.so
[1.036s] -- Up-to-date: /home/alireza/thesis1/navigation_go2/go2_ws/install/unitree_hg/lib/python3.8/site-packages/unitree_hg/unitree_hg_s__rosidl_typesupport_c.cpython-38-x86_64-linux-gnu.so
[1.036s] -- Up-to-date: /home/alireza/thesis1/navigation_go2/go2_ws/install/unitree_hg/lib/libunitree_hg__python.so
[1.036s] -- Up-to-date: /home/alireza/thesis1/navigation_go2/go2_ws/install/unitree_hg/share/unitree_hg/msg/BmsCmd.idl
[1.036s] -- Up-to-date: /home/alireza/thesis1/navigation_go2/go2_ws/install/unitree_hg/share/unitree_hg/msg/BmsState.idl
[1.036s] -- Up-to-date: /home/alireza/thesis1/navigation_go2/go2_ws/install/unitree_hg/share/unitree_hg/msg/HandCmd.idl
[1.036s] -- Up-to-date: /home/alireza/thesis1/navigation_go2/go2_ws/install/unitree_hg/share/unitree_hg/msg/HandState.idl
[1.036s] -- Up-to-date: /home/alireza/thesis1/navigation_go2/go2_ws/install/unitree_hg/share/unitree_hg/msg/IMUState.idl
[1.036s] -- Up-to-date: /home/alireza/thesis1/navigation_go2/go2_ws/install/unitree_hg/share/unitree_hg/msg/LowCmd.idl
[1.037s] -- Up-to-date: /home/alireza/thesis1/navigation_go2/go2_ws/install/unitree_hg/share/unitree_hg/msg/LowState.idl
[1.037s] -- Up-to-date: /home/alireza/thesis1/navigation_go2/go2_ws/install/unitree_hg/share/unitree_hg/msg/MainBoardState.idl
[1.037s] -- Up-to-date: /home/alireza/thesis1/navigation_go2/go2_ws/install/unitree_hg/share/unitree_hg/msg/MotorCmd.idl
[1.037s] -- Up-to-date: /home/alireza/thesis1/navigation_go2/go2_ws/install/unitree_hg/share/unitree_hg/msg/MotorState.idl
[1.038s] -- Up-to-date: /home/alireza/thesis1/navigation_go2/go2_ws/install/unitree_hg/share/unitree_hg/msg/PressSensorState.idl
[1.038s] -- Up-to-date: /home/alireza/thesis1/navigation_go2/go2_ws/install/unitree_hg/share/unitree_hg/msg/BmsCmd.msg
[1.038s] -- Up-to-date: /home/alireza/thesis1/navigation_go2/go2_ws/install/unitree_hg/share/unitree_hg/msg/BmsState.msg
[1.038s] -- Up-to-date: /home/alireza/thesis1/navigation_go2/go2_ws/install/unitree_hg/share/unitree_hg/msg/HandCmd.msg
[1.038s] -- Up-to-date: /home/alireza/thesis1/navigation_go2/go2_ws/install/unitree_hg/share/unitree_hg/msg/HandState.msg
[1.038s] -- Up-to-date: /home/alireza/thesis1/navigation_go2/go2_ws/install/unitree_hg/share/unitree_hg/msg/IMUState.msg
[1.038s] -- Up-to-date: /home/alireza/thesis1/navigation_go2/go2_ws/install/unitree_hg/share/unitree_hg/msg/LowCmd.msg
[1.038s] -- Up-to-date: /home/alireza/thesis1/navigation_go2/go2_ws/install/unitree_hg/share/unitree_hg/msg/LowState.msg
[1.038s] -- Up-to-date: /home/alireza/thesis1/navigation_go2/go2_ws/install/unitree_hg/share/unitree_hg/msg/MainBoardState.msg
[1.038s] -- Up-to-date: /home/alireza/thesis1/navigation_go2/go2_ws/install/unitree_hg/share/unitree_hg/msg/MotorCmd.msg
[1.039s] -- Up-to-date: /home/alireza/thesis1/navigation_go2/go2_ws/install/unitree_hg/share/unitree_hg/msg/MotorState.msg
[1.039s] -- Up-to-date: /home/alireza/thesis1/navigation_go2/go2_ws/install/unitree_hg/share/unitree_hg/msg/PressSensorState.msg
[1.039s] -- Up-to-date: /home/alireza/thesis1/navigation_go2/go2_ws/install/unitree_hg/share/ament_index/resource_index/package_run_dependencies/unitree_hg
[1.041s] -- Up-to-date: /home/alireza/thesis1/navigation_go2/go2_ws/install/unitree_hg/share/ament_index/resource_index/parent_prefix_path/unitree_hg
[1.041s] -- Up-to-date: /home/alireza/thesis1/navigation_go2/go2_ws/install/unitree_hg/share/unitree_hg/environment/ament_prefix_path.sh
[1.042s] -- Up-to-date: /home/alireza/thesis1/navigation_go2/go2_ws/install/unitree_hg/share/unitree_hg/environment/ament_prefix_path.dsv
[1.042s] -- Up-to-date: /home/alireza/thesis1/navigation_go2/go2_ws/install/unitree_hg/share/unitree_hg/environment/path.sh
[1.043s] -- Up-to-date: /home/alireza/thesis1/navigation_go2/go2_ws/install/unitree_hg/share/unitree_hg/environment/path.dsv
[1.043s] -- Up-to-date: /home/alireza/thesis1/navigation_go2/go2_ws/install/unitree_hg/share/unitree_hg/local_setup.bash
[1.043s] -- Up-to-date: /home/alireza/thesis1/navigation_go2/go2_ws/install/unitree_hg/share/unitree_hg/local_setup.sh
[1.044s] -- Up-to-date: /home/alireza/thesis1/navigation_go2/go2_ws/install/unitree_hg/share/unitree_hg/local_setup.zsh
[1.044s] -- Up-to-date: /home/alireza/thesis1/navigation_go2/go2_ws/install/unitree_hg/share/unitree_hg/local_setup.dsv
[1.044s] -- Installing: /home/alireza/thesis1/navigation_go2/go2_ws/install/unitree_hg/share/unitree_hg/package.dsv
[1.044s] -- Up-to-date: /home/alireza/thesis1/navigation_go2/go2_ws/install/unitree_hg/share/ament_index/resource_index/packages/unitree_hg
[1.044s] -- Up-to-date: /home/alireza/thesis1/navigation_go2/go2_ws/install/unitree_hg/share/unitree_hg/cmake/unitree_hg__rosidl_generator_cExport.cmake
[1.044s] -- Up-to-date: /home/alireza/thesis1/navigation_go2/go2_ws/install/unitree_hg/share/unitree_hg/cmake/unitree_hg__rosidl_generator_cExport-noconfig.cmake
[1.044s] -- Up-to-date: /home/alireza/thesis1/navigation_go2/go2_ws/install/unitree_hg/share/unitree_hg/cmake/unitree_hg__rosidl_typesupport_introspection_cExport.cmake
[1.045s] -- Up-to-date: /home/alireza/thesis1/navigation_go2/go2_ws/install/unitree_hg/share/unitree_hg/cmake/unitree_hg__rosidl_typesupport_introspection_cExport-noconfig.cmake
[1.045s] -- Up-to-date: /home/alireza/thesis1/navigation_go2/go2_ws/install/unitree_hg/share/unitree_hg/cmake/unitree_hg__rosidl_typesupport_cExport.cmake
[1.045s] -- Up-to-date: /home/alireza/thesis1/navigation_go2/go2_ws/install/unitree_hg/share/unitree_hg/cmake/unitree_hg__rosidl_typesupport_cExport-noconfig.cmake
[1.045s] -- Up-to-date: /home/alireza/thesis1/navigation_go2/go2_ws/install/unitree_hg/share/unitree_hg/cmake/unitree_hg__rosidl_generator_cppExport.cmake
[1.045s] -- Up-to-date: /home/alireza/thesis1/navigation_go2/go2_ws/install/unitree_hg/share/unitree_hg/cmake/unitree_hg__rosidl_typesupport_introspection_cppExport.cmake
[1.045s] -- Up-to-date: /home/alireza/thesis1/navigation_go2/go2_ws/install/unitree_hg/share/unitree_hg/cmake/unitree_hg__rosidl_typesupport_introspection_cppExport-noconfig.cmake
[1.045s] -- Up-to-date: /home/alireza/thesis1/navigation_go2/go2_ws/install/unitree_hg/share/unitree_hg/cmake/unitree_hg__rosidl_typesupport_cppExport.cmake
[1.046s] -- Up-to-date: /home/alireza/thesis1/navigation_go2/go2_ws/install/unitree_hg/share/unitree_hg/cmake/unitree_hg__rosidl_typesupport_cppExport-noconfig.cmake
[1.046s] -- Up-to-date: /home/alireza/thesis1/navigation_go2/go2_ws/install/unitree_hg/share/unitree_hg/cmake/rosidl_cmake-extras.cmake
[1.046s] -- Up-to-date: /home/alireza/thesis1/navigation_go2/go2_ws/install/unitree_hg/share/unitree_hg/cmake/ament_cmake_export_dependencies-extras.cmake
[1.046s] -- Up-to-date: /home/alireza/thesis1/navigation_go2/go2_ws/install/unitree_hg/share/unitree_hg/cmake/ament_cmake_export_libraries-extras.cmake
[1.046s] -- Up-to-date: /home/alireza/thesis1/navigation_go2/go2_ws/install/unitree_hg/share/unitree_hg/cmake/ament_cmake_export_targets-extras.cmake
[1.046s] -- Up-to-date: /home/alireza/thesis1/navigation_go2/go2_ws/install/unitree_hg/share/unitree_hg/cmake/ament_cmake_export_include_directories-extras.cmake
[1.046s] -- Up-to-date: /home/alireza/thesis1/navigation_go2/go2_ws/install/unitree_hg/share/unitree_hg/cmake/rosidl_cmake_export_typesupport_libraries-extras.cmake
[1.046s] -- Up-to-date: /home/alireza/thesis1/navigation_go2/go2_ws/install/unitree_hg/share/unitree_hg/cmake/rosidl_cmake_export_typesupport_targets-extras.cmake
[1.047s] -- Up-to-date: /home/alireza/thesis1/navigation_go2/go2_ws/install/unitree_hg/share/unitree_hg/cmake/unitree_hgConfig.cmake
[1.047s] -- Up-to-date: /home/alireza/thesis1/navigation_go2/go2_ws/install/unitree_hg/share/unitree_hg/cmake/unitree_hgConfig-version.cmake
[1.047s] -- Up-to-date: /home/alireza/thesis1/navigation_go2/go2_ws/install/unitree_hg/share/unitree_hg/package.xml
[1.061s] Invoked command in '/home/alireza/thesis1/navigation_go2/go2_ws/build/unitree_hg' returned '0': CMAKE_PREFIX_PATH=/opt/ros/foxy /usr/bin/cmake --install /home/alireza/thesis1/navigation_go2/go2_ws/build/unitree_hg
