-- Install configuration: ""
-- Up-to-date: /home/alireza/thesis1/navigation_go2/go2_ws/install/go2_description/share/go2_description/urdf
-- Up-to-date: /home/alireza/thesis1/navigation_go2/go2_ws/install/go2_description/share/go2_description/urdf/go2_real.urdf.xacro
-- Up-to-date: /home/alireza/thesis1/navigation_go2/go2_ws/install/go2_description/share/go2_description/urdf/go2.urdf.xacro
-- Up-to-date: /home/alireza/thesis1/navigation_go2/go2_ws/install/go2_description/share/go2_description/launch
-- Up-to-date: /home/alireza/thesis1/navigation_go2/go2_ws/install/go2_description/share/go2_description/meshes
-- Up-to-date: /home/alireza/thesis1/navigation_go2/go2_ws/install/go2_description/share/ament_index/resource_index/package_run_dependencies/go2_description
-- Up-to-date: /home/alireza/thesis1/navigation_go2/go2_ws/install/go2_description/share/ament_index/resource_index/parent_prefix_path/go2_description
-- Up-to-date: /home/alireza/thesis1/navigation_go2/go2_ws/install/go2_description/share/go2_description/environment/ament_prefix_path.sh
-- Up-to-date: /home/alireza/thesis1/navigation_go2/go2_ws/install/go2_description/share/go2_description/environment/ament_prefix_path.dsv
-- Up-to-date: /home/alireza/thesis1/navigation_go2/go2_ws/install/go2_description/share/go2_description/environment/path.sh
-- Up-to-date: /home/alireza/thesis1/navigation_go2/go2_ws/install/go2_description/share/go2_description/environment/path.dsv
-- Up-to-date: /home/alireza/thesis1/navigation_go2/go2_ws/install/go2_description/share/go2_description/local_setup.bash
-- Up-to-date: /home/alireza/thesis1/navigation_go2/go2_ws/install/go2_description/share/go2_description/local_setup.sh
-- Up-to-date: /home/alireza/thesis1/navigation_go2/go2_ws/install/go2_description/share/go2_description/local_setup.zsh
-- Up-to-date: /home/alireza/thesis1/navigation_go2/go2_ws/install/go2_description/share/go2_description/local_setup.dsv
-- Up-to-date: /home/alireza/thesis1/navigation_go2/go2_ws/install/go2_description/share/go2_description/package.dsv
-- Up-to-date: /home/alireza/thesis1/navigation_go2/go2_ws/install/go2_description/share/ament_index/resource_index/packages/go2_description
-- Up-to-date: /home/alireza/thesis1/navigation_go2/go2_ws/install/go2_description/share/go2_description/cmake/go2_descriptionConfig.cmake
-- Up-to-date: /home/alireza/thesis1/navigation_go2/go2_ws/install/go2_description/share/go2_description/cmake/go2_descriptionConfig-version.cmake
-- Up-to-date: /home/alireza/thesis1/navigation_go2/go2_ws/install/go2_description/share/go2_description/package.xml
