[0.046s] Invoking command in '/home/alireza/thesis1/navigation_go2/go2_ws/build/go2_description': CMAKE_PREFIX_PATH=/opt/ros/foxy /usr/bin/cmake --build /home/alireza/thesis1/navigation_go2/go2_ws/build/go2_description -- -j8 -l8
[0.109s] Invoked command in '/home/alireza/thesis1/navigation_go2/go2_ws/build/go2_description' returned '0': CMAKE_PREFIX_PATH=/opt/ros/foxy /usr/bin/cmake --build /home/alireza/thesis1/navigation_go2/go2_ws/build/go2_description -- -j8 -l8
[0.126s] Invoking command in '/home/alireza/thesis1/navigation_go2/go2_ws/build/go2_description': CMAKE_PREFIX_PATH=/opt/ros/foxy /usr/bin/cmake --install /home/alireza/thesis1/navigation_go2/go2_ws/build/go2_description
[0.140s] -- Install configuration: ""
[0.141s] -- Up-to-date: /home/alireza/thesis1/navigation_go2/go2_ws/install/go2_description/share/go2_description/urdf
[0.141s] -- Up-to-date: /home/alireza/thesis1/navigation_go2/go2_ws/install/go2_description/share/go2_description/urdf/go2_real.urdf.xacro
[0.141s] -- Up-to-date: /home/alireza/thesis1/navigation_go2/go2_ws/install/go2_description/share/go2_description/urdf/go2.urdf.xacro
[0.141s] -- Up-to-date: /home/alireza/thesis1/navigation_go2/go2_ws/install/go2_description/share/go2_description/launch
[0.141s] -- Up-to-date: /home/alireza/thesis1/navigation_go2/go2_ws/install/go2_description/share/go2_description/meshes
[0.142s] -- Up-to-date: /home/alireza/thesis1/navigation_go2/go2_ws/install/go2_description/share/ament_index/resource_index/package_run_dependencies/go2_description
[0.142s] -- Up-to-date: /home/alireza/thesis1/navigation_go2/go2_ws/install/go2_description/share/ament_index/resource_index/parent_prefix_path/go2_description
[0.142s] -- Up-to-date: /home/alireza/thesis1/navigation_go2/go2_ws/install/go2_description/share/go2_description/environment/ament_prefix_path.sh
[0.142s] -- Up-to-date: /home/alireza/thesis1/navigation_go2/go2_ws/install/go2_description/share/go2_description/environment/ament_prefix_path.dsv
[0.145s] -- Up-to-date: /home/alireza/thesis1/navigation_go2/go2_ws/install/go2_description/share/go2_description/environment/path.sh
[0.145s] -- Up-to-date: /home/alireza/thesis1/navigation_go2/go2_ws/install/go2_description/share/go2_description/environment/path.dsv
[0.145s] -- Up-to-date: /home/alireza/thesis1/navigation_go2/go2_ws/install/go2_description/share/go2_description/local_setup.bash
[0.145s] -- Up-to-date: /home/alireza/thesis1/navigation_go2/go2_ws/install/go2_description/share/go2_description/local_setup.sh
[0.145s] -- Up-to-date: /home/alireza/thesis1/navigation_go2/go2_ws/install/go2_description/share/go2_description/local_setup.zsh
[0.146s] -- Up-to-date: /home/alireza/thesis1/navigation_go2/go2_ws/install/go2_description/share/go2_description/local_setup.dsv
[0.146s] -- Up-to-date: /home/alireza/thesis1/navigation_go2/go2_ws/install/go2_description/share/go2_description/package.dsv
[0.146s] -- Up-to-date: /home/alireza/thesis1/navigation_go2/go2_ws/install/go2_description/share/ament_index/resource_index/packages/go2_description
[0.146s] -- Up-to-date: /home/alireza/thesis1/navigation_go2/go2_ws/install/go2_description/share/go2_description/cmake/go2_descriptionConfig.cmake
[0.146s] -- Up-to-date: /home/alireza/thesis1/navigation_go2/go2_ws/install/go2_description/share/go2_description/cmake/go2_descriptionConfig-version.cmake
[0.146s] -- Up-to-date: /home/alireza/thesis1/navigation_go2/go2_ws/install/go2_description/share/go2_description/package.xml
[0.159s] Invoked command in '/home/alireza/thesis1/navigation_go2/go2_ws/build/go2_description' returned '0': CMAKE_PREFIX_PATH=/opt/ros/foxy /usr/bin/cmake --install /home/alireza/thesis1/navigation_go2/go2_ws/build/go2_description
