[0.011s] Invoking command in '/home/alireza/thesis1/navigation_go2/go2_ws/build/go2_description': CMAKE_PREFIX_PATH=/opt/ros/foxy /usr/bin/cmake /home/alireza/thesis1/navigation_go2/go2_ws/src/go2_description -DCMAKE_INSTALL_PREFIX=/home/alireza/thesis1/navigation_go2/go2_ws/install/go2_description
[0.072s] -- The C compiler identification is GNU 9.4.0
[0.133s] -- The CXX compiler identification is GNU 9.4.0
[0.138s] -- Check for working C compiler: /usr/bin/cc
[0.216s] -- Check for working C compiler: /usr/bin/cc -- works
[0.217s] -- Detecting C compiler ABI info
[0.292s] -- Detecting C compiler ABI info - done
[0.305s] -- Detecting C compile features
[0.306s] -- Detecting C compile features - done
[0.309s] -- Check for working CXX compiler: /usr/bin/c++
[0.397s] -- Check for working CXX compiler: /usr/bin/c++ -- works
[0.399s] -- Detecting CXX compiler ABI info
[0.481s] -- Detecting CXX compiler ABI info - done
[0.505s] -- Detecting CXX compile features
[0.506s] -- Detecting CXX compile features - done
[0.509s] -- Found ament_cmake: 0.9.12 (/opt/ros/foxy/share/ament_cmake/cmake)
[0.539s] -- Found PythonInterp: /usr/bin/python3 (found suitable version "3.8.10", minimum required is "3") 
[0.539s] -- Using PYTHON_EXECUTABLE: /usr/bin/python3
[0.814s] -- Configuring done
[0.816s] -- Generating done
[0.817s] -- Build files have been written to: /home/alireza/thesis1/navigation_go2/go2_ws/build/go2_description
[0.821s] Invoked command in '/home/alireza/thesis1/navigation_go2/go2_ws/build/go2_description' returned '0': CMAKE_PREFIX_PATH=/opt/ros/foxy /usr/bin/cmake /home/alireza/thesis1/navigation_go2/go2_ws/src/go2_description -DCMAKE_INSTALL_PREFIX=/home/alireza/thesis1/navigation_go2/go2_ws/install/go2_description
[0.822s] Invoking command in '/home/alireza/thesis1/navigation_go2/go2_ws/build/go2_description': CMAKE_PREFIX_PATH=/opt/ros/foxy /usr/bin/cmake --build /home/alireza/thesis1/navigation_go2/go2_ws/build/go2_description -- -j8 -l8
[0.869s] Invoked command in '/home/alireza/thesis1/navigation_go2/go2_ws/build/go2_description' returned '0': CMAKE_PREFIX_PATH=/opt/ros/foxy /usr/bin/cmake --build /home/alireza/thesis1/navigation_go2/go2_ws/build/go2_description -- -j8 -l8
[0.883s] Invoking command in '/home/alireza/thesis1/navigation_go2/go2_ws/build/go2_description': CMAKE_PREFIX_PATH=/opt/ros/foxy /usr/bin/cmake --install /home/alireza/thesis1/navigation_go2/go2_ws/build/go2_description
[0.893s] -- Install configuration: ""
[0.893s] -- Installing: /home/alireza/thesis1/navigation_go2/go2_ws/install/go2_description/share/go2_description/urdf
[0.893s] -- Installing: /home/alireza/thesis1/navigation_go2/go2_ws/install/go2_description/share/go2_description/urdf/go2_real.urdf.xacro
[0.894s] -- Installing: /home/alireza/thesis1/navigation_go2/go2_ws/install/go2_description/share/go2_description/urdf/go2.urdf.xacro
[0.894s] -- Installing: /home/alireza/thesis1/navigation_go2/go2_ws/install/go2_description/share/go2_description/launch
[0.894s] -- Installing: /home/alireza/thesis1/navigation_go2/go2_ws/install/go2_description/share/go2_description/meshes
[0.894s] -- Installing: /home/alireza/thesis1/navigation_go2/go2_ws/install/go2_description/share/ament_index/resource_index/package_run_dependencies/go2_description
[0.894s] -- Installing: /home/alireza/thesis1/navigation_go2/go2_ws/install/go2_description/share/ament_index/resource_index/parent_prefix_path/go2_description
[0.894s] -- Installing: /home/alireza/thesis1/navigation_go2/go2_ws/install/go2_description/share/go2_description/environment/ament_prefix_path.sh
[0.895s] -- Installing: /home/alireza/thesis1/navigation_go2/go2_ws/install/go2_description/share/go2_description/environment/ament_prefix_path.dsv
[0.895s] -- Installing: /home/alireza/thesis1/navigation_go2/go2_ws/install/go2_description/share/go2_description/environment/path.sh
[0.895s] -- Installing: /home/alireza/thesis1/navigation_go2/go2_ws/install/go2_description/share/go2_description/environment/path.dsv
[0.895s] -- Installing: /home/alireza/thesis1/navigation_go2/go2_ws/install/go2_description/share/go2_description/local_setup.bash
[0.895s] -- Installing: /home/alireza/thesis1/navigation_go2/go2_ws/install/go2_description/share/go2_description/local_setup.sh
[0.895s] -- Installing: /home/alireza/thesis1/navigation_go2/go2_ws/install/go2_description/share/go2_description/local_setup.zsh
[0.896s] -- Installing: /home/alireza/thesis1/navigation_go2/go2_ws/install/go2_description/share/go2_description/local_setup.dsv
[0.896s] -- Installing: /home/alireza/thesis1/navigation_go2/go2_ws/install/go2_description/share/go2_description/package.dsv
[0.896s] -- Installing: /home/alireza/thesis1/navigation_go2/go2_ws/install/go2_description/share/ament_index/resource_index/packages/go2_description
[0.896s] -- Installing: /home/alireza/thesis1/navigation_go2/go2_ws/install/go2_description/share/go2_description/cmake/go2_descriptionConfig.cmake
[0.896s] -- Installing: /home/alireza/thesis1/navigation_go2/go2_ws/install/go2_description/share/go2_description/cmake/go2_descriptionConfig-version.cmake
[0.896s] -- Installing: /home/alireza/thesis1/navigation_go2/go2_ws/install/go2_description/share/go2_description/package.xml
[0.897s] Invoked command in '/home/alireza/thesis1/navigation_go2/go2_ws/build/go2_description' returned '0': CMAKE_PREFIX_PATH=/opt/ros/foxy /usr/bin/cmake --install /home/alireza/thesis1/navigation_go2/go2_ws/build/go2_description
