-- Found ament_cmake: 0.9.12 (/opt/ros/foxy/share/ament_cmake/cmake)
-- Using PYTHON_EXECUTABLE: /usr/bin/python3
-- Found geometry_msgs: 2.0.5 (/opt/ros/foxy/share/geometry_msgs/cmake)
-- Using all available rosidl_typesupport_c: rosidl_typesupport_fastrtps_c;rosidl_typesupport_introspection_c
-- Found rosidl_adapter: 1.3.1 (/opt/ros/foxy/share/rosidl_adapter/cmake)
-- Using all available rosidl_typesupport_cpp: rosidl_typesupport_fastrtps_cpp;rosidl_typesupport_introspection_cpp
-- Found rosidl_default_generators: 1.0.1 (/opt/ros/foxy/share/rosidl_default_generators/cmake)
CMake Error at CMakeLists.txt:26 (find_package):
  By not providing "Findrosidl_generator_dds_idl.cmake" in CMAKE_MODULE_PATH
  this project has asked CMake to find a package configuration file provided
  by "rosidl_generator_dds_idl", but CMake did not find one.

  Could not find a package configuration file provided by
  "rosidl_generator_dds_idl" with any of the following names:

    rosidl_generator_dds_idlConfig.cmake
    rosidl_generator_dds_idl-config.cmake

  Add the installation prefix of "rosidl_generator_dds_idl" to
  CMAKE_PREFIX_PATH or set "rosidl_generator_dds_idl_DIR" to a directory
  containing one of the above files.  If "rosidl_generator_dds_idl" provides
  a separate development package or SDK, be sure it has been installed.


-- Configuring incomplete, errors occurred!
See also "/home/alireza/thesis1/navigation_go2/go2_ws/build/unitree_api/CMakeFiles/CMakeOutput.log".
