[0.035s] Invoking command in '/home/alireza/thesis1/navigation_go2/go2_ws/build/go2_gazebo': AMENT_PREFIX_PATH=/home/alireza/thesis1/navigation_go2/go2_ws/install/go2_description:${AMENT_PREFIX_PATH} CMAKE_PREFIX_PATH=/home/alireza/thesis1/navigation_go2/go2_ws/install/go2_description:/opt/ros/foxy /usr/bin/cmake --build /home/alireza/thesis1/navigation_go2/go2_ws/build/go2_gazebo -- -j8 -l8
[0.223s] Invoked command in '/home/alireza/thesis1/navigation_go2/go2_ws/build/go2_gazebo' returned '0': AMENT_PREFIX_PATH=/home/alireza/thesis1/navigation_go2/go2_ws/install/go2_description:${AMENT_PREFIX_PATH} CMAKE_PREFIX_PATH=/home/alireza/thesis1/navigation_go2/go2_ws/install/go2_description:/opt/ros/foxy /usr/bin/cmake --build /home/alireza/thesis1/navigation_go2/go2_ws/build/go2_gazebo -- -j8 -l8
[0.224s] Invoking command in '/home/alireza/thesis1/navigation_go2/go2_ws/build/go2_gazebo': AMENT_PREFIX_PATH=/home/alireza/thesis1/navigation_go2/go2_ws/install/go2_description:${AMENT_PREFIX_PATH} CMAKE_PREFIX_PATH=/home/alireza/thesis1/navigation_go2/go2_ws/install/go2_description:/opt/ros/foxy /usr/bin/cmake --install /home/alireza/thesis1/navigation_go2/go2_ws/build/go2_gazebo
[0.262s] -- Install configuration: ""
[0.263s] -- Up-to-date: /home/alireza/thesis1/navigation_go2/go2_ws/install/go2_gazebo/share/go2_gazebo/launch
[0.263s] -- Up-to-date: /home/alireza/thesis1/navigation_go2/go2_ws/install/go2_gazebo/share/go2_gazebo/launch/go2_sim.launch.py
[0.263s] -- Up-to-date: /home/alireza/thesis1/navigation_go2/go2_ws/install/go2_gazebo/share/go2_gazebo/launch/set_initial_pose.py
[0.263s] -- Up-to-date: /home/alireza/thesis1/navigation_go2/go2_ws/install/go2_gazebo/share/go2_gazebo/params
[0.263s] -- Up-to-date: /home/alireza/thesis1/navigation_go2/go2_ws/install/go2_gazebo/share/go2_gazebo/params/slam_toolbox_params.yaml
[0.263s] -- Up-to-date: /home/alireza/thesis1/navigation_go2/go2_ws/install/go2_gazebo/share/go2_gazebo/params/go2_nav2_params.yaml
[0.263s] -- Up-to-date: /home/alireza/thesis1/navigation_go2/go2_ws/install/go2_gazebo/share/go2_gazebo/maps
[0.263s] -- Up-to-date: /home/alireza/thesis1/navigation_go2/go2_ws/install/go2_gazebo/share/go2_gazebo/maps/turtlebot3_world.yaml
[0.264s] -- Up-to-date: /home/alireza/thesis1/navigation_go2/go2_ws/install/go2_gazebo/share/go2_gazebo/maps/turtlebot3_world.pgm
[0.264s] -- Up-to-date: /home/alireza/thesis1/navigation_go2/go2_ws/install/go2_gazebo/share/go2_gazebo/rviz
[0.264s] -- Up-to-date: /home/alireza/thesis1/navigation_go2/go2_ws/install/go2_gazebo/share/go2_gazebo/rviz/go2_nav2.rviz
[0.264s] -- Up-to-date: /home/alireza/thesis1/navigation_go2/go2_ws/install/go2_gazebo/share/go2_gazebo/worlds
[0.264s] -- Up-to-date: /home/alireza/thesis1/navigation_go2/go2_ws/install/go2_gazebo/share/go2_gazebo/worlds/go2_world.world
[0.264s] -- Up-to-date: /home/alireza/thesis1/navigation_go2/go2_ws/install/go2_gazebo/share/go2_gazebo/worlds/go2_arena.world
[0.264s] -- Up-to-date: /home/alireza/thesis1/navigation_go2/go2_ws/install/go2_gazebo/lib/go2_gazebo/go2_viz.py
[0.264s] -- Up-to-date: /home/alireza/thesis1/navigation_go2/go2_ws/install/go2_gazebo/lib/go2_gazebo/scan_filter.py
[0.265s] -- Up-to-date: /home/alireza/thesis1/navigation_go2/go2_ws/install/go2_gazebo/share/ament_index/resource_index/package_run_dependencies/go2_gazebo
[0.265s] -- Up-to-date: /home/alireza/thesis1/navigation_go2/go2_ws/install/go2_gazebo/share/ament_index/resource_index/parent_prefix_path/go2_gazebo
[0.265s] -- Up-to-date: /home/alireza/thesis1/navigation_go2/go2_ws/install/go2_gazebo/share/go2_gazebo/environment/ament_prefix_path.sh
[0.265s] -- Up-to-date: /home/alireza/thesis1/navigation_go2/go2_ws/install/go2_gazebo/share/go2_gazebo/environment/ament_prefix_path.dsv
[0.265s] -- Up-to-date: /home/alireza/thesis1/navigation_go2/go2_ws/install/go2_gazebo/share/go2_gazebo/environment/path.sh
[0.265s] -- Up-to-date: /home/alireza/thesis1/navigation_go2/go2_ws/install/go2_gazebo/share/go2_gazebo/environment/path.dsv
[0.266s] -- Up-to-date: /home/alireza/thesis1/navigation_go2/go2_ws/install/go2_gazebo/share/go2_gazebo/local_setup.bash
[0.266s] -- Up-to-date: /home/alireza/thesis1/navigation_go2/go2_ws/install/go2_gazebo/share/go2_gazebo/local_setup.sh
[0.266s] -- Up-to-date: /home/alireza/thesis1/navigation_go2/go2_ws/install/go2_gazebo/share/go2_gazebo/local_setup.zsh
[0.266s] -- Up-to-date: /home/alireza/thesis1/navigation_go2/go2_ws/install/go2_gazebo/share/go2_gazebo/local_setup.dsv
[0.266s] -- Up-to-date: /home/alireza/thesis1/navigation_go2/go2_ws/install/go2_gazebo/share/go2_gazebo/package.dsv
[0.266s] -- Up-to-date: /home/alireza/thesis1/navigation_go2/go2_ws/install/go2_gazebo/share/ament_index/resource_index/packages/go2_gazebo
[0.266s] -- Up-to-date: /home/alireza/thesis1/navigation_go2/go2_ws/install/go2_gazebo/share/go2_gazebo/cmake/go2_gazeboConfig.cmake
[0.266s] -- Up-to-date: /home/alireza/thesis1/navigation_go2/go2_ws/install/go2_gazebo/share/go2_gazebo/cmake/go2_gazeboConfig-version.cmake
[0.267s] -- Up-to-date: /home/alireza/thesis1/navigation_go2/go2_ws/install/go2_gazebo/share/go2_gazebo/package.xml
[0.272s] Invoked command in '/home/alireza/thesis1/navigation_go2/go2_ws/build/go2_gazebo' returned '0': AMENT_PREFIX_PATH=/home/alireza/thesis1/navigation_go2/go2_ws/install/go2_description:${AMENT_PREFIX_PATH} CMAKE_PREFIX_PATH=/home/alireza/thesis1/navigation_go2/go2_ws/install/go2_description:/opt/ros/foxy /usr/bin/cmake --install /home/alireza/thesis1/navigation_go2/go2_ws/build/go2_gazebo
