[0.059s] Invoking command in '/home/alireza/thesis1/navigation_go2/go2_ws/build/unitree_api': CMAKE_PREFIX_PATH=${CMAKE_PREFIX_PATH}:/opt/ros/foxy /usr/bin/cmake /home/alireza/thesis1/navigation_go2/go2_ws/src/unitree_api -DCMAKE_INSTALL_PREFIX=/home/alireza/thesis1/navigation_go2/go2_ws/install/unitree_api
[0.129s] -- Found ament_cmake: 0.9.12 (/opt/ros/foxy/share/ament_cmake/cmake)
[0.129s] -- Found PythonInterp: /usr/bin/python3 (found suitable version "3.8.10", minimum required is "3") 
[0.129s] -- Using PYTHON_EXECUTABLE: /usr/bin/python3
[0.479s] -- Found geometry_msgs: 2.0.5 (/opt/ros/foxy/share/geometry_msgs/cmake)
[0.533s] -- Using all available rosidl_typesupport_c: rosidl_typesupport_fastrtps_c;rosidl_typesupport_introspection_c
[0.540s] -- Found rosidl_adapter: 1.3.1 (/opt/ros/foxy/share/rosidl_adapter/cmake)
[0.850s] -- Using all available rosidl_typesupport_cpp: rosidl_typesupport_fastrtps_cpp;rosidl_typesupport_introspection_cpp
[1.020s] -- Found rosidl_default_generators: 1.0.1 (/opt/ros/foxy/share/rosidl_default_generators/cmake)
[1.108s] -- Found PythonInterp: /usr/bin/python3 (found version "3.8.10") 
[2.211s] -- Found ament_cmake_ros: 0.9.2 (/opt/ros/foxy/share/ament_cmake_ros/cmake)
[3.188s] -- Using all available rosidl_typesupport_c: rosidl_typesupport_fastrtps_c;rosidl_typesupport_introspection_c
[3.428s] -- Using all available rosidl_typesupport_cpp: rosidl_typesupport_fastrtps_cpp;rosidl_typesupport_introspection_cpp
[3.476s] -- Found PythonInterp: /usr/bin/python3 (found suitable version "3.8.10", minimum required is "3.5") 
[3.479s] -- Found python_cmake_module: 0.8.1 (/opt/ros/foxy/share/python_cmake_module/cmake)
[3.522s] -- Using PYTHON_EXECUTABLE: /usr/bin/python3
[3.523s] -- Using PYTHON_INCLUDE_DIRS: /usr/include/python3.8
[3.523s] -- Using PYTHON_LIBRARIES: /usr/lib/x86_64-linux-gnu/libpython3.8.so
[3.644s] -- Found ament_lint_auto: 0.9.8 (/opt/ros/foxy/share/ament_lint_auto/cmake)
[3.663s] -- Added test 'copyright' to check source files copyright and LICENSE
[3.667s] -- Added test 'lint_cmake' to check CMake code style
[3.669s] -- Added test 'xmllint' to check XML markup files
[3.677s] -- Configuring done
[3.836s] -- Generating done
[3.899s] -- Build files have been written to: /home/alireza/thesis1/navigation_go2/go2_ws/build/unitree_api
[3.920s] Invoked command in '/home/alireza/thesis1/navigation_go2/go2_ws/build/unitree_api' returned '0': CMAKE_PREFIX_PATH=${CMAKE_PREFIX_PATH}:/opt/ros/foxy /usr/bin/cmake /home/alireza/thesis1/navigation_go2/go2_ws/src/unitree_api -DCMAKE_INSTALL_PREFIX=/home/alireza/thesis1/navigation_go2/go2_ws/install/unitree_api
[3.922s] Invoking command in '/home/alireza/thesis1/navigation_go2/go2_ws/build/unitree_api': CMAKE_PREFIX_PATH=${CMAKE_PREFIX_PATH}:/opt/ros/foxy /usr/bin/cmake --build /home/alireza/thesis1/navigation_go2/go2_ws/build/unitree_api -- -j8 -l8
[4.065s] [  1%] Built target unitree_api__cpp
[4.093s] [ 12%] Built target unitree_api__rosidl_generator_c
[4.142s] [ 24%] Built target unitree_api__rosidl_typesupport_introspection_cpp
[4.190s] [ 35%] Built target unitree_api__rosidl_typesupport_fastrtps_cpp
[4.202s] [ 47%] Built target unitree_api__rosidl_typesupport_introspection_c
[4.213s] [ 58%] Built target unitree_api__rosidl_typesupport_c
[4.219s] [ 70%] Built target unitree_api__rosidl_typesupport_cpp
[4.281s] [ 81%] Built target unitree_api__rosidl_typesupport_fastrtps_c
[4.335s] [ 81%] Built target unitree_api
[4.394s] [ 82%] Built target unitree_api__py
[4.470s] [ 93%] Built target unitree_api__python
[4.783s] [ 95%] Built target unitree_api__rosidl_typesupport_fastrtps_c__pyext
[4.817s] [ 97%] Built target unitree_api__rosidl_typesupport_c__pyext
[4.881s] [100%] Built target unitree_api__rosidl_typesupport_introspection_c__pyext
[4.999s] Invoked command in '/home/alireza/thesis1/navigation_go2/go2_ws/build/unitree_api' returned '0': CMAKE_PREFIX_PATH=${CMAKE_PREFIX_PATH}:/opt/ros/foxy /usr/bin/cmake --build /home/alireza/thesis1/navigation_go2/go2_ws/build/unitree_api -- -j8 -l8
[5.004s] Invoking command in '/home/alireza/thesis1/navigation_go2/go2_ws/build/unitree_api': CMAKE_PREFIX_PATH=${CMAKE_PREFIX_PATH}:/opt/ros/foxy /usr/bin/cmake --install /home/alireza/thesis1/navigation_go2/go2_ws/build/unitree_api
[5.581s] -- Install configuration: ""
[5.582s] -- Up-to-date: /home/alireza/thesis1/navigation_go2/go2_ws/install/unitree_api/share/ament_index/resource_index/rosidl_interfaces/unitree_api
[5.582s] -- Up-to-date: /home/alireza/thesis1/navigation_go2/go2_ws/install/unitree_api/include/unitree_api
[5.583s] -- Up-to-date: /home/alireza/thesis1/navigation_go2/go2_ws/install/unitree_api/include/unitree_api/msg
[5.583s] -- Up-to-date: /home/alireza/thesis1/navigation_go2/go2_ws/install/unitree_api/include/unitree_api/msg/response_status.h
[5.584s] -- Up-to-date: /home/alireza/thesis1/navigation_go2/go2_ws/install/unitree_api/include/unitree_api/msg/request_lease.h
[5.585s] -- Up-to-date: /home/alireza/thesis1/navigation_go2/go2_ws/install/unitree_api/include/unitree_api/msg/detail
[5.585s] -- Up-to-date: /home/alireza/thesis1/navigation_go2/go2_ws/install/unitree_api/include/unitree_api/msg/detail/response_status__type_support.h
[5.586s] -- Up-to-date: /home/alireza/thesis1/navigation_go2/go2_ws/install/unitree_api/include/unitree_api/msg/detail/request_lease__type_support.h
[5.586s] -- Up-to-date: /home/alireza/thesis1/navigation_go2/go2_ws/install/unitree_api/include/unitree_api/msg/detail/response_header__struct.h
[5.587s] -- Up-to-date: /home/alireza/thesis1/navigation_go2/go2_ws/install/unitree_api/include/unitree_api/msg/detail/request__functions.h
[5.587s] -- Up-to-date: /home/alireza/thesis1/navigation_go2/go2_ws/install/unitree_api/include/unitree_api/msg/detail/request_header__functions.h
[5.588s] -- Up-to-date: /home/alireza/thesis1/navigation_go2/go2_ws/install/unitree_api/include/unitree_api/msg/detail/request_lease__functions.h
[5.588s] -- Up-to-date: /home/alireza/thesis1/navigation_go2/go2_ws/install/unitree_api/include/unitree_api/msg/detail/response__functions.c
[5.589s] -- Up-to-date: /home/alireza/thesis1/navigation_go2/go2_ws/install/unitree_api/include/unitree_api/msg/detail/request_identity__functions.h
[5.589s] -- Up-to-date: /home/alireza/thesis1/navigation_go2/go2_ws/install/unitree_api/include/unitree_api/msg/detail/request_header__struct.h
[5.590s] -- Up-to-date: /home/alireza/thesis1/navigation_go2/go2_ws/install/unitree_api/include/unitree_api/msg/detail/request__struct.h
[5.590s] -- Up-to-date: /home/alireza/thesis1/navigation_go2/go2_ws/install/unitree_api/include/unitree_api/msg/detail/response_status__struct.h
[5.591s] -- Up-to-date: /home/alireza/thesis1/navigation_go2/go2_ws/install/unitree_api/include/unitree_api/msg/detail/request_policy__struct.h
[5.591s] -- Up-to-date: /home/alireza/thesis1/navigation_go2/go2_ws/install/unitree_api/include/unitree_api/msg/detail/request_lease__functions.c
[5.592s] -- Up-to-date: /home/alireza/thesis1/navigation_go2/go2_ws/install/unitree_api/include/unitree_api/msg/detail/request_identity__struct.h
[5.592s] -- Up-to-date: /home/alireza/thesis1/navigation_go2/go2_ws/install/unitree_api/include/unitree_api/msg/detail/request_lease__struct.h
[5.592s] -- Up-to-date: /home/alireza/thesis1/navigation_go2/go2_ws/install/unitree_api/include/unitree_api/msg/detail/request_header__functions.c
[5.593s] -- Up-to-date: /home/alireza/thesis1/navigation_go2/go2_ws/install/unitree_api/include/unitree_api/msg/detail/request_policy__functions.h
[5.593s] -- Up-to-date: /home/alireza/thesis1/navigation_go2/go2_ws/install/unitree_api/include/unitree_api/msg/detail/request_identity__functions.c
[5.594s] -- Up-to-date: /home/alireza/thesis1/navigation_go2/go2_ws/install/unitree_api/include/unitree_api/msg/detail/request_identity__type_support.h
[5.594s] -- Up-to-date: /home/alireza/thesis1/navigation_go2/go2_ws/install/unitree_api/include/unitree_api/msg/detail/response__struct.h
[5.595s] -- Up-to-date: /home/alireza/thesis1/navigation_go2/go2_ws/install/unitree_api/include/unitree_api/msg/detail/response_status__functions.c
[5.595s] -- Up-to-date: /home/alireza/thesis1/navigation_go2/go2_ws/install/unitree_api/include/unitree_api/msg/detail/request_header__type_support.h
[5.596s] -- Up-to-date: /home/alireza/thesis1/navigation_go2/go2_ws/install/unitree_api/include/unitree_api/msg/detail/request_policy__type_support.h
[5.596s] -- Up-to-date: /home/alireza/thesis1/navigation_go2/go2_ws/install/unitree_api/include/unitree_api/msg/detail/response__functions.h
[5.597s] -- Up-to-date: /home/alireza/thesis1/navigation_go2/go2_ws/install/unitree_api/include/unitree_api/msg/detail/response_header__functions.c
[5.597s] -- Up-to-date: /home/alireza/thesis1/navigation_go2/go2_ws/install/unitree_api/include/unitree_api/msg/detail/response__type_support.h
[5.598s] -- Up-to-date: /home/alireza/thesis1/navigation_go2/go2_ws/install/unitree_api/include/unitree_api/msg/detail/request__type_support.h
[5.598s] -- Up-to-date: /home/alireza/thesis1/navigation_go2/go2_ws/install/unitree_api/include/unitree_api/msg/detail/response_status__functions.h
[5.598s] -- Up-to-date: /home/alireza/thesis1/navigation_go2/go2_ws/install/unitree_api/include/unitree_api/msg/detail/response_header__type_support.h
[5.599s] -- Up-to-date: /home/alireza/thesis1/navigation_go2/go2_ws/install/unitree_api/include/unitree_api/msg/detail/request__functions.c
[5.599s] -- Up-to-date: /home/alireza/thesis1/navigation_go2/go2_ws/install/unitree_api/include/unitree_api/msg/detail/request_policy__functions.c
[5.600s] -- Up-to-date: /home/alireza/thesis1/navigation_go2/go2_ws/install/unitree_api/include/unitree_api/msg/detail/response_header__functions.h
[5.614s] -- Up-to-date: /home/alireza/thesis1/navigation_go2/go2_ws/install/unitree_api/include/unitree_api/msg/response_header.h
[5.614s] -- Up-to-date: /home/alireza/thesis1/navigation_go2/go2_ws/install/unitree_api/include/unitree_api/msg/request_header.h
[5.615s] -- Up-to-date: /home/alireza/thesis1/navigation_go2/go2_ws/install/unitree_api/include/unitree_api/msg/rosidl_generator_c__visibility_control.h
[5.615s] -- Up-to-date: /home/alireza/thesis1/navigation_go2/go2_ws/install/unitree_api/include/unitree_api/msg/request.h
[5.616s] -- Up-to-date: /home/alireza/thesis1/navigation_go2/go2_ws/install/unitree_api/include/unitree_api/msg/request_identity.h
[5.617s] -- Up-to-date: /home/alireza/thesis1/navigation_go2/go2_ws/install/unitree_api/include/unitree_api/msg/request_policy.h
[5.617s] -- Up-to-date: /home/alireza/thesis1/navigation_go2/go2_ws/install/unitree_api/include/unitree_api/msg/response.h
[5.617s] -- Up-to-date: /home/alireza/thesis1/navigation_go2/go2_ws/install/unitree_api/share/unitree_api/environment/library_path.sh
[5.618s] -- Installing: /home/alireza/thesis1/navigation_go2/go2_ws/install/unitree_api/share/unitree_api/environment/library_path.dsv
[5.618s] -- Up-to-date: /home/alireza/thesis1/navigation_go2/go2_ws/install/unitree_api/lib/libunitree_api__rosidl_generator_c.so
[5.619s] -- Up-to-date: /home/alireza/thesis1/navigation_go2/go2_ws/install/unitree_api/include/unitree_api
[5.619s] -- Up-to-date: /home/alireza/thesis1/navigation_go2/go2_ws/install/unitree_api/include/unitree_api/msg
[5.620s] -- Up-to-date: /home/alireza/thesis1/navigation_go2/go2_ws/install/unitree_api/include/unitree_api/msg/detail
[5.620s] -- Up-to-date: /home/alireza/thesis1/navigation_go2/go2_ws/install/unitree_api/include/unitree_api/msg/detail/request__rosidl_typesupport_fastrtps_c.h
[5.621s] -- Up-to-date: /home/alireza/thesis1/navigation_go2/go2_ws/install/unitree_api/include/unitree_api/msg/detail/request_header__rosidl_typesupport_fastrtps_c.h
[5.621s] -- Up-to-date: /home/alireza/thesis1/navigation_go2/go2_ws/install/unitree_api/include/unitree_api/msg/detail/response_header__rosidl_typesupport_fastrtps_c.h
[5.622s] -- Up-to-date: /home/alireza/thesis1/navigation_go2/go2_ws/install/unitree_api/include/unitree_api/msg/detail/request_lease__rosidl_typesupport_fastrtps_c.h
[5.622s] -- Up-to-date: /home/alireza/thesis1/navigation_go2/go2_ws/install/unitree_api/include/unitree_api/msg/detail/request_policy__rosidl_typesupport_fastrtps_c.h
[5.623s] -- Up-to-date: /home/alireza/thesis1/navigation_go2/go2_ws/install/unitree_api/include/unitree_api/msg/detail/response_status__rosidl_typesupport_fastrtps_c.h
[5.623s] -- Up-to-date: /home/alireza/thesis1/navigation_go2/go2_ws/install/unitree_api/include/unitree_api/msg/detail/response__rosidl_typesupport_fastrtps_c.h
[5.624s] -- Up-to-date: /home/alireza/thesis1/navigation_go2/go2_ws/install/unitree_api/include/unitree_api/msg/detail/request_identity__rosidl_typesupport_fastrtps_c.h
[5.624s] -- Up-to-date: /home/alireza/thesis1/navigation_go2/go2_ws/install/unitree_api/include/unitree_api/msg/rosidl_typesupport_fastrtps_c__visibility_control.h
[5.625s] -- Up-to-date: /home/alireza/thesis1/navigation_go2/go2_ws/install/unitree_api/lib/libunitree_api__rosidl_typesupport_fastrtps_c.so
[5.626s] -- Up-to-date: /home/alireza/thesis1/navigation_go2/go2_ws/install/unitree_api/include/unitree_api
[5.626s] -- Up-to-date: /home/alireza/thesis1/navigation_go2/go2_ws/install/unitree_api/include/unitree_api/msg
[5.627s] -- Up-to-date: /home/alireza/thesis1/navigation_go2/go2_ws/install/unitree_api/include/unitree_api/msg/rosidl_typesupport_fastrtps_cpp__visibility_control.h
[5.627s] -- Up-to-date: /home/alireza/thesis1/navigation_go2/go2_ws/install/unitree_api/include/unitree_api/msg/detail
[5.627s] -- Up-to-date: /home/alireza/thesis1/navigation_go2/go2_ws/install/unitree_api/include/unitree_api/msg/detail/request_header__rosidl_typesupport_fastrtps_cpp.hpp
[5.628s] -- Up-to-date: /home/alireza/thesis1/navigation_go2/go2_ws/install/unitree_api/include/unitree_api/msg/detail/response__rosidl_typesupport_fastrtps_cpp.hpp
[5.628s] -- Up-to-date: /home/alireza/thesis1/navigation_go2/go2_ws/install/unitree_api/include/unitree_api/msg/detail/response_header__rosidl_typesupport_fastrtps_cpp.hpp
[5.629s] -- Up-to-date: /home/alireza/thesis1/navigation_go2/go2_ws/install/unitree_api/include/unitree_api/msg/detail/request__rosidl_typesupport_fastrtps_cpp.hpp
[5.629s] -- Up-to-date: /home/alireza/thesis1/navigation_go2/go2_ws/install/unitree_api/include/unitree_api/msg/detail/request_policy__rosidl_typesupport_fastrtps_cpp.hpp
[5.630s] -- Up-to-date: /home/alireza/thesis1/navigation_go2/go2_ws/install/unitree_api/include/unitree_api/msg/detail/request_lease__rosidl_typesupport_fastrtps_cpp.hpp
[5.630s] -- Up-to-date: /home/alireza/thesis1/navigation_go2/go2_ws/install/unitree_api/include/unitree_api/msg/detail/response_status__rosidl_typesupport_fastrtps_cpp.hpp
[5.631s] -- Up-to-date: /home/alireza/thesis1/navigation_go2/go2_ws/install/unitree_api/include/unitree_api/msg/detail/request_identity__rosidl_typesupport_fastrtps_cpp.hpp
[5.631s] -- Up-to-date: /home/alireza/thesis1/navigation_go2/go2_ws/install/unitree_api/include/unitree_api/msg/detail/dds_fastrtps
[5.632s] -- Up-to-date: /home/alireza/thesis1/navigation_go2/go2_ws/install/unitree_api/lib/libunitree_api__rosidl_typesupport_fastrtps_cpp.so
[5.632s] -- Up-to-date: /home/alireza/thesis1/navigation_go2/go2_ws/install/unitree_api/include/unitree_api
[5.633s] -- Up-to-date: /home/alireza/thesis1/navigation_go2/go2_ws/install/unitree_api/include/unitree_api/msg
[5.633s] -- Up-to-date: /home/alireza/thesis1/navigation_go2/go2_ws/install/unitree_api/include/unitree_api/msg/rosidl_typesupport_introspection_c__visibility_control.h
[5.633s] -- Up-to-date: /home/alireza/thesis1/navigation_go2/go2_ws/install/unitree_api/include/unitree_api/msg/detail
[5.634s] -- Up-to-date: /home/alireza/thesis1/navigation_go2/go2_ws/install/unitree_api/include/unitree_api/msg/detail/request__rosidl_typesupport_introspection_c.h
[5.634s] -- Up-to-date: /home/alireza/thesis1/navigation_go2/go2_ws/install/unitree_api/include/unitree_api/msg/detail/request_header__type_support.c
[5.635s] -- Up-to-date: /home/alireza/thesis1/navigation_go2/go2_ws/install/unitree_api/include/unitree_api/msg/detail/request_lease__type_support.c
[5.635s] -- Up-to-date: /home/alireza/thesis1/navigation_go2/go2_ws/install/unitree_api/include/unitree_api/msg/detail/response__type_support.c
[5.635s] -- Up-to-date: /home/alireza/thesis1/navigation_go2/go2_ws/install/unitree_api/include/unitree_api/msg/detail/request__type_support.c
[5.637s] -- Up-to-date: /home/alireza/thesis1/navigation_go2/go2_ws/install/unitree_api/include/unitree_api/msg/detail/response_header__rosidl_typesupport_introspection_c.h
[5.637s] -- Up-to-date: /home/alireza/thesis1/navigation_go2/go2_ws/install/unitree_api/include/unitree_api/msg/detail/request_policy__rosidl_typesupport_introspection_c.h
[5.638s] -- Up-to-date: /home/alireza/thesis1/navigation_go2/go2_ws/install/unitree_api/include/unitree_api/msg/detail/request_policy__type_support.c
[5.638s] -- Up-to-date: /home/alireza/thesis1/navigation_go2/go2_ws/install/unitree_api/include/unitree_api/msg/detail/request_identity__rosidl_typesupport_introspection_c.h
[5.638s] -- Up-to-date: /home/alireza/thesis1/navigation_go2/go2_ws/install/unitree_api/include/unitree_api/msg/detail/response__rosidl_typesupport_introspection_c.h
[5.639s] -- Up-to-date: /home/alireza/thesis1/navigation_go2/go2_ws/install/unitree_api/include/unitree_api/msg/detail/request_header__rosidl_typesupport_introspection_c.h
[5.639s] -- Up-to-date: /home/alireza/thesis1/navigation_go2/go2_ws/install/unitree_api/include/unitree_api/msg/detail/response_status__type_support.c
[5.640s] -- Up-to-date: /home/alireza/thesis1/navigation_go2/go2_ws/install/unitree_api/include/unitree_api/msg/detail/response_status__rosidl_typesupport_introspection_c.h
[5.640s] -- Up-to-date: /home/alireza/thesis1/navigation_go2/go2_ws/install/unitree_api/include/unitree_api/msg/detail/response_header__type_support.c
[5.641s] -- Up-to-date: /home/alireza/thesis1/navigation_go2/go2_ws/install/unitree_api/include/unitree_api/msg/detail/request_lease__rosidl_typesupport_introspection_c.h
[5.641s] -- Up-to-date: /home/alireza/thesis1/navigation_go2/go2_ws/install/unitree_api/include/unitree_api/msg/detail/request_identity__type_support.c
[5.642s] -- Up-to-date: /home/alireza/thesis1/navigation_go2/go2_ws/install/unitree_api/lib/libunitree_api__rosidl_typesupport_introspection_c.so
[5.642s] -- Up-to-date: /home/alireza/thesis1/navigation_go2/go2_ws/install/unitree_api/lib/libunitree_api__rosidl_typesupport_c.so
[5.643s] -- Up-to-date: /home/alireza/thesis1/navigation_go2/go2_ws/install/unitree_api/include/unitree_api
[5.643s] -- Up-to-date: /home/alireza/thesis1/navigation_go2/go2_ws/install/unitree_api/include/unitree_api/msg
[5.643s] -- Up-to-date: /home/alireza/thesis1/navigation_go2/go2_ws/install/unitree_api/include/unitree_api/msg/request_policy.hpp
[5.644s] -- Up-to-date: /home/alireza/thesis1/navigation_go2/go2_ws/install/unitree_api/include/unitree_api/msg/request_header.hpp
[5.644s] -- Up-to-date: /home/alireza/thesis1/navigation_go2/go2_ws/install/unitree_api/include/unitree_api/msg/request_identity.hpp
[5.645s] -- Up-to-date: /home/alireza/thesis1/navigation_go2/go2_ws/install/unitree_api/include/unitree_api/msg/rosidl_generator_cpp__visibility_control.hpp
[5.645s] -- Up-to-date: /home/alireza/thesis1/navigation_go2/go2_ws/install/unitree_api/include/unitree_api/msg/response_header.hpp
[5.646s] -- Up-to-date: /home/alireza/thesis1/navigation_go2/go2_ws/install/unitree_api/include/unitree_api/msg/response_status.hpp
[5.646s] -- Up-to-date: /home/alireza/thesis1/navigation_go2/go2_ws/install/unitree_api/include/unitree_api/msg/request_lease.hpp
[5.646s] -- Up-to-date: /home/alireza/thesis1/navigation_go2/go2_ws/install/unitree_api/include/unitree_api/msg/response.hpp
[5.647s] -- Up-to-date: /home/alireza/thesis1/navigation_go2/go2_ws/install/unitree_api/include/unitree_api/msg/detail
[5.647s] -- Up-to-date: /home/alireza/thesis1/navigation_go2/go2_ws/install/unitree_api/include/unitree_api/msg/detail/request_header__builder.hpp
[5.648s] -- Up-to-date: /home/alireza/thesis1/navigation_go2/go2_ws/install/unitree_api/include/unitree_api/msg/detail/request__traits.hpp
[5.653s] -- Up-to-date: /home/alireza/thesis1/navigation_go2/go2_ws/install/unitree_api/include/unitree_api/msg/detail/request_header__struct.hpp
[5.659s] -- Up-to-date: /home/alireza/thesis1/navigation_go2/go2_ws/install/unitree_api/include/unitree_api/msg/detail/request_lease__builder.hpp
[5.676s] -- Up-to-date: /home/alireza/thesis1/navigation_go2/go2_ws/install/unitree_api/include/unitree_api/msg/detail/response_status__traits.hpp
[5.677s] -- Up-to-date: /home/alireza/thesis1/navigation_go2/go2_ws/install/unitree_api/include/unitree_api/msg/detail/response__builder.hpp
[5.677s] -- Up-to-date: /home/alireza/thesis1/navigation_go2/go2_ws/install/unitree_api/include/unitree_api/msg/detail/request__struct.hpp
[5.678s] -- Up-to-date: /home/alireza/thesis1/navigation_go2/go2_ws/install/unitree_api/include/unitree_api/msg/detail/request_identity__traits.hpp
[5.678s] -- Up-to-date: /home/alireza/thesis1/navigation_go2/go2_ws/install/unitree_api/include/unitree_api/msg/detail/response_status__builder.hpp
[5.679s] -- Up-to-date: /home/alireza/thesis1/navigation_go2/go2_ws/install/unitree_api/include/unitree_api/msg/detail/response__struct.hpp
[5.679s] -- Up-to-date: /home/alireza/thesis1/navigation_go2/go2_ws/install/unitree_api/include/unitree_api/msg/detail/request__builder.hpp
[5.680s] -- Up-to-date: /home/alireza/thesis1/navigation_go2/go2_ws/install/unitree_api/include/unitree_api/msg/detail/response_status__type_support.hpp
[5.680s] -- Up-to-date: /home/alireza/thesis1/navigation_go2/go2_ws/install/unitree_api/include/unitree_api/msg/detail/request__type_support.hpp
[5.680s] -- Up-to-date: /home/alireza/thesis1/navigation_go2/go2_ws/install/unitree_api/include/unitree_api/msg/detail/response_header__type_support.hpp
[5.681s] -- Up-to-date: /home/alireza/thesis1/navigation_go2/go2_ws/install/unitree_api/include/unitree_api/msg/detail/request_policy__struct.hpp
[5.681s] -- Up-to-date: /home/alireza/thesis1/navigation_go2/go2_ws/install/unitree_api/include/unitree_api/msg/detail/request_header__type_support.hpp
[5.682s] -- Up-to-date: /home/alireza/thesis1/navigation_go2/go2_ws/install/unitree_api/include/unitree_api/msg/detail/response_header__builder.hpp
[5.682s] -- Up-to-date: /home/alireza/thesis1/navigation_go2/go2_ws/install/unitree_api/include/unitree_api/msg/detail/request_header__traits.hpp
[5.683s] -- Up-to-date: /home/alireza/thesis1/navigation_go2/go2_ws/install/unitree_api/include/unitree_api/msg/detail/request_policy__traits.hpp
[5.683s] -- Up-to-date: /home/alireza/thesis1/navigation_go2/go2_ws/install/unitree_api/include/unitree_api/msg/detail/request_policy__builder.hpp
[5.684s] -- Up-to-date: /home/alireza/thesis1/navigation_go2/go2_ws/install/unitree_api/include/unitree_api/msg/detail/request_identity__struct.hpp
[5.684s] -- Up-to-date: /home/alireza/thesis1/navigation_go2/go2_ws/install/unitree_api/include/unitree_api/msg/detail/response_header__struct.hpp
[5.685s] -- Up-to-date: /home/alireza/thesis1/navigation_go2/go2_ws/install/unitree_api/include/unitree_api/msg/detail/request_lease__traits.hpp
[5.685s] -- Up-to-date: /home/alireza/thesis1/navigation_go2/go2_ws/install/unitree_api/include/unitree_api/msg/detail/request_lease__type_support.hpp
[5.685s] -- Up-to-date: /home/alireza/thesis1/navigation_go2/go2_ws/install/unitree_api/include/unitree_api/msg/detail/request_policy__type_support.hpp
[5.686s] -- Up-to-date: /home/alireza/thesis1/navigation_go2/go2_ws/install/unitree_api/include/unitree_api/msg/detail/response_status__struct.hpp
[5.686s] -- Up-to-date: /home/alireza/thesis1/navigation_go2/go2_ws/install/unitree_api/include/unitree_api/msg/detail/response_header__traits.hpp
[5.686s] -- Up-to-date: /home/alireza/thesis1/navigation_go2/go2_ws/install/unitree_api/include/unitree_api/msg/detail/response__traits.hpp
[5.687s] -- Up-to-date: /home/alireza/thesis1/navigation_go2/go2_ws/install/unitree_api/include/unitree_api/msg/detail/request_identity__builder.hpp
[5.687s] -- Up-to-date: /home/alireza/thesis1/navigation_go2/go2_ws/install/unitree_api/include/unitree_api/msg/detail/request_identity__type_support.hpp
[5.688s] -- Up-to-date: /home/alireza/thesis1/navigation_go2/go2_ws/install/unitree_api/include/unitree_api/msg/detail/response__type_support.hpp
[5.688s] -- Up-to-date: /home/alireza/thesis1/navigation_go2/go2_ws/install/unitree_api/include/unitree_api/msg/detail/request_lease__struct.hpp
[5.689s] -- Up-to-date: /home/alireza/thesis1/navigation_go2/go2_ws/install/unitree_api/include/unitree_api/msg/request.hpp
[5.689s] -- Up-to-date: /home/alireza/thesis1/navigation_go2/go2_ws/install/unitree_api/include/unitree_api
[5.690s] -- Up-to-date: /home/alireza/thesis1/navigation_go2/go2_ws/install/unitree_api/include/unitree_api/msg
[5.690s] -- Up-to-date: /home/alireza/thesis1/navigation_go2/go2_ws/install/unitree_api/include/unitree_api/msg/detail
[5.690s] -- Up-to-date: /home/alireza/thesis1/navigation_go2/go2_ws/install/unitree_api/include/unitree_api/msg/detail/request__type_support.cpp
[5.691s] -- Up-to-date: /home/alireza/thesis1/navigation_go2/go2_ws/install/unitree_api/include/unitree_api/msg/detail/response_status__rosidl_typesupport_introspection_cpp.hpp
[5.691s] -- Up-to-date: /home/alireza/thesis1/navigation_go2/go2_ws/install/unitree_api/include/unitree_api/msg/detail/response_header__type_support.cpp
[5.691s] -- Up-to-date: /home/alireza/thesis1/navigation_go2/go2_ws/install/unitree_api/include/unitree_api/msg/detail/request__rosidl_typesupport_introspection_cpp.hpp
[5.691s] -- Up-to-date: /home/alireza/thesis1/navigation_go2/go2_ws/install/unitree_api/include/unitree_api/msg/detail/request_lease__rosidl_typesupport_introspection_cpp.hpp
[5.692s] -- Up-to-date: /home/alireza/thesis1/navigation_go2/go2_ws/install/unitree_api/include/unitree_api/msg/detail/request_header__type_support.cpp
[5.693s] -- Up-to-date: /home/alireza/thesis1/navigation_go2/go2_ws/install/unitree_api/include/unitree_api/msg/detail/request_policy__rosidl_typesupport_introspection_cpp.hpp
[5.693s] -- Up-to-date: /home/alireza/thesis1/navigation_go2/go2_ws/install/unitree_api/include/unitree_api/msg/detail/response__type_support.cpp
[5.694s] -- Up-to-date: /home/alireza/thesis1/navigation_go2/go2_ws/install/unitree_api/include/unitree_api/msg/detail/request_identity__rosidl_typesupport_introspection_cpp.hpp
[5.694s] -- Up-to-date: /home/alireza/thesis1/navigation_go2/go2_ws/install/unitree_api/include/unitree_api/msg/detail/request_lease__type_support.cpp
[5.695s] -- Up-to-date: /home/alireza/thesis1/navigation_go2/go2_ws/install/unitree_api/include/unitree_api/msg/detail/response_status__type_support.cpp
[5.695s] -- Up-to-date: /home/alireza/thesis1/navigation_go2/go2_ws/install/unitree_api/include/unitree_api/msg/detail/request_header__rosidl_typesupport_introspection_cpp.hpp
[5.696s] -- Up-to-date: /home/alireza/thesis1/navigation_go2/go2_ws/install/unitree_api/include/unitree_api/msg/detail/request_policy__type_support.cpp
[5.696s] -- Up-to-date: /home/alireza/thesis1/navigation_go2/go2_ws/install/unitree_api/include/unitree_api/msg/detail/response_header__rosidl_typesupport_introspection_cpp.hpp
[5.697s] -- Up-to-date: /home/alireza/thesis1/navigation_go2/go2_ws/install/unitree_api/include/unitree_api/msg/detail/response__rosidl_typesupport_introspection_cpp.hpp
[5.697s] -- Up-to-date: /home/alireza/thesis1/navigation_go2/go2_ws/install/unitree_api/include/unitree_api/msg/detail/request_identity__type_support.cpp
[5.697s] -- Up-to-date: /home/alireza/thesis1/navigation_go2/go2_ws/install/unitree_api/lib/libunitree_api__rosidl_typesupport_introspection_cpp.so
[5.698s] -- Up-to-date: /home/alireza/thesis1/navigation_go2/go2_ws/install/unitree_api/lib/libunitree_api__rosidl_typesupport_cpp.so
[5.698s] -- Up-to-date: /home/alireza/thesis1/navigation_go2/go2_ws/install/unitree_api/share/unitree_api/environment/pythonpath.sh
[5.699s] -- Installing: /home/alireza/thesis1/navigation_go2/go2_ws/install/unitree_api/share/unitree_api/environment/pythonpath.dsv
[5.699s] -- Installing: /home/alireza/thesis1/navigation_go2/go2_ws/install/unitree_api/lib/python3.8/site-packages/unitree_api/__init__.py
[5.700s] Compiling '/home/alireza/thesis1/navigation_go2/go2_ws/install/unitree_api/lib/python3.8/site-packages/unitree_api/__init__.py'...
[5.700s] -- Up-to-date: /home/alireza/thesis1/navigation_go2/go2_ws/install/unitree_api/lib/python3.8/site-packages/unitree_api/msg
[5.700s] -- Up-to-date: /home/alireza/thesis1/navigation_go2/go2_ws/install/unitree_api/lib/python3.8/site-packages/unitree_api/msg/_response_header.py
[5.701s] -- Up-to-date: /home/alireza/thesis1/navigation_go2/go2_ws/install/unitree_api/lib/python3.8/site-packages/unitree_api/msg/_request_policy_s.c
[5.701s] -- Up-to-date: /home/alireza/thesis1/navigation_go2/go2_ws/install/unitree_api/lib/python3.8/site-packages/unitree_api/msg/_request_identity.py
[5.702s] -- Up-to-date: /home/alireza/thesis1/navigation_go2/go2_ws/install/unitree_api/lib/python3.8/site-packages/unitree_api/msg/__init__.py
[5.702s] -- Up-to-date: /home/alireza/thesis1/navigation_go2/go2_ws/install/unitree_api/lib/python3.8/site-packages/unitree_api/msg/_request_s.c
[5.703s] -- Up-to-date: /home/alireza/thesis1/navigation_go2/go2_ws/install/unitree_api/lib/python3.8/site-packages/unitree_api/msg/_request_lease_s.c
[5.703s] -- Up-to-date: /home/alireza/thesis1/navigation_go2/go2_ws/install/unitree_api/lib/python3.8/site-packages/unitree_api/msg/_response_header_s.c
[5.703s] -- Up-to-date: /home/alireza/thesis1/navigation_go2/go2_ws/install/unitree_api/lib/python3.8/site-packages/unitree_api/msg/_request_identity_s.c
[5.704s] -- Up-to-date: /home/alireza/thesis1/navigation_go2/go2_ws/install/unitree_api/lib/python3.8/site-packages/unitree_api/msg/_response_s.c
[5.704s] -- Up-to-date: /home/alireza/thesis1/navigation_go2/go2_ws/install/unitree_api/lib/python3.8/site-packages/unitree_api/msg/_request_header_s.c
[5.705s] -- Up-to-date: /home/alireza/thesis1/navigation_go2/go2_ws/install/unitree_api/lib/python3.8/site-packages/unitree_api/msg/_request.py
[5.705s] -- Up-to-date: /home/alireza/thesis1/navigation_go2/go2_ws/install/unitree_api/lib/python3.8/site-packages/unitree_api/msg/_request_policy.py
[5.706s] -- Up-to-date: /home/alireza/thesis1/navigation_go2/go2_ws/install/unitree_api/lib/python3.8/site-packages/unitree_api/msg/_response_status_s.c
[5.706s] -- Up-to-date: /home/alireza/thesis1/navigation_go2/go2_ws/install/unitree_api/lib/python3.8/site-packages/unitree_api/msg/_response_status.py
[5.706s] -- Up-to-date: /home/alireza/thesis1/navigation_go2/go2_ws/install/unitree_api/lib/python3.8/site-packages/unitree_api/msg/_request_lease.py
[5.707s] -- Up-to-date: /home/alireza/thesis1/navigation_go2/go2_ws/install/unitree_api/lib/python3.8/site-packages/unitree_api/msg/_request_header.py
[5.707s] -- Up-to-date: /home/alireza/thesis1/navigation_go2/go2_ws/install/unitree_api/lib/python3.8/site-packages/unitree_api/msg/_response.py
[5.708s] -- Up-to-date: /home/alireza/thesis1/navigation_go2/go2_ws/install/unitree_api/lib/python3.8/site-packages/unitree_api/unitree_api_s__rosidl_typesupport_fastrtps_c.cpython-38-x86_64-linux-gnu.so
[5.708s] -- Up-to-date: /home/alireza/thesis1/navigation_go2/go2_ws/install/unitree_api/lib/python3.8/site-packages/unitree_api/unitree_api_s__rosidl_typesupport_introspection_c.cpython-38-x86_64-linux-gnu.so
[5.709s] -- Up-to-date: /home/alireza/thesis1/navigation_go2/go2_ws/install/unitree_api/lib/python3.8/site-packages/unitree_api/unitree_api_s__rosidl_typesupport_c.cpython-38-x86_64-linux-gnu.so
[5.709s] -- Up-to-date: /home/alireza/thesis1/navigation_go2/go2_ws/install/unitree_api/lib/libunitree_api__python.so
[5.709s] -- Up-to-date: /home/alireza/thesis1/navigation_go2/go2_ws/install/unitree_api/share/unitree_api/msg/Request.idl
[5.710s] -- Up-to-date: /home/alireza/thesis1/navigation_go2/go2_ws/install/unitree_api/share/unitree_api/msg/RequestHeader.idl
[5.710s] -- Up-to-date: /home/alireza/thesis1/navigation_go2/go2_ws/install/unitree_api/share/unitree_api/msg/RequestIdentity.idl
[5.711s] -- Up-to-date: /home/alireza/thesis1/navigation_go2/go2_ws/install/unitree_api/share/unitree_api/msg/RequestLease.idl
[5.711s] -- Up-to-date: /home/alireza/thesis1/navigation_go2/go2_ws/install/unitree_api/share/unitree_api/msg/RequestPolicy.idl
[5.712s] -- Up-to-date: /home/alireza/thesis1/navigation_go2/go2_ws/install/unitree_api/share/unitree_api/msg/Response.idl
[5.733s] -- Up-to-date: /home/alireza/thesis1/navigation_go2/go2_ws/install/unitree_api/share/unitree_api/msg/ResponseHeader.idl
[5.733s] -- Up-to-date: /home/alireza/thesis1/navigation_go2/go2_ws/install/unitree_api/share/unitree_api/msg/ResponseStatus.idl
[5.734s] -- Up-to-date: /home/alireza/thesis1/navigation_go2/go2_ws/install/unitree_api/share/unitree_api/msg/Request.msg
[5.735s] -- Up-to-date: /home/alireza/thesis1/navigation_go2/go2_ws/install/unitree_api/share/unitree_api/msg/RequestHeader.msg
[5.735s] -- Up-to-date: /home/alireza/thesis1/navigation_go2/go2_ws/install/unitree_api/share/unitree_api/msg/RequestIdentity.msg
[5.736s] -- Up-to-date: /home/alireza/thesis1/navigation_go2/go2_ws/install/unitree_api/share/unitree_api/msg/RequestLease.msg
[5.738s] -- Up-to-date: /home/alireza/thesis1/navigation_go2/go2_ws/install/unitree_api/share/unitree_api/msg/RequestPolicy.msg
[5.738s] -- Up-to-date: /home/alireza/thesis1/navigation_go2/go2_ws/install/unitree_api/share/unitree_api/msg/Response.msg
[5.739s] -- Up-to-date: /home/alireza/thesis1/navigation_go2/go2_ws/install/unitree_api/share/unitree_api/msg/ResponseHeader.msg
[5.739s] -- Up-to-date: /home/alireza/thesis1/navigation_go2/go2_ws/install/unitree_api/share/unitree_api/msg/ResponseStatus.msg
[5.740s] -- Up-to-date: /home/alireza/thesis1/navigation_go2/go2_ws/install/unitree_api/share/ament_index/resource_index/package_run_dependencies/unitree_api
[5.741s] -- Installing: /home/alireza/thesis1/navigation_go2/go2_ws/install/unitree_api/share/ament_index/resource_index/parent_prefix_path/unitree_api
[5.741s] -- Up-to-date: /home/alireza/thesis1/navigation_go2/go2_ws/install/unitree_api/share/unitree_api/environment/ament_prefix_path.sh
[5.742s] -- Installing: /home/alireza/thesis1/navigation_go2/go2_ws/install/unitree_api/share/unitree_api/environment/ament_prefix_path.dsv
[5.742s] -- Up-to-date: /home/alireza/thesis1/navigation_go2/go2_ws/install/unitree_api/share/unitree_api/environment/path.sh
[5.743s] -- Installing: /home/alireza/thesis1/navigation_go2/go2_ws/install/unitree_api/share/unitree_api/environment/path.dsv
[5.744s] -- Up-to-date: /home/alireza/thesis1/navigation_go2/go2_ws/install/unitree_api/share/unitree_api/local_setup.bash
[5.745s] -- Up-to-date: /home/alireza/thesis1/navigation_go2/go2_ws/install/unitree_api/share/unitree_api/local_setup.sh
[5.746s] -- Up-to-date: /home/alireza/thesis1/navigation_go2/go2_ws/install/unitree_api/share/unitree_api/local_setup.zsh
[5.747s] -- Installing: /home/alireza/thesis1/navigation_go2/go2_ws/install/unitree_api/share/unitree_api/local_setup.dsv
[5.747s] -- Installing: /home/alireza/thesis1/navigation_go2/go2_ws/install/unitree_api/share/unitree_api/package.dsv
[5.748s] -- Up-to-date: /home/alireza/thesis1/navigation_go2/go2_ws/install/unitree_api/share/ament_index/resource_index/packages/unitree_api
[5.750s] -- Up-to-date: /home/alireza/thesis1/navigation_go2/go2_ws/install/unitree_api/share/unitree_api/cmake/unitree_api__rosidl_generator_cExport.cmake
[5.750s] -- Installing: /home/alireza/thesis1/navigation_go2/go2_ws/install/unitree_api/share/unitree_api/cmake/unitree_api__rosidl_generator_cExport-noconfig.cmake
[5.753s] -- Up-to-date: /home/alireza/thesis1/navigation_go2/go2_ws/install/unitree_api/share/unitree_api/cmake/unitree_api__rosidl_typesupport_introspection_cExport.cmake
[5.754s] -- Installing: /home/alireza/thesis1/navigation_go2/go2_ws/install/unitree_api/share/unitree_api/cmake/unitree_api__rosidl_typesupport_introspection_cExport-noconfig.cmake
[5.754s] -- Up-to-date: /home/alireza/thesis1/navigation_go2/go2_ws/install/unitree_api/share/unitree_api/cmake/unitree_api__rosidl_typesupport_cExport.cmake
[5.755s] -- Installing: /home/alireza/thesis1/navigation_go2/go2_ws/install/unitree_api/share/unitree_api/cmake/unitree_api__rosidl_typesupport_cExport-noconfig.cmake
[5.755s] -- Up-to-date: /home/alireza/thesis1/navigation_go2/go2_ws/install/unitree_api/share/unitree_api/cmake/unitree_api__rosidl_generator_cppExport.cmake
[5.756s] -- Up-to-date: /home/alireza/thesis1/navigation_go2/go2_ws/install/unitree_api/share/unitree_api/cmake/unitree_api__rosidl_typesupport_introspection_cppExport.cmake
[5.758s] -- Installing: /home/alireza/thesis1/navigation_go2/go2_ws/install/unitree_api/share/unitree_api/cmake/unitree_api__rosidl_typesupport_introspection_cppExport-noconfig.cmake
[5.759s] -- Up-to-date: /home/alireza/thesis1/navigation_go2/go2_ws/install/unitree_api/share/unitree_api/cmake/unitree_api__rosidl_typesupport_cppExport.cmake
[5.759s] -- Installing: /home/alireza/thesis1/navigation_go2/go2_ws/install/unitree_api/share/unitree_api/cmake/unitree_api__rosidl_typesupport_cppExport-noconfig.cmake
[5.759s] -- Up-to-date: /home/alireza/thesis1/navigation_go2/go2_ws/install/unitree_api/share/unitree_api/cmake/rosidl_cmake-extras.cmake
[5.760s] -- Up-to-date: /home/alireza/thesis1/navigation_go2/go2_ws/install/unitree_api/share/unitree_api/cmake/ament_cmake_export_dependencies-extras.cmake
[5.760s] -- Up-to-date: /home/alireza/thesis1/navigation_go2/go2_ws/install/unitree_api/share/unitree_api/cmake/ament_cmake_export_libraries-extras.cmake
[5.762s] -- Up-to-date: /home/alireza/thesis1/navigation_go2/go2_ws/install/unitree_api/share/unitree_api/cmake/ament_cmake_export_targets-extras.cmake
[5.765s] -- Up-to-date: /home/alireza/thesis1/navigation_go2/go2_ws/install/unitree_api/share/unitree_api/cmake/ament_cmake_export_include_directories-extras.cmake
[5.766s] -- Up-to-date: /home/alireza/thesis1/navigation_go2/go2_ws/install/unitree_api/share/unitree_api/cmake/rosidl_cmake_export_typesupport_libraries-extras.cmake
[5.767s] -- Up-to-date: /home/alireza/thesis1/navigation_go2/go2_ws/install/unitree_api/share/unitree_api/cmake/rosidl_cmake_export_typesupport_targets-extras.cmake
[5.768s] -- Up-to-date: /home/alireza/thesis1/navigation_go2/go2_ws/install/unitree_api/share/unitree_api/cmake/unitree_apiConfig.cmake
[5.768s] -- Up-to-date: /home/alireza/thesis1/navigation_go2/go2_ws/install/unitree_api/share/unitree_api/cmake/unitree_apiConfig-version.cmake
[5.769s] -- Up-to-date: /home/alireza/thesis1/navigation_go2/go2_ws/install/unitree_api/share/unitree_api/package.xml
[5.779s] Invoked command in '/home/alireza/thesis1/navigation_go2/go2_ws/build/unitree_api' returned '0': CMAKE_PREFIX_PATH=${CMAKE_PREFIX_PATH}:/opt/ros/foxy /usr/bin/cmake --install /home/alireza/thesis1/navigation_go2/go2_ws/build/unitree_api
