[0.050s] Invoking command in '/home/alireza/thesis1/navigation_go2/go2_ws/build/livox_ros_driver2': CMAKE_PREFIX_PATH=/opt/ros/foxy /usr/bin/cmake /home/alireza/thesis1/navigation_go2/go2_ws/src/livox_ros_driver2 -DROS_EDITION=ROS2 -DCMAKE_INSTALL_PREFIX=/home/alireza/thesis1/navigation_go2/go2_ws/install/livox_ros_driver2
[0.100s] -- livox_ros_driver2 version: 1.2.6
[0.100s] -- Found ament_cmake_auto: 0.9.12 (/opt/ros/foxy/share/ament_cmake_auto/cmake)
[0.130s] -- Found PythonInterp: /usr/bin/python3 (found suitable version "3.8.10", minimum required is "3") 
[0.130s] -- Using PYTHON_EXECUTABLE: /usr/bin/python3
[0.613s] -- Using all available rosidl_typesupport_c: rosidl_typesupport_fastrtps_c;rosidl_typesupport_introspection_c
[0.621s] -- Found rosidl_adapter: 1.3.1 (/opt/ros/foxy/share/rosidl_adapter/cmake)
[0.965s] -- Using all available rosidl_typesupport_cpp: rosidl_typesupport_fastrtps_cpp;rosidl_typesupport_introspection_cpp
[1.145s] -- Found rmw_implementation_cmake: 1.0.4 (/opt/ros/foxy/share/rmw_implementation_cmake/cmake)
[1.151s] -- Using RMW implementation 'rmw_cyclonedds_cpp' as default
[3.505s] -- Eigen found (include: /usr/include/eigen3, version: 3.3.7)
[3.695s] -- The imported target "vtkParseOGLExt" references the file
[3.697s]    "/usr/bin/vtkParseOGLExt-7.1"
[3.697s] but this file does not exist.  Possible reasons include:
[3.698s] * The file was deleted, renamed, or moved to another location.
[3.698s] * An install or uninstall procedure did not complete successfully.
[3.698s] * The installation package was faulty and contained
[3.698s]    "/usr/lib/cmake/vtk-7.1/VTKTargets.cmake"
[3.698s] but not all the files it references.
[3.698s] 
[3.699s] -- The imported target "vtkRenderingPythonTkWidgets" references the file
[3.699s]    "/usr/lib/x86_64-linux-gnu/libvtkRenderingPythonTkWidgets.so"
[3.699s] but this file does not exist.  Possible reasons include:
[3.699s] * The file was deleted, renamed, or moved to another location.
[3.699s] * An install or uninstall procedure did not complete successfully.
[3.699s] * The installation package was faulty and contained
[3.699s]    "/usr/lib/cmake/vtk-7.1/VTKTargets.cmake"
[3.700s] but not all the files it references.
[3.700s] 
[3.700s] -- The imported target "vtk" references the file
[3.700s]    "/usr/bin/vtk"
[3.700s] but this file does not exist.  Possible reasons include:
[3.700s] * The file was deleted, renamed, or moved to another location.
[3.700s] * An install or uninstall procedure did not complete successfully.
[3.700s] * The installation package was faulty and contained
[3.700s]    "/usr/lib/cmake/vtk-7.1/VTKTargets.cmake"
[3.701s] but not all the files it references.
[3.701s] 
[3.701s] -- The imported target "pvtk" references the file
[3.701s]    "/usr/bin/pvtk"
[3.701s] but this file does not exist.  Possible reasons include:
[3.701s] * The file was deleted, renamed, or moved to another location.
[3.701s] * An install or uninstall procedure did not complete successfully.
[3.701s] * The installation package was faulty and contained
[3.702s]    "/usr/lib/cmake/vtk-7.1/VTKTargets.cmake"
[3.702s] but not all the files it references.
[3.702s] 
[3.743s] -- OpenNI found (include: /usr/include/ni, lib: /usr/lib/libOpenNI.so)
[3.758s] -- OpenNI2 found (include: /usr/include/openni2, lib: /usr/lib/libOpenNI2.so)
[3.759s] ** WARNING ** io features related to pcap will be disabled
[3.759s] ** WARNING ** io features related to png will be disabled
[3.788s] ** WARNING ** io features related to libusb-1.0 will be disabled
[3.799s] -- OpenNI found (include: /usr/include/ni, lib: /usr/lib/libOpenNI.so)
[3.813s] -- OpenNI2 found (include: /usr/include/openni2, lib: /usr/lib/libOpenNI2.so)
[3.844s] -- QHULL found (include: /usr/include, lib: optimized;/usr/lib/x86_64-linux-gnu/libqhull.so;debug;/usr/lib/x86_64-linux-gnu/libqhull.so)
[3.855s] -- OpenNI found (include: /usr/include/ni, lib: /usr/lib/libOpenNI.so)
[3.881s] -- looking for PCL_COMMON
[3.882s] -- looking for PCL_KDTREE
[3.883s] -- looking for PCL_OCTREE
[3.884s] -- looking for PCL_SEARCH
[3.885s] -- looking for PCL_SAMPLE_CONSENSUS
[3.886s] -- looking for PCL_FILTERS
[3.887s] -- looking for PCL_2D
[3.888s] -- looking for PCL_GEOMETRY
[3.889s] -- looking for PCL_IO
[3.891s] -- looking for PCL_FEATURES
[3.892s] -- looking for PCL_ML
[3.893s] -- looking for PCL_SEGMENTATION
[3.894s] -- looking for PCL_VISUALIZATION
[3.896s] -- looking for PCL_SURFACE
[3.897s] -- looking for PCL_REGISTRATION
[3.898s] -- looking for PCL_KEYPOINTS
[3.900s] -- looking for PCL_TRACKING
[3.901s] -- looking for PCL_RECOGNITION
[3.903s] -- looking for PCL_STEREO
[3.904s] -- looking for PCL_APPS
[3.906s] -- looking for PCL_IN_HAND_SCANNER
[3.907s] -- looking for PCL_POINT_CLOUD_EDITOR
[3.908s] -- looking for PCL_OUTOFCORE
[3.911s] -- looking for PCL_PEOPLE
[3.926s] -- Checking for module 'apr-1'
[3.933s] --   No package 'apr-1' found
[3.976s] -- Found PythonInterp: /usr/bin/python3 (found version "3.8.10") 
[4.206s] -- Found ament_cmake_ros: 0.9.2 (/opt/ros/foxy/share/ament_cmake_ros/cmake)
[4.672s] -- Using all available rosidl_typesupport_c: rosidl_typesupport_fastrtps_c;rosidl_typesupport_introspection_c
[4.780s] -- Using all available rosidl_typesupport_cpp: rosidl_typesupport_fastrtps_cpp;rosidl_typesupport_introspection_cpp
[4.824s] -- Found PythonInterp: /usr/bin/python3 (found suitable version "3.8.10", minimum required is "3.5") 
[4.824s] -- Found python_cmake_module: 0.8.1 (/opt/ros/foxy/share/python_cmake_module/cmake)
[4.867s] -- Using PYTHON_EXECUTABLE: /usr/bin/python3
[4.868s] -- Using PYTHON_INCLUDE_DIRS: /usr/include/python3.8
[4.868s] -- Using PYTHON_LIBRARIES: /usr/lib/x86_64-linux-gnu/libpython3.8.so
[5.875s] -- Found ament_lint_auto: 0.9.8 (/opt/ros/foxy/share/ament_lint_auto/cmake)
[5.964s] -- Added test 'copyright' to check source files copyright and LICENSE
[5.964s] -- Added test 'cppcheck' to perform static code analysis on C / C++ code
[5.965s] -- Configured cppcheck include dirs: /home/alireza/thesis1/navigation_go2/go2_ws/src/livox_ros_driver2/3rdparty;/home/alireza/thesis1/navigation_go2/go2_ws/src/livox_ros_driver2/src
[5.965s] -- Configured cppcheck exclude dirs and/or files: 
[5.966s] -- Added test 'cpplint' to check C / C++ code against the Google style
[5.966s] -- Configured cpplint exclude dirs and/or files: 
[5.967s] -- Added test 'flake8' to check Python code syntax and style conventions
[5.967s] -- Added test 'lint_cmake' to check CMake code style
[5.968s] -- Added test 'pep257' to check Python code against some of the style conventions in PEP 257
[6.000s] -- Added test 'uncrustify' to check C / C++ code style
[6.001s] -- Configured uncrustify additional arguments: 
[6.007s] -- Added test 'xmllint' to check XML markup files
[6.040s] -- Configuring done
[6.653s] -- Generating done
[6.717s] -- Build files have been written to: /home/alireza/thesis1/navigation_go2/go2_ws/build/livox_ros_driver2
[6.742s] Invoked command in '/home/alireza/thesis1/navigation_go2/go2_ws/build/livox_ros_driver2' returned '0': CMAKE_PREFIX_PATH=/opt/ros/foxy /usr/bin/cmake /home/alireza/thesis1/navigation_go2/go2_ws/src/livox_ros_driver2 -DROS_EDITION=ROS2 -DCMAKE_INSTALL_PREFIX=/home/alireza/thesis1/navigation_go2/go2_ws/install/livox_ros_driver2
[6.748s] Invoking command in '/home/alireza/thesis1/navigation_go2/go2_ws/build/livox_ros_driver2': CMAKE_PREFIX_PATH=/opt/ros/foxy /usr/bin/cmake --build /home/alireza/thesis1/navigation_go2/go2_ws/build/livox_ros_driver2 -- -j8 -l8
[6.831s] [  1%] Built target livox_interfaces2__cpp
[6.836s] [  8%] Built target livox_interfaces2__rosidl_generator_c
[6.845s] [ 12%] Built target livox_ros_driver2_node
[6.886s] [ 19%] Built target livox_interfaces2__rosidl_typesupport_introspection_cpp
[6.886s] [ 26%] Built target livox_interfaces2__rosidl_typesupport_c
[6.891s] [ 33%] Built target livox_interfaces2__rosidl_typesupport_cpp
[6.895s] [ 40%] Built target livox_interfaces2__rosidl_typesupport_fastrtps_cpp
[6.897s] [ 47%] Built target livox_interfaces2__rosidl_typesupport_introspection_c
[6.930s] [ 54%] Built target livox_interfaces2__rosidl_typesupport_fastrtps_c
[6.953s] [ 54%] Built target livox_interfaces2
[6.985s] [ 56%] Built target livox_interfaces2__py
[7.014s] [ 84%] Built target livox_ros_driver2
[7.022s] [ 89%] Built target livox_interfaces2__python
[7.063s] [ 92%] Built target livox_ros_driver2__rosidl_typesupport_fastrtps_c__pyext
[7.064s] [ 96%] Built target livox_ros_driver2__rosidl_typesupport_c__pyext
[7.069s] [100%] Built target livox_ros_driver2__rosidl_typesupport_introspection_c__pyext
[7.086s] Invoked command in '/home/alireza/thesis1/navigation_go2/go2_ws/build/livox_ros_driver2' returned '0': CMAKE_PREFIX_PATH=/opt/ros/foxy /usr/bin/cmake --build /home/alireza/thesis1/navigation_go2/go2_ws/build/livox_ros_driver2 -- -j8 -l8
[7.091s] Invoking command in '/home/alireza/thesis1/navigation_go2/go2_ws/build/livox_ros_driver2': CMAKE_PREFIX_PATH=/opt/ros/foxy /usr/bin/cmake --install /home/alireza/thesis1/navigation_go2/go2_ws/build/livox_ros_driver2
[7.106s] -- Install configuration: ""
[7.106s] -- Up-to-date: /home/alireza/thesis1/navigation_go2/go2_ws/install/livox_ros_driver2/share/ament_index/resource_index/rosidl_interfaces/livox_ros_driver2
[7.106s] -- Up-to-date: /home/alireza/thesis1/navigation_go2/go2_ws/install/livox_ros_driver2/include/livox_ros_driver2
[7.106s] -- Up-to-date: /home/alireza/thesis1/navigation_go2/go2_ws/install/livox_ros_driver2/include/livox_ros_driver2/msg
[7.107s] -- Up-to-date: /home/alireza/thesis1/navigation_go2/go2_ws/install/livox_ros_driver2/include/livox_ros_driver2/msg/detail
[7.107s] -- Up-to-date: /home/alireza/thesis1/navigation_go2/go2_ws/install/livox_ros_driver2/include/livox_ros_driver2/msg/detail/custom_point__struct.h
[7.108s] -- Up-to-date: /home/alireza/thesis1/navigation_go2/go2_ws/install/livox_ros_driver2/include/livox_ros_driver2/msg/detail/custom_point__functions.h
[7.108s] -- Up-to-date: /home/alireza/thesis1/navigation_go2/go2_ws/install/livox_ros_driver2/include/livox_ros_driver2/msg/detail/custom_msg__functions.c
[7.108s] -- Up-to-date: /home/alireza/thesis1/navigation_go2/go2_ws/install/livox_ros_driver2/include/livox_ros_driver2/msg/detail/custom_msg__type_support.h
[7.108s] -- Up-to-date: /home/alireza/thesis1/navigation_go2/go2_ws/install/livox_ros_driver2/include/livox_ros_driver2/msg/detail/custom_msg__struct.h
[7.108s] -- Up-to-date: /home/alireza/thesis1/navigation_go2/go2_ws/install/livox_ros_driver2/include/livox_ros_driver2/msg/detail/custom_point__type_support.h
[7.108s] -- Up-to-date: /home/alireza/thesis1/navigation_go2/go2_ws/install/livox_ros_driver2/include/livox_ros_driver2/msg/detail/custom_msg__functions.h
[7.109s] -- Up-to-date: /home/alireza/thesis1/navigation_go2/go2_ws/install/livox_ros_driver2/include/livox_ros_driver2/msg/detail/custom_point__functions.c
[7.109s] -- Up-to-date: /home/alireza/thesis1/navigation_go2/go2_ws/install/livox_ros_driver2/include/livox_ros_driver2/msg/custom_msg.h
[7.109s] -- Up-to-date: /home/alireza/thesis1/navigation_go2/go2_ws/install/livox_ros_driver2/include/livox_ros_driver2/msg/rosidl_generator_c__visibility_control.h
[7.109s] -- Up-to-date: /home/alireza/thesis1/navigation_go2/go2_ws/install/livox_ros_driver2/include/livox_ros_driver2/msg/custom_point.h
[7.109s] -- Up-to-date: /home/alireza/thesis1/navigation_go2/go2_ws/install/livox_ros_driver2/share/livox_ros_driver2/environment/library_path.sh
[7.109s] -- Installing: /home/alireza/thesis1/navigation_go2/go2_ws/install/livox_ros_driver2/share/livox_ros_driver2/environment/library_path.dsv
[7.110s] -- Up-to-date: /home/alireza/thesis1/navigation_go2/go2_ws/install/livox_ros_driver2/lib/liblivox_ros_driver2__rosidl_generator_c.so
[7.110s] -- Up-to-date: /home/alireza/thesis1/navigation_go2/go2_ws/install/livox_ros_driver2/include/livox_ros_driver2
[7.110s] -- Up-to-date: /home/alireza/thesis1/navigation_go2/go2_ws/install/livox_ros_driver2/include/livox_ros_driver2/msg
[7.110s] -- Up-to-date: /home/alireza/thesis1/navigation_go2/go2_ws/install/livox_ros_driver2/include/livox_ros_driver2/msg/detail
[7.110s] -- Up-to-date: /home/alireza/thesis1/navigation_go2/go2_ws/install/livox_ros_driver2/include/livox_ros_driver2/msg/detail/custom_point__rosidl_typesupport_fastrtps_c.h
[7.111s] -- Up-to-date: /home/alireza/thesis1/navigation_go2/go2_ws/install/livox_ros_driver2/include/livox_ros_driver2/msg/detail/custom_msg__rosidl_typesupport_fastrtps_c.h
[7.111s] -- Up-to-date: /home/alireza/thesis1/navigation_go2/go2_ws/install/livox_ros_driver2/include/livox_ros_driver2/msg/rosidl_typesupport_fastrtps_c__visibility_control.h
[7.111s] -- Up-to-date: /home/alireza/thesis1/navigation_go2/go2_ws/install/livox_ros_driver2/lib/liblivox_ros_driver2__rosidl_typesupport_fastrtps_c.so
[7.111s] -- Up-to-date: /home/alireza/thesis1/navigation_go2/go2_ws/install/livox_ros_driver2/include/livox_ros_driver2
[7.112s] -- Up-to-date: /home/alireza/thesis1/navigation_go2/go2_ws/install/livox_ros_driver2/include/livox_ros_driver2/msg
[7.112s] -- Up-to-date: /home/alireza/thesis1/navigation_go2/go2_ws/install/livox_ros_driver2/include/livox_ros_driver2/msg/rosidl_typesupport_fastrtps_cpp__visibility_control.h
[7.112s] -- Up-to-date: /home/alireza/thesis1/navigation_go2/go2_ws/install/livox_ros_driver2/include/livox_ros_driver2/msg/detail
[7.112s] -- Up-to-date: /home/alireza/thesis1/navigation_go2/go2_ws/install/livox_ros_driver2/include/livox_ros_driver2/msg/detail/custom_point__rosidl_typesupport_fastrtps_cpp.hpp
[7.112s] -- Up-to-date: /home/alireza/thesis1/navigation_go2/go2_ws/install/livox_ros_driver2/include/livox_ros_driver2/msg/detail/custom_msg__rosidl_typesupport_fastrtps_cpp.hpp
[7.113s] -- Up-to-date: /home/alireza/thesis1/navigation_go2/go2_ws/install/livox_ros_driver2/include/livox_ros_driver2/msg/detail/dds_fastrtps
[7.113s] -- Up-to-date: /home/alireza/thesis1/navigation_go2/go2_ws/install/livox_ros_driver2/lib/liblivox_ros_driver2__rosidl_typesupport_fastrtps_cpp.so
[7.113s] -- Up-to-date: /home/alireza/thesis1/navigation_go2/go2_ws/install/livox_ros_driver2/include/livox_ros_driver2
[7.113s] -- Up-to-date: /home/alireza/thesis1/navigation_go2/go2_ws/install/livox_ros_driver2/include/livox_ros_driver2/msg
[7.113s] -- Up-to-date: /home/alireza/thesis1/navigation_go2/go2_ws/install/livox_ros_driver2/include/livox_ros_driver2/msg/rosidl_typesupport_introspection_c__visibility_control.h
[7.113s] -- Up-to-date: /home/alireza/thesis1/navigation_go2/go2_ws/install/livox_ros_driver2/include/livox_ros_driver2/msg/detail
[7.113s] -- Up-to-date: /home/alireza/thesis1/navigation_go2/go2_ws/install/livox_ros_driver2/include/livox_ros_driver2/msg/detail/custom_msg__rosidl_typesupport_introspection_c.h
[7.114s] -- Up-to-date: /home/alireza/thesis1/navigation_go2/go2_ws/install/livox_ros_driver2/include/livox_ros_driver2/msg/detail/custom_point__type_support.c
[7.114s] -- Up-to-date: /home/alireza/thesis1/navigation_go2/go2_ws/install/livox_ros_driver2/include/livox_ros_driver2/msg/detail/custom_msg__type_support.c
[7.114s] -- Up-to-date: /home/alireza/thesis1/navigation_go2/go2_ws/install/livox_ros_driver2/include/livox_ros_driver2/msg/detail/custom_point__rosidl_typesupport_introspection_c.h
[7.114s] -- Up-to-date: /home/alireza/thesis1/navigation_go2/go2_ws/install/livox_ros_driver2/lib/liblivox_ros_driver2__rosidl_typesupport_introspection_c.so
[7.114s] -- Up-to-date: /home/alireza/thesis1/navigation_go2/go2_ws/install/livox_ros_driver2/lib/liblivox_ros_driver2__rosidl_typesupport_c.so
[7.114s] -- Up-to-date: /home/alireza/thesis1/navigation_go2/go2_ws/install/livox_ros_driver2/include/livox_ros_driver2
[7.114s] -- Up-to-date: /home/alireza/thesis1/navigation_go2/go2_ws/install/livox_ros_driver2/include/livox_ros_driver2/msg
[7.114s] -- Up-to-date: /home/alireza/thesis1/navigation_go2/go2_ws/install/livox_ros_driver2/include/livox_ros_driver2/msg/custom_point.hpp
[7.115s] -- Up-to-date: /home/alireza/thesis1/navigation_go2/go2_ws/install/livox_ros_driver2/include/livox_ros_driver2/msg/rosidl_generator_cpp__visibility_control.hpp
[7.115s] -- Up-to-date: /home/alireza/thesis1/navigation_go2/go2_ws/install/livox_ros_driver2/include/livox_ros_driver2/msg/detail
[7.115s] -- Up-to-date: /home/alireza/thesis1/navigation_go2/go2_ws/install/livox_ros_driver2/include/livox_ros_driver2/msg/detail/custom_msg__builder.hpp
[7.115s] -- Up-to-date: /home/alireza/thesis1/navigation_go2/go2_ws/install/livox_ros_driver2/include/livox_ros_driver2/msg/detail/custom_msg__type_support.hpp
[7.115s] -- Up-to-date: /home/alireza/thesis1/navigation_go2/go2_ws/install/livox_ros_driver2/include/livox_ros_driver2/msg/detail/custom_point__traits.hpp
[7.115s] -- Up-to-date: /home/alireza/thesis1/navigation_go2/go2_ws/install/livox_ros_driver2/include/livox_ros_driver2/msg/detail/custom_msg__traits.hpp
[7.115s] -- Up-to-date: /home/alireza/thesis1/navigation_go2/go2_ws/install/livox_ros_driver2/include/livox_ros_driver2/msg/detail/custom_point__struct.hpp
[7.115s] -- Up-to-date: /home/alireza/thesis1/navigation_go2/go2_ws/install/livox_ros_driver2/include/livox_ros_driver2/msg/detail/custom_point__builder.hpp
[7.116s] -- Up-to-date: /home/alireza/thesis1/navigation_go2/go2_ws/install/livox_ros_driver2/include/livox_ros_driver2/msg/detail/custom_point__type_support.hpp
[7.116s] -- Up-to-date: /home/alireza/thesis1/navigation_go2/go2_ws/install/livox_ros_driver2/include/livox_ros_driver2/msg/detail/custom_msg__struct.hpp
[7.116s] -- Up-to-date: /home/alireza/thesis1/navigation_go2/go2_ws/install/livox_ros_driver2/include/livox_ros_driver2/msg/custom_msg.hpp
[7.116s] -- Up-to-date: /home/alireza/thesis1/navigation_go2/go2_ws/install/livox_ros_driver2/include/livox_ros_driver2
[7.116s] -- Up-to-date: /home/alireza/thesis1/navigation_go2/go2_ws/install/livox_ros_driver2/include/livox_ros_driver2/msg
[7.116s] -- Up-to-date: /home/alireza/thesis1/navigation_go2/go2_ws/install/livox_ros_driver2/include/livox_ros_driver2/msg/detail
[7.116s] -- Up-to-date: /home/alireza/thesis1/navigation_go2/go2_ws/install/livox_ros_driver2/include/livox_ros_driver2/msg/detail/custom_msg__rosidl_typesupport_introspection_cpp.hpp
[7.116s] -- Up-to-date: /home/alireza/thesis1/navigation_go2/go2_ws/install/livox_ros_driver2/include/livox_ros_driver2/msg/detail/custom_point__type_support.cpp
[7.116s] -- Up-to-date: /home/alireza/thesis1/navigation_go2/go2_ws/install/livox_ros_driver2/include/livox_ros_driver2/msg/detail/custom_point__rosidl_typesupport_introspection_cpp.hpp
[7.117s] -- Up-to-date: /home/alireza/thesis1/navigation_go2/go2_ws/install/livox_ros_driver2/include/livox_ros_driver2/msg/detail/custom_msg__type_support.cpp
[7.117s] -- Up-to-date: /home/alireza/thesis1/navigation_go2/go2_ws/install/livox_ros_driver2/lib/liblivox_ros_driver2__rosidl_typesupport_introspection_cpp.so
[7.117s] -- Up-to-date: /home/alireza/thesis1/navigation_go2/go2_ws/install/livox_ros_driver2/lib/liblivox_ros_driver2__rosidl_typesupport_cpp.so
[7.117s] -- Up-to-date: /home/alireza/thesis1/navigation_go2/go2_ws/install/livox_ros_driver2/share/livox_ros_driver2/environment/pythonpath.sh
[7.117s] -- Installing: /home/alireza/thesis1/navigation_go2/go2_ws/install/livox_ros_driver2/share/livox_ros_driver2/environment/pythonpath.dsv
[7.117s] -- Installing: /home/alireza/thesis1/navigation_go2/go2_ws/install/livox_ros_driver2/lib/python3.8/site-packages/livox_ros_driver2/__init__.py
[7.153s] Compiling '/home/alireza/thesis1/navigation_go2/go2_ws/install/livox_ros_driver2/lib/python3.8/site-packages/livox_ros_driver2/__init__.py'...
[7.160s] -- Up-to-date: /home/alireza/thesis1/navigation_go2/go2_ws/install/livox_ros_driver2/lib/python3.8/site-packages/livox_ros_driver2/msg
[7.160s] -- Up-to-date: /home/alireza/thesis1/navigation_go2/go2_ws/install/livox_ros_driver2/lib/python3.8/site-packages/livox_ros_driver2/msg/_custom_point.py
[7.160s] -- Up-to-date: /home/alireza/thesis1/navigation_go2/go2_ws/install/livox_ros_driver2/lib/python3.8/site-packages/livox_ros_driver2/msg/__init__.py
[7.161s] -- Up-to-date: /home/alireza/thesis1/navigation_go2/go2_ws/install/livox_ros_driver2/lib/python3.8/site-packages/livox_ros_driver2/msg/_custom_msg.py
[7.161s] -- Up-to-date: /home/alireza/thesis1/navigation_go2/go2_ws/install/livox_ros_driver2/lib/python3.8/site-packages/livox_ros_driver2/msg/_custom_point_s.c
[7.161s] -- Up-to-date: /home/alireza/thesis1/navigation_go2/go2_ws/install/livox_ros_driver2/lib/python3.8/site-packages/livox_ros_driver2/msg/_custom_msg_s.c
[7.162s] -- Up-to-date: /home/alireza/thesis1/navigation_go2/go2_ws/install/livox_ros_driver2/lib/python3.8/site-packages/livox_ros_driver2/livox_ros_driver2_s__rosidl_typesupport_fastrtps_c.cpython-38-x86_64-linux-gnu.so
[7.163s] -- Up-to-date: /home/alireza/thesis1/navigation_go2/go2_ws/install/livox_ros_driver2/lib/python3.8/site-packages/livox_ros_driver2/livox_ros_driver2_s__rosidl_typesupport_introspection_c.cpython-38-x86_64-linux-gnu.so
[7.164s] -- Up-to-date: /home/alireza/thesis1/navigation_go2/go2_ws/install/livox_ros_driver2/lib/python3.8/site-packages/livox_ros_driver2/livox_ros_driver2_s__rosidl_typesupport_c.cpython-38-x86_64-linux-gnu.so
[7.173s] -- Up-to-date: /home/alireza/thesis1/navigation_go2/go2_ws/install/livox_ros_driver2/lib/liblivox_interfaces2__python.so
[7.173s] -- Up-to-date: /home/alireza/thesis1/navigation_go2/go2_ws/install/livox_ros_driver2/share/livox_ros_driver2/msg/CustomPoint.idl
[7.173s] -- Up-to-date: /home/alireza/thesis1/navigation_go2/go2_ws/install/livox_ros_driver2/share/livox_ros_driver2/msg/CustomMsg.idl
[7.173s] -- Up-to-date: /home/alireza/thesis1/navigation_go2/go2_ws/install/livox_ros_driver2/share/livox_ros_driver2/msg/CustomPoint.msg
[7.173s] -- Up-to-date: /home/alireza/thesis1/navigation_go2/go2_ws/install/livox_ros_driver2/share/livox_ros_driver2/msg/CustomMsg.msg
[7.173s] -- Up-to-date: /home/alireza/thesis1/navigation_go2/go2_ws/install/livox_ros_driver2/lib/livox_ros_driver2/livox_ros_driver2_node
[7.174s] -- Up-to-date: /home/alireza/thesis1/navigation_go2/go2_ws/install/livox_ros_driver2/lib/liblivox_ros_driver2.so
[7.174s] -- Up-to-date: /home/alireza/thesis1/navigation_go2/go2_ws/install/livox_ros_driver2/share/livox_ros_driver2/config
[7.174s] -- Up-to-date: /home/alireza/thesis1/navigation_go2/go2_ws/install/livox_ros_driver2/share/livox_ros_driver2/config/HAP_config.json
[7.174s] -- Up-to-date: /home/alireza/thesis1/navigation_go2/go2_ws/install/livox_ros_driver2/share/livox_ros_driver2/config/display_point_cloud_ROS1.rviz
[7.174s] -- Up-to-date: /home/alireza/thesis1/navigation_go2/go2_ws/install/livox_ros_driver2/share/livox_ros_driver2/config/mixed_HAP_MID360_config.json
[7.175s] -- Up-to-date: /home/alireza/thesis1/navigation_go2/go2_ws/install/livox_ros_driver2/share/livox_ros_driver2/config/display_point_cloud_ROS2.rviz
[7.175s] -- Up-to-date: /home/alireza/thesis1/navigation_go2/go2_ws/install/livox_ros_driver2/share/livox_ros_driver2/config/MID360s_config.json
[7.175s] -- Up-to-date: /home/alireza/thesis1/navigation_go2/go2_ws/install/livox_ros_driver2/share/livox_ros_driver2/config/MID360_config.json
[7.176s] -- Up-to-date: /home/alireza/thesis1/navigation_go2/go2_ws/install/livox_ros_driver2/share/livox_ros_driver2/launch_ROS2
[7.176s] -- Up-to-date: /home/alireza/thesis1/navigation_go2/go2_ws/install/livox_ros_driver2/share/livox_ros_driver2/launch_ROS2/msg_HAP_launch.py
[7.176s] -- Up-to-date: /home/alireza/thesis1/navigation_go2/go2_ws/install/livox_ros_driver2/share/livox_ros_driver2/launch_ROS2/rviz_mixed.py
[7.177s] -- Up-to-date: /home/alireza/thesis1/navigation_go2/go2_ws/install/livox_ros_driver2/share/livox_ros_driver2/launch_ROS2/msg_MID360_launch.py
[7.177s] -- Up-to-date: /home/alireza/thesis1/navigation_go2/go2_ws/install/livox_ros_driver2/share/livox_ros_driver2/launch_ROS2/rviz_MID360_launch.py
[7.177s] -- Up-to-date: /home/alireza/thesis1/navigation_go2/go2_ws/install/livox_ros_driver2/share/livox_ros_driver2/launch_ROS2/rviz_MID360s_launch.py
[7.177s] -- Up-to-date: /home/alireza/thesis1/navigation_go2/go2_ws/install/livox_ros_driver2/share/livox_ros_driver2/launch_ROS2/rviz_HAP_launch.py
[7.178s] -- Up-to-date: /home/alireza/thesis1/navigation_go2/go2_ws/install/livox_ros_driver2/share/livox_ros_driver2/launch_ROS2/msg_MID360s_launch.py
[7.178s] -- Up-to-date: /home/alireza/thesis1/navigation_go2/go2_ws/install/livox_ros_driver2/share/ament_index/resource_index/package_run_dependencies/livox_ros_driver2
[7.178s] -- Installing: /home/alireza/thesis1/navigation_go2/go2_ws/install/livox_ros_driver2/share/ament_index/resource_index/parent_prefix_path/livox_ros_driver2
[7.178s] -- Up-to-date: /home/alireza/thesis1/navigation_go2/go2_ws/install/livox_ros_driver2/share/livox_ros_driver2/environment/ament_prefix_path.sh
[7.178s] -- Installing: /home/alireza/thesis1/navigation_go2/go2_ws/install/livox_ros_driver2/share/livox_ros_driver2/environment/ament_prefix_path.dsv
[7.178s] -- Up-to-date: /home/alireza/thesis1/navigation_go2/go2_ws/install/livox_ros_driver2/share/livox_ros_driver2/environment/path.sh
[7.179s] -- Installing: /home/alireza/thesis1/navigation_go2/go2_ws/install/livox_ros_driver2/share/livox_ros_driver2/environment/path.dsv
[7.179s] -- Up-to-date: /home/alireza/thesis1/navigation_go2/go2_ws/install/livox_ros_driver2/share/livox_ros_driver2/local_setup.bash
[7.179s] -- Up-to-date: /home/alireza/thesis1/navigation_go2/go2_ws/install/livox_ros_driver2/share/livox_ros_driver2/local_setup.sh
[7.179s] -- Up-to-date: /home/alireza/thesis1/navigation_go2/go2_ws/install/livox_ros_driver2/share/livox_ros_driver2/local_setup.zsh
[7.179s] -- Installing: /home/alireza/thesis1/navigation_go2/go2_ws/install/livox_ros_driver2/share/livox_ros_driver2/local_setup.dsv
[7.179s] -- Installing: /home/alireza/thesis1/navigation_go2/go2_ws/install/livox_ros_driver2/share/livox_ros_driver2/package.dsv
[7.180s] -- Up-to-date: /home/alireza/thesis1/navigation_go2/go2_ws/install/livox_ros_driver2/share/ament_index/resource_index/packages/livox_ros_driver2
[7.181s] -- Up-to-date: /home/alireza/thesis1/navigation_go2/go2_ws/install/livox_ros_driver2/share/livox_ros_driver2/cmake/livox_interfaces2__rosidl_generator_cExport.cmake
[7.181s] -- Installing: /home/alireza/thesis1/navigation_go2/go2_ws/install/livox_ros_driver2/share/livox_ros_driver2/cmake/livox_interfaces2__rosidl_generator_cExport-noconfig.cmake
[7.181s] -- Up-to-date: /home/alireza/thesis1/navigation_go2/go2_ws/install/livox_ros_driver2/share/livox_ros_driver2/cmake/livox_interfaces2__rosidl_typesupport_introspection_cExport.cmake
[7.182s] -- Installing: /home/alireza/thesis1/navigation_go2/go2_ws/install/livox_ros_driver2/share/livox_ros_driver2/cmake/livox_interfaces2__rosidl_typesupport_introspection_cExport-noconfig.cmake
[7.182s] -- Up-to-date: /home/alireza/thesis1/navigation_go2/go2_ws/install/livox_ros_driver2/share/livox_ros_driver2/cmake/livox_interfaces2__rosidl_typesupport_cExport.cmake
[7.182s] -- Installing: /home/alireza/thesis1/navigation_go2/go2_ws/install/livox_ros_driver2/share/livox_ros_driver2/cmake/livox_interfaces2__rosidl_typesupport_cExport-noconfig.cmake
[7.182s] -- Up-to-date: /home/alireza/thesis1/navigation_go2/go2_ws/install/livox_ros_driver2/share/livox_ros_driver2/cmake/livox_interfaces2__rosidl_generator_cppExport.cmake
[7.183s] -- Up-to-date: /home/alireza/thesis1/navigation_go2/go2_ws/install/livox_ros_driver2/share/livox_ros_driver2/cmake/livox_interfaces2__rosidl_typesupport_introspection_cppExport.cmake
[7.183s] -- Installing: /home/alireza/thesis1/navigation_go2/go2_ws/install/livox_ros_driver2/share/livox_ros_driver2/cmake/livox_interfaces2__rosidl_typesupport_introspection_cppExport-noconfig.cmake
[7.184s] -- Up-to-date: /home/alireza/thesis1/navigation_go2/go2_ws/install/livox_ros_driver2/share/livox_ros_driver2/cmake/livox_interfaces2__rosidl_typesupport_cppExport.cmake
[7.184s] -- Installing: /home/alireza/thesis1/navigation_go2/go2_ws/install/livox_ros_driver2/share/livox_ros_driver2/cmake/livox_interfaces2__rosidl_typesupport_cppExport-noconfig.cmake
[7.184s] -- Up-to-date: /home/alireza/thesis1/navigation_go2/go2_ws/install/livox_ros_driver2/share/ament_index/resource_index/rclcpp_components/livox_ros_driver2
[7.185s] -- Up-to-date: /home/alireza/thesis1/navigation_go2/go2_ws/install/livox_ros_driver2/share/livox_ros_driver2/cmake/rosidl_cmake-extras.cmake
[7.185s] -- Up-to-date: /home/alireza/thesis1/navigation_go2/go2_ws/install/livox_ros_driver2/share/livox_ros_driver2/cmake/ament_cmake_export_dependencies-extras.cmake
[7.185s] -- Up-to-date: /home/alireza/thesis1/navigation_go2/go2_ws/install/livox_ros_driver2/share/livox_ros_driver2/cmake/ament_cmake_export_libraries-extras.cmake
[7.185s] -- Up-to-date: /home/alireza/thesis1/navigation_go2/go2_ws/install/livox_ros_driver2/share/livox_ros_driver2/cmake/ament_cmake_export_targets-extras.cmake
[7.186s] -- Up-to-date: /home/alireza/thesis1/navigation_go2/go2_ws/install/livox_ros_driver2/share/livox_ros_driver2/cmake/ament_cmake_export_include_directories-extras.cmake
[7.186s] -- Up-to-date: /home/alireza/thesis1/navigation_go2/go2_ws/install/livox_ros_driver2/share/livox_ros_driver2/cmake/rosidl_cmake_export_typesupport_libraries-extras.cmake
[7.187s] -- Up-to-date: /home/alireza/thesis1/navigation_go2/go2_ws/install/livox_ros_driver2/share/livox_ros_driver2/cmake/rosidl_cmake_export_typesupport_targets-extras.cmake
[7.187s] -- Up-to-date: /home/alireza/thesis1/navigation_go2/go2_ws/install/livox_ros_driver2/share/livox_ros_driver2/cmake/livox_ros_driver2Config.cmake
[7.188s] -- Up-to-date: /home/alireza/thesis1/navigation_go2/go2_ws/install/livox_ros_driver2/share/livox_ros_driver2/cmake/livox_ros_driver2Config-version.cmake
[7.188s] -- Up-to-date: /home/alireza/thesis1/navigation_go2/go2_ws/install/livox_ros_driver2/share/livox_ros_driver2/package.xml
[7.188s] Invoked command in '/home/alireza/thesis1/navigation_go2/go2_ws/build/livox_ros_driver2' returned '0': CMAKE_PREFIX_PATH=/opt/ros/foxy /usr/bin/cmake --install /home/alireza/thesis1/navigation_go2/go2_ws/build/livox_ros_driver2
