[0.058s] Invoking command in '/home/alireza/thesis1/navigation_go2/go2_ws/build/unitree_go': CMAKE_PREFIX_PATH=${CMAKE_PREFIX_PATH}:/opt/ros/foxy /usr/bin/cmake /home/alireza/thesis1/navigation_go2/go2_ws/src/unitree_go -DCMAKE_INSTALL_PREFIX=/home/alireza/thesis1/navigation_go2/go2_ws/install/unitree_go
[0.122s] -- Found ament_cmake: 0.9.12 (/opt/ros/foxy/share/ament_cmake/cmake)
[0.134s] -- Found PythonInterp: /usr/bin/python3 (found suitable version "3.8.10", minimum required is "3") 
[0.134s] -- Using PYTHON_EXECUTABLE: /usr/bin/python3
[0.520s] -- Found geometry_msgs: 2.0.5 (/opt/ros/foxy/share/geometry_msgs/cmake)
[0.601s] -- Using all available rosidl_typesupport_c: rosidl_typesupport_fastrtps_c;rosidl_typesupport_introspection_c
[0.610s] -- Found rosidl_adapter: 1.3.1 (/opt/ros/foxy/share/rosidl_adapter/cmake)
[0.871s] -- Using all available rosidl_typesupport_cpp: rosidl_typesupport_fastrtps_cpp;rosidl_typesupport_introspection_cpp
[1.046s] -- Found rosidl_default_generators: 1.0.1 (/opt/ros/foxy/share/rosidl_default_generators/cmake)
[1.118s] -- Found PythonInterp: /usr/bin/python3 (found version "3.8.10") 
[2.987s] -- Found ament_cmake_ros: 0.9.2 (/opt/ros/foxy/share/ament_cmake_ros/cmake)
[3.496s] -- Using all available rosidl_typesupport_c: rosidl_typesupport_fastrtps_c;rosidl_typesupport_introspection_c
[3.749s] -- Using all available rosidl_typesupport_cpp: rosidl_typesupport_fastrtps_cpp;rosidl_typesupport_introspection_cpp
[3.785s] -- Found PythonInterp: /usr/bin/python3 (found suitable version "3.8.10", minimum required is "3.5") 
[3.785s] -- Found python_cmake_module: 0.8.1 (/opt/ros/foxy/share/python_cmake_module/cmake)
[3.826s] -- Using PYTHON_EXECUTABLE: /usr/bin/python3
[3.826s] -- Using PYTHON_INCLUDE_DIRS: /usr/include/python3.8
[3.826s] -- Using PYTHON_LIBRARIES: /usr/lib/x86_64-linux-gnu/libpython3.8.so
[3.964s] -- Found ament_lint_auto: 0.9.8 (/opt/ros/foxy/share/ament_lint_auto/cmake)
[3.986s] -- Added test 'copyright' to check source files copyright and LICENSE
[3.991s] -- Added test 'lint_cmake' to check CMake code style
[3.994s] -- Added test 'xmllint' to check XML markup files
[4.002s] -- Configuring done
[4.278s] -- Generating done
[4.336s] -- Build files have been written to: /home/alireza/thesis1/navigation_go2/go2_ws/build/unitree_go
[4.387s] Invoked command in '/home/alireza/thesis1/navigation_go2/go2_ws/build/unitree_go' returned '0': CMAKE_PREFIX_PATH=${CMAKE_PREFIX_PATH}:/opt/ros/foxy /usr/bin/cmake /home/alireza/thesis1/navigation_go2/go2_ws/src/unitree_go -DCMAKE_INSTALL_PREFIX=/home/alireza/thesis1/navigation_go2/go2_ws/install/unitree_go
[4.389s] Invoking command in '/home/alireza/thesis1/navigation_go2/go2_ws/build/unitree_go': CMAKE_PREFIX_PATH=${CMAKE_PREFIX_PATH}:/opt/ros/foxy /usr/bin/cmake --build /home/alireza/thesis1/navigation_go2/go2_ws/build/unitree_go -- -j8 -l8
[4.893s] [ 12%] Built target unitree_go__rosidl_generator_c
[4.895s] [ 12%] Built target unitree_go__cpp
[5.762s] [ 25%] Built target unitree_go__rosidl_typesupport_introspection_cpp
[5.767s] [ 37%] Built target unitree_go__rosidl_typesupport_c
[5.768s] [ 49%] Built target unitree_go__rosidl_typesupport_cpp
[5.768s] [ 61%] Built target unitree_go__rosidl_typesupport_introspection_c
[5.769s] [ 73%] Built target unitree_go__rosidl_typesupport_fastrtps_cpp
[5.770s] [ 85%] Built target unitree_go__rosidl_typesupport_fastrtps_c
[5.839s] [ 85%] Built target unitree_go
[5.840s] [ 85%] Built target unitree_go__py
[6.013s] [ 97%] Built target unitree_go__python
[6.046s] [ 98%] Built target unitree_go__rosidl_typesupport_c__pyext
[6.047s] [ 99%] Built target unitree_go__rosidl_typesupport_introspection_c__pyext
[6.059s] [100%] Built target unitree_go__rosidl_typesupport_fastrtps_c__pyext
[6.075s] Invoked command in '/home/alireza/thesis1/navigation_go2/go2_ws/build/unitree_go' returned '0': CMAKE_PREFIX_PATH=${CMAKE_PREFIX_PATH}:/opt/ros/foxy /usr/bin/cmake --build /home/alireza/thesis1/navigation_go2/go2_ws/build/unitree_go -- -j8 -l8
[6.076s] Invoking command in '/home/alireza/thesis1/navigation_go2/go2_ws/build/unitree_go': CMAKE_PREFIX_PATH=${CMAKE_PREFIX_PATH}:/opt/ros/foxy /usr/bin/cmake --install /home/alireza/thesis1/navigation_go2/go2_ws/build/unitree_go
[6.093s] -- Install configuration: ""
[6.093s] -- Up-to-date: /home/alireza/thesis1/navigation_go2/go2_ws/install/unitree_go/share/ament_index/resource_index/rosidl_interfaces/unitree_go
[6.093s] -- Up-to-date: /home/alireza/thesis1/navigation_go2/go2_ws/install/unitree_go/include/unitree_go
[6.094s] -- Up-to-date: /home/alireza/thesis1/navigation_go2/go2_ws/install/unitree_go/include/unitree_go/msg
[6.095s] -- Up-to-date: /home/alireza/thesis1/navigation_go2/go2_ws/install/unitree_go/include/unitree_go/msg/motor_state.h
[6.095s] -- Up-to-date: /home/alireza/thesis1/navigation_go2/go2_ws/install/unitree_go/include/unitree_go/msg/motor_states.h
[6.095s] -- Up-to-date: /home/alireza/thesis1/navigation_go2/go2_ws/install/unitree_go/include/unitree_go/msg/sport_mode_cmd.h
[6.096s] -- Up-to-date: /home/alireza/thesis1/navigation_go2/go2_ws/install/unitree_go/include/unitree_go/msg/wireless_controller.h
[6.096s] -- Up-to-date: /home/alireza/thesis1/navigation_go2/go2_ws/install/unitree_go/include/unitree_go/msg/audio_data.h
[6.096s] -- Up-to-date: /home/alireza/thesis1/navigation_go2/go2_ws/install/unitree_go/include/unitree_go/msg/bms_state.h
[6.097s] -- Up-to-date: /home/alireza/thesis1/navigation_go2/go2_ws/install/unitree_go/include/unitree_go/msg/go2_front_video_data.h
[6.097s] -- Up-to-date: /home/alireza/thesis1/navigation_go2/go2_ws/install/unitree_go/include/unitree_go/msg/path_point.h
[6.097s] -- Up-to-date: /home/alireza/thesis1/navigation_go2/go2_ws/install/unitree_go/include/unitree_go/msg/motor_cmd.h
[6.097s] -- Up-to-date: /home/alireza/thesis1/navigation_go2/go2_ws/install/unitree_go/include/unitree_go/msg/height_map.h
[6.097s] -- Up-to-date: /home/alireza/thesis1/navigation_go2/go2_ws/install/unitree_go/include/unitree_go/msg/res.h
[6.097s] -- Up-to-date: /home/alireza/thesis1/navigation_go2/go2_ws/install/unitree_go/include/unitree_go/msg/imu_state.h
[6.097s] -- Up-to-date: /home/alireza/thesis1/navigation_go2/go2_ws/install/unitree_go/include/unitree_go/msg/low_state.h
[6.098s] -- Up-to-date: /home/alireza/thesis1/navigation_go2/go2_ws/install/unitree_go/include/unitree_go/msg/detail
[6.098s] -- Up-to-date: /home/alireza/thesis1/navigation_go2/go2_ws/install/unitree_go/include/unitree_go/msg/detail/imu_state__struct.h
[6.098s] -- Up-to-date: /home/alireza/thesis1/navigation_go2/go2_ws/install/unitree_go/include/unitree_go/msg/detail/audio_data__type_support.h
[6.098s] -- Up-to-date: /home/alireza/thesis1/navigation_go2/go2_ws/install/unitree_go/include/unitree_go/msg/detail/wireless_controller__struct.h
[6.098s] -- Up-to-date: /home/alireza/thesis1/navigation_go2/go2_ws/install/unitree_go/include/unitree_go/msg/detail/sport_mode_cmd__functions.c
[6.098s] -- Up-to-date: /home/alireza/thesis1/navigation_go2/go2_ws/install/unitree_go/include/unitree_go/msg/detail/motor_state__functions.h
[6.098s] -- Up-to-date: /home/alireza/thesis1/navigation_go2/go2_ws/install/unitree_go/include/unitree_go/msg/detail/audio_data__functions.c
[6.098s] -- Up-to-date: /home/alireza/thesis1/navigation_go2/go2_ws/install/unitree_go/include/unitree_go/msg/detail/height_map__functions.c
[6.099s] -- Up-to-date: /home/alireza/thesis1/navigation_go2/go2_ws/install/unitree_go/include/unitree_go/msg/detail/res__functions.c
[6.099s] -- Up-to-date: /home/alireza/thesis1/navigation_go2/go2_ws/install/unitree_go/include/unitree_go/msg/detail/bms_state__functions.h
[6.099s] -- Up-to-date: /home/alireza/thesis1/navigation_go2/go2_ws/install/unitree_go/include/unitree_go/msg/detail/time_spec__functions.h
[6.099s] -- Up-to-date: /home/alireza/thesis1/navigation_go2/go2_ws/install/unitree_go/include/unitree_go/msg/detail/path_point__functions.h
[6.099s] -- Up-to-date: /home/alireza/thesis1/navigation_go2/go2_ws/install/unitree_go/include/unitree_go/msg/detail/bms_state__functions.c
[6.099s] -- Up-to-date: /home/alireza/thesis1/navigation_go2/go2_ws/install/unitree_go/include/unitree_go/msg/detail/sport_mode_state__functions.c
[6.099s] -- Up-to-date: /home/alireza/thesis1/navigation_go2/go2_ws/install/unitree_go/include/unitree_go/msg/detail/interface_config__struct.h
[6.099s] -- Up-to-date: /home/alireza/thesis1/navigation_go2/go2_ws/install/unitree_go/include/unitree_go/msg/detail/res__struct.h
[6.099s] -- Up-to-date: /home/alireza/thesis1/navigation_go2/go2_ws/install/unitree_go/include/unitree_go/msg/detail/error__struct.h
[6.102s] -- Up-to-date: /home/alireza/thesis1/navigation_go2/go2_ws/install/unitree_go/include/unitree_go/msg/detail/bms_cmd__struct.h
[6.102s] -- Up-to-date: /home/alireza/thesis1/navigation_go2/go2_ws/install/unitree_go/include/unitree_go/msg/detail/motor_state__struct.h
[6.103s] -- Up-to-date: /home/alireza/thesis1/navigation_go2/go2_ws/install/unitree_go/include/unitree_go/msg/detail/motor_cmd__functions.c
[6.103s] -- Up-to-date: /home/alireza/thesis1/navigation_go2/go2_ws/install/unitree_go/include/unitree_go/msg/detail/audio_data__functions.h
[6.103s] -- Up-to-date: /home/alireza/thesis1/navigation_go2/go2_ws/install/unitree_go/include/unitree_go/msg/detail/motor_cmds__type_support.h
[6.103s] -- Up-to-date: /home/alireza/thesis1/navigation_go2/go2_ws/install/unitree_go/include/unitree_go/msg/detail/motor_state__type_support.h
[6.103s] -- Up-to-date: /home/alireza/thesis1/navigation_go2/go2_ws/install/unitree_go/include/unitree_go/msg/detail/low_cmd__functions.c
[6.104s] -- Up-to-date: /home/alireza/thesis1/navigation_go2/go2_ws/install/unitree_go/include/unitree_go/msg/detail/uwb_state__functions.h
[6.104s] -- Up-to-date: /home/alireza/thesis1/navigation_go2/go2_ws/install/unitree_go/include/unitree_go/msg/detail/req__functions.c
[6.104s] -- Up-to-date: /home/alireza/thesis1/navigation_go2/go2_ws/install/unitree_go/include/unitree_go/msg/detail/uwb_switch__type_support.h
[6.104s] -- Up-to-date: /home/alireza/thesis1/navigation_go2/go2_ws/install/unitree_go/include/unitree_go/msg/detail/height_map__functions.h
[6.104s] -- Up-to-date: /home/alireza/thesis1/navigation_go2/go2_ws/install/unitree_go/include/unitree_go/msg/detail/motor_cmd__struct.h
[6.104s] -- Up-to-date: /home/alireza/thesis1/navigation_go2/go2_ws/install/unitree_go/include/unitree_go/msg/detail/time_spec__struct.h
[6.104s] -- Up-to-date: /home/alireza/thesis1/navigation_go2/go2_ws/install/unitree_go/include/unitree_go/msg/detail/low_state__functions.c
[6.104s] -- Up-to-date: /home/alireza/thesis1/navigation_go2/go2_ws/install/unitree_go/include/unitree_go/msg/detail/wireless_controller__functions.h
[6.105s] -- Up-to-date: /home/alireza/thesis1/navigation_go2/go2_ws/install/unitree_go/include/unitree_go/msg/detail/wireless_controller__functions.c
[6.105s] -- Up-to-date: /home/alireza/thesis1/navigation_go2/go2_ws/install/unitree_go/include/unitree_go/msg/detail/sport_mode_state__functions.h
[6.105s] -- Up-to-date: /home/alireza/thesis1/navigation_go2/go2_ws/install/unitree_go/include/unitree_go/msg/detail/motor_cmds__functions.c
[6.105s] -- Up-to-date: /home/alireza/thesis1/navigation_go2/go2_ws/install/unitree_go/include/unitree_go/msg/detail/sport_mode_state__struct.h
[6.105s] -- Up-to-date: /home/alireza/thesis1/navigation_go2/go2_ws/install/unitree_go/include/unitree_go/msg/detail/lidar_state__type_support.h
[6.105s] -- Up-to-date: /home/alireza/thesis1/navigation_go2/go2_ws/install/unitree_go/include/unitree_go/msg/detail/go2_front_video_data__functions.h
[6.105s] -- Up-to-date: /home/alireza/thesis1/navigation_go2/go2_ws/install/unitree_go/include/unitree_go/msg/detail/error__type_support.h
[6.105s] -- Up-to-date: /home/alireza/thesis1/navigation_go2/go2_ws/install/unitree_go/include/unitree_go/msg/detail/motor_cmds__struct.h
[6.106s] -- Up-to-date: /home/alireza/thesis1/navigation_go2/go2_ws/install/unitree_go/include/unitree_go/msg/detail/motor_cmd__functions.h
[6.106s] -- Up-to-date: /home/alireza/thesis1/navigation_go2/go2_ws/install/unitree_go/include/unitree_go/msg/detail/uwb_switch__functions.h
[6.106s] -- Up-to-date: /home/alireza/thesis1/navigation_go2/go2_ws/install/unitree_go/include/unitree_go/msg/detail/path_point__struct.h
[6.106s] -- Up-to-date: /home/alireza/thesis1/navigation_go2/go2_ws/install/unitree_go/include/unitree_go/msg/detail/res__functions.h
[6.106s] -- Up-to-date: /home/alireza/thesis1/navigation_go2/go2_ws/install/unitree_go/include/unitree_go/msg/detail/low_state__functions.h
[6.106s] -- Up-to-date: /home/alireza/thesis1/navigation_go2/go2_ws/install/unitree_go/include/unitree_go/msg/detail/imu_state__functions.h
[6.106s] -- Up-to-date: /home/alireza/thesis1/navigation_go2/go2_ws/install/unitree_go/include/unitree_go/msg/detail/sport_mode_cmd__functions.h
[6.106s] -- Up-to-date: /home/alireza/thesis1/navigation_go2/go2_ws/install/unitree_go/include/unitree_go/msg/detail/bms_state__type_support.h
[6.107s] -- Up-to-date: /home/alireza/thesis1/navigation_go2/go2_ws/install/unitree_go/include/unitree_go/msg/detail/path_point__type_support.h
[6.107s] -- Up-to-date: /home/alireza/thesis1/navigation_go2/go2_ws/install/unitree_go/include/unitree_go/msg/detail/time_spec__functions.c
[6.107s] -- Up-to-date: /home/alireza/thesis1/navigation_go2/go2_ws/install/unitree_go/include/unitree_go/msg/detail/lidar_state__struct.h
[6.107s] -- Up-to-date: /home/alireza/thesis1/navigation_go2/go2_ws/install/unitree_go/include/unitree_go/msg/detail/go2_front_video_data__struct.h
[6.107s] -- Up-to-date: /home/alireza/thesis1/navigation_go2/go2_ws/install/unitree_go/include/unitree_go/msg/detail/motor_states__functions.c
[6.107s] -- Up-to-date: /home/alireza/thesis1/navigation_go2/go2_ws/install/unitree_go/include/unitree_go/msg/detail/uwb_switch__struct.h
[6.107s] -- Up-to-date: /home/alireza/thesis1/navigation_go2/go2_ws/install/unitree_go/include/unitree_go/msg/detail/req__struct.h
[6.108s] -- Up-to-date: /home/alireza/thesis1/navigation_go2/go2_ws/install/unitree_go/include/unitree_go/msg/detail/imu_state__functions.c
[6.108s] -- Up-to-date: /home/alireza/thesis1/navigation_go2/go2_ws/install/unitree_go/include/unitree_go/msg/detail/lidar_state__functions.h
[6.108s] -- Up-to-date: /home/alireza/thesis1/navigation_go2/go2_ws/install/unitree_go/include/unitree_go/msg/detail/lidar_state__functions.c
[6.108s] -- Up-to-date: /home/alireza/thesis1/navigation_go2/go2_ws/install/unitree_go/include/unitree_go/msg/detail/req__type_support.h
[6.108s] -- Up-to-date: /home/alireza/thesis1/navigation_go2/go2_ws/install/unitree_go/include/unitree_go/msg/detail/sport_mode_cmd__type_support.h
[6.108s] -- Up-to-date: /home/alireza/thesis1/navigation_go2/go2_ws/install/unitree_go/include/unitree_go/msg/detail/sport_mode_cmd__struct.h
[6.108s] -- Up-to-date: /home/alireza/thesis1/navigation_go2/go2_ws/install/unitree_go/include/unitree_go/msg/detail/height_map__type_support.h
[6.108s] -- Up-to-date: /home/alireza/thesis1/navigation_go2/go2_ws/install/unitree_go/include/unitree_go/msg/detail/error__functions.c
[6.109s] -- Up-to-date: /home/alireza/thesis1/navigation_go2/go2_ws/install/unitree_go/include/unitree_go/msg/detail/audio_data__struct.h
[6.109s] -- Up-to-date: /home/alireza/thesis1/navigation_go2/go2_ws/install/unitree_go/include/unitree_go/msg/detail/uwb_state__struct.h
[6.109s] -- Up-to-date: /home/alireza/thesis1/navigation_go2/go2_ws/install/unitree_go/include/unitree_go/msg/detail/uwb_state__type_support.h
[6.109s] -- Up-to-date: /home/alireza/thesis1/navigation_go2/go2_ws/install/unitree_go/include/unitree_go/msg/detail/imu_state__type_support.h
[6.109s] -- Up-to-date: /home/alireza/thesis1/navigation_go2/go2_ws/install/unitree_go/include/unitree_go/msg/detail/motor_states__type_support.h
[6.109s] -- Up-to-date: /home/alireza/thesis1/navigation_go2/go2_ws/install/unitree_go/include/unitree_go/msg/detail/interface_config__type_support.h
[6.109s] -- Up-to-date: /home/alireza/thesis1/navigation_go2/go2_ws/install/unitree_go/include/unitree_go/msg/detail/time_spec__type_support.h
[6.109s] -- Up-to-date: /home/alireza/thesis1/navigation_go2/go2_ws/install/unitree_go/include/unitree_go/msg/detail/uwb_switch__functions.c
[6.109s] -- Up-to-date: /home/alireza/thesis1/navigation_go2/go2_ws/install/unitree_go/include/unitree_go/msg/detail/req__functions.h
[6.110s] -- Up-to-date: /home/alireza/thesis1/navigation_go2/go2_ws/install/unitree_go/include/unitree_go/msg/detail/motor_cmd__type_support.h
[6.110s] -- Up-to-date: /home/alireza/thesis1/navigation_go2/go2_ws/install/unitree_go/include/unitree_go/msg/detail/low_cmd__type_support.h
[6.110s] -- Up-to-date: /home/alireza/thesis1/navigation_go2/go2_ws/install/unitree_go/include/unitree_go/msg/detail/go2_front_video_data__type_support.h
[6.110s] -- Up-to-date: /home/alireza/thesis1/navigation_go2/go2_ws/install/unitree_go/include/unitree_go/msg/detail/motor_cmds__functions.h
[6.110s] -- Up-to-date: /home/alireza/thesis1/navigation_go2/go2_ws/install/unitree_go/include/unitree_go/msg/detail/bms_state__struct.h
[6.110s] -- Up-to-date: /home/alireza/thesis1/navigation_go2/go2_ws/install/unitree_go/include/unitree_go/msg/detail/height_map__struct.h
[6.110s] -- Up-to-date: /home/alireza/thesis1/navigation_go2/go2_ws/install/unitree_go/include/unitree_go/msg/detail/low_cmd__struct.h
[6.110s] -- Up-to-date: /home/alireza/thesis1/navigation_go2/go2_ws/install/unitree_go/include/unitree_go/msg/detail/low_state__struct.h
[6.110s] -- Up-to-date: /home/alireza/thesis1/navigation_go2/go2_ws/install/unitree_go/include/unitree_go/msg/detail/bms_cmd__functions.c
[6.111s] -- Up-to-date: /home/alireza/thesis1/navigation_go2/go2_ws/install/unitree_go/include/unitree_go/msg/detail/go2_front_video_data__functions.c
[6.111s] -- Up-to-date: /home/alireza/thesis1/navigation_go2/go2_ws/install/unitree_go/include/unitree_go/msg/detail/motor_states__functions.h
[6.111s] -- Up-to-date: /home/alireza/thesis1/navigation_go2/go2_ws/install/unitree_go/include/unitree_go/msg/detail/path_point__functions.c
[6.111s] -- Up-to-date: /home/alireza/thesis1/navigation_go2/go2_ws/install/unitree_go/include/unitree_go/msg/detail/error__functions.h
[6.111s] -- Up-to-date: /home/alireza/thesis1/navigation_go2/go2_ws/install/unitree_go/include/unitree_go/msg/detail/low_cmd__functions.h
[6.112s] -- Up-to-date: /home/alireza/thesis1/navigation_go2/go2_ws/install/unitree_go/include/unitree_go/msg/detail/wireless_controller__type_support.h
[6.112s] -- Up-to-date: /home/alireza/thesis1/navigation_go2/go2_ws/install/unitree_go/include/unitree_go/msg/detail/bms_cmd__functions.h
[6.112s] -- Up-to-date: /home/alireza/thesis1/navigation_go2/go2_ws/install/unitree_go/include/unitree_go/msg/detail/bms_cmd__type_support.h
[6.112s] -- Up-to-date: /home/alireza/thesis1/navigation_go2/go2_ws/install/unitree_go/include/unitree_go/msg/detail/uwb_state__functions.c
[6.112s] -- Up-to-date: /home/alireza/thesis1/navigation_go2/go2_ws/install/unitree_go/include/unitree_go/msg/detail/interface_config__functions.h
[6.112s] -- Up-to-date: /home/alireza/thesis1/navigation_go2/go2_ws/install/unitree_go/include/unitree_go/msg/detail/res__type_support.h
[6.112s] -- Up-to-date: /home/alireza/thesis1/navigation_go2/go2_ws/install/unitree_go/include/unitree_go/msg/detail/motor_states__struct.h
[6.112s] -- Up-to-date: /home/alireza/thesis1/navigation_go2/go2_ws/install/unitree_go/include/unitree_go/msg/detail/motor_state__functions.c
[6.112s] -- Up-to-date: /home/alireza/thesis1/navigation_go2/go2_ws/install/unitree_go/include/unitree_go/msg/detail/sport_mode_state__type_support.h
[6.113s] -- Up-to-date: /home/alireza/thesis1/navigation_go2/go2_ws/install/unitree_go/include/unitree_go/msg/detail/low_state__type_support.h
[6.113s] -- Up-to-date: /home/alireza/thesis1/navigation_go2/go2_ws/install/unitree_go/include/unitree_go/msg/detail/interface_config__functions.c
[6.113s] -- Up-to-date: /home/alireza/thesis1/navigation_go2/go2_ws/install/unitree_go/include/unitree_go/msg/time_spec.h
[6.113s] -- Up-to-date: /home/alireza/thesis1/navigation_go2/go2_ws/install/unitree_go/include/unitree_go/msg/bms_cmd.h
[6.113s] -- Up-to-date: /home/alireza/thesis1/navigation_go2/go2_ws/install/unitree_go/include/unitree_go/msg/error.h
[6.113s] -- Up-to-date: /home/alireza/thesis1/navigation_go2/go2_ws/install/unitree_go/include/unitree_go/msg/req.h
[6.113s] -- Up-to-date: /home/alireza/thesis1/navigation_go2/go2_ws/install/unitree_go/include/unitree_go/msg/low_cmd.h
[6.113s] -- Up-to-date: /home/alireza/thesis1/navigation_go2/go2_ws/install/unitree_go/include/unitree_go/msg/motor_cmds.h
[6.113s] -- Up-to-date: /home/alireza/thesis1/navigation_go2/go2_ws/install/unitree_go/include/unitree_go/msg/rosidl_generator_c__visibility_control.h
[6.114s] -- Up-to-date: /home/alireza/thesis1/navigation_go2/go2_ws/install/unitree_go/include/unitree_go/msg/uwb_switch.h
[6.114s] -- Up-to-date: /home/alireza/thesis1/navigation_go2/go2_ws/install/unitree_go/include/unitree_go/msg/interface_config.h
[6.114s] -- Up-to-date: /home/alireza/thesis1/navigation_go2/go2_ws/install/unitree_go/include/unitree_go/msg/sport_mode_state.h
[6.114s] -- Up-to-date: /home/alireza/thesis1/navigation_go2/go2_ws/install/unitree_go/include/unitree_go/msg/lidar_state.h
[6.114s] -- Up-to-date: /home/alireza/thesis1/navigation_go2/go2_ws/install/unitree_go/include/unitree_go/msg/uwb_state.h
[6.114s] -- Up-to-date: /home/alireza/thesis1/navigation_go2/go2_ws/install/unitree_go/share/unitree_go/environment/library_path.sh
[6.114s] -- Installing: /home/alireza/thesis1/navigation_go2/go2_ws/install/unitree_go/share/unitree_go/environment/library_path.dsv
[6.114s] -- Up-to-date: /home/alireza/thesis1/navigation_go2/go2_ws/install/unitree_go/lib/libunitree_go__rosidl_generator_c.so
[6.114s] -- Up-to-date: /home/alireza/thesis1/navigation_go2/go2_ws/install/unitree_go/include/unitree_go
[6.114s] -- Up-to-date: /home/alireza/thesis1/navigation_go2/go2_ws/install/unitree_go/include/unitree_go/msg
[6.114s] -- Up-to-date: /home/alireza/thesis1/navigation_go2/go2_ws/install/unitree_go/include/unitree_go/msg/detail
[6.114s] -- Up-to-date: /home/alireza/thesis1/navigation_go2/go2_ws/install/unitree_go/include/unitree_go/msg/detail/error__rosidl_typesupport_fastrtps_c.h
[6.114s] -- Up-to-date: /home/alireza/thesis1/navigation_go2/go2_ws/install/unitree_go/include/unitree_go/msg/detail/uwb_state__rosidl_typesupport_fastrtps_c.h
[6.114s] -- Up-to-date: /home/alireza/thesis1/navigation_go2/go2_ws/install/unitree_go/include/unitree_go/msg/detail/sport_mode_state__rosidl_typesupport_fastrtps_c.h
[6.114s] -- Up-to-date: /home/alireza/thesis1/navigation_go2/go2_ws/install/unitree_go/include/unitree_go/msg/detail/height_map__rosidl_typesupport_fastrtps_c.h
[6.114s] -- Up-to-date: /home/alireza/thesis1/navigation_go2/go2_ws/install/unitree_go/include/unitree_go/msg/detail/imu_state__rosidl_typesupport_fastrtps_c.h
[6.115s] -- Up-to-date: /home/alireza/thesis1/navigation_go2/go2_ws/install/unitree_go/include/unitree_go/msg/detail/motor_states__rosidl_typesupport_fastrtps_c.h
[6.115s] -- Up-to-date: /home/alireza/thesis1/navigation_go2/go2_ws/install/unitree_go/include/unitree_go/msg/detail/lidar_state__rosidl_typesupport_fastrtps_c.h
[6.115s] -- Up-to-date: /home/alireza/thesis1/navigation_go2/go2_ws/install/unitree_go/include/unitree_go/msg/detail/res__rosidl_typesupport_fastrtps_c.h
[6.115s] -- Up-to-date: /home/alireza/thesis1/navigation_go2/go2_ws/install/unitree_go/include/unitree_go/msg/detail/motor_cmds__rosidl_typesupport_fastrtps_c.h
[6.115s] -- Up-to-date: /home/alireza/thesis1/navigation_go2/go2_ws/install/unitree_go/include/unitree_go/msg/detail/wireless_controller__rosidl_typesupport_fastrtps_c.h
[6.115s] -- Up-to-date: /home/alireza/thesis1/navigation_go2/go2_ws/install/unitree_go/include/unitree_go/msg/detail/motor_cmd__rosidl_typesupport_fastrtps_c.h
[6.115s] -- Up-to-date: /home/alireza/thesis1/navigation_go2/go2_ws/install/unitree_go/include/unitree_go/msg/detail/go2_front_video_data__rosidl_typesupport_fastrtps_c.h
[6.115s] -- Up-to-date: /home/alireza/thesis1/navigation_go2/go2_ws/install/unitree_go/include/unitree_go/msg/detail/uwb_switch__rosidl_typesupport_fastrtps_c.h
[6.115s] -- Up-to-date: /home/alireza/thesis1/navigation_go2/go2_ws/install/unitree_go/include/unitree_go/msg/detail/audio_data__rosidl_typesupport_fastrtps_c.h
[6.115s] -- Up-to-date: /home/alireza/thesis1/navigation_go2/go2_ws/install/unitree_go/include/unitree_go/msg/detail/sport_mode_cmd__rosidl_typesupport_fastrtps_c.h
[6.115s] -- Up-to-date: /home/alireza/thesis1/navigation_go2/go2_ws/install/unitree_go/include/unitree_go/msg/detail/low_cmd__rosidl_typesupport_fastrtps_c.h
[6.115s] -- Up-to-date: /home/alireza/thesis1/navigation_go2/go2_ws/install/unitree_go/include/unitree_go/msg/detail/low_state__rosidl_typesupport_fastrtps_c.h
[6.115s] -- Up-to-date: /home/alireza/thesis1/navigation_go2/go2_ws/install/unitree_go/include/unitree_go/msg/detail/time_spec__rosidl_typesupport_fastrtps_c.h
[6.115s] -- Up-to-date: /home/alireza/thesis1/navigation_go2/go2_ws/install/unitree_go/include/unitree_go/msg/detail/motor_state__rosidl_typesupport_fastrtps_c.h
[6.115s] -- Up-to-date: /home/alireza/thesis1/navigation_go2/go2_ws/install/unitree_go/include/unitree_go/msg/detail/bms_state__rosidl_typesupport_fastrtps_c.h
[6.115s] -- Up-to-date: /home/alireza/thesis1/navigation_go2/go2_ws/install/unitree_go/include/unitree_go/msg/detail/path_point__rosidl_typesupport_fastrtps_c.h
[6.115s] -- Up-to-date: /home/alireza/thesis1/navigation_go2/go2_ws/install/unitree_go/include/unitree_go/msg/detail/bms_cmd__rosidl_typesupport_fastrtps_c.h
[6.116s] -- Up-to-date: /home/alireza/thesis1/navigation_go2/go2_ws/install/unitree_go/include/unitree_go/msg/detail/req__rosidl_typesupport_fastrtps_c.h
[6.116s] -- Up-to-date: /home/alireza/thesis1/navigation_go2/go2_ws/install/unitree_go/include/unitree_go/msg/detail/interface_config__rosidl_typesupport_fastrtps_c.h
[6.116s] -- Up-to-date: /home/alireza/thesis1/navigation_go2/go2_ws/install/unitree_go/include/unitree_go/msg/rosidl_typesupport_fastrtps_c__visibility_control.h
[6.116s] -- Up-to-date: /home/alireza/thesis1/navigation_go2/go2_ws/install/unitree_go/lib/libunitree_go__rosidl_typesupport_fastrtps_c.so
[6.116s] -- Up-to-date: /home/alireza/thesis1/navigation_go2/go2_ws/install/unitree_go/include/unitree_go
[6.116s] -- Up-to-date: /home/alireza/thesis1/navigation_go2/go2_ws/install/unitree_go/include/unitree_go/msg
[6.116s] -- Up-to-date: /home/alireza/thesis1/navigation_go2/go2_ws/install/unitree_go/include/unitree_go/msg/rosidl_typesupport_fastrtps_cpp__visibility_control.h
[6.116s] -- Up-to-date: /home/alireza/thesis1/navigation_go2/go2_ws/install/unitree_go/include/unitree_go/msg/detail
[6.116s] -- Up-to-date: /home/alireza/thesis1/navigation_go2/go2_ws/install/unitree_go/include/unitree_go/msg/detail/req__rosidl_typesupport_fastrtps_cpp.hpp
[6.116s] -- Up-to-date: /home/alireza/thesis1/navigation_go2/go2_ws/install/unitree_go/include/unitree_go/msg/detail/imu_state__rosidl_typesupport_fastrtps_cpp.hpp
[6.116s] -- Up-to-date: /home/alireza/thesis1/navigation_go2/go2_ws/install/unitree_go/include/unitree_go/msg/detail/motor_states__rosidl_typesupport_fastrtps_cpp.hpp
[6.116s] -- Up-to-date: /home/alireza/thesis1/navigation_go2/go2_ws/install/unitree_go/include/unitree_go/msg/detail/bms_cmd__rosidl_typesupport_fastrtps_cpp.hpp
[6.116s] -- Up-to-date: /home/alireza/thesis1/navigation_go2/go2_ws/install/unitree_go/include/unitree_go/msg/detail/interface_config__rosidl_typesupport_fastrtps_cpp.hpp
[6.116s] -- Up-to-date: /home/alireza/thesis1/navigation_go2/go2_ws/install/unitree_go/include/unitree_go/msg/detail/go2_front_video_data__rosidl_typesupport_fastrtps_cpp.hpp
[6.116s] -- Up-to-date: /home/alireza/thesis1/navigation_go2/go2_ws/install/unitree_go/include/unitree_go/msg/detail/lidar_state__rosidl_typesupport_fastrtps_cpp.hpp
[6.116s] -- Up-to-date: /home/alireza/thesis1/navigation_go2/go2_ws/install/unitree_go/include/unitree_go/msg/detail/error__rosidl_typesupport_fastrtps_cpp.hpp
[6.116s] -- Up-to-date: /home/alireza/thesis1/navigation_go2/go2_ws/install/unitree_go/include/unitree_go/msg/detail/motor_state__rosidl_typesupport_fastrtps_cpp.hpp
[6.117s] -- Up-to-date: /home/alireza/thesis1/navigation_go2/go2_ws/install/unitree_go/include/unitree_go/msg/detail/sport_mode_cmd__rosidl_typesupport_fastrtps_cpp.hpp
[6.117s] -- Up-to-date: /home/alireza/thesis1/navigation_go2/go2_ws/install/unitree_go/include/unitree_go/msg/detail/uwb_switch__rosidl_typesupport_fastrtps_cpp.hpp
[6.117s] -- Up-to-date: /home/alireza/thesis1/navigation_go2/go2_ws/install/unitree_go/include/unitree_go/msg/detail/bms_state__rosidl_typesupport_fastrtps_cpp.hpp
[6.117s] -- Up-to-date: /home/alireza/thesis1/navigation_go2/go2_ws/install/unitree_go/include/unitree_go/msg/detail/path_point__rosidl_typesupport_fastrtps_cpp.hpp
[6.117s] -- Up-to-date: /home/alireza/thesis1/navigation_go2/go2_ws/install/unitree_go/include/unitree_go/msg/detail/motor_cmds__rosidl_typesupport_fastrtps_cpp.hpp
[6.117s] -- Up-to-date: /home/alireza/thesis1/navigation_go2/go2_ws/install/unitree_go/include/unitree_go/msg/detail/motor_cmd__rosidl_typesupport_fastrtps_cpp.hpp
[6.117s] -- Up-to-date: /home/alireza/thesis1/navigation_go2/go2_ws/install/unitree_go/include/unitree_go/msg/detail/uwb_state__rosidl_typesupport_fastrtps_cpp.hpp
[6.117s] -- Up-to-date: /home/alireza/thesis1/navigation_go2/go2_ws/install/unitree_go/include/unitree_go/msg/detail/sport_mode_state__rosidl_typesupport_fastrtps_cpp.hpp
[6.117s] -- Up-to-date: /home/alireza/thesis1/navigation_go2/go2_ws/install/unitree_go/include/unitree_go/msg/detail/dds_fastrtps
[6.117s] -- Up-to-date: /home/alireza/thesis1/navigation_go2/go2_ws/install/unitree_go/include/unitree_go/msg/detail/res__rosidl_typesupport_fastrtps_cpp.hpp
[6.117s] -- Up-to-date: /home/alireza/thesis1/navigation_go2/go2_ws/install/unitree_go/include/unitree_go/msg/detail/height_map__rosidl_typesupport_fastrtps_cpp.hpp
[6.117s] -- Up-to-date: /home/alireza/thesis1/navigation_go2/go2_ws/install/unitree_go/include/unitree_go/msg/detail/low_cmd__rosidl_typesupport_fastrtps_cpp.hpp
[6.117s] -- Up-to-date: /home/alireza/thesis1/navigation_go2/go2_ws/install/unitree_go/include/unitree_go/msg/detail/wireless_controller__rosidl_typesupport_fastrtps_cpp.hpp
[6.117s] -- Up-to-date: /home/alireza/thesis1/navigation_go2/go2_ws/install/unitree_go/include/unitree_go/msg/detail/low_state__rosidl_typesupport_fastrtps_cpp.hpp
[6.117s] -- Up-to-date: /home/alireza/thesis1/navigation_go2/go2_ws/install/unitree_go/include/unitree_go/msg/detail/time_spec__rosidl_typesupport_fastrtps_cpp.hpp
[6.117s] -- Up-to-date: /home/alireza/thesis1/navigation_go2/go2_ws/install/unitree_go/include/unitree_go/msg/detail/audio_data__rosidl_typesupport_fastrtps_cpp.hpp
[6.118s] -- Up-to-date: /home/alireza/thesis1/navigation_go2/go2_ws/install/unitree_go/lib/libunitree_go__rosidl_typesupport_fastrtps_cpp.so
[6.118s] -- Up-to-date: /home/alireza/thesis1/navigation_go2/go2_ws/install/unitree_go/include/unitree_go
[6.118s] -- Up-to-date: /home/alireza/thesis1/navigation_go2/go2_ws/install/unitree_go/include/unitree_go/msg
[6.118s] -- Up-to-date: /home/alireza/thesis1/navigation_go2/go2_ws/install/unitree_go/include/unitree_go/msg/rosidl_typesupport_introspection_c__visibility_control.h
[6.118s] -- Up-to-date: /home/alireza/thesis1/navigation_go2/go2_ws/install/unitree_go/include/unitree_go/msg/detail
[6.118s] -- Up-to-date: /home/alireza/thesis1/navigation_go2/go2_ws/install/unitree_go/include/unitree_go/msg/detail/bms_cmd__type_support.c
[6.118s] -- Up-to-date: /home/alireza/thesis1/navigation_go2/go2_ws/install/unitree_go/include/unitree_go/msg/detail/low_cmd__rosidl_typesupport_introspection_c.h
[6.118s] -- Up-to-date: /home/alireza/thesis1/navigation_go2/go2_ws/install/unitree_go/include/unitree_go/msg/detail/uwb_state__type_support.c
[6.118s] -- Up-to-date: /home/alireza/thesis1/navigation_go2/go2_ws/install/unitree_go/include/unitree_go/msg/detail/motor_cmds__type_support.c
[6.118s] -- Up-to-date: /home/alireza/thesis1/navigation_go2/go2_ws/install/unitree_go/include/unitree_go/msg/detail/imu_state__rosidl_typesupport_introspection_c.h
[6.118s] -- Up-to-date: /home/alireza/thesis1/navigation_go2/go2_ws/install/unitree_go/include/unitree_go/msg/detail/uwb_state__rosidl_typesupport_introspection_c.h
[6.118s] -- Up-to-date: /home/alireza/thesis1/navigation_go2/go2_ws/install/unitree_go/include/unitree_go/msg/detail/motor_state__type_support.c
[6.118s] -- Up-to-date: /home/alireza/thesis1/navigation_go2/go2_ws/install/unitree_go/include/unitree_go/msg/detail/lidar_state__type_support.c
[6.118s] -- Up-to-date: /home/alireza/thesis1/navigation_go2/go2_ws/install/unitree_go/include/unitree_go/msg/detail/bms_state__rosidl_typesupport_introspection_c.h
[6.118s] -- Up-to-date: /home/alireza/thesis1/navigation_go2/go2_ws/install/unitree_go/include/unitree_go/msg/detail/height_map__rosidl_typesupport_introspection_c.h
[6.118s] -- Up-to-date: /home/alireza/thesis1/navigation_go2/go2_ws/install/unitree_go/include/unitree_go/msg/detail/path_point__type_support.c
[6.118s] -- Up-to-date: /home/alireza/thesis1/navigation_go2/go2_ws/install/unitree_go/include/unitree_go/msg/detail/bms_state__type_support.c
[6.119s] -- Up-to-date: /home/alireza/thesis1/navigation_go2/go2_ws/install/unitree_go/include/unitree_go/msg/detail/wireless_controller__rosidl_typesupport_introspection_c.h
[6.119s] -- Up-to-date: /home/alireza/thesis1/navigation_go2/go2_ws/install/unitree_go/include/unitree_go/msg/detail/low_cmd__type_support.c
[6.119s] -- Up-to-date: /home/alireza/thesis1/navigation_go2/go2_ws/install/unitree_go/include/unitree_go/msg/detail/height_map__type_support.c
[6.119s] -- Up-to-date: /home/alireza/thesis1/navigation_go2/go2_ws/install/unitree_go/include/unitree_go/msg/detail/wireless_controller__type_support.c
[6.119s] -- Up-to-date: /home/alireza/thesis1/navigation_go2/go2_ws/install/unitree_go/include/unitree_go/msg/detail/sport_mode_state__rosidl_typesupport_introspection_c.h
[6.119s] -- Up-to-date: /home/alireza/thesis1/navigation_go2/go2_ws/install/unitree_go/include/unitree_go/msg/detail/motor_state__rosidl_typesupport_introspection_c.h
[6.119s] -- Up-to-date: /home/alireza/thesis1/navigation_go2/go2_ws/install/unitree_go/include/unitree_go/msg/detail/go2_front_video_data__rosidl_typesupport_introspection_c.h
[6.119s] -- Up-to-date: /home/alireza/thesis1/navigation_go2/go2_ws/install/unitree_go/include/unitree_go/msg/detail/bms_cmd__rosidl_typesupport_introspection_c.h
[6.119s] -- Up-to-date: /home/alireza/thesis1/navigation_go2/go2_ws/install/unitree_go/include/unitree_go/msg/detail/motor_cmd__rosidl_typesupport_introspection_c.h
[6.119s] -- Up-to-date: /home/alireza/thesis1/navigation_go2/go2_ws/install/unitree_go/include/unitree_go/msg/detail/sport_mode_cmd__rosidl_typesupport_introspection_c.h
[6.119s] -- Up-to-date: /home/alireza/thesis1/navigation_go2/go2_ws/install/unitree_go/include/unitree_go/msg/detail/low_state__rosidl_typesupport_introspection_c.h
[6.119s] -- Up-to-date: /home/alireza/thesis1/navigation_go2/go2_ws/install/unitree_go/include/unitree_go/msg/detail/motor_cmd__type_support.c
[6.119s] -- Up-to-date: /home/alireza/thesis1/navigation_go2/go2_ws/install/unitree_go/include/unitree_go/msg/detail/imu_state__type_support.c
[6.120s] -- Up-to-date: /home/alireza/thesis1/navigation_go2/go2_ws/install/unitree_go/include/unitree_go/msg/detail/interface_config__rosidl_typesupport_introspection_c.h
[6.120s] -- Up-to-date: /home/alireza/thesis1/navigation_go2/go2_ws/install/unitree_go/include/unitree_go/msg/detail/interface_config__type_support.c
[6.120s] -- Up-to-date: /home/alireza/thesis1/navigation_go2/go2_ws/install/unitree_go/include/unitree_go/msg/detail/go2_front_video_data__type_support.c
[6.120s] -- Up-to-date: /home/alireza/thesis1/navigation_go2/go2_ws/install/unitree_go/include/unitree_go/msg/detail/uwb_switch__rosidl_typesupport_introspection_c.h
[6.120s] -- Up-to-date: /home/alireza/thesis1/navigation_go2/go2_ws/install/unitree_go/include/unitree_go/msg/detail/res__type_support.c
[6.120s] -- Up-to-date: /home/alireza/thesis1/navigation_go2/go2_ws/install/unitree_go/include/unitree_go/msg/detail/audio_data__type_support.c
[6.120s] -- Up-to-date: /home/alireza/thesis1/navigation_go2/go2_ws/install/unitree_go/include/unitree_go/msg/detail/time_spec__type_support.c
[6.120s] -- Up-to-date: /home/alireza/thesis1/navigation_go2/go2_ws/install/unitree_go/include/unitree_go/msg/detail/low_state__type_support.c
[6.120s] -- Up-to-date: /home/alireza/thesis1/navigation_go2/go2_ws/install/unitree_go/include/unitree_go/msg/detail/motor_cmds__rosidl_typesupport_introspection_c.h
[6.120s] -- Up-to-date: /home/alireza/thesis1/navigation_go2/go2_ws/install/unitree_go/include/unitree_go/msg/detail/time_spec__rosidl_typesupport_introspection_c.h
[6.120s] -- Up-to-date: /home/alireza/thesis1/navigation_go2/go2_ws/install/unitree_go/include/unitree_go/msg/detail/error__rosidl_typesupport_introspection_c.h
[6.120s] -- Up-to-date: /home/alireza/thesis1/navigation_go2/go2_ws/install/unitree_go/include/unitree_go/msg/detail/uwb_switch__type_support.c
[6.120s] -- Up-to-date: /home/alireza/thesis1/navigation_go2/go2_ws/install/unitree_go/include/unitree_go/msg/detail/req__type_support.c
[6.120s] -- Up-to-date: /home/alireza/thesis1/navigation_go2/go2_ws/install/unitree_go/include/unitree_go/msg/detail/motor_states__rosidl_typesupport_introspection_c.h
[6.120s] -- Up-to-date: /home/alireza/thesis1/navigation_go2/go2_ws/install/unitree_go/include/unitree_go/msg/detail/req__rosidl_typesupport_introspection_c.h
[6.121s] -- Up-to-date: /home/alireza/thesis1/navigation_go2/go2_ws/install/unitree_go/include/unitree_go/msg/detail/motor_states__type_support.c
[6.121s] -- Up-to-date: /home/alireza/thesis1/navigation_go2/go2_ws/install/unitree_go/include/unitree_go/msg/detail/error__type_support.c
[6.121s] -- Up-to-date: /home/alireza/thesis1/navigation_go2/go2_ws/install/unitree_go/include/unitree_go/msg/detail/sport_mode_cmd__type_support.c
[6.121s] -- Up-to-date: /home/alireza/thesis1/navigation_go2/go2_ws/install/unitree_go/include/unitree_go/msg/detail/lidar_state__rosidl_typesupport_introspection_c.h
[6.121s] -- Up-to-date: /home/alireza/thesis1/navigation_go2/go2_ws/install/unitree_go/include/unitree_go/msg/detail/audio_data__rosidl_typesupport_introspection_c.h
[6.121s] -- Up-to-date: /home/alireza/thesis1/navigation_go2/go2_ws/install/unitree_go/include/unitree_go/msg/detail/sport_mode_state__type_support.c
[6.121s] -- Up-to-date: /home/alireza/thesis1/navigation_go2/go2_ws/install/unitree_go/include/unitree_go/msg/detail/res__rosidl_typesupport_introspection_c.h
[6.121s] -- Up-to-date: /home/alireza/thesis1/navigation_go2/go2_ws/install/unitree_go/include/unitree_go/msg/detail/path_point__rosidl_typesupport_introspection_c.h
[6.121s] -- Up-to-date: /home/alireza/thesis1/navigation_go2/go2_ws/install/unitree_go/lib/libunitree_go__rosidl_typesupport_introspection_c.so
[6.121s] -- Up-to-date: /home/alireza/thesis1/navigation_go2/go2_ws/install/unitree_go/lib/libunitree_go__rosidl_typesupport_c.so
[6.121s] -- Up-to-date: /home/alireza/thesis1/navigation_go2/go2_ws/install/unitree_go/include/unitree_go
[6.121s] -- Up-to-date: /home/alireza/thesis1/navigation_go2/go2_ws/install/unitree_go/include/unitree_go/msg
[6.121s] -- Up-to-date: /home/alireza/thesis1/navigation_go2/go2_ws/install/unitree_go/include/unitree_go/msg/uwb_switch.hpp
[6.121s] -- Up-to-date: /home/alireza/thesis1/navigation_go2/go2_ws/install/unitree_go/include/unitree_go/msg/res.hpp
[6.121s] -- Up-to-date: /home/alireza/thesis1/navigation_go2/go2_ws/install/unitree_go/include/unitree_go/msg/motor_states.hpp
[6.122s] -- Up-to-date: /home/alireza/thesis1/navigation_go2/go2_ws/install/unitree_go/include/unitree_go/msg/path_point.hpp
[6.122s] -- Up-to-date: /home/alireza/thesis1/navigation_go2/go2_ws/install/unitree_go/include/unitree_go/msg/wireless_controller.hpp
[6.122s] -- Up-to-date: /home/alireza/thesis1/navigation_go2/go2_ws/install/unitree_go/include/unitree_go/msg/motor_cmd.hpp
[6.122s] -- Up-to-date: /home/alireza/thesis1/navigation_go2/go2_ws/install/unitree_go/include/unitree_go/msg/sport_mode_cmd.hpp
[6.122s] -- Up-to-date: /home/alireza/thesis1/navigation_go2/go2_ws/install/unitree_go/include/unitree_go/msg/uwb_state.hpp
[6.122s] -- Up-to-date: /home/alireza/thesis1/navigation_go2/go2_ws/install/unitree_go/include/unitree_go/msg/rosidl_generator_cpp__visibility_control.hpp
[6.122s] -- Up-to-date: /home/alireza/thesis1/navigation_go2/go2_ws/install/unitree_go/include/unitree_go/msg/motor_cmds.hpp
[6.122s] -- Up-to-date: /home/alireza/thesis1/navigation_go2/go2_ws/install/unitree_go/include/unitree_go/msg/height_map.hpp
[6.122s] -- Up-to-date: /home/alireza/thesis1/navigation_go2/go2_ws/install/unitree_go/include/unitree_go/msg/req.hpp
[6.122s] -- Up-to-date: /home/alireza/thesis1/navigation_go2/go2_ws/install/unitree_go/include/unitree_go/msg/audio_data.hpp
[6.122s] -- Up-to-date: /home/alireza/thesis1/navigation_go2/go2_ws/install/unitree_go/include/unitree_go/msg/lidar_state.hpp
[6.122s] -- Up-to-date: /home/alireza/thesis1/navigation_go2/go2_ws/install/unitree_go/include/unitree_go/msg/detail
[6.122s] -- Up-to-date: /home/alireza/thesis1/navigation_go2/go2_ws/install/unitree_go/include/unitree_go/msg/detail/wireless_controller__type_support.hpp
[6.122s] -- Up-to-date: /home/alireza/thesis1/navigation_go2/go2_ws/install/unitree_go/include/unitree_go/msg/detail/res__traits.hpp
[6.122s] -- Up-to-date: /home/alireza/thesis1/navigation_go2/go2_ws/install/unitree_go/include/unitree_go/msg/detail/req__type_support.hpp
[6.123s] -- Up-to-date: /home/alireza/thesis1/navigation_go2/go2_ws/install/unitree_go/include/unitree_go/msg/detail/error__type_support.hpp
[6.123s] -- Up-to-date: /home/alireza/thesis1/navigation_go2/go2_ws/install/unitree_go/include/unitree_go/msg/detail/lidar_state__builder.hpp
[6.123s] -- Up-to-date: /home/alireza/thesis1/navigation_go2/go2_ws/install/unitree_go/include/unitree_go/msg/detail/sport_mode_cmd__type_support.hpp
[6.123s] -- Up-to-date: /home/alireza/thesis1/navigation_go2/go2_ws/install/unitree_go/include/unitree_go/msg/detail/res__builder.hpp
[6.123s] -- Up-to-date: /home/alireza/thesis1/navigation_go2/go2_ws/install/unitree_go/include/unitree_go/msg/detail/wireless_controller__traits.hpp
[6.123s] -- Up-to-date: /home/alireza/thesis1/navigation_go2/go2_ws/install/unitree_go/include/unitree_go/msg/detail/motor_state__struct.hpp
[6.123s] -- Up-to-date: /home/alireza/thesis1/navigation_go2/go2_ws/install/unitree_go/include/unitree_go/msg/detail/height_map__builder.hpp
[6.123s] -- Up-to-date: /home/alireza/thesis1/navigation_go2/go2_ws/install/unitree_go/include/unitree_go/msg/detail/time_spec__traits.hpp
[6.123s] -- Up-to-date: /home/alireza/thesis1/navigation_go2/go2_ws/install/unitree_go/include/unitree_go/msg/detail/bms_state__struct.hpp
[6.123s] -- Up-to-date: /home/alireza/thesis1/navigation_go2/go2_ws/install/unitree_go/include/unitree_go/msg/detail/sport_mode_state__struct.hpp
[6.123s] -- Up-to-date: /home/alireza/thesis1/navigation_go2/go2_ws/install/unitree_go/include/unitree_go/msg/detail/motor_cmds__traits.hpp
[6.123s] -- Up-to-date: /home/alireza/thesis1/navigation_go2/go2_ws/install/unitree_go/include/unitree_go/msg/detail/go2_front_video_data__type_support.hpp
[6.123s] -- Up-to-date: /home/alireza/thesis1/navigation_go2/go2_ws/install/unitree_go/include/unitree_go/msg/detail/uwb_switch__traits.hpp
[6.123s] -- Up-to-date: /home/alireza/thesis1/navigation_go2/go2_ws/install/unitree_go/include/unitree_go/msg/detail/bms_cmd__traits.hpp
[6.123s] -- Up-to-date: /home/alireza/thesis1/navigation_go2/go2_ws/install/unitree_go/include/unitree_go/msg/detail/interface_config__struct.hpp
[6.123s] -- Up-to-date: /home/alireza/thesis1/navigation_go2/go2_ws/install/unitree_go/include/unitree_go/msg/detail/lidar_state__struct.hpp
[6.124s] -- Up-to-date: /home/alireza/thesis1/navigation_go2/go2_ws/install/unitree_go/include/unitree_go/msg/detail/low_cmd__type_support.hpp
[6.124s] -- Up-to-date: /home/alireza/thesis1/navigation_go2/go2_ws/install/unitree_go/include/unitree_go/msg/detail/go2_front_video_data__builder.hpp
[6.124s] -- Up-to-date: /home/alireza/thesis1/navigation_go2/go2_ws/install/unitree_go/include/unitree_go/msg/detail/bms_cmd__builder.hpp
[6.124s] -- Up-to-date: /home/alireza/thesis1/navigation_go2/go2_ws/install/unitree_go/include/unitree_go/msg/detail/audio_data__struct.hpp
[6.124s] -- Up-to-date: /home/alireza/thesis1/navigation_go2/go2_ws/install/unitree_go/include/unitree_go/msg/detail/interface_config__type_support.hpp
[6.124s] -- Up-to-date: /home/alireza/thesis1/navigation_go2/go2_ws/install/unitree_go/include/unitree_go/msg/detail/req__struct.hpp
[6.124s] -- Up-to-date: /home/alireza/thesis1/navigation_go2/go2_ws/install/unitree_go/include/unitree_go/msg/detail/go2_front_video_data__traits.hpp
[6.124s] -- Up-to-date: /home/alireza/thesis1/navigation_go2/go2_ws/install/unitree_go/include/unitree_go/msg/detail/motor_states__type_support.hpp
[6.124s] -- Up-to-date: /home/alireza/thesis1/navigation_go2/go2_ws/install/unitree_go/include/unitree_go/msg/detail/low_cmd__builder.hpp
[6.124s] -- Up-to-date: /home/alireza/thesis1/navigation_go2/go2_ws/install/unitree_go/include/unitree_go/msg/detail/req__builder.hpp
[6.124s] -- Up-to-date: /home/alireza/thesis1/navigation_go2/go2_ws/install/unitree_go/include/unitree_go/msg/detail/height_map__struct.hpp
[6.124s] -- Up-to-date: /home/alireza/thesis1/navigation_go2/go2_ws/install/unitree_go/include/unitree_go/msg/detail/lidar_state__traits.hpp
[6.124s] -- Up-to-date: /home/alireza/thesis1/navigation_go2/go2_ws/install/unitree_go/include/unitree_go/msg/detail/error__traits.hpp
[6.124s] -- Up-to-date: /home/alireza/thesis1/navigation_go2/go2_ws/install/unitree_go/include/unitree_go/msg/detail/time_spec__struct.hpp
[6.124s] -- Up-to-date: /home/alireza/thesis1/navigation_go2/go2_ws/install/unitree_go/include/unitree_go/msg/detail/height_map__traits.hpp
[6.125s] -- Up-to-date: /home/alireza/thesis1/navigation_go2/go2_ws/install/unitree_go/include/unitree_go/msg/detail/motor_cmds__type_support.hpp
[6.125s] -- Up-to-date: /home/alireza/thesis1/navigation_go2/go2_ws/install/unitree_go/include/unitree_go/msg/detail/motor_states__struct.hpp
[6.125s] -- Up-to-date: /home/alireza/thesis1/navigation_go2/go2_ws/install/unitree_go/include/unitree_go/msg/detail/uwb_switch__struct.hpp
[6.125s] -- Up-to-date: /home/alireza/thesis1/navigation_go2/go2_ws/install/unitree_go/include/unitree_go/msg/detail/motor_state__type_support.hpp
[6.125s] -- Up-to-date: /home/alireza/thesis1/navigation_go2/go2_ws/install/unitree_go/include/unitree_go/msg/detail/interface_config__traits.hpp
[6.125s] -- Up-to-date: /home/alireza/thesis1/navigation_go2/go2_ws/install/unitree_go/include/unitree_go/msg/detail/error__struct.hpp
[6.125s] -- Up-to-date: /home/alireza/thesis1/navigation_go2/go2_ws/install/unitree_go/include/unitree_go/msg/detail/motor_states__builder.hpp
[6.125s] -- Up-to-date: /home/alireza/thesis1/navigation_go2/go2_ws/install/unitree_go/include/unitree_go/msg/detail/sport_mode_cmd__traits.hpp
[6.125s] -- Up-to-date: /home/alireza/thesis1/navigation_go2/go2_ws/install/unitree_go/include/unitree_go/msg/detail/bms_cmd__type_support.hpp
[6.125s] -- Up-to-date: /home/alireza/thesis1/navigation_go2/go2_ws/install/unitree_go/include/unitree_go/msg/detail/lidar_state__type_support.hpp
[6.125s] -- Up-to-date: /home/alireza/thesis1/navigation_go2/go2_ws/install/unitree_go/include/unitree_go/msg/detail/motor_cmd__builder.hpp
[6.125s] -- Up-to-date: /home/alireza/thesis1/navigation_go2/go2_ws/install/unitree_go/include/unitree_go/msg/detail/low_cmd__traits.hpp
[6.125s] -- Up-to-date: /home/alireza/thesis1/navigation_go2/go2_ws/install/unitree_go/include/unitree_go/msg/detail/sport_mode_state__type_support.hpp
[6.125s] -- Up-to-date: /home/alireza/thesis1/navigation_go2/go2_ws/install/unitree_go/include/unitree_go/msg/detail/low_state__type_support.hpp
[6.125s] -- Up-to-date: /home/alireza/thesis1/navigation_go2/go2_ws/install/unitree_go/include/unitree_go/msg/detail/uwb_state__type_support.hpp
[6.126s] -- Up-to-date: /home/alireza/thesis1/navigation_go2/go2_ws/install/unitree_go/include/unitree_go/msg/detail/path_point__builder.hpp
[6.126s] -- Up-to-date: /home/alireza/thesis1/navigation_go2/go2_ws/install/unitree_go/include/unitree_go/msg/detail/uwb_state__struct.hpp
[6.126s] -- Up-to-date: /home/alireza/thesis1/navigation_go2/go2_ws/install/unitree_go/include/unitree_go/msg/detail/audio_data__builder.hpp
[6.126s] -- Up-to-date: /home/alireza/thesis1/navigation_go2/go2_ws/install/unitree_go/include/unitree_go/msg/detail/bms_state__type_support.hpp
[6.126s] -- Up-to-date: /home/alireza/thesis1/navigation_go2/go2_ws/install/unitree_go/include/unitree_go/msg/detail/req__traits.hpp
[6.126s] -- Up-to-date: /home/alireza/thesis1/navigation_go2/go2_ws/install/unitree_go/include/unitree_go/msg/detail/motor_cmd__traits.hpp
[6.126s] -- Up-to-date: /home/alireza/thesis1/navigation_go2/go2_ws/install/unitree_go/include/unitree_go/msg/detail/imu_state__traits.hpp
[6.126s] -- Up-to-date: /home/alireza/thesis1/navigation_go2/go2_ws/install/unitree_go/include/unitree_go/msg/detail/error__builder.hpp
[6.126s] -- Up-to-date: /home/alireza/thesis1/navigation_go2/go2_ws/install/unitree_go/include/unitree_go/msg/detail/motor_state__builder.hpp
[6.126s] -- Up-to-date: /home/alireza/thesis1/navigation_go2/go2_ws/install/unitree_go/include/unitree_go/msg/detail/path_point__struct.hpp
[6.126s] -- Up-to-date: /home/alireza/thesis1/navigation_go2/go2_ws/install/unitree_go/include/unitree_go/msg/detail/bms_state__traits.hpp
[6.126s] -- Up-to-date: /home/alireza/thesis1/navigation_go2/go2_ws/install/unitree_go/include/unitree_go/msg/detail/audio_data__traits.hpp
[6.126s] -- Up-to-date: /home/alireza/thesis1/navigation_go2/go2_ws/install/unitree_go/include/unitree_go/msg/detail/motor_states__traits.hpp
[6.127s] -- Up-to-date: /home/alireza/thesis1/navigation_go2/go2_ws/install/unitree_go/include/unitree_go/msg/detail/low_cmd__struct.hpp
[6.127s] -- Up-to-date: /home/alireza/thesis1/navigation_go2/go2_ws/install/unitree_go/include/unitree_go/msg/detail/audio_data__type_support.hpp
[6.127s] -- Up-to-date: /home/alireza/thesis1/navigation_go2/go2_ws/install/unitree_go/include/unitree_go/msg/detail/motor_state__traits.hpp
[6.127s] -- Up-to-date: /home/alireza/thesis1/navigation_go2/go2_ws/install/unitree_go/include/unitree_go/msg/detail/uwb_switch__builder.hpp
[6.127s] -- Up-to-date: /home/alireza/thesis1/navigation_go2/go2_ws/install/unitree_go/include/unitree_go/msg/detail/sport_mode_cmd__struct.hpp
[6.127s] -- Up-to-date: /home/alireza/thesis1/navigation_go2/go2_ws/install/unitree_go/include/unitree_go/msg/detail/bms_state__builder.hpp
[6.127s] -- Up-to-date: /home/alireza/thesis1/navigation_go2/go2_ws/install/unitree_go/include/unitree_go/msg/detail/motor_cmd__struct.hpp
[6.127s] -- Up-to-date: /home/alireza/thesis1/navigation_go2/go2_ws/install/unitree_go/include/unitree_go/msg/detail/low_state__traits.hpp
[6.127s] -- Up-to-date: /home/alireza/thesis1/navigation_go2/go2_ws/install/unitree_go/include/unitree_go/msg/detail/height_map__type_support.hpp
[6.127s] -- Up-to-date: /home/alireza/thesis1/navigation_go2/go2_ws/install/unitree_go/include/unitree_go/msg/detail/low_state__builder.hpp
[6.127s] -- Up-to-date: /home/alireza/thesis1/navigation_go2/go2_ws/install/unitree_go/include/unitree_go/msg/detail/interface_config__builder.hpp
[6.127s] -- Up-to-date: /home/alireza/thesis1/navigation_go2/go2_ws/install/unitree_go/include/unitree_go/msg/detail/motor_cmd__type_support.hpp
[6.127s] -- Up-to-date: /home/alireza/thesis1/navigation_go2/go2_ws/install/unitree_go/include/unitree_go/msg/detail/imu_state__builder.hpp
[6.127s] -- Up-to-date: /home/alireza/thesis1/navigation_go2/go2_ws/install/unitree_go/include/unitree_go/msg/detail/res__type_support.hpp
[6.128s] -- Up-to-date: /home/alireza/thesis1/navigation_go2/go2_ws/install/unitree_go/include/unitree_go/msg/detail/imu_state__type_support.hpp
[6.128s] -- Up-to-date: /home/alireza/thesis1/navigation_go2/go2_ws/install/unitree_go/include/unitree_go/msg/detail/res__struct.hpp
[6.128s] -- Up-to-date: /home/alireza/thesis1/navigation_go2/go2_ws/install/unitree_go/include/unitree_go/msg/detail/path_point__traits.hpp
[6.128s] -- Up-to-date: /home/alireza/thesis1/navigation_go2/go2_ws/install/unitree_go/include/unitree_go/msg/detail/motor_cmds__builder.hpp
[6.128s] -- Up-to-date: /home/alireza/thesis1/navigation_go2/go2_ws/install/unitree_go/include/unitree_go/msg/detail/wireless_controller__builder.hpp
[6.128s] -- Up-to-date: /home/alireza/thesis1/navigation_go2/go2_ws/install/unitree_go/include/unitree_go/msg/detail/sport_mode_state__traits.hpp
[6.128s] -- Up-to-date: /home/alireza/thesis1/navigation_go2/go2_ws/install/unitree_go/include/unitree_go/msg/detail/low_state__struct.hpp
[6.128s] -- Up-to-date: /home/alireza/thesis1/navigation_go2/go2_ws/install/unitree_go/include/unitree_go/msg/detail/uwb_state__builder.hpp
[6.128s] -- Up-to-date: /home/alireza/thesis1/navigation_go2/go2_ws/install/unitree_go/include/unitree_go/msg/detail/go2_front_video_data__struct.hpp
[6.128s] -- Up-to-date: /home/alireza/thesis1/navigation_go2/go2_ws/install/unitree_go/include/unitree_go/msg/detail/motor_cmds__struct.hpp
[6.128s] -- Up-to-date: /home/alireza/thesis1/navigation_go2/go2_ws/install/unitree_go/include/unitree_go/msg/detail/imu_state__struct.hpp
[6.128s] -- Up-to-date: /home/alireza/thesis1/navigation_go2/go2_ws/install/unitree_go/include/unitree_go/msg/detail/sport_mode_cmd__builder.hpp
[6.128s] -- Up-to-date: /home/alireza/thesis1/navigation_go2/go2_ws/install/unitree_go/include/unitree_go/msg/detail/path_point__type_support.hpp
[6.128s] -- Up-to-date: /home/alireza/thesis1/navigation_go2/go2_ws/install/unitree_go/include/unitree_go/msg/detail/wireless_controller__struct.hpp
[6.128s] -- Up-to-date: /home/alireza/thesis1/navigation_go2/go2_ws/install/unitree_go/include/unitree_go/msg/detail/uwb_switch__type_support.hpp
[6.129s] -- Up-to-date: /home/alireza/thesis1/navigation_go2/go2_ws/install/unitree_go/include/unitree_go/msg/detail/sport_mode_state__builder.hpp
[6.129s] -- Up-to-date: /home/alireza/thesis1/navigation_go2/go2_ws/install/unitree_go/include/unitree_go/msg/detail/time_spec__type_support.hpp
[6.129s] -- Up-to-date: /home/alireza/thesis1/navigation_go2/go2_ws/install/unitree_go/include/unitree_go/msg/detail/time_spec__builder.hpp
[6.129s] -- Up-to-date: /home/alireza/thesis1/navigation_go2/go2_ws/install/unitree_go/include/unitree_go/msg/detail/uwb_state__traits.hpp
[6.129s] -- Up-to-date: /home/alireza/thesis1/navigation_go2/go2_ws/install/unitree_go/include/unitree_go/msg/detail/bms_cmd__struct.hpp
[6.129s] -- Up-to-date: /home/alireza/thesis1/navigation_go2/go2_ws/install/unitree_go/include/unitree_go/msg/low_cmd.hpp
[6.129s] -- Up-to-date: /home/alireza/thesis1/navigation_go2/go2_ws/install/unitree_go/include/unitree_go/msg/time_spec.hpp
[6.129s] -- Up-to-date: /home/alireza/thesis1/navigation_go2/go2_ws/install/unitree_go/include/unitree_go/msg/sport_mode_state.hpp
[6.129s] -- Up-to-date: /home/alireza/thesis1/navigation_go2/go2_ws/install/unitree_go/include/unitree_go/msg/bms_state.hpp
[6.129s] -- Up-to-date: /home/alireza/thesis1/navigation_go2/go2_ws/install/unitree_go/include/unitree_go/msg/low_state.hpp
[6.129s] -- Up-to-date: /home/alireza/thesis1/navigation_go2/go2_ws/install/unitree_go/include/unitree_go/msg/bms_cmd.hpp
[6.129s] -- Up-to-date: /home/alireza/thesis1/navigation_go2/go2_ws/install/unitree_go/include/unitree_go/msg/motor_state.hpp
[6.129s] -- Up-to-date: /home/alireza/thesis1/navigation_go2/go2_ws/install/unitree_go/include/unitree_go/msg/go2_front_video_data.hpp
[6.129s] -- Up-to-date: /home/alireza/thesis1/navigation_go2/go2_ws/install/unitree_go/include/unitree_go/msg/imu_state.hpp
[6.129s] -- Up-to-date: /home/alireza/thesis1/navigation_go2/go2_ws/install/unitree_go/include/unitree_go/msg/interface_config.hpp
[6.129s] -- Up-to-date: /home/alireza/thesis1/navigation_go2/go2_ws/install/unitree_go/include/unitree_go/msg/error.hpp
[6.130s] -- Up-to-date: /home/alireza/thesis1/navigation_go2/go2_ws/install/unitree_go/include/unitree_go
[6.130s] -- Up-to-date: /home/alireza/thesis1/navigation_go2/go2_ws/install/unitree_go/include/unitree_go/msg
[6.130s] -- Up-to-date: /home/alireza/thesis1/navigation_go2/go2_ws/install/unitree_go/include/unitree_go/msg/detail
[6.130s] -- Up-to-date: /home/alireza/thesis1/navigation_go2/go2_ws/install/unitree_go/include/unitree_go/msg/detail/sport_mode_state__type_support.cpp
[6.130s] -- Up-to-date: /home/alireza/thesis1/navigation_go2/go2_ws/install/unitree_go/include/unitree_go/msg/detail/motor_state__type_support.cpp
[6.130s] -- Up-to-date: /home/alireza/thesis1/navigation_go2/go2_ws/install/unitree_go/include/unitree_go/msg/detail/sport_mode_cmd__type_support.cpp
[6.130s] -- Up-to-date: /home/alireza/thesis1/navigation_go2/go2_ws/install/unitree_go/include/unitree_go/msg/detail/time_spec__rosidl_typesupport_introspection_cpp.hpp
[6.130s] -- Up-to-date: /home/alireza/thesis1/navigation_go2/go2_ws/install/unitree_go/include/unitree_go/msg/detail/motor_states__rosidl_typesupport_introspection_cpp.hpp
[6.130s] -- Up-to-date: /home/alireza/thesis1/navigation_go2/go2_ws/install/unitree_go/include/unitree_go/msg/detail/low_state__type_support.cpp
[6.130s] -- Up-to-date: /home/alireza/thesis1/navigation_go2/go2_ws/install/unitree_go/include/unitree_go/msg/detail/height_map__type_support.cpp
[6.130s] -- Up-to-date: /home/alireza/thesis1/navigation_go2/go2_ws/install/unitree_go/include/unitree_go/msg/detail/sport_mode_cmd__rosidl_typesupport_introspection_cpp.hpp
[6.130s] -- Up-to-date: /home/alireza/thesis1/navigation_go2/go2_ws/install/unitree_go/include/unitree_go/msg/detail/res__rosidl_typesupport_introspection_cpp.hpp
[6.130s] -- Up-to-date: /home/alireza/thesis1/navigation_go2/go2_ws/install/unitree_go/include/unitree_go/msg/detail/wireless_controller__rosidl_typesupport_introspection_cpp.hpp
[6.130s] -- Up-to-date: /home/alireza/thesis1/navigation_go2/go2_ws/install/unitree_go/include/unitree_go/msg/detail/res__type_support.cpp
[6.130s] -- Up-to-date: /home/alireza/thesis1/navigation_go2/go2_ws/install/unitree_go/include/unitree_go/msg/detail/low_cmd__type_support.cpp
[6.131s] -- Up-to-date: /home/alireza/thesis1/navigation_go2/go2_ws/install/unitree_go/include/unitree_go/msg/detail/motor_state__rosidl_typesupport_introspection_cpp.hpp
[6.131s] -- Up-to-date: /home/alireza/thesis1/navigation_go2/go2_ws/install/unitree_go/include/unitree_go/msg/detail/error__rosidl_typesupport_introspection_cpp.hpp
[6.131s] -- Up-to-date: /home/alireza/thesis1/navigation_go2/go2_ws/install/unitree_go/include/unitree_go/msg/detail/req__type_support.cpp
[6.131s] -- Up-to-date: /home/alireza/thesis1/navigation_go2/go2_ws/install/unitree_go/include/unitree_go/msg/detail/motor_cmd__type_support.cpp
[6.131s] -- Up-to-date: /home/alireza/thesis1/navigation_go2/go2_ws/install/unitree_go/include/unitree_go/msg/detail/audio_data__type_support.cpp
[6.131s] -- Up-to-date: /home/alireza/thesis1/navigation_go2/go2_ws/install/unitree_go/include/unitree_go/msg/detail/uwb_state__type_support.cpp
[6.131s] -- Up-to-date: /home/alireza/thesis1/navigation_go2/go2_ws/install/unitree_go/include/unitree_go/msg/detail/bms_state__rosidl_typesupport_introspection_cpp.hpp
[6.131s] -- Up-to-date: /home/alireza/thesis1/navigation_go2/go2_ws/install/unitree_go/include/unitree_go/msg/detail/sport_mode_state__rosidl_typesupport_introspection_cpp.hpp
[6.131s] -- Up-to-date: /home/alireza/thesis1/navigation_go2/go2_ws/install/unitree_go/include/unitree_go/msg/detail/height_map__rosidl_typesupport_introspection_cpp.hpp
[6.131s] -- Up-to-date: /home/alireza/thesis1/navigation_go2/go2_ws/install/unitree_go/include/unitree_go/msg/detail/uwb_state__rosidl_typesupport_introspection_cpp.hpp
[6.131s] -- Up-to-date: /home/alireza/thesis1/navigation_go2/go2_ws/install/unitree_go/include/unitree_go/msg/detail/interface_config__rosidl_typesupport_introspection_cpp.hpp
[6.131s] -- Up-to-date: /home/alireza/thesis1/navigation_go2/go2_ws/install/unitree_go/include/unitree_go/msg/detail/motor_cmds__type_support.cpp
[6.131s] -- Up-to-date: /home/alireza/thesis1/navigation_go2/go2_ws/install/unitree_go/include/unitree_go/msg/detail/go2_front_video_data__rosidl_typesupport_introspection_cpp.hpp
[6.131s] -- Up-to-date: /home/alireza/thesis1/navigation_go2/go2_ws/install/unitree_go/include/unitree_go/msg/detail/time_spec__type_support.cpp
[6.131s] -- Up-to-date: /home/alireza/thesis1/navigation_go2/go2_ws/install/unitree_go/include/unitree_go/msg/detail/go2_front_video_data__type_support.cpp
[6.132s] -- Up-to-date: /home/alireza/thesis1/navigation_go2/go2_ws/install/unitree_go/include/unitree_go/msg/detail/bms_cmd__rosidl_typesupport_introspection_cpp.hpp
[6.132s] -- Up-to-date: /home/alireza/thesis1/navigation_go2/go2_ws/install/unitree_go/include/unitree_go/msg/detail/bms_state__type_support.cpp
[6.132s] -- Up-to-date: /home/alireza/thesis1/navigation_go2/go2_ws/install/unitree_go/include/unitree_go/msg/detail/motor_states__type_support.cpp
[6.132s] -- Up-to-date: /home/alireza/thesis1/navigation_go2/go2_ws/install/unitree_go/include/unitree_go/msg/detail/imu_state__rosidl_typesupport_introspection_cpp.hpp
[6.132s] -- Up-to-date: /home/alireza/thesis1/navigation_go2/go2_ws/install/unitree_go/include/unitree_go/msg/detail/path_point__rosidl_typesupport_introspection_cpp.hpp
[6.132s] -- Up-to-date: /home/alireza/thesis1/navigation_go2/go2_ws/install/unitree_go/include/unitree_go/msg/detail/lidar_state__type_support.cpp
[6.132s] -- Up-to-date: /home/alireza/thesis1/navigation_go2/go2_ws/install/unitree_go/include/unitree_go/msg/detail/uwb_switch__rosidl_typesupport_introspection_cpp.hpp
[6.132s] -- Up-to-date: /home/alireza/thesis1/navigation_go2/go2_ws/install/unitree_go/include/unitree_go/msg/detail/bms_cmd__type_support.cpp
[6.132s] -- Up-to-date: /home/alireza/thesis1/navigation_go2/go2_ws/install/unitree_go/include/unitree_go/msg/detail/motor_cmds__rosidl_typesupport_introspection_cpp.hpp
[6.132s] -- Up-to-date: /home/alireza/thesis1/navigation_go2/go2_ws/install/unitree_go/include/unitree_go/msg/detail/lidar_state__rosidl_typesupport_introspection_cpp.hpp
[6.132s] -- Up-to-date: /home/alireza/thesis1/navigation_go2/go2_ws/install/unitree_go/include/unitree_go/msg/detail/uwb_switch__type_support.cpp
[6.132s] -- Up-to-date: /home/alireza/thesis1/navigation_go2/go2_ws/install/unitree_go/include/unitree_go/msg/detail/error__type_support.cpp
[6.132s] -- Up-to-date: /home/alireza/thesis1/navigation_go2/go2_ws/install/unitree_go/include/unitree_go/msg/detail/imu_state__type_support.cpp
[6.132s] -- Up-to-date: /home/alireza/thesis1/navigation_go2/go2_ws/install/unitree_go/include/unitree_go/msg/detail/low_cmd__rosidl_typesupport_introspection_cpp.hpp
[6.132s] -- Up-to-date: /home/alireza/thesis1/navigation_go2/go2_ws/install/unitree_go/include/unitree_go/msg/detail/low_state__rosidl_typesupport_introspection_cpp.hpp
[6.132s] -- Up-to-date: /home/alireza/thesis1/navigation_go2/go2_ws/install/unitree_go/include/unitree_go/msg/detail/interface_config__type_support.cpp
[6.133s] -- Up-to-date: /home/alireza/thesis1/navigation_go2/go2_ws/install/unitree_go/include/unitree_go/msg/detail/audio_data__rosidl_typesupport_introspection_cpp.hpp
[6.133s] -- Up-to-date: /home/alireza/thesis1/navigation_go2/go2_ws/install/unitree_go/include/unitree_go/msg/detail/req__rosidl_typesupport_introspection_cpp.hpp
[6.133s] -- Up-to-date: /home/alireza/thesis1/navigation_go2/go2_ws/install/unitree_go/include/unitree_go/msg/detail/wireless_controller__type_support.cpp
[6.133s] -- Up-to-date: /home/alireza/thesis1/navigation_go2/go2_ws/install/unitree_go/include/unitree_go/msg/detail/path_point__type_support.cpp
[6.133s] -- Up-to-date: /home/alireza/thesis1/navigation_go2/go2_ws/install/unitree_go/include/unitree_go/msg/detail/motor_cmd__rosidl_typesupport_introspection_cpp.hpp
[6.133s] -- Up-to-date: /home/alireza/thesis1/navigation_go2/go2_ws/install/unitree_go/lib/libunitree_go__rosidl_typesupport_introspection_cpp.so
[6.133s] -- Up-to-date: /home/alireza/thesis1/navigation_go2/go2_ws/install/unitree_go/lib/libunitree_go__rosidl_typesupport_cpp.so
[6.133s] -- Up-to-date: /home/alireza/thesis1/navigation_go2/go2_ws/install/unitree_go/share/unitree_go/environment/pythonpath.sh
[6.133s] -- Installing: /home/alireza/thesis1/navigation_go2/go2_ws/install/unitree_go/share/unitree_go/environment/pythonpath.dsv
[6.133s] -- Installing: /home/alireza/thesis1/navigation_go2/go2_ws/install/unitree_go/lib/python3.8/site-packages/unitree_go/__init__.py
[6.137s] Compiling '/home/alireza/thesis1/navigation_go2/go2_ws/install/unitree_go/lib/python3.8/site-packages/unitree_go/__init__.py'...
[6.143s] -- Up-to-date: /home/alireza/thesis1/navigation_go2/go2_ws/install/unitree_go/lib/python3.8/site-packages/unitree_go/msg
[6.143s] -- Up-to-date: /home/alireza/thesis1/navigation_go2/go2_ws/install/unitree_go/lib/python3.8/site-packages/unitree_go/msg/_height_map.py
[6.143s] -- Up-to-date: /home/alireza/thesis1/navigation_go2/go2_ws/install/unitree_go/lib/python3.8/site-packages/unitree_go/msg/_audio_data.py
[6.143s] -- Up-to-date: /home/alireza/thesis1/navigation_go2/go2_ws/install/unitree_go/lib/python3.8/site-packages/unitree_go/msg/_uwb_state_s.c
[6.143s] -- Up-to-date: /home/alireza/thesis1/navigation_go2/go2_ws/install/unitree_go/lib/python3.8/site-packages/unitree_go/msg/_go2_front_video_data_s.c
[6.143s] -- Up-to-date: /home/alireza/thesis1/navigation_go2/go2_ws/install/unitree_go/lib/python3.8/site-packages/unitree_go/msg/_error_s.c
[6.143s] -- Up-to-date: /home/alireza/thesis1/navigation_go2/go2_ws/install/unitree_go/lib/python3.8/site-packages/unitree_go/msg/_low_cmd_s.c
[6.143s] -- Up-to-date: /home/alireza/thesis1/navigation_go2/go2_ws/install/unitree_go/lib/python3.8/site-packages/unitree_go/msg/_wireless_controller_s.c
[6.143s] -- Up-to-date: /home/alireza/thesis1/navigation_go2/go2_ws/install/unitree_go/lib/python3.8/site-packages/unitree_go/msg/_sport_mode_state_s.c
[6.143s] -- Up-to-date: /home/alireza/thesis1/navigation_go2/go2_ws/install/unitree_go/lib/python3.8/site-packages/unitree_go/msg/_motor_cmd.py
[6.143s] -- Up-to-date: /home/alireza/thesis1/navigation_go2/go2_ws/install/unitree_go/lib/python3.8/site-packages/unitree_go/msg/_go2_front_video_data.py
[6.144s] -- Up-to-date: /home/alireza/thesis1/navigation_go2/go2_ws/install/unitree_go/lib/python3.8/site-packages/unitree_go/msg/_imu_state.py
[6.144s] -- Up-to-date: /home/alireza/thesis1/navigation_go2/go2_ws/install/unitree_go/lib/python3.8/site-packages/unitree_go/msg/_uwb_state.py
[6.144s] -- Up-to-date: /home/alireza/thesis1/navigation_go2/go2_ws/install/unitree_go/lib/python3.8/site-packages/unitree_go/msg/_sport_mode_cmd_s.c
[6.144s] -- Up-to-date: /home/alireza/thesis1/navigation_go2/go2_ws/install/unitree_go/lib/python3.8/site-packages/unitree_go/msg/_motor_state.py
[6.144s] -- Up-to-date: /home/alireza/thesis1/navigation_go2/go2_ws/install/unitree_go/lib/python3.8/site-packages/unitree_go/msg/_imu_state_s.c
[6.144s] -- Up-to-date: /home/alireza/thesis1/navigation_go2/go2_ws/install/unitree_go/lib/python3.8/site-packages/unitree_go/msg/__init__.py
[6.144s] -- Up-to-date: /home/alireza/thesis1/navigation_go2/go2_ws/install/unitree_go/lib/python3.8/site-packages/unitree_go/msg/_motor_cmds.py
[6.144s] -- Up-to-date: /home/alireza/thesis1/navigation_go2/go2_ws/install/unitree_go/lib/python3.8/site-packages/unitree_go/msg/_bms_cmd_s.c
[6.144s] -- Up-to-date: /home/alireza/thesis1/navigation_go2/go2_ws/install/unitree_go/lib/python3.8/site-packages/unitree_go/msg/_req_s.c
[6.144s] -- Up-to-date: /home/alireza/thesis1/navigation_go2/go2_ws/install/unitree_go/lib/python3.8/site-packages/unitree_go/msg/_sport_mode_state.py
[6.144s] -- Up-to-date: /home/alireza/thesis1/navigation_go2/go2_ws/install/unitree_go/lib/python3.8/site-packages/unitree_go/msg/_res.py
[6.145s] -- Up-to-date: /home/alireza/thesis1/navigation_go2/go2_ws/install/unitree_go/lib/python3.8/site-packages/unitree_go/msg/_req.py
[6.145s] -- Up-to-date: /home/alireza/thesis1/navigation_go2/go2_ws/install/unitree_go/lib/python3.8/site-packages/unitree_go/msg/_motor_cmd_s.c
[6.145s] -- Up-to-date: /home/alireza/thesis1/navigation_go2/go2_ws/install/unitree_go/lib/python3.8/site-packages/unitree_go/msg/_low_state.py
[6.145s] -- Up-to-date: /home/alireza/thesis1/navigation_go2/go2_ws/install/unitree_go/lib/python3.8/site-packages/unitree_go/msg/_sport_mode_cmd.py
[6.145s] -- Up-to-date: /home/alireza/thesis1/navigation_go2/go2_ws/install/unitree_go/lib/python3.8/site-packages/unitree_go/msg/_uwb_switch.py
[6.145s] -- Up-to-date: /home/alireza/thesis1/navigation_go2/go2_ws/install/unitree_go/lib/python3.8/site-packages/unitree_go/msg/_low_cmd.py
[6.145s] -- Up-to-date: /home/alireza/thesis1/navigation_go2/go2_ws/install/unitree_go/lib/python3.8/site-packages/unitree_go/msg/_interface_config.py
[6.145s] -- Up-to-date: /home/alireza/thesis1/navigation_go2/go2_ws/install/unitree_go/lib/python3.8/site-packages/unitree_go/msg/_motor_states_s.c
[6.145s] -- Up-to-date: /home/alireza/thesis1/navigation_go2/go2_ws/install/unitree_go/lib/python3.8/site-packages/unitree_go/msg/_height_map_s.c
[6.145s] -- Up-to-date: /home/alireza/thesis1/navigation_go2/go2_ws/install/unitree_go/lib/python3.8/site-packages/unitree_go/msg/_bms_state_s.c
[6.145s] -- Up-to-date: /home/alireza/thesis1/navigation_go2/go2_ws/install/unitree_go/lib/python3.8/site-packages/unitree_go/msg/_error.py
[6.146s] -- Up-to-date: /home/alireza/thesis1/navigation_go2/go2_ws/install/unitree_go/lib/python3.8/site-packages/unitree_go/msg/_motor_state_s.c
[6.146s] -- Up-to-date: /home/alireza/thesis1/navigation_go2/go2_ws/install/unitree_go/lib/python3.8/site-packages/unitree_go/msg/_lidar_state.py
[6.146s] -- Up-to-date: /home/alireza/thesis1/navigation_go2/go2_ws/install/unitree_go/lib/python3.8/site-packages/unitree_go/msg/_motor_cmds_s.c
[6.146s] -- Up-to-date: /home/alireza/thesis1/navigation_go2/go2_ws/install/unitree_go/lib/python3.8/site-packages/unitree_go/msg/_wireless_controller.py
[6.146s] -- Up-to-date: /home/alireza/thesis1/navigation_go2/go2_ws/install/unitree_go/lib/python3.8/site-packages/unitree_go/msg/_lidar_state_s.c
[6.147s] -- Up-to-date: /home/alireza/thesis1/navigation_go2/go2_ws/install/unitree_go/lib/python3.8/site-packages/unitree_go/msg/_time_spec_s.c
[6.147s] -- Up-to-date: /home/alireza/thesis1/navigation_go2/go2_ws/install/unitree_go/lib/python3.8/site-packages/unitree_go/msg/_uwb_switch_s.c
[6.147s] -- Up-to-date: /home/alireza/thesis1/navigation_go2/go2_ws/install/unitree_go/lib/python3.8/site-packages/unitree_go/msg/_time_spec.py
[6.147s] -- Up-to-date: /home/alireza/thesis1/navigation_go2/go2_ws/install/unitree_go/lib/python3.8/site-packages/unitree_go/msg/_res_s.c
[6.147s] -- Up-to-date: /home/alireza/thesis1/navigation_go2/go2_ws/install/unitree_go/lib/python3.8/site-packages/unitree_go/msg/_bms_state.py
[6.147s] -- Up-to-date: /home/alireza/thesis1/navigation_go2/go2_ws/install/unitree_go/lib/python3.8/site-packages/unitree_go/msg/_path_point.py
[6.147s] -- Up-to-date: /home/alireza/thesis1/navigation_go2/go2_ws/install/unitree_go/lib/python3.8/site-packages/unitree_go/msg/_audio_data_s.c
[6.147s] -- Up-to-date: /home/alireza/thesis1/navigation_go2/go2_ws/install/unitree_go/lib/python3.8/site-packages/unitree_go/msg/_motor_states.py
[6.148s] -- Up-to-date: /home/alireza/thesis1/navigation_go2/go2_ws/install/unitree_go/lib/python3.8/site-packages/unitree_go/msg/_path_point_s.c
[6.148s] -- Up-to-date: /home/alireza/thesis1/navigation_go2/go2_ws/install/unitree_go/lib/python3.8/site-packages/unitree_go/msg/_bms_cmd.py
[6.148s] -- Up-to-date: /home/alireza/thesis1/navigation_go2/go2_ws/install/unitree_go/lib/python3.8/site-packages/unitree_go/msg/_interface_config_s.c
[6.148s] -- Up-to-date: /home/alireza/thesis1/navigation_go2/go2_ws/install/unitree_go/lib/python3.8/site-packages/unitree_go/msg/_low_state_s.c
[6.148s] -- Up-to-date: /home/alireza/thesis1/navigation_go2/go2_ws/install/unitree_go/lib/python3.8/site-packages/unitree_go/unitree_go_s__rosidl_typesupport_fastrtps_c.cpython-38-x86_64-linux-gnu.so
[6.148s] -- Up-to-date: /home/alireza/thesis1/navigation_go2/go2_ws/install/unitree_go/lib/python3.8/site-packages/unitree_go/unitree_go_s__rosidl_typesupport_introspection_c.cpython-38-x86_64-linux-gnu.so
[6.148s] -- Up-to-date: /home/alireza/thesis1/navigation_go2/go2_ws/install/unitree_go/lib/python3.8/site-packages/unitree_go/unitree_go_s__rosidl_typesupport_c.cpython-38-x86_64-linux-gnu.so
[6.149s] -- Up-to-date: /home/alireza/thesis1/navigation_go2/go2_ws/install/unitree_go/lib/libunitree_go__python.so
[6.149s] -- Up-to-date: /home/alireza/thesis1/navigation_go2/go2_ws/install/unitree_go/share/unitree_go/msg/AudioData.idl
[6.149s] -- Up-to-date: /home/alireza/thesis1/navigation_go2/go2_ws/install/unitree_go/share/unitree_go/msg/BmsCmd.idl
[6.149s] -- Up-to-date: /home/alireza/thesis1/navigation_go2/go2_ws/install/unitree_go/share/unitree_go/msg/BmsState.idl
[6.149s] -- Up-to-date: /home/alireza/thesis1/navigation_go2/go2_ws/install/unitree_go/share/unitree_go/msg/Error.idl
[6.150s] -- Up-to-date: /home/alireza/thesis1/navigation_go2/go2_ws/install/unitree_go/share/unitree_go/msg/Go2FrontVideoData.idl
[6.150s] -- Up-to-date: /home/alireza/thesis1/navigation_go2/go2_ws/install/unitree_go/share/unitree_go/msg/HeightMap.idl
[6.150s] -- Up-to-date: /home/alireza/thesis1/navigation_go2/go2_ws/install/unitree_go/share/unitree_go/msg/IMUState.idl
[6.151s] -- Up-to-date: /home/alireza/thesis1/navigation_go2/go2_ws/install/unitree_go/share/unitree_go/msg/InterfaceConfig.idl
[6.151s] -- Up-to-date: /home/alireza/thesis1/navigation_go2/go2_ws/install/unitree_go/share/unitree_go/msg/LidarState.idl
[6.151s] -- Up-to-date: /home/alireza/thesis1/navigation_go2/go2_ws/install/unitree_go/share/unitree_go/msg/LowCmd.idl
[6.151s] -- Up-to-date: /home/alireza/thesis1/navigation_go2/go2_ws/install/unitree_go/share/unitree_go/msg/LowState.idl
[6.151s] -- Up-to-date: /home/alireza/thesis1/navigation_go2/go2_ws/install/unitree_go/share/unitree_go/msg/MotorCmd.idl
[6.152s] -- Up-to-date: /home/alireza/thesis1/navigation_go2/go2_ws/install/unitree_go/share/unitree_go/msg/MotorCmds.idl
[6.152s] -- Up-to-date: /home/alireza/thesis1/navigation_go2/go2_ws/install/unitree_go/share/unitree_go/msg/MotorState.idl
[6.152s] -- Up-to-date: /home/alireza/thesis1/navigation_go2/go2_ws/install/unitree_go/share/unitree_go/msg/MotorStates.idl
[6.152s] -- Up-to-date: /home/alireza/thesis1/navigation_go2/go2_ws/install/unitree_go/share/unitree_go/msg/PathPoint.idl
[6.152s] -- Up-to-date: /home/alireza/thesis1/navigation_go2/go2_ws/install/unitree_go/share/unitree_go/msg/Req.idl
[6.153s] -- Up-to-date: /home/alireza/thesis1/navigation_go2/go2_ws/install/unitree_go/share/unitree_go/msg/Res.idl
[6.153s] -- Up-to-date: /home/alireza/thesis1/navigation_go2/go2_ws/install/unitree_go/share/unitree_go/msg/SportModeCmd.idl
[6.153s] -- Up-to-date: /home/alireza/thesis1/navigation_go2/go2_ws/install/unitree_go/share/unitree_go/msg/SportModeState.idl
[6.153s] -- Up-to-date: /home/alireza/thesis1/navigation_go2/go2_ws/install/unitree_go/share/unitree_go/msg/TimeSpec.idl
[6.153s] -- Up-to-date: /home/alireza/thesis1/navigation_go2/go2_ws/install/unitree_go/share/unitree_go/msg/UwbState.idl
[6.154s] -- Up-to-date: /home/alireza/thesis1/navigation_go2/go2_ws/install/unitree_go/share/unitree_go/msg/UwbSwitch.idl
[6.154s] -- Up-to-date: /home/alireza/thesis1/navigation_go2/go2_ws/install/unitree_go/share/unitree_go/msg/WirelessController.idl
[6.154s] -- Up-to-date: /home/alireza/thesis1/navigation_go2/go2_ws/install/unitree_go/share/unitree_go/msg/AudioData.msg
[6.154s] -- Up-to-date: /home/alireza/thesis1/navigation_go2/go2_ws/install/unitree_go/share/unitree_go/msg/BmsCmd.msg
[6.154s] -- Up-to-date: /home/alireza/thesis1/navigation_go2/go2_ws/install/unitree_go/share/unitree_go/msg/BmsState.msg
[6.155s] -- Up-to-date: /home/alireza/thesis1/navigation_go2/go2_ws/install/unitree_go/share/unitree_go/msg/Error.msg
[6.155s] -- Up-to-date: /home/alireza/thesis1/navigation_go2/go2_ws/install/unitree_go/share/unitree_go/msg/Go2FrontVideoData.msg
[6.155s] -- Up-to-date: /home/alireza/thesis1/navigation_go2/go2_ws/install/unitree_go/share/unitree_go/msg/HeightMap.msg
[6.155s] -- Up-to-date: /home/alireza/thesis1/navigation_go2/go2_ws/install/unitree_go/share/unitree_go/msg/IMUState.msg
[6.155s] -- Up-to-date: /home/alireza/thesis1/navigation_go2/go2_ws/install/unitree_go/share/unitree_go/msg/InterfaceConfig.msg
[6.155s] -- Up-to-date: /home/alireza/thesis1/navigation_go2/go2_ws/install/unitree_go/share/unitree_go/msg/LidarState.msg
[6.156s] -- Up-to-date: /home/alireza/thesis1/navigation_go2/go2_ws/install/unitree_go/share/unitree_go/msg/LowCmd.msg
[6.156s] -- Up-to-date: /home/alireza/thesis1/navigation_go2/go2_ws/install/unitree_go/share/unitree_go/msg/LowState.msg
[6.156s] -- Up-to-date: /home/alireza/thesis1/navigation_go2/go2_ws/install/unitree_go/share/unitree_go/msg/MotorCmd.msg
[6.156s] -- Up-to-date: /home/alireza/thesis1/navigation_go2/go2_ws/install/unitree_go/share/unitree_go/msg/MotorCmds.msg
[6.157s] -- Up-to-date: /home/alireza/thesis1/navigation_go2/go2_ws/install/unitree_go/share/unitree_go/msg/MotorState.msg
[6.157s] -- Up-to-date: /home/alireza/thesis1/navigation_go2/go2_ws/install/unitree_go/share/unitree_go/msg/MotorStates.msg
[6.157s] -- Up-to-date: /home/alireza/thesis1/navigation_go2/go2_ws/install/unitree_go/share/unitree_go/msg/PathPoint.msg
[6.157s] -- Up-to-date: /home/alireza/thesis1/navigation_go2/go2_ws/install/unitree_go/share/unitree_go/msg/Req.msg
[6.158s] -- Up-to-date: /home/alireza/thesis1/navigation_go2/go2_ws/install/unitree_go/share/unitree_go/msg/Res.msg
[6.158s] -- Up-to-date: /home/alireza/thesis1/navigation_go2/go2_ws/install/unitree_go/share/unitree_go/msg/SportModeCmd.msg
[6.158s] -- Up-to-date: /home/alireza/thesis1/navigation_go2/go2_ws/install/unitree_go/share/unitree_go/msg/SportModeState.msg
[6.158s] -- Up-to-date: /home/alireza/thesis1/navigation_go2/go2_ws/install/unitree_go/share/unitree_go/msg/TimeSpec.msg
[6.158s] -- Up-to-date: /home/alireza/thesis1/navigation_go2/go2_ws/install/unitree_go/share/unitree_go/msg/UwbState.msg
[6.158s] -- Up-to-date: /home/alireza/thesis1/navigation_go2/go2_ws/install/unitree_go/share/unitree_go/msg/UwbSwitch.msg
[6.158s] -- Up-to-date: /home/alireza/thesis1/navigation_go2/go2_ws/install/unitree_go/share/unitree_go/msg/WirelessController.msg
[6.158s] -- Up-to-date: /home/alireza/thesis1/navigation_go2/go2_ws/install/unitree_go/share/ament_index/resource_index/package_run_dependencies/unitree_go
[6.158s] -- Installing: /home/alireza/thesis1/navigation_go2/go2_ws/install/unitree_go/share/ament_index/resource_index/parent_prefix_path/unitree_go
[6.159s] -- Up-to-date: /home/alireza/thesis1/navigation_go2/go2_ws/install/unitree_go/share/unitree_go/environment/ament_prefix_path.sh
[6.159s] -- Installing: /home/alireza/thesis1/navigation_go2/go2_ws/install/unitree_go/share/unitree_go/environment/ament_prefix_path.dsv
[6.159s] -- Up-to-date: /home/alireza/thesis1/navigation_go2/go2_ws/install/unitree_go/share/unitree_go/environment/path.sh
[6.159s] -- Installing: /home/alireza/thesis1/navigation_go2/go2_ws/install/unitree_go/share/unitree_go/environment/path.dsv
[6.159s] -- Up-to-date: /home/alireza/thesis1/navigation_go2/go2_ws/install/unitree_go/share/unitree_go/local_setup.bash
[6.159s] -- Up-to-date: /home/alireza/thesis1/navigation_go2/go2_ws/install/unitree_go/share/unitree_go/local_setup.sh
[6.159s] -- Up-to-date: /home/alireza/thesis1/navigation_go2/go2_ws/install/unitree_go/share/unitree_go/local_setup.zsh
[6.159s] -- Installing: /home/alireza/thesis1/navigation_go2/go2_ws/install/unitree_go/share/unitree_go/local_setup.dsv
[6.159s] -- Installing: /home/alireza/thesis1/navigation_go2/go2_ws/install/unitree_go/share/unitree_go/package.dsv
[6.160s] -- Up-to-date: /home/alireza/thesis1/navigation_go2/go2_ws/install/unitree_go/share/ament_index/resource_index/packages/unitree_go
[6.160s] -- Up-to-date: /home/alireza/thesis1/navigation_go2/go2_ws/install/unitree_go/share/unitree_go/cmake/unitree_go__rosidl_generator_cExport.cmake
[6.160s] -- Installing: /home/alireza/thesis1/navigation_go2/go2_ws/install/unitree_go/share/unitree_go/cmake/unitree_go__rosidl_generator_cExport-noconfig.cmake
[6.160s] -- Up-to-date: /home/alireza/thesis1/navigation_go2/go2_ws/install/unitree_go/share/unitree_go/cmake/unitree_go__rosidl_typesupport_introspection_cExport.cmake
[6.160s] -- Installing: /home/alireza/thesis1/navigation_go2/go2_ws/install/unitree_go/share/unitree_go/cmake/unitree_go__rosidl_typesupport_introspection_cExport-noconfig.cmake
[6.160s] -- Up-to-date: /home/alireza/thesis1/navigation_go2/go2_ws/install/unitree_go/share/unitree_go/cmake/unitree_go__rosidl_typesupport_cExport.cmake
[6.160s] -- Installing: /home/alireza/thesis1/navigation_go2/go2_ws/install/unitree_go/share/unitree_go/cmake/unitree_go__rosidl_typesupport_cExport-noconfig.cmake
[6.160s] -- Up-to-date: /home/alireza/thesis1/navigation_go2/go2_ws/install/unitree_go/share/unitree_go/cmake/unitree_go__rosidl_generator_cppExport.cmake
[6.160s] -- Up-to-date: /home/alireza/thesis1/navigation_go2/go2_ws/install/unitree_go/share/unitree_go/cmake/unitree_go__rosidl_typesupport_introspection_cppExport.cmake
[6.160s] -- Installing: /home/alireza/thesis1/navigation_go2/go2_ws/install/unitree_go/share/unitree_go/cmake/unitree_go__rosidl_typesupport_introspection_cppExport-noconfig.cmake
[6.160s] -- Up-to-date: /home/alireza/thesis1/navigation_go2/go2_ws/install/unitree_go/share/unitree_go/cmake/unitree_go__rosidl_typesupport_cppExport.cmake
[6.160s] -- Installing: /home/alireza/thesis1/navigation_go2/go2_ws/install/unitree_go/share/unitree_go/cmake/unitree_go__rosidl_typesupport_cppExport-noconfig.cmake
[6.160s] -- Up-to-date: /home/alireza/thesis1/navigation_go2/go2_ws/install/unitree_go/share/unitree_go/cmake/rosidl_cmake-extras.cmake
[6.161s] -- Up-to-date: /home/alireza/thesis1/navigation_go2/go2_ws/install/unitree_go/share/unitree_go/cmake/ament_cmake_export_dependencies-extras.cmake
[6.162s] -- Up-to-date: /home/alireza/thesis1/navigation_go2/go2_ws/install/unitree_go/share/unitree_go/cmake/ament_cmake_export_libraries-extras.cmake
[6.162s] -- Up-to-date: /home/alireza/thesis1/navigation_go2/go2_ws/install/unitree_go/share/unitree_go/cmake/ament_cmake_export_targets-extras.cmake
[6.162s] -- Up-to-date: /home/alireza/thesis1/navigation_go2/go2_ws/install/unitree_go/share/unitree_go/cmake/ament_cmake_export_include_directories-extras.cmake
[6.162s] -- Up-to-date: /home/alireza/thesis1/navigation_go2/go2_ws/install/unitree_go/share/unitree_go/cmake/rosidl_cmake_export_typesupport_libraries-extras.cmake
[6.162s] -- Up-to-date: /home/alireza/thesis1/navigation_go2/go2_ws/install/unitree_go/share/unitree_go/cmake/rosidl_cmake_export_typesupport_targets-extras.cmake
[6.162s] -- Up-to-date: /home/alireza/thesis1/navigation_go2/go2_ws/install/unitree_go/share/unitree_go/cmake/unitree_goConfig.cmake
[6.162s] -- Up-to-date: /home/alireza/thesis1/navigation_go2/go2_ws/install/unitree_go/share/unitree_go/cmake/unitree_goConfig-version.cmake
[6.162s] -- Up-to-date: /home/alireza/thesis1/navigation_go2/go2_ws/install/unitree_go/share/unitree_go/package.xml
[6.163s] Invoked command in '/home/alireza/thesis1/navigation_go2/go2_ws/build/unitree_go' returned '0': CMAKE_PREFIX_PATH=${CMAKE_PREFIX_PATH}:/opt/ros/foxy /usr/bin/cmake --install /home/alireza/thesis1/navigation_go2/go2_ws/build/unitree_go
