[0.070s] Invoking command in '/home/alireza/thesis1/navigation_go2/go2_ws/build/unitree_hg': CMAKE_PREFIX_PATH=${CMAKE_PREFIX_PATH}:/opt/ros/foxy /usr/bin/cmake /home/alireza/thesis1/navigation_go2/go2_ws/src/unitree_hg -DCMAKE_INSTALL_PREFIX=/home/alireza/thesis1/navigation_go2/go2_ws/install/unitree_hg
[0.103s] -- Found ament_cmake: 0.9.12 (/opt/ros/foxy/share/ament_cmake/cmake)
[0.149s] -- Found PythonInterp: /usr/bin/python3 (found suitable version "3.8.10", minimum required is "3") 
[0.149s] -- Using PYTHON_EXECUTABLE: /usr/bin/python3
[0.531s] -- Found geometry_msgs: 2.0.5 (/opt/ros/foxy/share/geometry_msgs/cmake)
[0.606s] -- Using all available rosidl_typesupport_c: rosidl_typesupport_fastrtps_c;rosidl_typesupport_introspection_c
[0.606s] -- Found rosidl_adapter: 1.3.1 (/opt/ros/foxy/share/rosidl_adapter/cmake)
[0.848s] -- Using all available rosidl_typesupport_cpp: rosidl_typesupport_fastrtps_cpp;rosidl_typesupport_introspection_cpp
[1.023s] -- Found rosidl_default_generators: 1.0.1 (/opt/ros/foxy/share/rosidl_default_generators/cmake)
[1.087s] -- Found PythonInterp: /usr/bin/python3 (found version "3.8.10") 
[2.790s] -- Found ament_cmake_ros: 0.9.2 (/opt/ros/foxy/share/ament_cmake_ros/cmake)
[3.214s] -- Using all available rosidl_typesupport_c: rosidl_typesupport_fastrtps_c;rosidl_typesupport_introspection_c
[3.380s] -- Using all available rosidl_typesupport_cpp: rosidl_typesupport_fastrtps_cpp;rosidl_typesupport_introspection_cpp
[3.417s] -- Found PythonInterp: /usr/bin/python3 (found suitable version "3.8.10", minimum required is "3.5") 
[3.418s] -- Found python_cmake_module: 0.8.1 (/opt/ros/foxy/share/python_cmake_module/cmake)
[3.453s] -- Using PYTHON_EXECUTABLE: /usr/bin/python3
[3.453s] -- Using PYTHON_INCLUDE_DIRS: /usr/include/python3.8
[3.453s] -- Using PYTHON_LIBRARIES: /usr/lib/x86_64-linux-gnu/libpython3.8.so
[3.546s] -- Found ament_lint_auto: 0.9.8 (/opt/ros/foxy/share/ament_lint_auto/cmake)
[3.563s] -- Added test 'copyright' to check source files copyright and LICENSE
[3.566s] -- Added test 'lint_cmake' to check CMake code style
[3.567s] -- Added test 'xmllint' to check XML markup files
[3.573s] -- Configuring done
[3.691s] -- Generating done
[3.751s] -- Build files have been written to: /home/alireza/thesis1/navigation_go2/go2_ws/build/unitree_hg
[3.767s] Invoked command in '/home/alireza/thesis1/navigation_go2/go2_ws/build/unitree_hg' returned '0': CMAKE_PREFIX_PATH=${CMAKE_PREFIX_PATH}:/opt/ros/foxy /usr/bin/cmake /home/alireza/thesis1/navigation_go2/go2_ws/src/unitree_hg -DCMAKE_INSTALL_PREFIX=/home/alireza/thesis1/navigation_go2/go2_ws/install/unitree_hg
[3.770s] Invoking command in '/home/alireza/thesis1/navigation_go2/go2_ws/build/unitree_hg': CMAKE_PREFIX_PATH=${CMAKE_PREFIX_PATH}:/opt/ros/foxy /usr/bin/cmake --build /home/alireza/thesis1/navigation_go2/go2_ws/build/unitree_hg -- -j8 -l8
[3.905s] [  0%] Built target unitree_hg__cpp
[3.905s] [ 12%] Built target unitree_hg__rosidl_generator_c
[3.965s] [ 24%] Built target unitree_hg__rosidl_typesupport_cpp
[3.969s] [ 36%] Built target unitree_hg__rosidl_typesupport_introspection_cpp
[3.975s] [ 47%] Built target unitree_hg__rosidl_typesupport_fastrtps_cpp
[4.040s] [ 59%] Built target unitree_hg__rosidl_typesupport_fastrtps_c
[4.050s] [ 71%] Built target unitree_hg__rosidl_typesupport_introspection_c
[4.057s] [ 83%] Built target unitree_hg__rosidl_typesupport_c
[4.169s] [ 83%] Built target unitree_hg
[4.245s] [ 84%] Built target unitree_hg__py
[4.309s] [ 95%] Built target unitree_hg__python
[4.371s] [ 96%] Built target unitree_hg__rosidl_typesupport_c__pyext
[4.381s] [ 98%] Built target unitree_hg__rosidl_typesupport_fastrtps_c__pyext
[4.381s] [100%] Built target unitree_hg__rosidl_typesupport_introspection_c__pyext
[4.403s] Invoked command in '/home/alireza/thesis1/navigation_go2/go2_ws/build/unitree_hg' returned '0': CMAKE_PREFIX_PATH=${CMAKE_PREFIX_PATH}:/opt/ros/foxy /usr/bin/cmake --build /home/alireza/thesis1/navigation_go2/go2_ws/build/unitree_hg -- -j8 -l8
[4.421s] Invoking command in '/home/alireza/thesis1/navigation_go2/go2_ws/build/unitree_hg': CMAKE_PREFIX_PATH=${CMAKE_PREFIX_PATH}:/opt/ros/foxy /usr/bin/cmake --install /home/alireza/thesis1/navigation_go2/go2_ws/build/unitree_hg
[4.503s] -- Install configuration: ""
[4.505s] -- Up-to-date: /home/alireza/thesis1/navigation_go2/go2_ws/install/unitree_hg/share/ament_index/resource_index/rosidl_interfaces/unitree_hg
[4.507s] -- Up-to-date: /home/alireza/thesis1/navigation_go2/go2_ws/install/unitree_hg/include/unitree_hg
[4.509s] -- Up-to-date: /home/alireza/thesis1/navigation_go2/go2_ws/install/unitree_hg/include/unitree_hg/msg
[4.510s] -- Up-to-date: /home/alireza/thesis1/navigation_go2/go2_ws/install/unitree_hg/include/unitree_hg/msg/press_sensor_state.h
[4.511s] -- Up-to-date: /home/alireza/thesis1/navigation_go2/go2_ws/install/unitree_hg/include/unitree_hg/msg/motor_state.h
[4.513s] -- Up-to-date: /home/alireza/thesis1/navigation_go2/go2_ws/install/unitree_hg/include/unitree_hg/msg/hand_state.h
[4.521s] -- Up-to-date: /home/alireza/thesis1/navigation_go2/go2_ws/install/unitree_hg/include/unitree_hg/msg/bms_state.h
[4.522s] -- Up-to-date: /home/alireza/thesis1/navigation_go2/go2_ws/install/unitree_hg/include/unitree_hg/msg/motor_cmd.h
[4.523s] -- Up-to-date: /home/alireza/thesis1/navigation_go2/go2_ws/install/unitree_hg/include/unitree_hg/msg/imu_state.h
[4.523s] -- Up-to-date: /home/alireza/thesis1/navigation_go2/go2_ws/install/unitree_hg/include/unitree_hg/msg/low_state.h
[4.524s] -- Up-to-date: /home/alireza/thesis1/navigation_go2/go2_ws/install/unitree_hg/include/unitree_hg/msg/detail
[4.525s] -- Up-to-date: /home/alireza/thesis1/navigation_go2/go2_ws/install/unitree_hg/include/unitree_hg/msg/detail/imu_state__struct.h
[4.525s] -- Up-to-date: /home/alireza/thesis1/navigation_go2/go2_ws/install/unitree_hg/include/unitree_hg/msg/detail/main_board_state__functions.c
[4.526s] -- Up-to-date: /home/alireza/thesis1/navigation_go2/go2_ws/install/unitree_hg/include/unitree_hg/msg/detail/motor_state__functions.h
[4.526s] -- Up-to-date: /home/alireza/thesis1/navigation_go2/go2_ws/install/unitree_hg/include/unitree_hg/msg/detail/bms_state__functions.h
[4.527s] -- Up-to-date: /home/alireza/thesis1/navigation_go2/go2_ws/install/unitree_hg/include/unitree_hg/msg/detail/hand_cmd__functions.c
[4.528s] -- Up-to-date: /home/alireza/thesis1/navigation_go2/go2_ws/install/unitree_hg/include/unitree_hg/msg/detail/bms_state__functions.c
[4.528s] -- Up-to-date: /home/alireza/thesis1/navigation_go2/go2_ws/install/unitree_hg/include/unitree_hg/msg/detail/bms_cmd__struct.h
[4.529s] -- Up-to-date: /home/alireza/thesis1/navigation_go2/go2_ws/install/unitree_hg/include/unitree_hg/msg/detail/motor_state__struct.h
[4.530s] -- Up-to-date: /home/alireza/thesis1/navigation_go2/go2_ws/install/unitree_hg/include/unitree_hg/msg/detail/motor_cmd__functions.c
[4.530s] -- Up-to-date: /home/alireza/thesis1/navigation_go2/go2_ws/install/unitree_hg/include/unitree_hg/msg/detail/press_sensor_state__type_support.h
[4.531s] -- Up-to-date: /home/alireza/thesis1/navigation_go2/go2_ws/install/unitree_hg/include/unitree_hg/msg/detail/main_board_state__type_support.h
[4.531s] -- Up-to-date: /home/alireza/thesis1/navigation_go2/go2_ws/install/unitree_hg/include/unitree_hg/msg/detail/motor_state__type_support.h
[4.532s] -- Up-to-date: /home/alireza/thesis1/navigation_go2/go2_ws/install/unitree_hg/include/unitree_hg/msg/detail/press_sensor_state__functions.h
[4.534s] -- Up-to-date: /home/alireza/thesis1/navigation_go2/go2_ws/install/unitree_hg/include/unitree_hg/msg/detail/low_cmd__functions.c
[4.536s] -- Up-to-date: /home/alireza/thesis1/navigation_go2/go2_ws/install/unitree_hg/include/unitree_hg/msg/detail/hand_cmd__struct.h
[4.536s] -- Up-to-date: /home/alireza/thesis1/navigation_go2/go2_ws/install/unitree_hg/include/unitree_hg/msg/detail/hand_state__type_support.h
[4.537s] -- Up-to-date: /home/alireza/thesis1/navigation_go2/go2_ws/install/unitree_hg/include/unitree_hg/msg/detail/motor_cmd__struct.h
[4.537s] -- Up-to-date: /home/alireza/thesis1/navigation_go2/go2_ws/install/unitree_hg/include/unitree_hg/msg/detail/low_state__functions.c
[4.538s] -- Up-to-date: /home/alireza/thesis1/navigation_go2/go2_ws/install/unitree_hg/include/unitree_hg/msg/detail/motor_cmd__functions.h
[4.539s] -- Up-to-date: /home/alireza/thesis1/navigation_go2/go2_ws/install/unitree_hg/include/unitree_hg/msg/detail/low_state__functions.h
[4.539s] -- Up-to-date: /home/alireza/thesis1/navigation_go2/go2_ws/install/unitree_hg/include/unitree_hg/msg/detail/imu_state__functions.h
[4.561s] -- Up-to-date: /home/alireza/thesis1/navigation_go2/go2_ws/install/unitree_hg/include/unitree_hg/msg/detail/press_sensor_state__struct.h
[4.564s] -- Up-to-date: /home/alireza/thesis1/navigation_go2/go2_ws/install/unitree_hg/include/unitree_hg/msg/detail/bms_state__type_support.h
[4.574s] -- Up-to-date: /home/alireza/thesis1/navigation_go2/go2_ws/install/unitree_hg/include/unitree_hg/msg/detail/hand_cmd__type_support.h
[4.574s] -- Up-to-date: /home/alireza/thesis1/navigation_go2/go2_ws/install/unitree_hg/include/unitree_hg/msg/detail/hand_state__struct.h
[4.575s] -- Up-to-date: /home/alireza/thesis1/navigation_go2/go2_ws/install/unitree_hg/include/unitree_hg/msg/detail/imu_state__functions.c
[4.576s] -- Up-to-date: /home/alireza/thesis1/navigation_go2/go2_ws/install/unitree_hg/include/unitree_hg/msg/detail/main_board_state__functions.h
[4.576s] -- Up-to-date: /home/alireza/thesis1/navigation_go2/go2_ws/install/unitree_hg/include/unitree_hg/msg/detail/hand_state__functions.c
[4.577s] -- Up-to-date: /home/alireza/thesis1/navigation_go2/go2_ws/install/unitree_hg/include/unitree_hg/msg/detail/hand_state__functions.h
[4.577s] -- Up-to-date: /home/alireza/thesis1/navigation_go2/go2_ws/install/unitree_hg/include/unitree_hg/msg/detail/imu_state__type_support.h
[4.578s] -- Up-to-date: /home/alireza/thesis1/navigation_go2/go2_ws/install/unitree_hg/include/unitree_hg/msg/detail/press_sensor_state__functions.c
[4.578s] -- Up-to-date: /home/alireza/thesis1/navigation_go2/go2_ws/install/unitree_hg/include/unitree_hg/msg/detail/motor_cmd__type_support.h
[4.579s] -- Up-to-date: /home/alireza/thesis1/navigation_go2/go2_ws/install/unitree_hg/include/unitree_hg/msg/detail/low_cmd__type_support.h
[4.579s] -- Up-to-date: /home/alireza/thesis1/navigation_go2/go2_ws/install/unitree_hg/include/unitree_hg/msg/detail/bms_state__struct.h
[4.580s] -- Up-to-date: /home/alireza/thesis1/navigation_go2/go2_ws/install/unitree_hg/include/unitree_hg/msg/detail/low_cmd__struct.h
[4.581s] -- Up-to-date: /home/alireza/thesis1/navigation_go2/go2_ws/install/unitree_hg/include/unitree_hg/msg/detail/hand_cmd__functions.h
[4.581s] -- Up-to-date: /home/alireza/thesis1/navigation_go2/go2_ws/install/unitree_hg/include/unitree_hg/msg/detail/low_state__struct.h
[4.582s] -- Up-to-date: /home/alireza/thesis1/navigation_go2/go2_ws/install/unitree_hg/include/unitree_hg/msg/detail/bms_cmd__functions.c
[4.582s] -- Up-to-date: /home/alireza/thesis1/navigation_go2/go2_ws/install/unitree_hg/include/unitree_hg/msg/detail/low_cmd__functions.h
[4.583s] -- Up-to-date: /home/alireza/thesis1/navigation_go2/go2_ws/install/unitree_hg/include/unitree_hg/msg/detail/bms_cmd__functions.h
[4.583s] -- Up-to-date: /home/alireza/thesis1/navigation_go2/go2_ws/install/unitree_hg/include/unitree_hg/msg/detail/bms_cmd__type_support.h
[4.584s] -- Up-to-date: /home/alireza/thesis1/navigation_go2/go2_ws/install/unitree_hg/include/unitree_hg/msg/detail/motor_state__functions.c
[4.586s] -- Up-to-date: /home/alireza/thesis1/navigation_go2/go2_ws/install/unitree_hg/include/unitree_hg/msg/detail/low_state__type_support.h
[4.586s] -- Up-to-date: /home/alireza/thesis1/navigation_go2/go2_ws/install/unitree_hg/include/unitree_hg/msg/detail/main_board_state__struct.h
[4.587s] -- Up-to-date: /home/alireza/thesis1/navigation_go2/go2_ws/install/unitree_hg/include/unitree_hg/msg/main_board_state.h
[4.587s] -- Up-to-date: /home/alireza/thesis1/navigation_go2/go2_ws/install/unitree_hg/include/unitree_hg/msg/bms_cmd.h
[4.588s] -- Up-to-date: /home/alireza/thesis1/navigation_go2/go2_ws/install/unitree_hg/include/unitree_hg/msg/low_cmd.h
[4.590s] -- Up-to-date: /home/alireza/thesis1/navigation_go2/go2_ws/install/unitree_hg/include/unitree_hg/msg/rosidl_generator_c__visibility_control.h
[4.590s] -- Up-to-date: /home/alireza/thesis1/navigation_go2/go2_ws/install/unitree_hg/include/unitree_hg/msg/hand_cmd.h
[4.591s] -- Up-to-date: /home/alireza/thesis1/navigation_go2/go2_ws/install/unitree_hg/share/unitree_hg/environment/library_path.sh
[4.591s] -- Installing: /home/alireza/thesis1/navigation_go2/go2_ws/install/unitree_hg/share/unitree_hg/environment/library_path.dsv
[4.592s] -- Up-to-date: /home/alireza/thesis1/navigation_go2/go2_ws/install/unitree_hg/lib/libunitree_hg__rosidl_generator_c.so
[4.593s] -- Up-to-date: /home/alireza/thesis1/navigation_go2/go2_ws/install/unitree_hg/include/unitree_hg
[4.593s] -- Up-to-date: /home/alireza/thesis1/navigation_go2/go2_ws/install/unitree_hg/include/unitree_hg/msg
[4.594s] -- Up-to-date: /home/alireza/thesis1/navigation_go2/go2_ws/install/unitree_hg/include/unitree_hg/msg/detail
[4.595s] -- Up-to-date: /home/alireza/thesis1/navigation_go2/go2_ws/install/unitree_hg/include/unitree_hg/msg/detail/imu_state__rosidl_typesupport_fastrtps_c.h
[4.595s] -- Up-to-date: /home/alireza/thesis1/navigation_go2/go2_ws/install/unitree_hg/include/unitree_hg/msg/detail/hand_state__rosidl_typesupport_fastrtps_c.h
[4.596s] -- Up-to-date: /home/alireza/thesis1/navigation_go2/go2_ws/install/unitree_hg/include/unitree_hg/msg/detail/motor_cmd__rosidl_typesupport_fastrtps_c.h
[4.596s] -- Up-to-date: /home/alireza/thesis1/navigation_go2/go2_ws/install/unitree_hg/include/unitree_hg/msg/detail/press_sensor_state__rosidl_typesupport_fastrtps_c.h
[4.597s] -- Up-to-date: /home/alireza/thesis1/navigation_go2/go2_ws/install/unitree_hg/include/unitree_hg/msg/detail/hand_cmd__rosidl_typesupport_fastrtps_c.h
[4.597s] -- Up-to-date: /home/alireza/thesis1/navigation_go2/go2_ws/install/unitree_hg/include/unitree_hg/msg/detail/low_cmd__rosidl_typesupport_fastrtps_c.h
[4.598s] -- Up-to-date: /home/alireza/thesis1/navigation_go2/go2_ws/install/unitree_hg/include/unitree_hg/msg/detail/low_state__rosidl_typesupport_fastrtps_c.h
[4.598s] -- Up-to-date: /home/alireza/thesis1/navigation_go2/go2_ws/install/unitree_hg/include/unitree_hg/msg/detail/motor_state__rosidl_typesupport_fastrtps_c.h
[4.599s] -- Up-to-date: /home/alireza/thesis1/navigation_go2/go2_ws/install/unitree_hg/include/unitree_hg/msg/detail/bms_state__rosidl_typesupport_fastrtps_c.h
[4.599s] -- Up-to-date: /home/alireza/thesis1/navigation_go2/go2_ws/install/unitree_hg/include/unitree_hg/msg/detail/main_board_state__rosidl_typesupport_fastrtps_c.h
[4.600s] -- Up-to-date: /home/alireza/thesis1/navigation_go2/go2_ws/install/unitree_hg/include/unitree_hg/msg/detail/bms_cmd__rosidl_typesupport_fastrtps_c.h
[4.600s] -- Up-to-date: /home/alireza/thesis1/navigation_go2/go2_ws/install/unitree_hg/include/unitree_hg/msg/rosidl_typesupport_fastrtps_c__visibility_control.h
[4.601s] -- Up-to-date: /home/alireza/thesis1/navigation_go2/go2_ws/install/unitree_hg/lib/libunitree_hg__rosidl_typesupport_fastrtps_c.so
[4.601s] -- Up-to-date: /home/alireza/thesis1/navigation_go2/go2_ws/install/unitree_hg/include/unitree_hg
[4.602s] -- Up-to-date: /home/alireza/thesis1/navigation_go2/go2_ws/install/unitree_hg/include/unitree_hg/msg
[4.603s] -- Up-to-date: /home/alireza/thesis1/navigation_go2/go2_ws/install/unitree_hg/include/unitree_hg/msg/rosidl_typesupport_fastrtps_cpp__visibility_control.h
[4.603s] -- Up-to-date: /home/alireza/thesis1/navigation_go2/go2_ws/install/unitree_hg/include/unitree_hg/msg/detail
[4.604s] -- Up-to-date: /home/alireza/thesis1/navigation_go2/go2_ws/install/unitree_hg/include/unitree_hg/msg/detail/imu_state__rosidl_typesupport_fastrtps_cpp.hpp
[4.604s] -- Up-to-date: /home/alireza/thesis1/navigation_go2/go2_ws/install/unitree_hg/include/unitree_hg/msg/detail/press_sensor_state__rosidl_typesupport_fastrtps_cpp.hpp
[4.605s] -- Up-to-date: /home/alireza/thesis1/navigation_go2/go2_ws/install/unitree_hg/include/unitree_hg/msg/detail/main_board_state__rosidl_typesupport_fastrtps_cpp.hpp
[4.605s] -- Up-to-date: /home/alireza/thesis1/navigation_go2/go2_ws/install/unitree_hg/include/unitree_hg/msg/detail/hand_cmd__rosidl_typesupport_fastrtps_cpp.hpp
[4.606s] -- Up-to-date: /home/alireza/thesis1/navigation_go2/go2_ws/install/unitree_hg/include/unitree_hg/msg/detail/bms_cmd__rosidl_typesupport_fastrtps_cpp.hpp
[4.606s] -- Up-to-date: /home/alireza/thesis1/navigation_go2/go2_ws/install/unitree_hg/include/unitree_hg/msg/detail/motor_state__rosidl_typesupport_fastrtps_cpp.hpp
[4.607s] -- Up-to-date: /home/alireza/thesis1/navigation_go2/go2_ws/install/unitree_hg/include/unitree_hg/msg/detail/bms_state__rosidl_typesupport_fastrtps_cpp.hpp
[4.607s] -- Up-to-date: /home/alireza/thesis1/navigation_go2/go2_ws/install/unitree_hg/include/unitree_hg/msg/detail/motor_cmd__rosidl_typesupport_fastrtps_cpp.hpp
[4.609s] -- Up-to-date: /home/alireza/thesis1/navigation_go2/go2_ws/install/unitree_hg/include/unitree_hg/msg/detail/dds_fastrtps
[4.610s] -- Up-to-date: /home/alireza/thesis1/navigation_go2/go2_ws/install/unitree_hg/include/unitree_hg/msg/detail/low_cmd__rosidl_typesupport_fastrtps_cpp.hpp
[4.610s] -- Up-to-date: /home/alireza/thesis1/navigation_go2/go2_ws/install/unitree_hg/include/unitree_hg/msg/detail/low_state__rosidl_typesupport_fastrtps_cpp.hpp
[4.611s] -- Up-to-date: /home/alireza/thesis1/navigation_go2/go2_ws/install/unitree_hg/include/unitree_hg/msg/detail/hand_state__rosidl_typesupport_fastrtps_cpp.hpp
[4.611s] -- Up-to-date: /home/alireza/thesis1/navigation_go2/go2_ws/install/unitree_hg/lib/libunitree_hg__rosidl_typesupport_fastrtps_cpp.so
[4.612s] -- Up-to-date: /home/alireza/thesis1/navigation_go2/go2_ws/install/unitree_hg/include/unitree_hg
[4.612s] -- Up-to-date: /home/alireza/thesis1/navigation_go2/go2_ws/install/unitree_hg/include/unitree_hg/msg
[4.613s] -- Up-to-date: /home/alireza/thesis1/navigation_go2/go2_ws/install/unitree_hg/include/unitree_hg/msg/rosidl_typesupport_introspection_c__visibility_control.h
[4.614s] -- Up-to-date: /home/alireza/thesis1/navigation_go2/go2_ws/install/unitree_hg/include/unitree_hg/msg/detail
[4.614s] -- Up-to-date: /home/alireza/thesis1/navigation_go2/go2_ws/install/unitree_hg/include/unitree_hg/msg/detail/press_sensor_state__rosidl_typesupport_introspection_c.h
[4.615s] -- Up-to-date: /home/alireza/thesis1/navigation_go2/go2_ws/install/unitree_hg/include/unitree_hg/msg/detail/hand_cmd__rosidl_typesupport_introspection_c.h
[4.615s] -- Up-to-date: /home/alireza/thesis1/navigation_go2/go2_ws/install/unitree_hg/include/unitree_hg/msg/detail/bms_cmd__type_support.c
[4.616s] -- Up-to-date: /home/alireza/thesis1/navigation_go2/go2_ws/install/unitree_hg/include/unitree_hg/msg/detail/low_cmd__rosidl_typesupport_introspection_c.h
[4.617s] -- Up-to-date: /home/alireza/thesis1/navigation_go2/go2_ws/install/unitree_hg/include/unitree_hg/msg/detail/imu_state__rosidl_typesupport_introspection_c.h
[4.618s] -- Up-to-date: /home/alireza/thesis1/navigation_go2/go2_ws/install/unitree_hg/include/unitree_hg/msg/detail/motor_state__type_support.c
[4.618s] -- Up-to-date: /home/alireza/thesis1/navigation_go2/go2_ws/install/unitree_hg/include/unitree_hg/msg/detail/bms_state__rosidl_typesupport_introspection_c.h
[4.619s] -- Up-to-date: /home/alireza/thesis1/navigation_go2/go2_ws/install/unitree_hg/include/unitree_hg/msg/detail/bms_state__type_support.c
[4.619s] -- Up-to-date: /home/alireza/thesis1/navigation_go2/go2_ws/install/unitree_hg/include/unitree_hg/msg/detail/low_cmd__type_support.c
[4.620s] -- Up-to-date: /home/alireza/thesis1/navigation_go2/go2_ws/install/unitree_hg/include/unitree_hg/msg/detail/motor_state__rosidl_typesupport_introspection_c.h
[4.621s] -- Up-to-date: /home/alireza/thesis1/navigation_go2/go2_ws/install/unitree_hg/include/unitree_hg/msg/detail/bms_cmd__rosidl_typesupport_introspection_c.h
[4.622s] -- Up-to-date: /home/alireza/thesis1/navigation_go2/go2_ws/install/unitree_hg/include/unitree_hg/msg/detail/motor_cmd__rosidl_typesupport_introspection_c.h
[4.623s] -- Up-to-date: /home/alireza/thesis1/navigation_go2/go2_ws/install/unitree_hg/include/unitree_hg/msg/detail/low_state__rosidl_typesupport_introspection_c.h
[4.623s] -- Up-to-date: /home/alireza/thesis1/navigation_go2/go2_ws/install/unitree_hg/include/unitree_hg/msg/detail/main_board_state__rosidl_typesupport_introspection_c.h
[4.624s] -- Up-to-date: /home/alireza/thesis1/navigation_go2/go2_ws/install/unitree_hg/include/unitree_hg/msg/detail/motor_cmd__type_support.c
[4.625s] -- Up-to-date: /home/alireza/thesis1/navigation_go2/go2_ws/install/unitree_hg/include/unitree_hg/msg/detail/hand_state__rosidl_typesupport_introspection_c.h
[4.625s] -- Up-to-date: /home/alireza/thesis1/navigation_go2/go2_ws/install/unitree_hg/include/unitree_hg/msg/detail/imu_state__type_support.c
[4.626s] -- Up-to-date: /home/alireza/thesis1/navigation_go2/go2_ws/install/unitree_hg/include/unitree_hg/msg/detail/press_sensor_state__type_support.c
[4.626s] -- Up-to-date: /home/alireza/thesis1/navigation_go2/go2_ws/install/unitree_hg/include/unitree_hg/msg/detail/low_state__type_support.c
[4.627s] -- Up-to-date: /home/alireza/thesis1/navigation_go2/go2_ws/install/unitree_hg/include/unitree_hg/msg/detail/hand_state__type_support.c
[4.627s] -- Up-to-date: /home/alireza/thesis1/navigation_go2/go2_ws/install/unitree_hg/include/unitree_hg/msg/detail/hand_cmd__type_support.c
[4.637s] -- Up-to-date: /home/alireza/thesis1/navigation_go2/go2_ws/install/unitree_hg/include/unitree_hg/msg/detail/main_board_state__type_support.c
[4.637s] -- Up-to-date: /home/alireza/thesis1/navigation_go2/go2_ws/install/unitree_hg/lib/libunitree_hg__rosidl_typesupport_introspection_c.so
[4.638s] -- Up-to-date: /home/alireza/thesis1/navigation_go2/go2_ws/install/unitree_hg/lib/libunitree_hg__rosidl_typesupport_c.so
[4.639s] -- Up-to-date: /home/alireza/thesis1/navigation_go2/go2_ws/install/unitree_hg/include/unitree_hg
[4.639s] -- Up-to-date: /home/alireza/thesis1/navigation_go2/go2_ws/install/unitree_hg/include/unitree_hg/msg
[4.640s] -- Up-to-date: /home/alireza/thesis1/navigation_go2/go2_ws/install/unitree_hg/include/unitree_hg/msg/motor_cmd.hpp
[4.643s] -- Up-to-date: /home/alireza/thesis1/navigation_go2/go2_ws/install/unitree_hg/include/unitree_hg/msg/rosidl_generator_cpp__visibility_control.hpp
[4.644s] -- Up-to-date: /home/alireza/thesis1/navigation_go2/go2_ws/install/unitree_hg/include/unitree_hg/msg/main_board_state.hpp
[4.647s] -- Up-to-date: /home/alireza/thesis1/navigation_go2/go2_ws/install/unitree_hg/include/unitree_hg/msg/hand_state.hpp
[4.647s] -- Up-to-date: /home/alireza/thesis1/navigation_go2/go2_ws/install/unitree_hg/include/unitree_hg/msg/detail
[4.648s] -- Up-to-date: /home/alireza/thesis1/navigation_go2/go2_ws/install/unitree_hg/include/unitree_hg/msg/detail/main_board_state__traits.hpp
[4.649s] -- Up-to-date: /home/alireza/thesis1/navigation_go2/go2_ws/install/unitree_hg/include/unitree_hg/msg/detail/main_board_state__builder.hpp
[4.649s] -- Up-to-date: /home/alireza/thesis1/navigation_go2/go2_ws/install/unitree_hg/include/unitree_hg/msg/detail/press_sensor_state__traits.hpp
[4.650s] -- Up-to-date: /home/alireza/thesis1/navigation_go2/go2_ws/install/unitree_hg/include/unitree_hg/msg/detail/hand_cmd__type_support.hpp
[4.650s] -- Up-to-date: /home/alireza/thesis1/navigation_go2/go2_ws/install/unitree_hg/include/unitree_hg/msg/detail/motor_state__struct.hpp
[4.651s] -- Up-to-date: /home/alireza/thesis1/navigation_go2/go2_ws/install/unitree_hg/include/unitree_hg/msg/detail/hand_cmd__builder.hpp
[4.651s] -- Up-to-date: /home/alireza/thesis1/navigation_go2/go2_ws/install/unitree_hg/include/unitree_hg/msg/detail/bms_state__struct.hpp
[4.652s] -- Up-to-date: /home/alireza/thesis1/navigation_go2/go2_ws/install/unitree_hg/include/unitree_hg/msg/detail/press_sensor_state__type_support.hpp
[4.652s] -- Up-to-date: /home/alireza/thesis1/navigation_go2/go2_ws/install/unitree_hg/include/unitree_hg/msg/detail/bms_cmd__traits.hpp
[4.653s] -- Up-to-date: /home/alireza/thesis1/navigation_go2/go2_ws/install/unitree_hg/include/unitree_hg/msg/detail/low_cmd__type_support.hpp
[4.653s] -- Up-to-date: /home/alireza/thesis1/navigation_go2/go2_ws/install/unitree_hg/include/unitree_hg/msg/detail/bms_cmd__builder.hpp
[4.654s] -- Up-to-date: /home/alireza/thesis1/navigation_go2/go2_ws/install/unitree_hg/include/unitree_hg/msg/detail/hand_cmd__struct.hpp
[4.654s] -- Up-to-date: /home/alireza/thesis1/navigation_go2/go2_ws/install/unitree_hg/include/unitree_hg/msg/detail/low_cmd__builder.hpp
[4.655s] -- Up-to-date: /home/alireza/thesis1/navigation_go2/go2_ws/install/unitree_hg/include/unitree_hg/msg/detail/main_board_state__struct.hpp
[4.655s] -- Up-to-date: /home/alireza/thesis1/navigation_go2/go2_ws/install/unitree_hg/include/unitree_hg/msg/detail/hand_state__type_support.hpp
[4.656s] -- Up-to-date: /home/alireza/thesis1/navigation_go2/go2_ws/install/unitree_hg/include/unitree_hg/msg/detail/motor_state__type_support.hpp
[4.657s] -- Up-to-date: /home/alireza/thesis1/navigation_go2/go2_ws/install/unitree_hg/include/unitree_hg/msg/detail/bms_cmd__type_support.hpp
[4.657s] -- Up-to-date: /home/alireza/thesis1/navigation_go2/go2_ws/install/unitree_hg/include/unitree_hg/msg/detail/motor_cmd__builder.hpp
[4.658s] -- Up-to-date: /home/alireza/thesis1/navigation_go2/go2_ws/install/unitree_hg/include/unitree_hg/msg/detail/low_cmd__traits.hpp
[4.658s] -- Up-to-date: /home/alireza/thesis1/navigation_go2/go2_ws/install/unitree_hg/include/unitree_hg/msg/detail/low_state__type_support.hpp
[4.659s] -- Up-to-date: /home/alireza/thesis1/navigation_go2/go2_ws/install/unitree_hg/include/unitree_hg/msg/detail/hand_state__struct.hpp
[4.660s] -- Up-to-date: /home/alireza/thesis1/navigation_go2/go2_ws/install/unitree_hg/include/unitree_hg/msg/detail/bms_state__type_support.hpp
[4.660s] -- Up-to-date: /home/alireza/thesis1/navigation_go2/go2_ws/install/unitree_hg/include/unitree_hg/msg/detail/motor_cmd__traits.hpp
[4.661s] -- Up-to-date: /home/alireza/thesis1/navigation_go2/go2_ws/install/unitree_hg/include/unitree_hg/msg/detail/imu_state__traits.hpp
[4.661s] -- Up-to-date: /home/alireza/thesis1/navigation_go2/go2_ws/install/unitree_hg/include/unitree_hg/msg/detail/press_sensor_state__struct.hpp
[4.662s] -- Up-to-date: /home/alireza/thesis1/navigation_go2/go2_ws/install/unitree_hg/include/unitree_hg/msg/detail/motor_state__builder.hpp
[4.662s] -- Up-to-date: /home/alireza/thesis1/navigation_go2/go2_ws/install/unitree_hg/include/unitree_hg/msg/detail/hand_state__builder.hpp
[4.663s] -- Up-to-date: /home/alireza/thesis1/navigation_go2/go2_ws/install/unitree_hg/include/unitree_hg/msg/detail/bms_state__traits.hpp
[4.663s] -- Up-to-date: /home/alireza/thesis1/navigation_go2/go2_ws/install/unitree_hg/include/unitree_hg/msg/detail/low_cmd__struct.hpp
[4.664s] -- Up-to-date: /home/alireza/thesis1/navigation_go2/go2_ws/install/unitree_hg/include/unitree_hg/msg/detail/press_sensor_state__builder.hpp
[4.664s] -- Up-to-date: /home/alireza/thesis1/navigation_go2/go2_ws/install/unitree_hg/include/unitree_hg/msg/detail/motor_state__traits.hpp
[4.665s] -- Up-to-date: /home/alireza/thesis1/navigation_go2/go2_ws/install/unitree_hg/include/unitree_hg/msg/detail/main_board_state__type_support.hpp
[4.665s] -- Up-to-date: /home/alireza/thesis1/navigation_go2/go2_ws/install/unitree_hg/include/unitree_hg/msg/detail/bms_state__builder.hpp
[4.666s] -- Up-to-date: /home/alireza/thesis1/navigation_go2/go2_ws/install/unitree_hg/include/unitree_hg/msg/detail/motor_cmd__struct.hpp
[4.667s] -- Up-to-date: /home/alireza/thesis1/navigation_go2/go2_ws/install/unitree_hg/include/unitree_hg/msg/detail/hand_state__traits.hpp
[4.667s] -- Up-to-date: /home/alireza/thesis1/navigation_go2/go2_ws/install/unitree_hg/include/unitree_hg/msg/detail/low_state__traits.hpp
[4.668s] -- Up-to-date: /home/alireza/thesis1/navigation_go2/go2_ws/install/unitree_hg/include/unitree_hg/msg/detail/low_state__builder.hpp
[4.668s] -- Up-to-date: /home/alireza/thesis1/navigation_go2/go2_ws/install/unitree_hg/include/unitree_hg/msg/detail/motor_cmd__type_support.hpp
[4.669s] -- Up-to-date: /home/alireza/thesis1/navigation_go2/go2_ws/install/unitree_hg/include/unitree_hg/msg/detail/imu_state__builder.hpp
[4.669s] -- Up-to-date: /home/alireza/thesis1/navigation_go2/go2_ws/install/unitree_hg/include/unitree_hg/msg/detail/hand_cmd__traits.hpp
[4.670s] -- Up-to-date: /home/alireza/thesis1/navigation_go2/go2_ws/install/unitree_hg/include/unitree_hg/msg/detail/imu_state__type_support.hpp
[4.671s] -- Up-to-date: /home/alireza/thesis1/navigation_go2/go2_ws/install/unitree_hg/include/unitree_hg/msg/detail/low_state__struct.hpp
[4.671s] -- Up-to-date: /home/alireza/thesis1/navigation_go2/go2_ws/install/unitree_hg/include/unitree_hg/msg/detail/imu_state__struct.hpp
[4.672s] -- Up-to-date: /home/alireza/thesis1/navigation_go2/go2_ws/install/unitree_hg/include/unitree_hg/msg/detail/bms_cmd__struct.hpp
[4.672s] -- Up-to-date: /home/alireza/thesis1/navigation_go2/go2_ws/install/unitree_hg/include/unitree_hg/msg/low_cmd.hpp
[4.676s] -- Up-to-date: /home/alireza/thesis1/navigation_go2/go2_ws/install/unitree_hg/include/unitree_hg/msg/press_sensor_state.hpp
[4.676s] -- Up-to-date: /home/alireza/thesis1/navigation_go2/go2_ws/install/unitree_hg/include/unitree_hg/msg/bms_state.hpp
[4.677s] -- Up-to-date: /home/alireza/thesis1/navigation_go2/go2_ws/install/unitree_hg/include/unitree_hg/msg/low_state.hpp
[4.678s] -- Up-to-date: /home/alireza/thesis1/navigation_go2/go2_ws/install/unitree_hg/include/unitree_hg/msg/bms_cmd.hpp
[4.678s] -- Up-to-date: /home/alireza/thesis1/navigation_go2/go2_ws/install/unitree_hg/include/unitree_hg/msg/motor_state.hpp
[4.679s] -- Up-to-date: /home/alireza/thesis1/navigation_go2/go2_ws/install/unitree_hg/include/unitree_hg/msg/hand_cmd.hpp
[4.679s] -- Up-to-date: /home/alireza/thesis1/navigation_go2/go2_ws/install/unitree_hg/include/unitree_hg/msg/imu_state.hpp
[4.680s] -- Up-to-date: /home/alireza/thesis1/navigation_go2/go2_ws/install/unitree_hg/include/unitree_hg
[4.680s] -- Up-to-date: /home/alireza/thesis1/navigation_go2/go2_ws/install/unitree_hg/include/unitree_hg/msg
[4.682s] -- Up-to-date: /home/alireza/thesis1/navigation_go2/go2_ws/install/unitree_hg/include/unitree_hg/msg/detail
[4.682s] -- Up-to-date: /home/alireza/thesis1/navigation_go2/go2_ws/install/unitree_hg/include/unitree_hg/msg/detail/hand_cmd__rosidl_typesupport_introspection_cpp.hpp
[4.683s] -- Up-to-date: /home/alireza/thesis1/navigation_go2/go2_ws/install/unitree_hg/include/unitree_hg/msg/detail/motor_state__type_support.cpp
[4.683s] -- Up-to-date: /home/alireza/thesis1/navigation_go2/go2_ws/install/unitree_hg/include/unitree_hg/msg/detail/low_state__type_support.cpp
[4.684s] -- Up-to-date: /home/alireza/thesis1/navigation_go2/go2_ws/install/unitree_hg/include/unitree_hg/msg/detail/hand_cmd__type_support.cpp
[4.684s] -- Up-to-date: /home/alireza/thesis1/navigation_go2/go2_ws/install/unitree_hg/include/unitree_hg/msg/detail/low_cmd__type_support.cpp
[4.685s] -- Up-to-date: /home/alireza/thesis1/navigation_go2/go2_ws/install/unitree_hg/include/unitree_hg/msg/detail/motor_state__rosidl_typesupport_introspection_cpp.hpp
[4.685s] -- Up-to-date: /home/alireza/thesis1/navigation_go2/go2_ws/install/unitree_hg/include/unitree_hg/msg/detail/main_board_state__type_support.cpp
[4.686s] -- Up-to-date: /home/alireza/thesis1/navigation_go2/go2_ws/install/unitree_hg/include/unitree_hg/msg/detail/press_sensor_state__rosidl_typesupport_introspection_cpp.hpp
[4.686s] -- Up-to-date: /home/alireza/thesis1/navigation_go2/go2_ws/install/unitree_hg/include/unitree_hg/msg/detail/motor_cmd__type_support.cpp
[4.687s] -- Up-to-date: /home/alireza/thesis1/navigation_go2/go2_ws/install/unitree_hg/include/unitree_hg/msg/detail/bms_state__rosidl_typesupport_introspection_cpp.hpp
[4.687s] -- Up-to-date: /home/alireza/thesis1/navigation_go2/go2_ws/install/unitree_hg/include/unitree_hg/msg/detail/hand_state__type_support.cpp
[4.688s] -- Up-to-date: /home/alireza/thesis1/navigation_go2/go2_ws/install/unitree_hg/include/unitree_hg/msg/detail/bms_cmd__rosidl_typesupport_introspection_cpp.hpp
[4.688s] -- Up-to-date: /home/alireza/thesis1/navigation_go2/go2_ws/install/unitree_hg/include/unitree_hg/msg/detail/bms_state__type_support.cpp
[4.701s] -- Up-to-date: /home/alireza/thesis1/navigation_go2/go2_ws/install/unitree_hg/include/unitree_hg/msg/detail/imu_state__rosidl_typesupport_introspection_cpp.hpp
[4.702s] -- Up-to-date: /home/alireza/thesis1/navigation_go2/go2_ws/install/unitree_hg/include/unitree_hg/msg/detail/press_sensor_state__type_support.cpp
[4.702s] -- Up-to-date: /home/alireza/thesis1/navigation_go2/go2_ws/install/unitree_hg/include/unitree_hg/msg/detail/hand_state__rosidl_typesupport_introspection_cpp.hpp
[4.703s] -- Up-to-date: /home/alireza/thesis1/navigation_go2/go2_ws/install/unitree_hg/include/unitree_hg/msg/detail/bms_cmd__type_support.cpp
[4.703s] -- Up-to-date: /home/alireza/thesis1/navigation_go2/go2_ws/install/unitree_hg/include/unitree_hg/msg/detail/imu_state__type_support.cpp
[4.704s] -- Up-to-date: /home/alireza/thesis1/navigation_go2/go2_ws/install/unitree_hg/include/unitree_hg/msg/detail/low_cmd__rosidl_typesupport_introspection_cpp.hpp
[4.704s] -- Up-to-date: /home/alireza/thesis1/navigation_go2/go2_ws/install/unitree_hg/include/unitree_hg/msg/detail/low_state__rosidl_typesupport_introspection_cpp.hpp
[4.713s] -- Up-to-date: /home/alireza/thesis1/navigation_go2/go2_ws/install/unitree_hg/include/unitree_hg/msg/detail/main_board_state__rosidl_typesupport_introspection_cpp.hpp
[4.714s] -- Up-to-date: /home/alireza/thesis1/navigation_go2/go2_ws/install/unitree_hg/include/unitree_hg/msg/detail/motor_cmd__rosidl_typesupport_introspection_cpp.hpp
[4.714s] -- Up-to-date: /home/alireza/thesis1/navigation_go2/go2_ws/install/unitree_hg/lib/libunitree_hg__rosidl_typesupport_introspection_cpp.so
[4.715s] -- Up-to-date: /home/alireza/thesis1/navigation_go2/go2_ws/install/unitree_hg/lib/libunitree_hg__rosidl_typesupport_cpp.so
[4.716s] -- Up-to-date: /home/alireza/thesis1/navigation_go2/go2_ws/install/unitree_hg/share/unitree_hg/environment/pythonpath.sh
[4.716s] -- Installing: /home/alireza/thesis1/navigation_go2/go2_ws/install/unitree_hg/share/unitree_hg/environment/pythonpath.dsv
[4.717s] -- Installing: /home/alireza/thesis1/navigation_go2/go2_ws/install/unitree_hg/lib/python3.8/site-packages/unitree_hg/__init__.py
[4.892s] Compiling '/home/alireza/thesis1/navigation_go2/go2_ws/install/unitree_hg/lib/python3.8/site-packages/unitree_hg/__init__.py'...
[4.924s] -- Up-to-date: /home/alireza/thesis1/navigation_go2/go2_ws/install/unitree_hg/lib/python3.8/site-packages/unitree_hg/msg
[4.925s] -- Up-to-date: /home/alireza/thesis1/navigation_go2/go2_ws/install/unitree_hg/lib/python3.8/site-packages/unitree_hg/msg/_low_cmd_s.c
[4.925s] -- Up-to-date: /home/alireza/thesis1/navigation_go2/go2_ws/install/unitree_hg/lib/python3.8/site-packages/unitree_hg/msg/_motor_cmd.py
[4.926s] -- Up-to-date: /home/alireza/thesis1/navigation_go2/go2_ws/install/unitree_hg/lib/python3.8/site-packages/unitree_hg/msg/_imu_state.py
[4.926s] -- Up-to-date: /home/alireza/thesis1/navigation_go2/go2_ws/install/unitree_hg/lib/python3.8/site-packages/unitree_hg/msg/_hand_state_s.c
[4.927s] -- Up-to-date: /home/alireza/thesis1/navigation_go2/go2_ws/install/unitree_hg/lib/python3.8/site-packages/unitree_hg/msg/_motor_state.py
[4.927s] -- Up-to-date: /home/alireza/thesis1/navigation_go2/go2_ws/install/unitree_hg/lib/python3.8/site-packages/unitree_hg/msg/_imu_state_s.c
[4.928s] -- Up-to-date: /home/alireza/thesis1/navigation_go2/go2_ws/install/unitree_hg/lib/python3.8/site-packages/unitree_hg/msg/__init__.py
[4.928s] -- Up-to-date: /home/alireza/thesis1/navigation_go2/go2_ws/install/unitree_hg/lib/python3.8/site-packages/unitree_hg/msg/_bms_cmd_s.c
[4.929s] -- Up-to-date: /home/alireza/thesis1/navigation_go2/go2_ws/install/unitree_hg/lib/python3.8/site-packages/unitree_hg/msg/_hand_cmd_s.c
[4.929s] -- Up-to-date: /home/alireza/thesis1/navigation_go2/go2_ws/install/unitree_hg/lib/python3.8/site-packages/unitree_hg/msg/_main_board_state_s.c
[4.935s] -- Up-to-date: /home/alireza/thesis1/navigation_go2/go2_ws/install/unitree_hg/lib/python3.8/site-packages/unitree_hg/msg/_motor_cmd_s.c
[4.935s] -- Up-to-date: /home/alireza/thesis1/navigation_go2/go2_ws/install/unitree_hg/lib/python3.8/site-packages/unitree_hg/msg/_low_state.py
[4.936s] -- Up-to-date: /home/alireza/thesis1/navigation_go2/go2_ws/install/unitree_hg/lib/python3.8/site-packages/unitree_hg/msg/_low_cmd.py
[4.936s] -- Up-to-date: /home/alireza/thesis1/navigation_go2/go2_ws/install/unitree_hg/lib/python3.8/site-packages/unitree_hg/msg/_bms_state_s.c
[4.937s] -- Up-to-date: /home/alireza/thesis1/navigation_go2/go2_ws/install/unitree_hg/lib/python3.8/site-packages/unitree_hg/msg/_motor_state_s.c
[4.937s] -- Up-to-date: /home/alireza/thesis1/navigation_go2/go2_ws/install/unitree_hg/lib/python3.8/site-packages/unitree_hg/msg/_press_sensor_state.py
[4.938s] -- Up-to-date: /home/alireza/thesis1/navigation_go2/go2_ws/install/unitree_hg/lib/python3.8/site-packages/unitree_hg/msg/_main_board_state.py
[4.938s] -- Up-to-date: /home/alireza/thesis1/navigation_go2/go2_ws/install/unitree_hg/lib/python3.8/site-packages/unitree_hg/msg/_press_sensor_state_s.c
[4.939s] -- Up-to-date: /home/alireza/thesis1/navigation_go2/go2_ws/install/unitree_hg/lib/python3.8/site-packages/unitree_hg/msg/_hand_cmd.py
[4.939s] -- Up-to-date: /home/alireza/thesis1/navigation_go2/go2_ws/install/unitree_hg/lib/python3.8/site-packages/unitree_hg/msg/_bms_state.py
[4.940s] -- Up-to-date: /home/alireza/thesis1/navigation_go2/go2_ws/install/unitree_hg/lib/python3.8/site-packages/unitree_hg/msg/_bms_cmd.py
[4.940s] -- Up-to-date: /home/alireza/thesis1/navigation_go2/go2_ws/install/unitree_hg/lib/python3.8/site-packages/unitree_hg/msg/_hand_state.py
[4.942s] -- Up-to-date: /home/alireza/thesis1/navigation_go2/go2_ws/install/unitree_hg/lib/python3.8/site-packages/unitree_hg/msg/_low_state_s.c
[4.942s] -- Up-to-date: /home/alireza/thesis1/navigation_go2/go2_ws/install/unitree_hg/lib/python3.8/site-packages/unitree_hg/unitree_hg_s__rosidl_typesupport_fastrtps_c.cpython-38-x86_64-linux-gnu.so
[4.955s] -- Up-to-date: /home/alireza/thesis1/navigation_go2/go2_ws/install/unitree_hg/lib/python3.8/site-packages/unitree_hg/unitree_hg_s__rosidl_typesupport_introspection_c.cpython-38-x86_64-linux-gnu.so
[4.981s] -- Up-to-date: /home/alireza/thesis1/navigation_go2/go2_ws/install/unitree_hg/lib/python3.8/site-packages/unitree_hg/unitree_hg_s__rosidl_typesupport_c.cpython-38-x86_64-linux-gnu.so
[4.982s] -- Up-to-date: /home/alireza/thesis1/navigation_go2/go2_ws/install/unitree_hg/lib/libunitree_hg__python.so
[4.982s] -- Up-to-date: /home/alireza/thesis1/navigation_go2/go2_ws/install/unitree_hg/share/unitree_hg/msg/BmsCmd.idl
[4.983s] -- Up-to-date: /home/alireza/thesis1/navigation_go2/go2_ws/install/unitree_hg/share/unitree_hg/msg/BmsState.idl
[4.983s] -- Up-to-date: /home/alireza/thesis1/navigation_go2/go2_ws/install/unitree_hg/share/unitree_hg/msg/HandCmd.idl
[4.984s] -- Up-to-date: /home/alireza/thesis1/navigation_go2/go2_ws/install/unitree_hg/share/unitree_hg/msg/HandState.idl
[4.984s] -- Up-to-date: /home/alireza/thesis1/navigation_go2/go2_ws/install/unitree_hg/share/unitree_hg/msg/IMUState.idl
[4.985s] -- Up-to-date: /home/alireza/thesis1/navigation_go2/go2_ws/install/unitree_hg/share/unitree_hg/msg/LowCmd.idl
[4.985s] -- Up-to-date: /home/alireza/thesis1/navigation_go2/go2_ws/install/unitree_hg/share/unitree_hg/msg/LowState.idl
[4.986s] -- Up-to-date: /home/alireza/thesis1/navigation_go2/go2_ws/install/unitree_hg/share/unitree_hg/msg/MainBoardState.idl
[4.986s] -- Up-to-date: /home/alireza/thesis1/navigation_go2/go2_ws/install/unitree_hg/share/unitree_hg/msg/MotorCmd.idl
[4.987s] -- Up-to-date: /home/alireza/thesis1/navigation_go2/go2_ws/install/unitree_hg/share/unitree_hg/msg/MotorState.idl
[4.988s] -- Up-to-date: /home/alireza/thesis1/navigation_go2/go2_ws/install/unitree_hg/share/unitree_hg/msg/PressSensorState.idl
[4.988s] -- Up-to-date: /home/alireza/thesis1/navigation_go2/go2_ws/install/unitree_hg/share/unitree_hg/msg/BmsCmd.msg
[4.989s] -- Up-to-date: /home/alireza/thesis1/navigation_go2/go2_ws/install/unitree_hg/share/unitree_hg/msg/BmsState.msg
[4.989s] -- Up-to-date: /home/alireza/thesis1/navigation_go2/go2_ws/install/unitree_hg/share/unitree_hg/msg/HandCmd.msg
[4.990s] -- Up-to-date: /home/alireza/thesis1/navigation_go2/go2_ws/install/unitree_hg/share/unitree_hg/msg/HandState.msg
[4.990s] -- Up-to-date: /home/alireza/thesis1/navigation_go2/go2_ws/install/unitree_hg/share/unitree_hg/msg/IMUState.msg
[4.991s] -- Up-to-date: /home/alireza/thesis1/navigation_go2/go2_ws/install/unitree_hg/share/unitree_hg/msg/LowCmd.msg
[4.991s] -- Up-to-date: /home/alireza/thesis1/navigation_go2/go2_ws/install/unitree_hg/share/unitree_hg/msg/LowState.msg
[4.992s] -- Up-to-date: /home/alireza/thesis1/navigation_go2/go2_ws/install/unitree_hg/share/unitree_hg/msg/MainBoardState.msg
[4.992s] -- Up-to-date: /home/alireza/thesis1/navigation_go2/go2_ws/install/unitree_hg/share/unitree_hg/msg/MotorCmd.msg
[4.993s] -- Up-to-date: /home/alireza/thesis1/navigation_go2/go2_ws/install/unitree_hg/share/unitree_hg/msg/MotorState.msg
[4.993s] -- Up-to-date: /home/alireza/thesis1/navigation_go2/go2_ws/install/unitree_hg/share/unitree_hg/msg/PressSensorState.msg
[4.994s] -- Up-to-date: /home/alireza/thesis1/navigation_go2/go2_ws/install/unitree_hg/share/ament_index/resource_index/package_run_dependencies/unitree_hg
[4.994s] -- Installing: /home/alireza/thesis1/navigation_go2/go2_ws/install/unitree_hg/share/ament_index/resource_index/parent_prefix_path/unitree_hg
[4.995s] -- Up-to-date: /home/alireza/thesis1/navigation_go2/go2_ws/install/unitree_hg/share/unitree_hg/environment/ament_prefix_path.sh
[4.995s] -- Installing: /home/alireza/thesis1/navigation_go2/go2_ws/install/unitree_hg/share/unitree_hg/environment/ament_prefix_path.dsv
[4.995s] -- Up-to-date: /home/alireza/thesis1/navigation_go2/go2_ws/install/unitree_hg/share/unitree_hg/environment/path.sh
[4.996s] -- Installing: /home/alireza/thesis1/navigation_go2/go2_ws/install/unitree_hg/share/unitree_hg/environment/path.dsv
[5.015s] -- Up-to-date: /home/alireza/thesis1/navigation_go2/go2_ws/install/unitree_hg/share/unitree_hg/local_setup.bash
[5.016s] -- Up-to-date: /home/alireza/thesis1/navigation_go2/go2_ws/install/unitree_hg/share/unitree_hg/local_setup.sh
[5.017s] -- Up-to-date: /home/alireza/thesis1/navigation_go2/go2_ws/install/unitree_hg/share/unitree_hg/local_setup.zsh
[5.017s] -- Installing: /home/alireza/thesis1/navigation_go2/go2_ws/install/unitree_hg/share/unitree_hg/local_setup.dsv
[5.019s] -- Installing: /home/alireza/thesis1/navigation_go2/go2_ws/install/unitree_hg/share/unitree_hg/package.dsv
[5.019s] -- Up-to-date: /home/alireza/thesis1/navigation_go2/go2_ws/install/unitree_hg/share/ament_index/resource_index/packages/unitree_hg
[5.020s] -- Up-to-date: /home/alireza/thesis1/navigation_go2/go2_ws/install/unitree_hg/share/unitree_hg/cmake/unitree_hg__rosidl_generator_cExport.cmake
[5.020s] -- Installing: /home/alireza/thesis1/navigation_go2/go2_ws/install/unitree_hg/share/unitree_hg/cmake/unitree_hg__rosidl_generator_cExport-noconfig.cmake
[5.021s] -- Up-to-date: /home/alireza/thesis1/navigation_go2/go2_ws/install/unitree_hg/share/unitree_hg/cmake/unitree_hg__rosidl_typesupport_introspection_cExport.cmake
[5.022s] -- Installing: /home/alireza/thesis1/navigation_go2/go2_ws/install/unitree_hg/share/unitree_hg/cmake/unitree_hg__rosidl_typesupport_introspection_cExport-noconfig.cmake
[5.023s] -- Up-to-date: /home/alireza/thesis1/navigation_go2/go2_ws/install/unitree_hg/share/unitree_hg/cmake/unitree_hg__rosidl_typesupport_cExport.cmake
[5.023s] -- Installing: /home/alireza/thesis1/navigation_go2/go2_ws/install/unitree_hg/share/unitree_hg/cmake/unitree_hg__rosidl_typesupport_cExport-noconfig.cmake
[5.024s] -- Up-to-date: /home/alireza/thesis1/navigation_go2/go2_ws/install/unitree_hg/share/unitree_hg/cmake/unitree_hg__rosidl_generator_cppExport.cmake
[5.024s] -- Up-to-date: /home/alireza/thesis1/navigation_go2/go2_ws/install/unitree_hg/share/unitree_hg/cmake/unitree_hg__rosidl_typesupport_introspection_cppExport.cmake
[5.025s] -- Installing: /home/alireza/thesis1/navigation_go2/go2_ws/install/unitree_hg/share/unitree_hg/cmake/unitree_hg__rosidl_typesupport_introspection_cppExport-noconfig.cmake
[5.025s] -- Up-to-date: /home/alireza/thesis1/navigation_go2/go2_ws/install/unitree_hg/share/unitree_hg/cmake/unitree_hg__rosidl_typesupport_cppExport.cmake
[5.026s] -- Installing: /home/alireza/thesis1/navigation_go2/go2_ws/install/unitree_hg/share/unitree_hg/cmake/unitree_hg__rosidl_typesupport_cppExport-noconfig.cmake
[5.026s] -- Up-to-date: /home/alireza/thesis1/navigation_go2/go2_ws/install/unitree_hg/share/unitree_hg/cmake/rosidl_cmake-extras.cmake
[5.027s] -- Up-to-date: /home/alireza/thesis1/navigation_go2/go2_ws/install/unitree_hg/share/unitree_hg/cmake/ament_cmake_export_dependencies-extras.cmake
[5.027s] -- Up-to-date: /home/alireza/thesis1/navigation_go2/go2_ws/install/unitree_hg/share/unitree_hg/cmake/ament_cmake_export_libraries-extras.cmake
[5.050s] -- Up-to-date: /home/alireza/thesis1/navigation_go2/go2_ws/install/unitree_hg/share/unitree_hg/cmake/ament_cmake_export_targets-extras.cmake
[5.050s] -- Up-to-date: /home/alireza/thesis1/navigation_go2/go2_ws/install/unitree_hg/share/unitree_hg/cmake/ament_cmake_export_include_directories-extras.cmake
[5.051s] -- Up-to-date: /home/alireza/thesis1/navigation_go2/go2_ws/install/unitree_hg/share/unitree_hg/cmake/rosidl_cmake_export_typesupport_libraries-extras.cmake
[5.051s] -- Up-to-date: /home/alireza/thesis1/navigation_go2/go2_ws/install/unitree_hg/share/unitree_hg/cmake/rosidl_cmake_export_typesupport_targets-extras.cmake
[5.052s] -- Up-to-date: /home/alireza/thesis1/navigation_go2/go2_ws/install/unitree_hg/share/unitree_hg/cmake/unitree_hgConfig.cmake
[5.052s] -- Up-to-date: /home/alireza/thesis1/navigation_go2/go2_ws/install/unitree_hg/share/unitree_hg/cmake/unitree_hgConfig-version.cmake
[5.062s] -- Up-to-date: /home/alireza/thesis1/navigation_go2/go2_ws/install/unitree_hg/share/unitree_hg/package.xml
[5.082s] Invoked command in '/home/alireza/thesis1/navigation_go2/go2_ws/build/unitree_hg' returned '0': CMAKE_PREFIX_PATH=${CMAKE_PREFIX_PATH}:/opt/ros/foxy /usr/bin/cmake --install /home/alireza/thesis1/navigation_go2/go2_ws/build/unitree_hg
