[0.060s] Invoking command in '/home/alireza/thesis1/navigation_go2/go2_ws/build/pointcloud_to_laserscan': CMAKE_PREFIX_PATH=/opt/ros/foxy /usr/bin/cmake /home/alireza/thesis1/navigation_go2/go2_ws/src/pointcloud_to_laserscan -DROS_EDITION=ROS2 -DCMAKE_INSTALL_PREFIX=/home/alireza/thesis1/navigation_go2/go2_ws/install/pointcloud_to_laserscan
[0.116s] -- Found ament_cmake: 0.9.12 (/opt/ros/foxy/share/ament_cmake/cmake)
[0.163s] -- Using PYTHON_EXECUTABLE: /usr/bin/python3
[0.551s] -- Found laser_geometry: 2.2.0 (/opt/ros/foxy/share/laser_geometry/cmake)
[0.562s] -- Found message_filters: 3.2.7 (/opt/ros/foxy/share/message_filters/cmake)
[0.580s] -- Found rclcpp: 2.4.3 (/opt/ros/foxy/share/rclcpp/cmake)
[0.651s] -- Using all available rosidl_typesupport_c: rosidl_typesupport_fastrtps_c;rosidl_typesupport_introspection_c
[0.652s] -- Found rosidl_adapter: 1.3.1 (/opt/ros/foxy/share/rosidl_adapter/cmake)
[0.928s] -- Using all available rosidl_typesupport_cpp: rosidl_typesupport_fastrtps_cpp;rosidl_typesupport_introspection_cpp
[1.024s] -- Found rmw_implementation_cmake: 1.0.4 (/opt/ros/foxy/share/rmw_implementation_cmake/cmake)
[1.027s] -- Using RMW implementation 'rmw_cyclonedds_cpp' as default
[1.403s] -- Found rclcpp_components: 2.4.3 (/opt/ros/foxy/share/rclcpp_components/cmake)
[1.527s] -- Found sensor_msgs: 2.0.5 (/opt/ros/foxy/share/sensor_msgs/cmake)
[1.812s] -- Found tf2: 0.13.14 (/opt/ros/foxy/share/tf2/cmake)
[1.894s] -- Found tf2_ros: 0.13.14 (/opt/ros/foxy/share/tf2_ros/cmake)
[3.697s] -- Found tf2_sensor_msgs: 0.13.14 (/opt/ros/foxy/share/tf2_sensor_msgs/cmake)
[3.806s] -- Found ament_lint_auto: 0.9.8 (/opt/ros/foxy/share/ament_lint_auto/cmake)
[3.922s] -- Added test 'cppcheck' to perform static code analysis on C / C++ code
[3.923s] -- Configured cppcheck include dirs: /home/alireza/thesis1/navigation_go2/go2_ws/src/pointcloud_to_laserscan/include
[3.923s] -- Configured cppcheck exclude dirs and/or files: 
[3.928s] -- Added test 'cpplint' to check C / C++ code against the Google style
[3.929s] -- Configured cpplint exclude dirs and/or files: 
[3.930s] -- Added test 'flake8' to check Python code syntax and style conventions
[3.931s] -- Added test 'lint_cmake' to check CMake code style
[3.932s] -- Added test 'pep257' to check Python code against some of the style conventions in PEP 257
[3.937s] -- Added test 'uncrustify' to check C / C++ code style
[3.937s] -- Configured uncrustify additional arguments: 
[3.938s] -- Added test 'xmllint' to check XML markup files
[3.943s] -- Configuring done
[4.048s] -- Generating done
[4.100s] -- Build files have been written to: /home/alireza/thesis1/navigation_go2/go2_ws/build/pointcloud_to_laserscan
[4.124s] Invoked command in '/home/alireza/thesis1/navigation_go2/go2_ws/build/pointcloud_to_laserscan' returned '0': CMAKE_PREFIX_PATH=/opt/ros/foxy /usr/bin/cmake /home/alireza/thesis1/navigation_go2/go2_ws/src/pointcloud_to_laserscan -DROS_EDITION=ROS2 -DCMAKE_INSTALL_PREFIX=/home/alireza/thesis1/navigation_go2/go2_ws/install/pointcloud_to_laserscan
[4.125s] Invoking command in '/home/alireza/thesis1/navigation_go2/go2_ws/build/pointcloud_to_laserscan': CMAKE_PREFIX_PATH=/opt/ros/foxy /usr/bin/cmake --build /home/alireza/thesis1/navigation_go2/go2_ws/build/pointcloud_to_laserscan -- -j8 -l8
[4.304s] [ 20%] Built target laserscan_to_pointcloud
[4.327s] [ 40%] Built target pointcloud_to_laserscan_node
[4.348s] [ 60%] Built target laserscan_to_pointcloud_node
[4.363s] [ 80%] Built target dummy_pointcloud_publisher
[4.368s] [100%] Built target pointcloud_to_laserscan
[4.400s] Invoked command in '/home/alireza/thesis1/navigation_go2/go2_ws/build/pointcloud_to_laserscan' returned '0': CMAKE_PREFIX_PATH=/opt/ros/foxy /usr/bin/cmake --build /home/alireza/thesis1/navigation_go2/go2_ws/build/pointcloud_to_laserscan -- -j8 -l8
[4.401s] Invoking command in '/home/alireza/thesis1/navigation_go2/go2_ws/build/pointcloud_to_laserscan': CMAKE_PREFIX_PATH=/opt/ros/foxy /usr/bin/cmake --install /home/alireza/thesis1/navigation_go2/go2_ws/build/pointcloud_to_laserscan
[4.426s] -- Install configuration: ""
[4.427s] -- Up-to-date: /home/alireza/thesis1/navigation_go2/go2_ws/install/pointcloud_to_laserscan/lib/pointcloud_to_laserscan/laserscan_to_pointcloud_node
[4.428s] -- Up-to-date: /home/alireza/thesis1/navigation_go2/go2_ws/install/pointcloud_to_laserscan/lib/pointcloud_to_laserscan/pointcloud_to_laserscan_node
[4.428s] -- Up-to-date: /home/alireza/thesis1/navigation_go2/go2_ws/install/pointcloud_to_laserscan/lib/liblaserscan_to_pointcloud.so
[4.430s] -- Up-to-date: /home/alireza/thesis1/navigation_go2/go2_ws/install/pointcloud_to_laserscan/lib/libpointcloud_to_laserscan.so
[4.430s] -- Up-to-date: /home/alireza/thesis1/navigation_go2/go2_ws/install/pointcloud_to_laserscan/lib/pointcloud_to_laserscan/dummy_pointcloud_publisher
[4.431s] -- Up-to-date: /home/alireza/thesis1/navigation_go2/go2_ws/install/pointcloud_to_laserscan/include/include
[4.431s] -- Up-to-date: /home/alireza/thesis1/navigation_go2/go2_ws/install/pointcloud_to_laserscan/include/include/pointcloud_to_laserscan
[4.431s] -- Up-to-date: /home/alireza/thesis1/navigation_go2/go2_ws/install/pointcloud_to_laserscan/include/include/pointcloud_to_laserscan/visibility_control.h
[4.432s] -- Up-to-date: /home/alireza/thesis1/navigation_go2/go2_ws/install/pointcloud_to_laserscan/include/include/pointcloud_to_laserscan/laserscan_to_pointcloud_node.hpp
[4.432s] -- Up-to-date: /home/alireza/thesis1/navigation_go2/go2_ws/install/pointcloud_to_laserscan/include/include/pointcloud_to_laserscan/pointcloud_to_laserscan_node.hpp
[4.432s] -- Up-to-date: /home/alireza/thesis1/navigation_go2/go2_ws/install/pointcloud_to_laserscan/share/pointcloud_to_laserscan/launch
[4.432s] -- Up-to-date: /home/alireza/thesis1/navigation_go2/go2_ws/install/pointcloud_to_laserscan/share/pointcloud_to_laserscan/launch/sample_pointcloud_to_laserscan_launch.py
[4.432s] -- Up-to-date: /home/alireza/thesis1/navigation_go2/go2_ws/install/pointcloud_to_laserscan/share/pointcloud_to_laserscan/launch/sample_laserscan_to_pointcloud_launch.py
[4.433s] -- Up-to-date: /home/alireza/thesis1/navigation_go2/go2_ws/install/pointcloud_to_laserscan/share/ament_index/resource_index/package_run_dependencies/pointcloud_to_laserscan
[4.433s] -- Installing: /home/alireza/thesis1/navigation_go2/go2_ws/install/pointcloud_to_laserscan/share/ament_index/resource_index/parent_prefix_path/pointcloud_to_laserscan
[4.434s] -- Up-to-date: /home/alireza/thesis1/navigation_go2/go2_ws/install/pointcloud_to_laserscan/share/pointcloud_to_laserscan/environment/ament_prefix_path.sh
[4.434s] -- Installing: /home/alireza/thesis1/navigation_go2/go2_ws/install/pointcloud_to_laserscan/share/pointcloud_to_laserscan/environment/ament_prefix_path.dsv
[4.434s] -- Up-to-date: /home/alireza/thesis1/navigation_go2/go2_ws/install/pointcloud_to_laserscan/share/pointcloud_to_laserscan/environment/path.sh
[4.434s] -- Installing: /home/alireza/thesis1/navigation_go2/go2_ws/install/pointcloud_to_laserscan/share/pointcloud_to_laserscan/environment/path.dsv
[4.434s] -- Up-to-date: /home/alireza/thesis1/navigation_go2/go2_ws/install/pointcloud_to_laserscan/share/pointcloud_to_laserscan/local_setup.bash
[4.434s] -- Up-to-date: /home/alireza/thesis1/navigation_go2/go2_ws/install/pointcloud_to_laserscan/share/pointcloud_to_laserscan/local_setup.sh
[4.435s] -- Up-to-date: /home/alireza/thesis1/navigation_go2/go2_ws/install/pointcloud_to_laserscan/share/pointcloud_to_laserscan/local_setup.zsh
[4.435s] -- Installing: /home/alireza/thesis1/navigation_go2/go2_ws/install/pointcloud_to_laserscan/share/pointcloud_to_laserscan/local_setup.dsv
[4.435s] -- Installing: /home/alireza/thesis1/navigation_go2/go2_ws/install/pointcloud_to_laserscan/share/pointcloud_to_laserscan/package.dsv
[4.435s] -- Up-to-date: /home/alireza/thesis1/navigation_go2/go2_ws/install/pointcloud_to_laserscan/share/ament_index/resource_index/packages/pointcloud_to_laserscan
[4.439s] -- Up-to-date: /home/alireza/thesis1/navigation_go2/go2_ws/install/pointcloud_to_laserscan/share/ament_index/resource_index/rclcpp_components/pointcloud_to_laserscan
[4.439s] -- Up-to-date: /home/alireza/thesis1/navigation_go2/go2_ws/install/pointcloud_to_laserscan/share/pointcloud_to_laserscan/cmake/pointcloud_to_laserscanConfig.cmake
[4.439s] -- Up-to-date: /home/alireza/thesis1/navigation_go2/go2_ws/install/pointcloud_to_laserscan/share/pointcloud_to_laserscan/cmake/pointcloud_to_laserscanConfig-version.cmake
[4.440s] -- Up-to-date: /home/alireza/thesis1/navigation_go2/go2_ws/install/pointcloud_to_laserscan/share/pointcloud_to_laserscan/package.xml
[4.440s] Invoked command in '/home/alireza/thesis1/navigation_go2/go2_ws/build/pointcloud_to_laserscan' returned '0': CMAKE_PREFIX_PATH=/opt/ros/foxy /usr/bin/cmake --install /home/alireza/thesis1/navigation_go2/go2_ws/build/pointcloud_to_laserscan
