[0.018s] Invoking command in '/home/alireza/thesis1/navigation_go2/go2_ws/build/unitree_ros2_example': CMAKE_PREFIX_PATH=/home/alireza/thesis1/navigation_go2/go2_ws/install/unitree_hg:/home/alireza/thesis1/navigation_go2/go2_ws/install/unitree_go:/home/alireza/thesis1/navigation_go2/go2_ws/install/unitree_api:/home/alireza/thesis1/navigation_go2/go2_ws/install/unitree_ros2_example:/home/alireza/thesis1/navigation_go2/go2_ws/install/go2_real:/home/alireza/thesis1/navigation_go2/go2_ws/install/pointcloud_to_laserscan:/home/alireza/thesis1/navigation_go2/go2_ws/install/livox_ros_driver2:/home/alireza/thesis1/navigation_go2/go2_ws/install/go2_gazebo:/home/alireza/thesis1/navigation_go2/go2_ws/install/go2_description:/opt/ros/foxy /usr/bin/cmake /home/alireza/thesis1/navigation_go2/go2_ws/src/unitree_ros2/example/src -DCMAKE_INSTALL_PREFIX=/home/alireza/thesis1/navigation_go2/go2_ws/install/unitree_ros2_example
[0.033s] -- Found ament_cmake: 0.9.12 (/opt/ros/foxy/share/ament_cmake/cmake)
[0.059s] -- Using PYTHON_EXECUTABLE: /usr/bin/python3
[0.269s] -- Found unitree_go: 0.0.0 (/home/alireza/thesis1/navigation_go2/go2_ws/install/unitree_go/share/unitree_go/cmake)
[0.296s] -- Using all available rosidl_typesupport_c: rosidl_typesupport_fastrtps_c;rosidl_typesupport_introspection_c
[0.300s] -- Found rosidl_adapter: 1.3.1 (/opt/ros/foxy/share/rosidl_adapter/cmake)
[0.482s] -- Using all available rosidl_typesupport_cpp: rosidl_typesupport_fastrtps_cpp;rosidl_typesupport_introspection_cpp
[0.693s] -- Found unitree_hg: 0.0.0 (/home/alireza/thesis1/navigation_go2/go2_ws/install/unitree_hg/share/unitree_hg/cmake)
[0.783s] -- Found unitree_api: 0.0.0 (/home/alireza/thesis1/navigation_go2/go2_ws/install/unitree_api/share/unitree_api/cmake)
[0.855s] -- Found rclcpp: 2.4.3 (/opt/ros/foxy/share/rclcpp/cmake)
[0.933s] -- Found rmw_implementation_cmake: 1.0.4 (/opt/ros/foxy/share/rmw_implementation_cmake/cmake)
[0.933s] -- Using RMW implementation 'rmw_cyclonedds_cpp' as default
[1.060s] -- Found rosbag2_cpp: 0.3.11 (/opt/ros/foxy/share/rosbag2_cpp/cmake)
[1.093s] -- Setting yaml-cpp_DIR to: '/opt/ros/foxy/share/yaml_cpp_vendor/cmake/../../../opt/yaml_cpp_vendor/lib/cmake/yaml-cpp'
[1.161s] -- Found yaml-cpp version 0.6.2
[1.165s] -- Found ament_lint_auto: 0.9.8 (/opt/ros/foxy/share/ament_lint_auto/cmake)
[1.242s] -- Added test 'copyright' to check source files copyright and LICENSE
[1.251s] -- Added test 'cppcheck' to perform static code analysis on C / C++ code
[1.258s] -- Configured cppcheck include dirs: /home/alireza/thesis1/navigation_go2/go2_ws/src/unitree_ros2/example/src/include;/home/alireza/thesis1/navigation_go2/go2_ws/src/unitree_ros2/example/src/include/common;/home/alireza/thesis1/navigation_go2/go2_ws/src/unitree_ros2/example/src/include/nlohmann
[1.258s] -- Configured cppcheck exclude dirs and/or files: 
[1.267s] -- Added test 'cpplint' to check C / C++ code against the Google style
[1.267s] -- Configured cpplint exclude dirs and/or files: 
[1.271s] -- Added test 'lint_cmake' to check CMake code style
[1.281s] -- Added test 'uncrustify' to check C / C++ code style
[1.281s] -- Configured uncrustify additional arguments: 
[1.282s] -- Added test 'xmllint' to check XML markup files
[1.287s] -- Configuring done
[1.984s] -- Generating done
[2.400s] -- Build files have been written to: /home/alireza/thesis1/navigation_go2/go2_ws/build/unitree_ros2_example
[2.435s] Invoked command in '/home/alireza/thesis1/navigation_go2/go2_ws/build/unitree_ros2_example' returned '0': CMAKE_PREFIX_PATH=/home/alireza/thesis1/navigation_go2/go2_ws/install/unitree_hg:/home/alireza/thesis1/navigation_go2/go2_ws/install/unitree_go:/home/alireza/thesis1/navigation_go2/go2_ws/install/unitree_api:/home/alireza/thesis1/navigation_go2/go2_ws/install/unitree_ros2_example:/home/alireza/thesis1/navigation_go2/go2_ws/install/go2_real:/home/alireza/thesis1/navigation_go2/go2_ws/install/pointcloud_to_laserscan:/home/alireza/thesis1/navigation_go2/go2_ws/install/livox_ros_driver2:/home/alireza/thesis1/navigation_go2/go2_ws/install/go2_gazebo:/home/alireza/thesis1/navigation_go2/go2_ws/install/go2_description:/opt/ros/foxy /usr/bin/cmake /home/alireza/thesis1/navigation_go2/go2_ws/src/unitree_ros2/example/src -DCMAKE_INSTALL_PREFIX=/home/alireza/thesis1/navigation_go2/go2_ws/install/unitree_ros2_example
[2.439s] Invoking command in '/home/alireza/thesis1/navigation_go2/go2_ws/build/unitree_ros2_example': CMAKE_PREFIX_PATH=/home/alireza/thesis1/navigation_go2/go2_ws/install/unitree_hg:/home/alireza/thesis1/navigation_go2/go2_ws/install/unitree_go:/home/alireza/thesis1/navigation_go2/go2_ws/install/unitree_api:/home/alireza/thesis1/navigation_go2/go2_ws/install/unitree_ros2_example:/home/alireza/thesis1/navigation_go2/go2_ws/install/go2_real:/home/alireza/thesis1/navigation_go2/go2_ws/install/pointcloud_to_laserscan:/home/alireza/thesis1/navigation_go2/go2_ws/install/livox_ros_driver2:/home/alireza/thesis1/navigation_go2/go2_ws/install/go2_gazebo:/home/alireza/thesis1/navigation_go2/go2_ws/install/go2_description:/opt/ros/foxy /usr/bin/cmake --build /home/alireza/thesis1/navigation_go2/go2_ws/build/unitree_ros2_example -- -j8 -l8
[2.912s] [  3%] Built target read_wireless_controller
[2.925s] [  7%] Built target low_level_ctrl_hg
[2.943s] [ 12%] Built target g1_arm_sdk_dds_example
[2.974s] [ 17%] Built target go2_robot_state_client
[2.979s] [ 20%] Built target read_low_state_hg
[2.983s] [ 25%] Built target g1_ankle_swing_example
[2.992s] [ 30%] Built target b2w_sport_client
[3.035s] [ 34%] Built target h2_ankle_swing_example
[3.046s] [ 38%] Built target h2_loco_client
[3.047s] [ 41%] Built target read_motion_state
[3.048s] [ 44%] Built target read_low_state
[3.065s] [ 49%] Built target go2_sport_client
[3.084s] [ 53%] Built target low_level_ctrl
[3.101s] [ 58%] Built target b2_stand_example
[3.126s] [ 63%] Built target g1_low_level_example
[3.132s] [ 68%] Built target go2_stand_example
[3.132s] [ 71%] Built target g1_audio_client_example
[3.133s] [ 76%] Built target g1_loco_client_example
[3.141s] [ 80%] Built target g1_dex3_example
[3.162s] [ 85%] Built target b2w_stand_example
[3.172s] [ 90%] Built target g1_dual_arm_example
[3.180s] [ 95%] Built target g1_arm_action_example
[3.194s] [100%] Built target b2_sport_client
[3.209s] Invoked command in '/home/alireza/thesis1/navigation_go2/go2_ws/build/unitree_ros2_example' returned '0': CMAKE_PREFIX_PATH=/home/alireza/thesis1/navigation_go2/go2_ws/install/unitree_hg:/home/alireza/thesis1/navigation_go2/go2_ws/install/unitree_go:/home/alireza/thesis1/navigation_go2/go2_ws/install/unitree_api:/home/alireza/thesis1/navigation_go2/go2_ws/install/unitree_ros2_example:/home/alireza/thesis1/navigation_go2/go2_ws/install/go2_real:/home/alireza/thesis1/navigation_go2/go2_ws/install/pointcloud_to_laserscan:/home/alireza/thesis1/navigation_go2/go2_ws/install/livox_ros_driver2:/home/alireza/thesis1/navigation_go2/go2_ws/install/go2_gazebo:/home/alireza/thesis1/navigation_go2/go2_ws/install/go2_description:/opt/ros/foxy /usr/bin/cmake --build /home/alireza/thesis1/navigation_go2/go2_ws/build/unitree_ros2_example -- -j8 -l8
[3.213s] Invoking command in '/home/alireza/thesis1/navigation_go2/go2_ws/build/unitree_ros2_example': CMAKE_PREFIX_PATH=/home/alireza/thesis1/navigation_go2/go2_ws/install/unitree_hg:/home/alireza/thesis1/navigation_go2/go2_ws/install/unitree_go:/home/alireza/thesis1/navigation_go2/go2_ws/install/unitree_api:/home/alireza/thesis1/navigation_go2/go2_ws/install/unitree_ros2_example:/home/alireza/thesis1/navigation_go2/go2_ws/install/go2_real:/home/alireza/thesis1/navigation_go2/go2_ws/install/pointcloud_to_laserscan:/home/alireza/thesis1/navigation_go2/go2_ws/install/livox_ros_driver2:/home/alireza/thesis1/navigation_go2/go2_ws/install/go2_gazebo:/home/alireza/thesis1/navigation_go2/go2_ws/install/go2_description:/opt/ros/foxy /usr/bin/cmake --install /home/alireza/thesis1/navigation_go2/go2_ws/build/unitree_ros2_example
[3.224s] -- Install configuration: ""
[3.224s] -- Up-to-date: /home/alireza/thesis1/navigation_go2/go2_ws/install/unitree_ros2_example/bin/low_level_ctrl
[3.224s] -- Up-to-date: /home/alireza/thesis1/navigation_go2/go2_ws/install/unitree_ros2_example/bin/low_level_ctrl_hg
[3.224s] -- Up-to-date: /home/alireza/thesis1/navigation_go2/go2_ws/install/unitree_ros2_example/bin/g1_low_level_example
[3.225s] -- Up-to-date: /home/alireza/thesis1/navigation_go2/go2_ws/install/unitree_ros2_example/bin/read_low_state
[3.225s] -- Up-to-date: /home/alireza/thesis1/navigation_go2/go2_ws/install/unitree_ros2_example/bin/read_low_state_hg
[3.225s] -- Up-to-date: /home/alireza/thesis1/navigation_go2/go2_ws/install/unitree_ros2_example/bin/read_motion_state
[3.226s] -- Up-to-date: /home/alireza/thesis1/navigation_go2/go2_ws/install/unitree_ros2_example/bin/read_wireless_controller
[3.226s] -- Up-to-date: /home/alireza/thesis1/navigation_go2/go2_ws/install/unitree_ros2_example/bin/go2_sport_client
[3.227s] -- Up-to-date: /home/alireza/thesis1/navigation_go2/go2_ws/install/unitree_ros2_example/bin/go2_stand_example
[3.227s] -- Up-to-date: /home/alireza/thesis1/navigation_go2/go2_ws/install/unitree_ros2_example/bin/go2_robot_state_client
[3.228s] -- Up-to-date: /home/alireza/thesis1/navigation_go2/go2_ws/install/unitree_ros2_example/bin/g1_arm_sdk_dds_example
[3.228s] -- Up-to-date: /home/alireza/thesis1/navigation_go2/go2_ws/install/unitree_ros2_example/bin/g1_arm_action_example
[3.229s] -- Up-to-date: /home/alireza/thesis1/navigation_go2/go2_ws/install/unitree_ros2_example/bin/g1_dex3_example
[3.229s] -- Up-to-date: /home/alireza/thesis1/navigation_go2/go2_ws/install/unitree_ros2_example/bin/g1_loco_client_example
[3.229s] -- Up-to-date: /home/alireza/thesis1/navigation_go2/go2_ws/install/unitree_ros2_example/bin/g1_ankle_swing_example
[3.230s] -- Up-to-date: /home/alireza/thesis1/navigation_go2/go2_ws/install/unitree_ros2_example/bin/g1_dual_arm_example
[3.230s] -- Up-to-date: /home/alireza/thesis1/navigation_go2/go2_ws/install/unitree_ros2_example/bin/g1_audio_client_example
[3.230s] -- Up-to-date: /home/alireza/thesis1/navigation_go2/go2_ws/install/unitree_ros2_example/bin/h2_loco_client
[3.231s] -- Up-to-date: /home/alireza/thesis1/navigation_go2/go2_ws/install/unitree_ros2_example/bin/h2_ankle_swing_example
[3.231s] -- Up-to-date: /home/alireza/thesis1/navigation_go2/go2_ws/install/unitree_ros2_example/share/ament_index/resource_index/package_run_dependencies/unitree_ros2_example
[3.231s] -- Installing: /home/alireza/thesis1/navigation_go2/go2_ws/install/unitree_ros2_example/share/ament_index/resource_index/parent_prefix_path/unitree_ros2_example
[3.232s] -- Up-to-date: /home/alireza/thesis1/navigation_go2/go2_ws/install/unitree_ros2_example/share/unitree_ros2_example/environment/ament_prefix_path.sh
[3.232s] -- Installing: /home/alireza/thesis1/navigation_go2/go2_ws/install/unitree_ros2_example/share/unitree_ros2_example/environment/ament_prefix_path.dsv
[3.232s] -- Up-to-date: /home/alireza/thesis1/navigation_go2/go2_ws/install/unitree_ros2_example/share/unitree_ros2_example/environment/path.sh
[3.232s] -- Installing: /home/alireza/thesis1/navigation_go2/go2_ws/install/unitree_ros2_example/share/unitree_ros2_example/environment/path.dsv
[3.232s] -- Up-to-date: /home/alireza/thesis1/navigation_go2/go2_ws/install/unitree_ros2_example/share/unitree_ros2_example/local_setup.bash
[3.232s] -- Up-to-date: /home/alireza/thesis1/navigation_go2/go2_ws/install/unitree_ros2_example/share/unitree_ros2_example/local_setup.sh
[3.232s] -- Up-to-date: /home/alireza/thesis1/navigation_go2/go2_ws/install/unitree_ros2_example/share/unitree_ros2_example/local_setup.zsh
[3.232s] -- Installing: /home/alireza/thesis1/navigation_go2/go2_ws/install/unitree_ros2_example/share/unitree_ros2_example/local_setup.dsv
[3.233s] -- Installing: /home/alireza/thesis1/navigation_go2/go2_ws/install/unitree_ros2_example/share/unitree_ros2_example/package.dsv
[3.233s] -- Up-to-date: /home/alireza/thesis1/navigation_go2/go2_ws/install/unitree_ros2_example/share/ament_index/resource_index/packages/unitree_ros2_example
[3.233s] -- Up-to-date: /home/alireza/thesis1/navigation_go2/go2_ws/install/unitree_ros2_example/share/unitree_ros2_example/cmake/unitree_ros2_exampleConfig.cmake
[3.233s] -- Up-to-date: /home/alireza/thesis1/navigation_go2/go2_ws/install/unitree_ros2_example/share/unitree_ros2_example/cmake/unitree_ros2_exampleConfig-version.cmake
[3.233s] -- Up-to-date: /home/alireza/thesis1/navigation_go2/go2_ws/install/unitree_ros2_example/share/unitree_ros2_example/package.xml
[3.235s] Invoked command in '/home/alireza/thesis1/navigation_go2/go2_ws/build/unitree_ros2_example' returned '0': CMAKE_PREFIX_PATH=/home/alireza/thesis1/navigation_go2/go2_ws/install/unitree_hg:/home/alireza/thesis1/navigation_go2/go2_ws/install/unitree_go:/home/alireza/thesis1/navigation_go2/go2_ws/install/unitree_api:/home/alireza/thesis1/navigation_go2/go2_ws/install/unitree_ros2_example:/home/alireza/thesis1/navigation_go2/go2_ws/install/go2_real:/home/alireza/thesis1/navigation_go2/go2_ws/install/pointcloud_to_laserscan:/home/alireza/thesis1/navigation_go2/go2_ws/install/livox_ros_driver2:/home/alireza/thesis1/navigation_go2/go2_ws/install/go2_gazebo:/home/alireza/thesis1/navigation_go2/go2_ws/install/go2_description:/opt/ros/foxy /usr/bin/cmake --install /home/alireza/thesis1/navigation_go2/go2_ws/build/unitree_ros2_example
